<html>
<body>
<pre>
<h1>µVision Build Log</h1>
<h2>Tool Versions:</h2>
IDE-Version: ¦ÌVision V5.25.2.0
Copyright (C) 2018 ARM Ltd and ARM Germany GmbH. All rights reserved.
License Information: ruanjian Microsoft, Microsoft, LIC=GE7DL-0Q0WK-243SS-LDPLJ-95MI2-D4TLA
 
Tool Versions:
Toolchain:       MDK-ARM Professional  Version: 5.25.2.0
Toolchain Path:  C:\Keil_v5\ARM\ARMCC\Bin
C Compiler:      Armcc.exe V5.06 update 6 (build 750)
Assembler:       Armasm.exe V5.06 update 6 (build 750)
Linker/Locator:  ArmLink.exe V5.06 update 6 (build 750)
Library Manager: ArmAr.exe V5.06 update 6 (build 750)
Hex Converter:   FromElf.exe V5.06 update 6 (build 750)
CPU DLL:         SARMCM3.DLL V5.25.2.0
Dialog DLL:      DARMCM1.DLL V1.19.1.0
Target DLL:      UL2CM3.DLL V1.160.12.0
Dialog DLL:      TARMCM1.DLL V1.14.0.0
 
<h2>Project:</h2>
C:\Dfile\Git\BBB_SDK_G\bbb_sdk_2\example\ble_peripheral\wrist\wrist.uvprojx
Project File Date:  09/17/2021

<h2>Output:</h2>
*** Using Compiler 'V5.06 update 6 (build 750)', folder: 'C:\Keil_v5\ARM\ARMCC\Bin'
Rebuild target 'wrist'
compiling gap.c...
compiling main.c...
compiling gapgattserver.c...
compiling simplekeys.c...
compiling devinfoservice.c...
compiling peripheral.c...
compiling gattservapp.c...
compiling gapbondmgr.c...
compiling scanparamservice.c...
compiling ota_app_service.c...
compiling OSAL_wrist.c...
compiling battservice.c...
compiling ancs_attr.c...
compiling jump_table.c...
compiling ble_ancs.c...
compiling app_wrist.c...
compiling wrist_Main.c...
compiling em70xx.c...
compiling touch_key.c...
compiling battery.c...
compiling KX023.c...
compiling hidkbdservice.c...
compiling wristservice.c...
compiling hiddev.c...
compiling led_light.c...
compiling fs.c...
compiling ancs_app.c...
compiling my_printf.c...
compiling i2c.c...
compiling uart.c...
compiling gpio.c...
compiling spi.c...
compiling pwm.c...
compiling adc.c...
compiling clock.c...
compiling pwrmgr.c...
compiling lcd_allvision.c...
compiling kscan.c...
compiling flash.c...
compiling dma.c...
compiling res_tab_128x32.c...
compiling ui_task.c...
compiling ui_160x80_TFT.c...
compiling lcd_TFT.c...
compiling ui_dispTFT.c...
compiling ui_page.c...
compiling ui_128x32_normal.c...
compiling ui_display.c...
assembling startup_ARMCM0.s...
compiling osal_snv.c...
compiling lcd.c...
compiling app_datetime.c...
compiling test.c...
compiling system_ARMCM0.c...
compiling GUI.c...
linking...
Program Size: Code=99938 RO-data=17850 RW-data=4060 ZI-data=13352  
FromELF: creating hex file...
After Build - User command #1: fromelf.exe --bin  -o  ./bin  ./Objects/wrist.axf
After Build - User command #2: fromelf.exe .\Objects\wrist.axf --i32combined --output .\bin\wrist.hex
".\Objects\wrist.axf" - 0 Error(s), 0 Warning(s).

<h2>Software Packages used:</h2>

Package Vendor: ARM
                http://www.keil.com/pack/ARM.CMSIS.5.7.0.pack
                ARM.CMSIS.5.7.0
                CMSIS (Cortex Microcontroller Software Interface Standard)
   * Component: CORE Version: 5.4.0
   * Component: Startup Version: 1.2.2

<h2>Collection of Component include folders:</h2>
  .\RTE\_wrist
  C:\Users\bingshuai.duanmu\AppData\Local\Arm\Packs\ARM\CMSIS\5.7.0\CMSIS\Core\Include
  C:\Users\bingshuai.duanmu\AppData\Local\Arm\Packs\ARM\CMSIS\5.7.0\Device\ARM\ARMCM0\Include

<h2>Collection of Component Files used:</h2>

   * Component: ARM::CMSIS:CORE:5.4.0

   * Component: ARM::Device:Startup:1.2.2
      Source file:   Device\ARM\ARMCM0\Source\ARM\startup_ARMCM0.s
      Source file:   Device\ARM\ARMCM0\Source\system_ARMCM0.c
      Include file:  Device\ARM\ARMCM0\Include\ARMCM0.h
Build Time Elapsed:  00:00:08
</pre>
</body>
</html>
