Component: ARM Compiler 5.06 update 6 (build 750) Tool: armlink [4d35ed]

==============================================================================

Section Cross References

    main.o(i.hal_low_power_io_init) refers to gpio.o(i.hal_gpio_pull_set) for hal_gpio_pull_set
    main.o(i.hal_low_power_io_init) refers to pwrmgr.o(i.hal_pwrmgr_RAM_retention) for hal_pwrmgr_RAM_retention
    main.o(i.hal_low_power_io_init) refers to pwrmgr.o(i.hal_pwrmgr_RAM_retention_set) for hal_pwrmgr_RAM_retention_set
    main.o(i.hal_low_power_io_init) refers to pwrmgr.o(i.hal_pwrmgr_LowCurrentLdo_enable) for hal_pwrmgr_LowCurrentLdo_enable
    main.o(i.hal_low_power_io_init) refers to main.o(.constdata) for .constdata
    main.o(i.hal_rfphy_init) refers to patch.o(i.hal_rom_boot_init) for hal_rom_boot_init
    main.o(i.hal_rfphy_init) refers to main.o(i.__NVIC_SetPriority) for __NVIC_SetPriority
    main.o(i.hal_rfphy_init) refers to main.o(large_heap_buffer_area) for large_heap_buffer_area
    main.o(i.hal_rfphy_init) refers to main.o(.bss) for .bss
    main.o(i.main) refers to patch.o(_section_xip_code_) for init_config
    main.o(i.main) refers to patch.o(i.ll_patch_slave) for ll_patch_slave
    main.o(i.main) refers to main.o(i.hal_rfphy_init) for hal_rfphy_init
    main.o(i.main) refers to main.o(i.hal_low_power_io_init) for hal_low_power_io_init
    main.o(i.main) refers to clock.o(i.hal_rtc_clock_config) for hal_rtc_clock_config
    main.o(i.main) refers to pwrmgr.o(i.hal_pwrmgr_init) for hal_pwrmgr_init
    main.o(i.main) refers to flash.o(i.hal_spif_cache_init) for hal_spif_cache_init
    main.o(i.main) refers to gpio.o(i.hal_gpio_init) for hal_gpio_init
    main.o(i.main) refers to ota_protocol.o(i.otaProtocol_BootMode) for otaProtocol_BootMode
    main.o(i.main) refers to ota_main.o(i.ota_main) for ota_main
    main.o(i.main) refers to main.o(.data) for .data
    main.o(i.main) refers to main.o(.constdata) for .constdata
    gattservapp.o(i.GATTServApp_AddService) refers to gattservapp.o(i.GATTServApp_RegisterService) for GATTServApp_RegisterService
    gattservapp.o(i.GATTServApp_AddService) refers to gattservapp.o(.constdata) for .constdata
    gattservapp.o(i.GATTServApp_AddService) refers to gattservapp.o(.data) for .data
    gattservapp.o(i.GATTServApp_DelService) refers to gattservapp.o(i.GATTServApp_DeregisterService) for GATTServApp_DeregisterService
    gattservapp.o(i.GATTServApp_DelService) refers to gattservapp.o(.data) for .data
    gattservapp.o(i.GATTServApp_DeregisterService) refers to gatt_server.o(i.GATT_DeregisterService) for GATT_DeregisterService
    gattservapp.o(i.GATTServApp_DeregisterService) refers to gattservapp.o(.data) for .data
    gattservapp.o(i.GATTServApp_GetParameter) refers to gattservapp.o(.data) for .data
    gattservapp.o(i.GATTServApp_Init) refers to gattservapp.o(i.GATTServApp_InitCharCfg) for GATTServApp_InitCharCfg
    gattservapp.o(i.GATTServApp_Init) refers to gattservapp.o(i.gattServApp_SetNumPrepareWrites) for gattServApp_SetNumPrepareWrites
    gattservapp.o(i.GATTServApp_Init) refers to gatt_server.o(i.GATT_RegisterForReq) for GATT_RegisterForReq
    gattservapp.o(i.GATTServApp_Init) refers to linkdb.o(i.linkDB_Register) for linkDB_Register
    gattservapp.o(i.GATTServApp_Init) refers to gattservapp.o(.data) for .data
    gattservapp.o(i.GATTServApp_Init) refers to gattservapp.o(i.gattServApp_HandleConnStatusCB) for gattServApp_HandleConnStatusCB
    gattservapp.o(i.GATTServApp_InitCharCfg) refers to gattservapp.o(i.gattServApp_FindCharCfgItem) for gattServApp_FindCharCfgItem
    gattservapp.o(i.GATTServApp_ProcessCCCWriteReq) refers to gattservapp.o(i.GATTServApp_ReadCharCfg) for GATTServApp_ReadCharCfg
    gattservapp.o(i.GATTServApp_ProcessCCCWriteReq) refers to gattservapp.o(i.GATTServApp_WriteCharCfg) for GATTServApp_WriteCharCfg
    gattservapp.o(i.GATTServApp_ProcessCCCWriteReq) refers to gattservapp.o(i.GATTServApp_SendCCCUpdatedEvent) for GATTServApp_SendCCCUpdatedEvent
    gattservapp.o(i.GATTServApp_ProcessCharCfg) refers to gattservapp.o(i.GATTServApp_FindAttr) for GATTServApp_FindAttr
    gattservapp.o(i.GATTServApp_ProcessCharCfg) refers to gattservapp.o(i.GATTServApp_ReadAttr) for GATTServApp_ReadAttr
    gattservapp.o(i.GATTServApp_ProcessCharCfg) refers to gatt_server.o(i.GATT_Notification) for GATT_Notification
    gattservapp.o(i.GATTServApp_ProcessCharCfg) refers to gatt_server.o(i.GATT_Indication) for GATT_Indication
    gattservapp.o(i.GATTServApp_ProcessCharCfg) refers to att_util.o(.data) for gAttMtuSize
    gattservapp.o(i.GATTServApp_ProcessEvent) refers to gattservapp.o(i.gattServApp_ProcessMsg) for gattServApp_ProcessMsg
    gattservapp.o(i.GATTServApp_ProcessEvent) refers to gattservapp.o(.data) for .data
    gattservapp.o(i.GATTServApp_ReadAttr) refers to gattservapp.o(i.gattServApp_FindAuthorizeAttrCB) for gattServApp_FindAuthorizeAttrCB
[...]
    smState_CBTimer                          0x1fff929c   Data          15  sm_rsppairing.o(.bss)
    l2capReassemblePkt                       0x1fff92ac   Data          16  l2cap_util.o(.bss)
    l2capSegmentPkt                          0x1fff92bc   Data          92  l2cap_util.o(.bss)
    g_sarDbgCnt                              0x1fff9318   Data          52  l2cap_util.o(.bss)
    smTO_CBTimer                             0x1fff934c   Data          15  sm_mgr.o(.bss)
    ota_patition_buffer                      0x1fffb300   Data       16400  ota_protocol.o(ota_partition_buffer_area)
    Long Thumb to Thumb Veneer to phy_sec_encrypt 0x1ffff401   Thumb Code    12  anon$$obj.o(Veneer$$Code)
    Long Thumb to Thumb Veneer to phy_sec_decrypt 0x1ffff40d   Thumb Code    12  anon$$obj.o(Veneer$$Code)
    flash_check_parition                     0x1ffff419   Thumb Code    28  aes.o(i.flash_check_parition)
    flash_load_parition                      0x1ffff43d   Thumb Code    28  aes.o(i.flash_load_parition)
    hal_system_soft_reset                    0x1ffff461   Thumb Code    26  clock.o(i.hal_system_soft_reset)
    is_crypto_app                            0x1ffff485   Thumb Code    16  aes.o(i.is_crypto_app)
    otaProtocol_RunApp                       0x1ffff495   Thumb Code     8  ota_protocol.o(ota_app_loader_area)
    run_application                          0x1ffff4a1   Thumb Code    26  ota_protocol.o(ota_app_loader_area)
    crc16                                    0x1ffff4bd   Thumb Code    54  ota_flash.o(ota_app_loader_area)
    ota_flash_read                           0x1ffff4f3   Thumb Code    84  ota_flash.o(ota_app_loader_area)
    ota_flash_load_app                       0x1ffff547   Thumb Code   338  ota_flash.o(ota_app_loader_area)
    ota_load_flash_addr                      0x1ffff6c4   Data           4  ota_flash.o(ota_app_loader_area)
    ota_load_run_addr                        0x1ffff6c8   Data           4  ota_flash.o(ota_app_loader_area)
    ota_load_size                            0x1ffff6cc   Data           4  ota_flash.o(ota_app_loader_area)
    ota_load_checksum                        0x1ffff6d0   Data           4  ota_flash.o(ota_app_loader_area)
    ota_load_crc                             0x1ffff6d4   Data           4  ota_flash.o(ota_app_loader_area)
    ota_boot_bypass_crc                      0x1ffff6d8   Data           4  ota_flash.o(ota_app_loader_area)
    crc16_table                              0x1ffff6dc   Data          32  ota_flash.o(ota_app_loader_area)
    __initial_sp                             0x1fffff00   Data           0  startup_armcm0.o(STACK)



==============================================================================

Memory Map of the image

  Image Entry point : 0x1fff18f9

  Load Region LR_ROM_CODE (Base: 0x1fff1838, Size: 0x0000648c, Max: 0x00009ac8, ABSOLUTE, COMPRESSED[0x00004288])

    Execution Region ER_ROM_CODE (Exec base: 0x1fff1838, Load base: 0x1fff1838, Size: 0x00007b24, Max: 0x00009ac8, ABSOLUTE, COMPRESSED[0x00000180])

    Exec Addr    Load Addr    Size         Type   Attr      Idx    E Section Name        Object

    0x1fff1838   0x1fff1838   0x000000c0   Data   RO         1761    RESET               startup_armcm0.o
    0x1fff18f8   0x1fff18f8   0x00000000   Code   RO         2869  * .ARM.Collect$$$$00000000  mc_p.l(entry.o)
    0x1fff18f8   0x1fff18f8   0x00000004   Code   RO         2872    .ARM.Collect$$$$00000001  mc_p.l(entry2.o)
    0x1fff18fc   0x1fff18fc   0x00000004   Code   RO         2875    .ARM.Collect$$$$00000004  mc_p.l(entry5.o)
    0x1fff1900   0x1fff1900   0x00000000   Code   RO         2877    .ARM.Collect$$$$00000008  mc_p.l(entry7b.o)
    0x1fff1900   0x1fff1900   0x00000000   Code   RO         2879    .ARM.Collect$$$$0000000A  mc_p.l(entry8b.o)
    0x1fff1900   0x1fff1900   0x00000008   Code   RO         2880    .ARM.Collect$$$$0000000B  mc_p.l(entry9a.o)
    0x1fff1908   0x1fff1908   0x00000000   Code   RO         2882    .ARM.Collect$$$$0000000D  mc_p.l(entry10a.o)
    0x1fff1908   0x1fff1908   0x00000000   Code   RO         2884    .ARM.Collect$$$$0000000F  mc_p.l(entry11a.o)
    0x1fff1908   0x1fff1908   0x00000004   Code   RO         2873    .ARM.Collect$$$$00002712  mc_p.l(entry2.o)
    0x1fff190c   0x1fff190c   0x00000030   Code   RO          915    .emb_text           jump_table.o
    0x1fff193c   0x1fff193c   0x0000001c   Code   RO         1762    .text               startup_armcm0.o
    0x1fff1958   0x1fff1958   0x00000024   Code   RO         2886    .text               mc_p.l(init.o)
    0x1fff197c   0x1fff197c   0x00000056   Code   RO         2896    .text               mc_p.l(__dczerorl2.o)
    0x1fff19d2   COMPRESSED   0x00000002   PAD
    0x1fff19d4   0x1fff19d4   0x0000000c   Ven    RO         2898    Veneer$$Code        anon$$obj.o
    0x1fff19e0   0x1fff19e0   0x0000000c   Ven    RO         2899    Veneer$$Code        anon$$obj.o
    0x1fff19ec   0x1fff19ec   0x0000000c   Ven    RO         2900    Veneer$$Code        anon$$obj.o
    0x1fff19f8   0x1fff19f8   0x0000000c   Ven    RO         2901    Veneer$$Code        anon$$obj.o
    0x1fff1a04   0x1fff1a04   0x0000000c   Ven    RO         2902    Veneer$$Code        anon$$obj.o
    0x1fff1a10   0x1fff1a10   0x0000000c   Ven    RO         2903    Veneer$$Code        anon$$obj.o
    0x1fff1a1c   0x1fff1a1c   0x0000000c   Ven    RO         2904    Veneer$$Code        anon$$obj.o
    0x1fff1a28   0x1fff1a28   0x0000000c   Ven    RO         2905    Veneer$$Code        anon$$obj.o
    0x1fff1a34   0x1fff1a34   0x0000000c   Ven    RO         2906    Veneer$$Code        anon$$obj.o
    0x1fff1a40   0x1fff1a40   0x0000000c   Ven    RO         2907    Veneer$$Code        anon$$obj.o
    0x1fff1a4c   0x1fff1a4c   0x0000000c   Ven    RO         2908    Veneer$$Code        anon$$obj.o
    0x1fff1a58   0x1fff1a58   0x0000000c   Ven    RO         2909    Veneer$$Code        anon$$obj.o
    0x1fff1a64   0x1fff1a64   0x0000000c   Ven    RO         2910    Veneer$$Code        anon$$obj.o
    0x1fff1a70   0x1fff1a70   0x0000000c   Ven    RO         2911    Veneer$$Code        anon$$obj.o
    0x1fff1a7c   0x1fff1a7c   0x0000000c   Ven    RO         2912    Veneer$$Code        anon$$obj.o
    0x1fff1a88   0x1fff1a88   0x0000000c   Ven    RO         2913    Veneer$$Code        anon$$obj.o
    0x1fff1a94   0x1fff1a94   0x0000000c   Ven    RO         2914    Veneer$$Code        anon$$obj.o
    0x1fff1aa0   0x1fff1aa0   0x0000000c   Ven    RO         2915    Veneer$$Code        anon$$obj.o
    0x1fff1aac   0x1fff1aac   0x0000000c   Ven    RO         2916    Veneer$$Code        anon$$obj.o
    0x1fff1ab8   0x1fff1ab8   0x0000000c   Ven    RO         2917    Veneer$$Code        anon$$obj.o
    0x1fff1ac4   0x1fff1ac4   0x0000000c   Ven    RO         2918    Veneer$$Code        anon$$obj.o
    0x1fff1ad0   0x1fff1ad0   0x0000000c   Ven    RO         2919    Veneer$$Code        anon$$obj.o
    0x1fff1adc   0x1fff1adc   0x0000000c   Ven    RO         2920    Veneer$$Code        anon$$obj.o
    0x1fff1ae8   0x1fff1ae8   0x0000000c   Ven    RO         2921    Veneer$$Code        anon$$obj.o
    0x1fff1af4   0x1fff1af4   0x0000000c   Ven    RO         2922    Veneer$$Code        anon$$obj.o
    0x1fff1b00   0x1fff1b00   0x0000000c   Ven    RO         2923    Veneer$$Code        anon$$obj.o
    0x1fff1b0c   0x1fff1b0c   0x0000000c   Ven    RO         2924    Veneer$$Code        anon$$obj.o
    0x1fff1b18   0x1fff1b18   0x0000000c   Ven    RO         2925    Veneer$$Code        anon$$obj.o
    0x1fff1b24   0x1fff1b24   0x0000000c   Ven    RO         2926    Veneer$$Code        anon$$obj.o
    0x1fff1b30   0x1fff1b30   0x0000000c   Ven    RO         2927    Veneer$$Code        anon$$obj.o
    0x1fff1b3c   0x1fff1b3c   0x0000000c   Ven    RO         2928    Veneer$$Code        anon$$obj.o
    0x1fff1b48   0x1fff1b48   0x0000000c   Ven    RO         2929    Veneer$$Code        anon$$obj.o
    0x1fff1b54   0x1fff1b54   0x0000000c   Ven    RO         2930    Veneer$$Code        anon$$obj.o
    0x1fff1b60   0x1fff1b60   0x0000000c   Ven    RO         2931    Veneer$$Code        anon$$obj.o
    0x1fff1b6c   0x1fff1b6c   0x0000000c   Ven    RO         2932    Veneer$$Code        anon$$obj.o
    0x1fff1b78   0x1fff1b78   0x0000000c   Ven    RO         2933    Veneer$$Code        anon$$obj.o
    0x1fff1b84   0x1fff1b84   0x0000000c   Ven    RO         2934    Veneer$$Code        anon$$obj.o
    0x1fff1b90   0x1fff1b90   0x0000000c   Ven    RO         2935    Veneer$$Code        anon$$obj.o
    0x1fff1b9c   0x1fff1b9c   0x0000000c   Ven    RO         2936    Veneer$$Code        anon$$obj.o
    0x1fff1ba8   0x1fff1ba8   0x0000000c   Ven    RO         2937    Veneer$$Code        anon$$obj.o
    0x1fff1bb4   0x1fff1bb4   0x0000000c   Ven    RO         2938    Veneer$$Code        anon$$obj.o
    0x1fff1bc0   0x1fff1bc0   0x0000000c   Ven    RO         2939    Veneer$$Code        anon$$obj.o
    0x1fff1bcc   0x1fff1bcc   0x0000000c   Ven    RO         2940    Veneer$$Code        anon$$obj.o
    0x1fff1bd8   0x1fff1bd8   0x0000000c   Ven    RO         2941    Veneer$$Code        anon$$obj.o
    0x1fff1be4   0x1fff1be4   0x0000000c   Ven    RO         2942    Veneer$$Code        anon$$obj.o
    0x1fff1bf0   0x1fff1bf0   0x0000000c   Ven    RO         2943    Veneer$$Code        anon$$obj.o
    0x1fff1bfc   0x1fff1bfc   0x0000000c   Ven    RO         2944    Veneer$$Code        anon$$obj.o
    0x1fff1c08   0x1fff1c08   0x0000000c   Ven    RO         2945    Veneer$$Code        anon$$obj.o
    0x1fff1c14   0x1fff1c14   0x0000000c   Ven    RO         2946    Veneer$$Code        anon$$obj.o
    0x1fff1c20   0x1fff1c20   0x0000000c   Ven    RO         2947    Veneer$$Code        anon$$obj.o
    0x1fff1c2c   0x1fff1c2c   0x0000000c   Ven    RO         2948    Veneer$$Code        anon$$obj.o
    0x1fff1c38   0x1fff1c38   0x0000000c   Ven    RO         2949    Veneer$$Code        anon$$obj.o
    0x1fff1c44   0x1fff1c44   0x0000000c   Ven    RO         2950    Veneer$$Code        anon$$obj.o
    0x1fff1c50   0x1fff1c50   0x0000000c   Ven    RO         2951    Veneer$$Code        anon$$obj.o
    0x1fff1c5c   0x1fff1c5c   0x0000000c   Ven    RO         2952    Veneer$$Code        anon$$obj.o
    0x1fff1c68   0x1fff1c68   0x0000000c   Ven    RO         2953    Veneer$$Code        anon$$obj.o
    0x1fff1c74   0x1fff1c74   0x0000000c   Ven    RO         2954    Veneer$$Code        anon$$obj.o
    0x1fff1c80   0x1fff1c80   0x0000000c   Ven    RO         2955    Veneer$$Code        anon$$obj.o
    0x1fff1c8c   0x1fff1c8c   0x0000000c   Ven    RO         2956    Veneer$$Code        anon$$obj.o
    0x1fff1c98   0x1fff1c98   0x0000000c   Ven    RO         2957    Veneer$$Code        anon$$obj.o
    0x1fff1ca4   0x1fff1ca4   0x0000000c   Ven    RO         2958    Veneer$$Code        anon$$obj.o
    0x1fff1cb0   0x1fff1cb0   0x0000000c   Ven    RO         2959    Veneer$$Code        anon$$obj.o
    0x1fff1cbc   0x1fff1cbc   0x0000000c   Ven    RO         2960    Veneer$$Code        anon$$obj.o
    0x1fff1cc8   0x1fff1cc8   0x0000000c   Ven    RO         2961    Veneer$$Code        anon$$obj.o
    0x1fff1cd4   0x1fff1cd4   0x0000000c   Ven    RO         2962    Veneer$$Code        anon$$obj.o
    0x1fff1ce0   0x1fff1ce0   0x0000000c   Ven    RO         2963    Veneer$$Code        anon$$obj.o
    0x1fff1cec   0x1fff1cec   0x0000000c   Ven    RO         2964    Veneer$$Code        anon$$obj.o
    0x1fff1cf8   0x1fff1cf8   0x0000000c   Ven    RO         2965    Veneer$$Code        anon$$obj.o
    0x1fff1d04   0x1fff1d04   0x0000000c   Ven    RO         2966    Veneer$$Code        anon$$obj.o
    0x1fff1d10   0x1fff1d10   0x0000000c   Ven    RO         2967    Veneer$$Code        anon$$obj.o
    0x1fff1d1c   0x1fff1d1c   0x0000000c   Ven    RO         2968    Veneer$$Code        anon$$obj.o
    0x1fff1d28   0x1fff1d28   0x0000000c   Ven    RO         2969    Veneer$$Code        anon$$obj.o
    0x1fff1d34   0x1fff1d34   0x0000000c   Ven    RO         2970    Veneer$$Code        anon$$obj.o
    0x1fff1d40   0x1fff1d40   0x0000000c   Ven    RO         2971    Veneer$$Code        anon$$obj.o
    0x1fff1d4c   0x1fff1d4c   0x0000000c   Ven    RO         2972    Veneer$$Code        anon$$obj.o
    0x1fff1d58   0x1fff1d58   0x0000000c   Ven    RO         2973    Veneer$$Code        anon$$obj.o
    0x1fff1d64   0x1fff1d64   0x0000000c   Ven    RO         2974    Veneer$$Code        anon$$obj.o
    0x1fff1d70   0x1fff1d70   0x0000000c   Ven    RO         2975    Veneer$$Code        anon$$obj.o
    0x1fff1d7c   0x1fff1d7c   0x0000000c   Ven    RO         2976    Veneer$$Code        anon$$obj.o
    0x1fff1d88   0x1fff1d88   0x0000000c   Ven    RO         2977    Veneer$$Code        anon$$obj.o
    0x1fff1d94   0x1fff1d94   0x0000000c   Ven    RO         2978    Veneer$$Code        anon$$obj.o
    0x1fff1da0   0x1fff1da0   0x0000000c   Ven    RO         2979    Veneer$$Code        anon$$obj.o
    0x1fff1dac   0x1fff1dac   0x0000000c   Ven    RO         2980    Veneer$$Code        anon$$obj.o
    0x1fff1db8   0x1fff1db8   0x0000000c   Ven    RO         2981    Veneer$$Code        anon$$obj.o
    0x1fff1dc4   0x1fff1dc4   0x0000000c   Ven    RO         2982    Veneer$$Code        anon$$obj.o
    0x1fff1dd0   0x1fff1dd0   0x0000000c   Ven    RO         2983    Veneer$$Code        anon$$obj.o
    0x1fff1ddc   0x1fff1ddc   0x0000000c   Ven    RO         2984    Veneer$$Code        anon$$obj.o
    0x1fff1de8   0x1fff1de8   0x0000000c   Ven    RO         2985    Veneer$$Code        anon$$obj.o
    0x1fff1df4   0x1fff1df4   0x0000000c   Ven    RO         2986    Veneer$$Code        anon$$obj.o
    0x1fff1e00   0x1fff1e00   0x0000000c   Ven    RO         2987    Veneer$$Code        anon$$obj.o
    0x1fff1e0c   0x1fff1e0c   0x0000000c   Ven    RO         2988    Veneer$$Code        anon$$obj.o
    0x1fff1e18   0x1fff1e18   0x0000000c   Ven    RO         2989    Veneer$$Code        anon$$obj.o
    0x1fff1e24   0x1fff1e24   0x0000000c   Ven    RO         2990    Veneer$$Code        anon$$obj.o
    0x1fff1e30   0x1fff1e30   0x0000000c   Ven    RO         2991    Veneer$$Code        anon$$obj.o
    0x1fff1e3c   0x1fff1e3c   0x0000000c   Ven    RO         2992    Veneer$$Code        anon$$obj.o
    0x1fff1e48   0x1fff1e48   0x0000000c   Ven    RO         2993    Veneer$$Code        anon$$obj.o
    0x1fff1e54   0x1fff1e54   0x0000000c   Ven    RO         2994    Veneer$$Code        anon$$obj.o
    0x1fff1e60   0x1fff1e60   0x0000000c   Ven    RO         2995    Veneer$$Code        anon$$obj.o
    0x1fff1e6c   0x1fff1e6c   0x0000000c   Ven    RO         2996    Veneer$$Code        anon$$obj.o
    0x1fff1e78   0x1fff1e78   0x0000000c   Ven    RO         2997    Veneer$$Code        anon$$obj.o
    0x1fff1e84   0x1fff1e84   0x0000000c   Ven    RO         2998    Veneer$$Code        anon$$obj.o
    0x1fff1e90   0x1fff1e90   0x0000000c   Ven    RO         2999    Veneer$$Code        anon$$obj.o
    0x1fff1e9c   0x1fff1e9c   0x0000000c   Ven    RO         3000    Veneer$$Code        anon$$obj.o
    0x1fff1ea8   0x1fff1ea8   0x0000000c   Ven    RO         3001    Veneer$$Code        anon$$obj.o
    0x1fff1eb4   0x1fff1eb4   0x0000000c   Ven    RO         3002    Veneer$$Code        anon$$obj.o
    0x1fff1ec0   0x1fff1ec0   0x0000000c   Ven    RO         3003    Veneer$$Code        anon$$obj.o
    0x1fff1ecc   0x1fff1ecc   0x0000000c   Ven    RO         3004    Veneer$$Code        anon$$obj.o
    0x1fff1ed8   0x1fff1ed8   0x0000000c   Ven    RO         3005    Veneer$$Code        anon$$obj.o
    0x1fff1ee4   0x1fff1ee4   0x0000000c   Ven    RO         3006    Veneer$$Code        anon$$obj.o
    0x1fff1ef0   0x1fff1ef0   0x0000000c   Ven    RO         3007    Veneer$$Code        anon$$obj.o
    0x1fff1efc   0x1fff1efc   0x0000000c   Ven    RO         3008    Veneer$$Code        anon$$obj.o
    0x1fff1f08   0x1fff1f08   0x0000000c   Ven    RO         3009    Veneer$$Code        anon$$obj.o
    0x1fff1f14   0x1fff1f14   0x0000000c   Ven    RO         3010    Veneer$$Code        anon$$obj.o
    0x1fff1f20   0x1fff1f20   0x0000000c   Ven    RO         3011    Veneer$$Code        anon$$obj.o
    0x1fff1f2c   0x1fff1f2c   0x0000000c   Ven    RO         3012    Veneer$$Code        anon$$obj.o
    0x1fff1f38   0x1fff1f38   0x0000000c   Ven    RO         3013    Veneer$$Code        anon$$obj.o
    0x1fff1f44   0x1fff1f44   0x0000000c   Ven    RO         3014    Veneer$$Code        anon$$obj.o
    0x1fff1f50   0x1fff1f50   0x0000000c   Ven    RO         3015    Veneer$$Code        anon$$obj.o
    0x1fff1f5c   0x1fff1f5c   0x0000000c   Ven    RO         3016    Veneer$$Code        anon$$obj.o
    0x1fff1f68   0x1fff1f68   0x0000000c   Ven    RO         3017    Veneer$$Code        anon$$obj.o
    0x1fff1f74   0x1fff1f74   0x0000000c   Ven    RO         3018    Veneer$$Code        anon$$obj.o
    0x1fff1f80   0x1fff1f80   0x0000000c   Ven    RO         3019    Veneer$$Code        anon$$obj.o
    0x1fff1f8c   0x1fff1f8c   0x0000000c   Ven    RO         3020    Veneer$$Code        anon$$obj.o
    0x1fff1f98   0x1fff1f98   0x0000000c   Ven    RO         3021    Veneer$$Code        anon$$obj.o
    0x1fff1fa4   0x1fff1fa4   0x0000000c   Ven    RO         3022    Veneer$$Code        anon$$obj.o
    0x1fff1fb0   0x1fff1fb0   0x0000000c   Ven    RO         3023    Veneer$$Code        anon$$obj.o
    0x1fff1fbc   0x1fff1fbc   0x0000000c   Ven    RO         3024    Veneer$$Code        anon$$obj.o
    0x1fff1fc8   0x1fff1fc8   0x0000000c   Ven    RO         3025    Veneer$$Code        anon$$obj.o
    0x1fff1fd4   0x1fff1fd4   0x0000014c   Code   RO         1309    _section_sram_code_  uart.o
    0x1fff2120   0x1fff2120   0x00000038   Code   RO         1524    _section_sram_code_  flash.o
    0x1fff2158   0x1fff2158   0x00000040   Code   RO         1636    _section_sram_code_  pwrmgr.o
    0x1fff2198   0x1fff2198   0x000000a8   Code   RO         2630    _section_sram_code_  ble_host.lib(l2cap_util.o)
    0x1fff2240   0x1fff2240   0x00000004   Code   RO         1004    i.GAPBondMgr_LinkEst  ota.o
    0x1fff2244   0x1fff2244   0x00000028   Code   RO         1808    i.HCI_LE_LtkReqNegReplyCmd  rf.lib(patch.o)
    0x1fff226c   0x1fff226c   0x00000028   Code   RO         1809    i.HCI_LE_LtkReqReplyCmd  rf.lib(patch.o)
    0x1fff2294   0x1fff2294   0x0000001a   Code   RO         1813    i.LL_ENC_AES128_Encrypt1  rf.lib(patch.o)
    0x1fff22ae   COMPRESSED   0x00000002   PAD
    0x1fff22b0   0x1fff22b0   0x00000178   Code   RO         1814    i.LL_ENC_Decrypt1   rf.lib(patch.o)
    0x1fff2428   0x1fff2428   0x00000160   Code   RO         1815    i.LL_ENC_Encrypt1   rf.lib(patch.o)
    0x1fff2588   0x1fff2588   0x0000004c   Code   RO         1816    i.LL_EncLtkNegReply  rf.lib(patch.o)
    0x1fff25d4   0x1fff25d4   0x00000058   Code   RO         1817    i.LL_EncLtkReply    rf.lib(patch.o)
    0x1fff262c   0x1fff262c   0x00000180   Code   RO         1818    i.LL_IRQHandler1    rf.lib(patch.o)
    0x1fff27ac   0x1fff27ac   0x00000038   Code   RO         1819    i.LL_PLUS_GetCurrentPduDle  rf.lib(patch.o)
    0x1fff27e4   0x1fff27e4   0x000001ec   Code   RO         1823    i.LL_SetAdvControl1  rf.lib(patch.o)
    0x1fff29d0   0x1fff29d0   0x00000050   Code   RO         1824    i.LL_SetAdvParam1   rf.lib(patch.o)
    0x1fff2a20   0x1fff2a20   0x00000030   Code   RO         1825    i.LL_SetDataLengh1  rf.lib(patch.o)
    0x1fff2a50   0x1fff2a50   0x00000014   Code   RO         1829    i.LL_set_default_conn_params1  rf.lib(patch.o)
    0x1fff2a64   0x1fff2a64   0x00000014   Code   RO         1831    i.NVIC_EnableIRQ    rf.lib(patch.o)
    0x1fff2a78   0x1fff2a78   0x00000010   Code   RO         1769    i.SystemInit        system_armcm0.o
    0x1fff2a88   0x1fff2a88   0x00000044   Code   RO            3    i.__NVIC_SetPriority  main.o
    0x1fff2acc   0x1fff2acc   0x00000044   Code   RO         1638    i.__NVIC_SetPriority  pwrmgr.o
    0x1fff2b10   0x1fff2b10   0x0000000e   Code   RO         2890    i.__scatterload_copy  mc_p.l(handlers.o)
    0x1fff2b1e   0x1fff2b1e   0x00000002   Code   RO         2891    i.__scatterload_null  mc_p.l(handlers.o)
    0x1fff2b20   0x1fff2b20   0x0000000e   Code   RO         2892    i.__scatterload_zeroinit  mc_p.l(handlers.o)
    0x1fff2b2e   COMPRESSED   0x00000002   PAD
    0x1fff2b30   0x1fff2b30   0x00000010   Code   RO         1832    i.__wdt_init        rf.lib(patch.o)
    0x1fff2b40   0x1fff2b40   0x00000020   Code   RO         2061    i._efuse_chip_version_check  rf.lib(phy_sec_ext.o)
    0x1fff2b60   0x1fff2b60   0x000001e8   Code   RO          916    i._hard_fault       jump_table.o
    0x1fff2d48   0x1fff2d48   0x0000001c   Code   RO         2062    i._rom_sec_boot_init  rf.lib(phy_sec_ext.o)
    0x1fff2d64   0x1fff2d64   0x00000068   Code   RO         1526    i._spif_wait_nobusy_x  flash.o
    0x1fff2dcc   0x1fff2dcc   0x00000158   Code   RO         1833    i.check_16MXtal_by_rcTracking  rf.lib(patch.o)
    0x1fff2f24   0x1fff2f24   0x00000110   Code   RO         1834    i.check_96MXtal_by_rcTracking  rf.lib(patch.o)
    0x1fff3034   0x1fff3034   0x00000090   Code   RO         1836    i.config_RTC1       rf.lib(patch.o)
    0x1fff30c4   0x1fff30c4   0x00000018   Code   RO         2063    i.efuse_init        rf.lib(phy_sec_ext.o)
    0x1fff30dc   0x1fff30dc   0x0000008c   Code   RO         2064    i.finidv            rf.lib(phy_sec_ext.o)
    0x1fff3168   0x1fff3168   0x00000048   Code   RO         1529    i.hal_cache_tag_flush  flash.o
    0x1fff31b0   0x1fff31b0   0x00000034   Code   RO         1441    i.hal_clk_gate_enable  clock.o
    0x1fff31e4   0x1fff31e4   0x000000b8   Code   RO         1532    i.hal_flash_erase_sector  flash.o
    0x1fff329c   0x1fff329c   0x000000ac   Code   RO         1535    i.hal_flash_write_by_dma  flash.o
    0x1fff3348   0x1fff3348   0x000000c4   Code   RO         1536    i.hal_get_flash_info  flash.o
    0x1fff340c   0x1fff340c   0x0000006c   Code   RO            4    i.hal_low_power_io_init  main.o
    0x1fff3478   0x1fff3478   0x00000004   Code   RO         1640    i.hal_pwrmgr_LowCurrentLdo_enable  pwrmgr.o
    0x1fff347c   0x1fff347c   0x00000018   Code   RO         1641    i.hal_pwrmgr_RAM_retention  pwrmgr.o
    0x1fff3494   0x1fff3494   0x00000014   Code   RO         1642    i.hal_pwrmgr_RAM_retention_clr  pwrmgr.o
    0x1fff34a8   0x1fff34a8   0x00000020   Code   RO         1643    i.hal_pwrmgr_RAM_retention_set  pwrmgr.o
    0x1fff34c8   0x1fff34c8   0x0000004c   Code   RO         1645    i.hal_pwrmgr_init   pwrmgr.o
    0x1fff3514   0x1fff3514   0x0000003c   Code   RO         1649    i.hal_pwrmgr_register  pwrmgr.o
    0x1fff3550   0x1fff3550   0x00000030   Code   RO         1650    i.hal_pwrmgr_sleep_process  pwrmgr.o
    0x1fff3580   0x1fff3580   0x00000068   Code   RO         1651    i.hal_pwrmgr_unlock  pwrmgr.o
    0x1fff35e8   0x1fff35e8   0x00000074   Code   RO         1653    i.hal_pwrmgr_wakeup_process  pwrmgr.o
    0x1fff365c   0x1fff365c   0x00000088   Code   RO            5    i.hal_rfphy_init    main.o
    0x1fff36e4   0x1fff36e4   0x00000008   Code   RO         1839    i.hal_rom_boot_init  rf.lib(patch.o)
    0x1fff36ec   0x1fff36ec   0x00000084   Code   RO         1446    i.hal_rtc_clock_config  clock.o
    0x1fff3770   0x1fff3770   0x00000024   Code   RO         1537    i.hal_spif_cache_init  flash.o
    0x1fff3794   0x1fff3794   0x0000004c   Code   RO          638    i.handleConnStatusCB  ota_service.o
    0x1fff37e0   0x1fff37e0   0x00000034   Code   RO          701    i.handle_error      ota_protocol.o
    0x1fff3814   0x1fff3814   0x00000034   Code   RO          702    i.handle_error_fatal  ota_protocol.o
    0x1fff3848   0x1fff3848   0x00000038   Code   RO          703    i.handle_error_state  ota_protocol.o
    0x1fff3880   0x1fff3880   0x0000007c   Code   RO         1538    i.hw_spif_cache_config  flash.o
    0x1fff38fc   0x1fff38fc   0x00000040   Code   RO         1842    i.llCalcMaxScanTime1  rf.lib(patch.o)
    0x1fff393c   0x1fff393c   0x00000044   Code   RO         1843    i.llConnTerminate1  rf.lib(patch.o)
    0x1fff3980   0x1fff3980   0x0000000c   Code   RO         1847    i.llProcessTxData1  rf.lib(patch.o)
    0x1fff398c   0x1fff398c   0x00000050   Code   RO         1848    i.llSecAdvAllow1    rf.lib(patch.o)
    0x1fff39dc   0x1fff39dc   0x0000002c   Code   RO         1849    i.llSetupNextSlaveEvent1  rf.lib(patch.o)
    0x1fff3a08   0x1fff3a08   0x00000098   Code   RO         1850    i.llSetupSecAdvEvt1  rf.lib(patch.o)
    0x1fff3aa0   0x1fff3aa0   0x000000bc   Code   RO         1853    i.ll_adptive_adj_next_time1  rf.lib(patch.o)
    0x1fff3b5c   0x1fff3b5c   0x000001ac   Code   RO         1854    i.ll_generateTxBuffer1  rf.lib(patch.o)
    0x1fff3d08   0x1fff3d08   0x0000019c   Code   RO         1855    i.ll_hw_go1         rf.lib(patch.o)
    0x1fff3ea4   0x1fff3ea4   0x0000004c   Code   RO         1859    i.ll_patch_slave    rf.lib(patch.o)
    0x1fff3ef0   0x1fff3ef0   0x00000018   Code   RO         1860    i.ll_processBasicIRQ_SRX  rf.lib(patch.o)
    0x1fff3f08   0x1fff3f08   0x00000018   Code   RO         1862    i.ll_processBasicIRQ_ScanTRX  rf.lib(patch.o)
    0x1fff3f20   0x1fff3f20   0x00000018   Code   RO         1864    i.ll_processBasicIRQ_secondaryAdvTRX  rf.lib(patch.o)
    0x1fff3f38   0x1fff3f38   0x00000018   Code   RO         1866    i.ll_processBasicIRQ_secondaryInitSRX  rf.lib(patch.o)
    0x1fff3f50   0x1fff3f50   0x00000018   Code   RO         1868    i.ll_processBasicIRQ_secondaryScanSRX  rf.lib(patch.o)
    0x1fff3f68   0x1fff3f68   0x00000048   Code   RO         1871    i.ll_scheduler2     rf.lib(patch.o)
    0x1fff3fb0   0x1fff3fb0   0x00000054   Code   RO            6    i.main              main.o
    0x1fff4004   0x1fff4004   0x00000064   Code   RO          952    i.osalInitTasks     osal_ota.o
    0x1fff4068   0x1fff4068   0x0000013c   Code   RO         1005    i.otaApp_Init       ota.o
    0x1fff41a4   0x1fff41a4   0x00000044   Code   RO         1006    i.otaApp_ProcessEvent  ota.o
    0x1fff41e8   0x1fff41e8   0x00000044   Code   RO          704    i.otaProtocol_BootMode  ota_protocol.o
    0x1fff422c   0x1fff422c   0x00000018   Code   RO          705    i.otaProtocol_TimerEvt  ota_protocol.o
    0x1fff4244   0x1fff4244   0x0000000c   Code   RO          706    i.otaProtocol_address_plus  ota_protocol.o
    0x1fff4250   0x1fff4250   0x0000002c   Code   RO          707    i.otaProtocol_init  ota_protocol.o
    0x1fff427c   0x1fff427c   0x0000000c   Code   RO          708    i.otaProtocol_mtu   ota_protocol.o
    0x1fff4288   0x1fff4288   0x00000038   Code   RO          639    i.ota_AddService    ota_service.o
    0x1fff42c0   0x1fff42c0   0x00000098   Code   RO         1007    i.ota_GapStateCB    ota.o
    0x1fff4358   0x1fff4358   0x0000004c   Code   RO          640    i.ota_Notify        ota_service.o
    0x1fff43a4   0x1fff43a4   0x00000040   Code   RO         1008    i.ota_ProcessGATTMsg  ota.o
    0x1fff43e4   0x1fff43e4   0x0000000c   Code   RO          641    i.ota_ReadAttrCB    ota_service.o
    0x1fff43f0   0x1fff43f0   0x000000c0   Code   RO          642    i.ota_WriteAttrCB   ota_service.o
    0x1fff44b0   0x1fff44b0   0x00000070   Code   RO          854    i.ota_flash_erase_area  ota_flash.o
    0x1fff4520   0x1fff4520   0x00000004   Code   RO          855    i.ota_flash_load_fct  ota_flash.o
    0x1fff4524   0x1fff4524   0x0000005c   Code   RO          856    i.ota_flash_read_bootsector  ota_flash.o
    0x1fff4580   0x1fff4580   0x00000020   Code   RO          857    i.ota_flash_write_boot_sector  ota_flash.o
    0x1fff45a0   0x1fff45a0   0x00000016   Code   RO          858    i.ota_flash_write_partition  ota_flash.o
    0x1fff45b6   0x1fff45b6   0x00000014   Code   RO          984    i.ota_main          ota_main.o
    0x1fff45ca   COMPRESSED   0x00000002   PAD
    0x1fff45cc   0x1fff45cc   0x000000a8   Code   RO          709    i.partition_program  ota_protocol.o
    0x1fff4674   0x1fff4674   0x00000320   Code   RO          710    i.process_ctrl_cmd  ota_protocol.o
    0x1fff4994   0x1fff4994   0x0000001c   Code   RO          711    i.process_ota_data  ota_protocol.o
    0x1fff49b0   0x1fff49b0   0x000000cc   Code   RO          712    i.process_ota_partition_data  ota_protocol.o
    0x1fff4a7c   0x1fff4a7c   0x00000050   Code   RO          713    i.process_service_evt  ota_protocol.o
    0x1fff4acc   0x1fff4acc   0x00000080   Code   RO         1962    i.rc32k_calibration  rf.lib(rf_phy_driver.o)
    0x1fff4b4c   0x1fff4b4c   0x0000002c   Code   RO         1874    i.read_LL_remainder_time1  rf.lib(patch.o)
    0x1fff4b78   0x1fff4b78   0x00000038   Code   RO          714    i.reset_ctx         ota_protocol.o
    0x1fff4bb0   0x1fff4bb0   0x00000024   Code   RO          715    i.response          ota_protocol.o
    0x1fff4bd4   0x1fff4bd4   0x00000024   Code   RO          716    i.response_err      ota_protocol.o
    0x1fff4bf8   0x1fff4bf8   0x00000036   Code   RO          717    i.response_param    ota_protocol.o
    0x1fff4c2e   COMPRESSED   0x00000002   PAD
    0x1fff4c30   0x1fff4c30   0x0000001c   Code   RO         1963    i.rf_calibrate1     rf.lib(rf_phy_driver.o)
    0x1fff4c4c   0x1fff4c4c   0x00000118   Code   RO         1964    i.rf_phy_ana_cfg    rf.lib(rf_phy_driver.o)
    0x1fff4d64   0x1fff4d64   0x000001a4   Code   RO         1965    i.rf_phy_bb_cfg     rf.lib(rf_phy_driver.o)
    0x1fff4f08   0x1fff4f08   0x000000a8   Code   RO         1966    i.rf_phy_change_cfg0  rf.lib(rf_phy_driver.o)
    0x1fff4fb0   0x1fff4fb0   0x0000003c   Code   RO         1982    i.rf_phy_ini        rf.lib(rf_phy_driver.o)
    0x1fff4fec   0x1fff4fec   0x00000074   Code   RO         1983    i.rf_phy_set_txPower  rf.lib(rf_phy_driver.o)
    0x1fff5060   0x1fff5060   0x00000120   Code   RO         1984    i.rf_rxDcoc_cfg     rf.lib(rf_phy_driver.o)
    0x1fff5180   0x1fff5180   0x0000004c   Code   RO         1987    i.rf_tpCal_gen_cap_arrary  rf.lib(rf_phy_driver.o)
    0x1fff51cc   0x1fff51cc   0x0000011c   Code   RO         1988    i.rf_tp_cal         rf.lib(rf_phy_driver.o)
    0x1fff52e8   0x1fff52e8   0x0000001a   Code   RO          718    i.run_fct           ota_protocol.o
    0x1fff5302   COMPRESSED   0x00000002   PAD
    0x1fff5304   0x1fff5304   0x00000088   Code   RO          719    i.sector_crypto     ota_protocol.o
    0x1fff538c   0x1fff538c   0x00000018   Code   RO          720    i.start_timer       ota_protocol.o
    0x1fff53a4   0x1fff53a4   0x00000084   Code   RO          721    i.validate_partition_parameter  ota_protocol.o
    0x1fff5428   0x1fff5428   0x00000020   Code   RO         2065    i.verify_mic        rf.lib(phy_sec_ext.o)
    0x1fff5448   0x1fff5448   0x000001dc   Code   RO         1876    i.wakeupProcess1    rf.lib(patch.o)
    0x1fff5624   0x1fff5624   0x00000140   Code   RO         1877    i.wakeup_init1      rf.lib(patch.o)
    0x1fff5764   0x1fff5764   0x00000088   Code   RO          722    i.write_app_boot_sector  ota_protocol.o
    0x1fff57ec   0x1fff57ec   0x00000036   Data   RO            8    .constdata          main.o
    0x1fff5822   0x1fff5822   0x00000010   Data   RO          643    .constdata          ota_service.o
    0x1fff5832   0x1fff5832   0x00000010   Data   RO          644    .constdata          ota_service.o
    0x1fff5842   0x1fff5842   0x00000010   Data   RO          645    .constdata          ota_service.o
    0x1fff5852   0x1fff5852   0x00000010   Data   RO          646    .constdata          ota_service.o
    0x1fff5862   COMPRESSED   0x00000002   PAD
    0x1fff5864   0x1fff5864   0x00000008   Data   RO          647    .constdata          ota_service.o
    0x1fff586c   0x1fff586c   0x0000000c   Data   RO          648    .constdata          ota_service.o
    0x1fff5878   0x1fff5878   0x00000024   Data   RO          953    .constdata          osal_ota.o
    0x1fff589c   0x1fff589c   0x00000001   Data   RO          954    .constdata          osal_ota.o
    0x1fff589d   COMPRESSED   0x00000003   PAD
    0x1fff58a0   0x1fff58a0   0x0000000c   Data   RO         1323    .constdata          uart.o
    0x1fff58ac   0x1fff58ac   0x00000011   Data   RO         2068    .conststring        rf.lib(phy_sec_ext.o)
    0x1fff58bd   COMPRESSED   0x00000003   PAD
    0x1fff58c0   0x1fff58c0   0x00000080   Data   RO         2888    Region$$Table       anon$$obj.o
    0x1fff5940   COMPRESSED   0x00000001   Data   RW            9    .data               main.o
    0x1fff5941   COMPRESSED   0x00000003   PAD
    0x1fff5944   COMPRESSED   0x00000060   Data   RW          215    .data               gattservapp.o
    0x1fff59a4   COMPRESSED   0x00000001   Data   RW          216    .data               gattservapp.o
    0x1fff59a5   COMPRESSED   0x00000003   PAD
    0x1fff59a8   COMPRESSED   0x00000080   Data   RW          467    .data               gapgattserver.o
    0x1fff5a28   COMPRESSED   0x00000001   Data   RW          468    .data               gapgattserver.o
    0x1fff5a29   COMPRESSED   0x00000001   Data   RW          469    .data               gapgattserver.o
    0x1fff5a2a   COMPRESSED   0x00000001   Data   RW          470    .data               gapgattserver.o
    0x1fff5a2b   COMPRESSED   0x00000001   PAD
    0x1fff5a2c   COMPRESSED   0x00000061   Data   RW          549    .data               peripheral.o
    0x1fff5a8d   COMPRESSED   0x00000001   Data   RW          649    .data               ota_service.o
    0x1fff5a8e   COMPRESSED   0x00000001   Data   RW          650    .data               ota_service.o
    0x1fff5a8f   COMPRESSED   0x00000001   Data   RW          651    .data               ota_service.o
    0x1fff5a90   COMPRESSED   0x00000001   Data   RW          652    .data               ota_service.o
    0x1fff5a91   COMPRESSED   0x00000001   Data   RW          653    .data               ota_service.o
    0x1fff5a92   COMPRESSED   0x00000001   Data   RW          654    .data               ota_service.o
    0x1fff5a93   COMPRESSED   0x00000001   PAD
    0x1fff5a94   COMPRESSED   0x0000008c   Data   RW          655    .data               ota_service.o
    0x1fff5b20   COMPRESSED   0x00000006   Data   RW          725    .data               ota_protocol.o
    0x1fff5b26   COMPRESSED   0x00000002   PAD
    0x1fff5b28   COMPRESSED   0x00000004   Data   RW          917    .data               jump_table.o
    0x1fff5b2c   COMPRESSED   0x00000004   Data   RW          955    .data               osal_ota.o
    0x1fff5b30   COMPRESSED   0x0000003a   Data   RW         1009    .data               ota.o
    0x1fff5b6a   COMPRESSED   0x00000002   PAD
    0x1fff5b6c   COMPRESSED   0x0000001c   Data   RW         1540    .data               flash.o
    0x1fff5b88   COMPRESSED   0x00000018   Data   RW         1655    .data               pwrmgr.o
    0x1fff5ba0   COMPRESSED   0x00000004   Data   RW         1770    .data               system_armcm0.o
    0x1fff5ba4   COMPRESSED   0x00000020   Data   RW         1881    .data               rf.lib(patch.o)
    0x1fff5bc4   COMPRESSED   0x00000004   Data   RW         2069    .data               rf.lib(phy_sec_ext.o)
    0x1fff5bc8   COMPRESSED   0x00000001   Data   RW         2070    .data               rf.lib(phy_sec_ext.o)
    0x1fff5bc9   COMPRESSED   0x00000001   PAD
    0x1fff5bca   COMPRESSED   0x00000008   Data   RW         2173    .data               ble_host.lib(att_util.o)
    0x1fff5bd2   COMPRESSED   0x00000004   Data   RW         2174    .data               ble_host.lib(att_util.o)
    0x1fff5bd6   COMPRESSED   0x0000005a   Data   RW         2256    .data               ble_host.lib(gap_configmgr.o)
    0x1fff5c30   COMPRESSED   0x00000010   Data   RW         2303    .data               ble_host.lib(gap_linkmgr.o)
    0x1fff5c40   COMPRESSED   0x0000001c   Data   RW         2353    .data               ble_host.lib(gap_peridevmgr.o)
    0x1fff5c5c   COMPRESSED   0x0000000c   Data   RW         2389    .data               ble_host.lib(gap_task.o)
    0x1fff5c68   COMPRESSED   0x00000010   Data   RW         2433    .data               ble_host.lib(gatt_server.o)
    0x1fff5c78   COMPRESSED   0x0000000c   Data   RW         2478    .data               ble_host.lib(gatt_task.o)
    0x1fff5c84   COMPRESSED   0x00000001   Data   RW         2510    .data               ble_host.lib(l2cap_if.o)
    0x1fff5c85   COMPRESSED   0x00000001   Data   RW         2531    .data               ble_host.lib(l2cap_task.o)
    0x1fff5c86   COMPRESSED   0x00000002   PAD
    0x1fff5c88   COMPRESSED   0x0000000c   Data   RW         2583    .data               ble_host.lib(sm_rsppairing.o)
    0x1fff5c94   COMPRESSED   0x00000001   Data   RW         2605    .data               ble_host.lib(sm_task.o)
    0x1fff5c95   COMPRESSED   0x00000003   PAD
    0x1fff5c98   COMPRESSED   0x00000008   Data   RW         2620    .data               ble_host.lib(gap_devmgr.o)
    0x1fff5ca0   COMPRESSED   0x00000004   Data   RW         2665    .data               ble_host.lib(l2cap_util.o)
    0x1fff5ca4   COMPRESSED   0x00000004   Data   RW         2731    .data               ble_host.lib(sm_mgr.o)
    0x1fff5ca8   COMPRESSED   0x0000000c   Data   RW         2789    .data               ble_host.lib(sm_pairing.o)
    0x1fff5cb4   COMPRESSED   0x0000000e   Data   RW         1656    _section_standby_code_  pwrmgr.o
    0x1fff5cc2   COMPRESSED   0x00000002   PAD
    0x1fff5cc4   COMPRESSED   0x00002000   Data   RW           11    large_heap_buffer_area  main.o
    0x1fff7cc4        -       0x00000cfc   Zero   RW            7    .bss                main.o
    0x1fff89c0        -       0x000002e8   Zero   RW          212    .bss                gattservapp.o
    0x1fff8ca8        -       0x00000016   Zero   RW          464    .bss                gapgattserver.o
    0x1fff8cbe        -       0x0000003f   Zero   RW          548    .bss                peripheral.o
    0x1fff8cfd   COMPRESSED   0x00000003   PAD
    0x1fff8d00        -       0x00000300   Zero   RW          724    .bss                ota_protocol.o
    0x1fff9000        -       0x0000012c   Zero   RW         1086    .bss                gpio.o
    0x1fff912c        -       0x00000040   Zero   RW         1322    .bss                uart.o
    0x1fff916c        -       0x00000078   Zero   RW         1654    .bss                pwrmgr.o
    0x1fff91e4        -       0x00000020   Zero   RW         1878    .bss                rf.lib(patch.o)
    0x1fff9204        -       0x00000010   Zero   RW         2066    .bss                rf.lib(phy_sec_ext.o)
    0x1fff9214        -       0x0000001c   Zero   RW         2255    .bss                ble_host.lib(gap_configmgr.o)
    0x1fff9230        -       0x0000002e   Zero   RW         2530    .bss                ble_host.lib(l2cap_task.o)
    0x1fff925e   COMPRESSED   0x00000002   PAD
    0x1fff9260        -       0x0000003c   Zero   RW         2553    .bss                ble_host.lib(linkdb.o)
    0x1fff929c        -       0x0000000f   Zero   RW         2582    .bss                ble_host.lib(sm_rsppairing.o)
    0x1fff92ab   COMPRESSED   0x00000001   PAD
    0x1fff92ac        -       0x000000a0   Zero   RW         2664    .bss                ble_host.lib(l2cap_util.o)
    0x1fff934c        -       0x0000000f   Zero   RW         2729    .bss                ble_host.lib(sm_mgr.o)



  Load Region LR_ROM_XIP (Base: 0x1100a000, Size: 0x00006ad0, Max: 0x00007000, ABSOLUTE)

    Execution Region ER_ROM_XIP (Exec base: 0x1100a000, Load base: 0x1100a000, Size: 0x00006ad0, Max: 0x00007000, ABSOLUTE)

    Exec Addr    Load Addr    Size         Type   Attr      Idx    E Section Name        Object

    0x1100a000   0x1100a000   0x0000000c   Ven    RO         3026    Veneer$$Code        anon$$obj.o
    0x1100a00c   0x1100a00c   0x0000000c   Ven    RO         3027    Veneer$$Code        anon$$obj.o
    0x1100a018   0x1100a018   0x0000000c   Ven    RO         3028    Veneer$$Code        anon$$obj.o
    0x1100a024   0x1100a024   0x0000000c   Ven    RO         3029    Veneer$$Code        anon$$obj.o
    0x1100a030   0x1100a030   0x0000000c   Ven    RO         3030    Veneer$$Code        anon$$obj.o
    0x1100a03c   0x1100a03c   0x0000000c   Ven    RO         3031    Veneer$$Code        anon$$obj.o
    0x1100a048   0x1100a048   0x0000000c   Ven    RO         3032    Veneer$$Code        anon$$obj.o
    0x1100a054   0x1100a054   0x0000000c   Ven    RO         3033    Veneer$$Code        anon$$obj.o
    0x1100a060   0x1100a060   0x0000000c   Ven    RO         3034    Veneer$$Code        anon$$obj.o
    0x1100a06c   0x1100a06c   0x0000000c   Ven    RO         3035    Veneer$$Code        anon$$obj.o
    0x1100a078   0x1100a078   0x0000000c   Ven    RO         3036    Veneer$$Code        anon$$obj.o
    0x1100a084   0x1100a084   0x0000000c   Ven    RO         3037    Veneer$$Code        anon$$obj.o
    0x1100a090   0x1100a090   0x0000000c   Ven    RO         3038    Veneer$$Code        anon$$obj.o
    0x1100a09c   0x1100a09c   0x0000000c   Ven    RO         3039    Veneer$$Code        anon$$obj.o
    0x1100a0a8   0x1100a0a8   0x0000000c   Ven    RO         3040    Veneer$$Code        anon$$obj.o
    0x1100a0b4   0x1100a0b4   0x0000000c   Ven    RO         3041    Veneer$$Code        anon$$obj.o
    0x1100a0c0   0x1100a0c0   0x0000000c   Ven    RO         3042    Veneer$$Code        anon$$obj.o
    0x1100a0cc   0x1100a0cc   0x0000000c   Ven    RO         3043    Veneer$$Code        anon$$obj.o
    0x1100a0d8   0x1100a0d8   0x0000000c   Ven    RO         3044    Veneer$$Code        anon$$obj.o
    0x1100a0e4   0x1100a0e4   0x0000000c   Ven    RO         3045    Veneer$$Code        anon$$obj.o
    0x1100a0f0   0x1100a0f0   0x0000000c   Ven    RO         3046    Veneer$$Code        anon$$obj.o
    0x1100a0fc   0x1100a0fc   0x0000000c   Ven    RO         3047    Veneer$$Code        anon$$obj.o
    0x1100a108   0x1100a108   0x0000000c   Ven    RO         3048    Veneer$$Code        anon$$obj.o
    0x1100a114   0x1100a114   0x0000000c   Ven    RO         3049    Veneer$$Code        anon$$obj.o
    0x1100a120   0x1100a120   0x0000000c   Ven    RO         3050    Veneer$$Code        anon$$obj.o
    0x1100a12c   0x1100a12c   0x0000000c   Ven    RO         3051    Veneer$$Code        anon$$obj.o
    0x1100a138   0x1100a138   0x0000000c   Ven    RO         3052    Veneer$$Code        anon$$obj.o
    0x1100a144   0x1100a144   0x0000000c   Ven    RO         3053    Veneer$$Code        anon$$obj.o
    0x1100a150   0x1100a150   0x0000000c   Ven    RO         3054    Veneer$$Code        anon$$obj.o
    0x1100a15c   0x1100a15c   0x0000000c   Ven    RO         3055    Veneer$$Code        anon$$obj.o
    0x1100a168   0x1100a168   0x0000000c   Ven    RO         3056    Veneer$$Code        anon$$obj.o
    0x1100a174   0x1100a174   0x0000000c   Ven    RO         3057    Veneer$$Code        anon$$obj.o
    0x1100a180   0x1100a180   0x0000000c   Ven    RO         3058    Veneer$$Code        anon$$obj.o
    0x1100a18c   0x1100a18c   0x0000000c   Ven    RO         3059    Veneer$$Code        anon$$obj.o
    0x1100a198   0x1100a198   0x0000000c   Ven    RO         3060    Veneer$$Code        anon$$obj.o
    0x1100a1a4   0x1100a1a4   0x0000000c   Ven    RO         3061    Veneer$$Code        anon$$obj.o
    0x1100a1b0   0x1100a1b0   0x0000000c   Ven    RO         3062    Veneer$$Code        anon$$obj.o
    0x1100a1bc   0x1100a1bc   0x0000000c   Ven    RO         3063    Veneer$$Code        anon$$obj.o
    0x1100a1c8   0x1100a1c8   0x0000000c   Ven    RO         3064    Veneer$$Code        anon$$obj.o
    0x1100a1d4   0x1100a1d4   0x0000000c   Ven    RO         3065    Veneer$$Code        anon$$obj.o
    0x1100a1e0   0x1100a1e0   0x0000000c   Ven    RO         3066    Veneer$$Code        anon$$obj.o
    0x1100a1ec   0x1100a1ec   0x0000000c   Ven    RO         3067    Veneer$$Code        anon$$obj.o
    0x1100a1f8   0x1100a1f8   0x0000000c   Ven    RO         3068    Veneer$$Code        anon$$obj.o
    0x1100a204   0x1100a204   0x0000000c   Ven    RO         3069    Veneer$$Code        anon$$obj.o
    0x1100a210   0x1100a210   0x0000000c   Ven    RO         3070    Veneer$$Code        anon$$obj.o
    0x1100a21c   0x1100a21c   0x0000000c   Ven    RO         3071    Veneer$$Code        anon$$obj.o
    0x1100a228   0x1100a228   0x0000000c   Ven    RO         3072    Veneer$$Code        anon$$obj.o
    0x1100a234   0x1100a234   0x0000000c   Ven    RO         3073    Veneer$$Code        anon$$obj.o
    0x1100a240   0x1100a240   0x0000000c   Ven    RO         3074    Veneer$$Code        anon$$obj.o
    0x1100a24c   0x1100a24c   0x0000000c   Ven    RO         3075    Veneer$$Code        anon$$obj.o
    0x1100a258   0x1100a258   0x0000000c   Ven    RO         3076    Veneer$$Code        anon$$obj.o
    0x1100a264   0x1100a264   0x0000000c   Ven    RO         3077    Veneer$$Code        anon$$obj.o
    0x1100a270   0x1100a270   0x0000000c   Ven    RO         3078    Veneer$$Code        anon$$obj.o
    0x1100a27c   0x1100a27c   0x0000000c   Ven    RO         3079    Veneer$$Code        anon$$obj.o
    0x1100a288   0x1100a288   0x0000000c   Ven    RO         3080    Veneer$$Code        anon$$obj.o
    0x1100a294   0x1100a294   0x0000000c   Ven    RO         3081    Veneer$$Code        anon$$obj.o
    0x1100a2a0   0x1100a2a0   0x0000000c   Ven    RO         3082    Veneer$$Code        anon$$obj.o
    0x1100a2ac   0x1100a2ac   0x0000000c   Ven    RO         3083    Veneer$$Code        anon$$obj.o
    0x1100a2b8   0x1100a2b8   0x0000000c   Ven    RO         3084    Veneer$$Code        anon$$obj.o
    0x1100a2c4   0x1100a2c4   0x000003f0   Code   RO         1806    _section_xip_code_  rf.lib(patch.o)
    0x1100a6b4   0x1100a6b4   0x00000016   Code   RO         2116    i.ATT_BuildErrorRsp  ble_host.lib(att_util.o)
    0x1100a6ca   0x1100a6ca   0x0000000e   Code   RO         2118    i.ATT_BuildExchangeMTURsp  ble_host.lib(att_util.o)
    0x1100a6d8   0x1100a6d8   0x00000030   Code   RO         2121    i.ATT_BuildFindByTypeValueRsp  ble_host.lib(att_util.o)
    0x1100a708   0x1100a708   0x0000006c   Code   RO         2123    i.ATT_BuildFindInfoRsp  ble_host.lib(att_util.o)
    0x1100a774   0x1100a774   0x00000020   Code   RO         2124    i.ATT_BuildHandleValueInd  ble_host.lib(att_util.o)
    0x1100a794   0x1100a794   0x0000002a   Code   RO         2126    i.ATT_BuildPrepareWriteRsp  ble_host.lib(att_util.o)
    0x1100a7be   0x1100a7be   0x00000010   Code   RO         2128    i.ATT_BuildReadBlobRsp  ble_host.lib(att_util.o)
    0x1100a7ce   0x1100a7ce   0x0000001a   Code   RO         2129    i.ATT_BuildReadByGrpTypeRsp  ble_host.lib(att_util.o)
    0x1100a7e8   0x1100a7e8   0x0000001a   Code   RO         2131    i.ATT_BuildReadByTypeRsp  ble_host.lib(att_util.o)
    0x1100a802   0x1100a802   0x00000010   Code   RO         2133    i.ATT_BuildReadMultiRsp  ble_host.lib(att_util.o)
    0x1100a812   0x1100a812   0x00000010   Code   RO         2135    i.ATT_BuildReadRsp  ble_host.lib(att_util.o)
    0x1100a822   0x1100a822   0x0000004a   Code   RO         2137    i.ATT_CompareUUID   ble_host.lib(att_util.o)
    0x1100a86c   0x1100a86c   0x0000002c   Code   RO         2138    i.ATT_ConvertUUIDto128  ble_host.lib(att_util.o)
    0x1100a898   0x1100a898   0x00000014   Code   RO         2084    i.ATT_ErrorRsp      ble_host.lib(att_server.o)
    0x1100a8ac   0x1100a8ac   0x00000040   Code   RO         2085    i.ATT_ExchangeMTURsp  ble_host.lib(att_server.o)
    0x1100a8ec   0x1100a8ec   0x0000000e   Code   RO         2086    i.ATT_ExecuteWriteRsp  ble_host.lib(att_server.o)
    0x1100a8fa   0x1100a8fa   0x00000002   PAD
    0x1100a8fc   0x1100a8fc   0x0000001c   Code   RO         2087    i.ATT_FindByTypeValueRsp  ble_host.lib(att_server.o)
    0x1100a918   0x1100a918   0x00000028   Code   RO         2088    i.ATT_FindInfoRsp   ble_host.lib(att_server.o)
    0x1100a940   0x1100a940   0x0000000c   Code   RO         2140    i.ATT_GetCurrentMTUSize  ble_host.lib(att_util.o)
    0x1100a94c   0x1100a94c   0x00000014   Code   RO         2090    i.ATT_HandleValueNoti  ble_host.lib(att_server.o)
    0x1100a960   0x1100a960   0x0000000c   Code   RO         2142    i.ATT_InitMtuSize   ble_host.lib(att_util.o)
    0x1100a96c   0x1100a96c   0x00000018   Code   RO         2144    i.ATT_ParseExchangeMTUReq  ble_host.lib(att_util.o)
    0x1100a984   0x1100a984   0x00000012   Code   RO         2146    i.ATT_ParseExecuteWriteReq  ble_host.lib(att_util.o)
    0x1100a996   0x1100a996   0x00000048   Code   RO         2148    i.ATT_ParseFindByTypeValueReq  ble_host.lib(att_util.o)
    0x1100a9de   0x1100a9de   0x00000022   Code   RO         2150    i.ATT_ParseFindInfoReq  ble_host.lib(att_util.o)
    0x1100aa00   0x1100aa00   0x0000005e   Code   RO         2154    i.ATT_ParsePacket   ble_host.lib(att_util.o)
    0x1100aa5e   0x1100aa5e   0x00000038   Code   RO         2155    i.ATT_ParsePrepareWriteReq  ble_host.lib(att_util.o)
    0x1100aa96   0x1100aa96   0x00000022   Code   RO         2157    i.ATT_ParseReadBlobReq  ble_host.lib(att_util.o)
    0x1100aab8   0x1100aab8   0x0000003c   Code   RO         2160    i.ATT_ParseReadByTypeReq  ble_host.lib(att_util.o)
    0x1100aaf4   0x1100aaf4   0x00000044   Code   RO         2162    i.ATT_ParseReadMultiReq  ble_host.lib(att_util.o)
    0x1100ab38   0x1100ab38   0x00000018   Code   RO         2164    i.ATT_ParseReadReq  ble_host.lib(att_util.o)
    0x1100ab50   0x1100ab50   0x00000042   Code   RO         2166    i.ATT_ParseWriteReq  ble_host.lib(att_util.o)
    0x1100ab92   0x1100ab92   0x00000002   PAD
    0x1100ab94   0x1100ab94   0x00000014   Code   RO         2091    i.ATT_PrepareWriteRsp  ble_host.lib(att_server.o)
    0x1100aba8   0x1100aba8   0x00000014   Code   RO         2092    i.ATT_ReadBlobRsp   ble_host.lib(att_server.o)
    0x1100abbc   0x1100abbc   0x0000001c   Code   RO         2093    i.ATT_ReadByGrpTypeRsp  ble_host.lib(att_server.o)
    0x1100abd8   0x1100abd8   0x0000001c   Code   RO         2094    i.ATT_ReadByTypeRsp  ble_host.lib(att_server.o)
    0x1100abf4   0x1100abf4   0x00000014   Code   RO         2095    i.ATT_ReadMultiRsp  ble_host.lib(att_server.o)
    0x1100ac08   0x1100ac08   0x00000014   Code   RO         2096    i.ATT_ReadRsp       ble_host.lib(att_server.o)
    0x1100ac1c   0x1100ac1c   0x0000002c   Code   RO         2168    i.ATT_SetMTUSizeMax  ble_host.lib(att_util.o)
    0x1100ac48   0x1100ac48   0x00000018   Code   RO         2170    i.ATT_UpdateMtuSize  ble_host.lib(att_util.o)
    0x1100ac60   0x1100ac60   0x0000000e   Code   RO         2097    i.ATT_WriteRsp      ble_host.lib(att_server.o)
    0x1100ac6e   0x1100ac6e   0x00000002   PAD
    0x1100ac70   0x1100ac70   0x000000e8   Code   RO          537    i.GAPRole_GetParameter  peripheral.o
    0x1100ad58   0x1100ad58   0x00000044   Code   RO          538    i.GAPRole_Init      peripheral.o
    0x1100ad9c   0x1100ad9c   0x000000f4   Code   RO          539    i.GAPRole_ProcessEvent  peripheral.o
    0x1100ae90   0x1100ae90   0x00000058   Code   RO          541    i.GAPRole_SendUpdateParam  peripheral.o
    0x1100aee8   0x1100aee8   0x00000214   Code   RO          542    i.GAPRole_SetParameter  peripheral.o
    0x1100b0fc   0x1100b0fc   0x00000038   Code   RO          543    i.GAPRole_StartDevice  peripheral.o
    0x1100b134   0x1100b134   0x00000020   Code   RO          544    i.GAPRole_TerminateConnection  peripheral.o
    0x1100b154   0x1100b154   0x0000003e   Code   RO          426    i.GAP_DeviceInit    gap.o
    0x1100b192   0x1100b192   0x00000002   PAD
    0x1100b194   0x1100b194   0x00000054   Code   RO         2330    i.GAP_EndDiscoverable  ble_host.lib(gap_peridevmgr.o)
    0x1100b1e8   0x1100b1e8   0x00000018   Code   RO         2236    i.GAP_GetParamValue  ble_host.lib(gap_configmgr.o)
    0x1100b200   0x1100b200   0x00000020   Code   RO         2381    i.GAP_Init          ble_host.lib(gap_task.o)
    0x1100b220   0x1100b220   0x000000c0   Code   RO         2332    i.GAP_MakeDiscoverable  ble_host.lib(gap_peridevmgr.o)
    0x1100b2e0   0x1100b2e0   0x00000008   Code   RO         2382    i.GAP_NumActiveConnections  ble_host.lib(gap_task.o)
    0x1100b2e8   0x1100b2e8   0x00000038   Code   RO         2237    i.GAP_ParamsInit    ble_host.lib(gap_configmgr.o)
    0x1100b320   0x1100b320   0x00000048   Code   RO         2333    i.GAP_PeriDevMgrInit  ble_host.lib(gap_peridevmgr.o)
    0x1100b368   0x1100b368   0x000000e0   Code   RO         2383    i.GAP_ProcessEvent  ble_host.lib(gap_task.o)
    0x1100b448   0x1100b448   0x0000000c   Code   RO         2384    i.GAP_RegisterForHCIMsgs  ble_host.lib(gap_task.o)
    0x1100b454   0x1100b454   0x00000040   Code   RO         2238    i.GAP_SecParamsInit  ble_host.lib(gap_configmgr.o)
    0x1100b494   0x1100b494   0x00000020   Code   RO         2239    i.GAP_SetParamValue  ble_host.lib(gap_configmgr.o)
    0x1100b4b4   0x1100b4b4   0x00000080   Code   RO         2287    i.GAP_TerminateLinkReq  ble_host.lib(gap_linkmgr.o)
    0x1100b534   0x1100b534   0x00000074   Code   RO         2337    i.GAP_UpdateAdvertisingData  ble_host.lib(gap_peridevmgr.o)
    0x1100b5a8   0x1100b5a8   0x00000020   Code   RO          174    i.GATTServApp_AddService  gattservapp.o
    0x1100b5c8   0x1100b5c8   0x0000004c   Code   RO          180    i.GATTServApp_Init  gattservapp.o
    0x1100b614   0x1100b614   0x00000030   Code   RO          181    i.GATTServApp_InitCharCfg  gattservapp.o
    0x1100b644   0x1100b644   0x00000058   Code   RO          182    i.GATTServApp_ProcessCCCWriteReq  gattservapp.o
    0x1100b69c   0x1100b69c   0x00000038   Code   RO          184    i.GATTServApp_ProcessEvent  gattservapp.o
    0x1100b6d4   0x1100b6d4   0x00000224   Code   RO          185    i.GATTServApp_ReadAttr  gattservapp.o
    0x1100b8f8   0x1100b8f8   0x0000000e   Code   RO          186    i.GATTServApp_ReadCharCfg  gattservapp.o
    0x1100b906   0x1100b906   0x00000002   PAD
    0x1100b908   0x1100b908   0x0000005c   Code   RO          188    i.GATTServApp_RegisterService  gattservapp.o
    0x1100b964   0x1100b964   0x00000038   Code   RO          189    i.GATTServApp_SendCCCUpdatedEvent  gattservapp.o
    0x1100b99c   0x1100b99c   0x0000003e   Code   RO          194    i.GATTServApp_WriteAttr  gattservapp.o
    0x1100b9da   0x1100b9da   0x00000002   PAD
    0x1100b9dc   0x1100b9dc   0x0000002c   Code   RO          195    i.GATTServApp_WriteCharCfg  gattservapp.o
    0x1100ba08   0x1100ba08   0x0000002e   Code   RO         2468    i.GATT_AppCompletedMsg  ble_host.lib(gatt_task.o)
    0x1100ba36   0x1100ba36   0x00000002   PAD
    0x1100ba38   0x1100ba38   0x0000004c   Code   RO         2403    i.GATT_FindHandle   ble_host.lib(gatt_server.o)
    0x1100ba84   0x1100ba84   0x00000064   Code   RO         2404    i.GATT_FindHandleUUID  ble_host.lib(gatt_server.o)
    0x1100bae8   0x1100bae8   0x00000094   Code   RO         2405    i.GATT_FindNextAttr  ble_host.lib(gatt_server.o)
    0x1100bb7c   0x1100bb7c   0x0000001c   Code   RO         2469    i.GATT_Init         ble_host.lib(gatt_task.o)
    0x1100bb98   0x1100bb98   0x00000048   Code   RO         2407    i.GATT_InitServer   ble_host.lib(gatt_server.o)
    0x1100bbe0   0x1100bbe0   0x0000002e   Code   RO         2408    i.GATT_Notification  ble_host.lib(gatt_server.o)
    0x1100bc0e   0x1100bc0e   0x00000002   PAD
    0x1100bc10   0x1100bc10   0x00000034   Code   RO         2470    i.GATT_ProcessEvent  ble_host.lib(gatt_task.o)
    0x1100bc44   0x1100bc44   0x0000000c   Code   RO         2409    i.GATT_RegisterForReq  ble_host.lib(gatt_server.o)
    0x1100bc50   0x1100bc50   0x000000a8   Code   RO         2410    i.GATT_RegisterService  ble_host.lib(gatt_server.o)
    0x1100bcf8   0x1100bcf8   0x00000020   Code   RO         2412    i.GATT_ServiceNumAttrs  ble_host.lib(gatt_server.o)
    0x1100bd18   0x1100bd18   0x00000012   Code   RO         2471    i.GATT_SetHostToAppFlowCtrl  ble_host.lib(gatt_task.o)
    0x1100bd2a   0x1100bd2a   0x00000026   Code   RO         2414    i.GATT_VerifyReadPermissions  ble_host.lib(gatt_server.o)
    0x1100bd50   0x1100bd50   0x00000042   Code   RO         2415    i.GATT_VerifyWritePermissions  ble_host.lib(gatt_server.o)
    0x1100bd92   0x1100bd92   0x00000002   PAD
    0x1100bd94   0x1100bd94   0x00000020   Code   RO          454    i.GGS_AddService    gapgattserver.o
    0x1100bdb4   0x1100bdb4   0x00000088   Code   RO          460    i.GGS_SetParameter  gapgattserver.o
    0x1100be3c   0x1100be3c   0x00000042   Code   RO         2631    i.L2CAP_BuildCmdReject  ble_host.lib(l2cap_util.o)
    0x1100be7e   0x1100be7e   0x00000002   PAD
    0x1100be80   0x1100be80   0x00000018   Code   RO         2500    i.L2CAP_CmdReject   ble_host.lib(l2cap_if.o)
    0x1100be98   0x1100be98   0x00000018   Code   RO         2501    i.L2CAP_ConnParamUpdateReq  ble_host.lib(l2cap_if.o)
    0x1100beb0   0x1100beb0   0x00000008   Code   RO         2635    i.L2CAP_Fragment_bm_alloc  ble_host.lib(l2cap_util.o)
    0x1100beb8   0x1100beb8   0x00000018   Code   RO         2504    i.L2CAP_HostNumCompletedPkts  ble_host.lib(l2cap_if.o)
    0x1100bed0   0x1100bed0   0x00000048   Code   RO         2525    i.L2CAP_Init        ble_host.lib(l2cap_task.o)
    0x1100bf18   0x1100bf18   0x00000034   Code   RO         2637    i.L2CAP_ParseParamUpdateReq  ble_host.lib(l2cap_util.o)
    0x1100bf4c   0x1100bf4c   0x00000034   Code   RO         2526    i.L2CAP_ProcessEvent  ble_host.lib(l2cap_task.o)
    0x1100bf80   0x1100bf80   0x00000024   Code   RO         2638    i.L2CAP_ReassemblePkt_Reset  ble_host.lib(l2cap_util.o)
    0x1100bfa4   0x1100bfa4   0x0000002c   Code   RO         2506    i.L2CAP_RegisterApp  ble_host.lib(l2cap_if.o)
    0x1100bfd0   0x1100bfd0   0x00000044   Code   RO         2639    i.L2CAP_SegmentPkt_Reset  ble_host.lib(l2cap_util.o)
    0x1100c014   0x1100c014   0x00000034   Code   RO         2507    i.L2CAP_SendData    ble_host.lib(l2cap_if.o)
    0x1100c048   0x1100c048   0x00000040   Code   RO         2509    i.L2CAP_SetControllerToHostFlowCtrl_DLE  ble_host.lib(l2cap_if.o)
    0x1100c088   0x1100c088   0x00000018   Code   RO         2640    i.L2CAP_bm_alloc    ble_host.lib(l2cap_util.o)
    0x1100c0a0   0x1100c0a0   0x00000044   Code   RO         2704    i.SM_CalcRandomAddr  ble_host.lib(sm_mgr.o)
    0x1100c0e4   0x1100c0e4   0x0000009a   Code   RO         2706    i.SM_GenerateAuthenSig  ble_host.lib(sm_mgr.o)
    0x1100c17e   0x1100c17e   0x00000002   PAD
    0x1100c180   0x1100c180   0x00000024   Code   RO         2600    i.SM_Init           ble_host.lib(sm_task.o)
    0x1100c1a4   0x1100c1a4   0x00000048   Code   RO         2601    i.SM_ProcessEvent   ble_host.lib(sm_task.o)
    0x1100c1ec   0x1100c1ec   0x00000020   Code   RO         2570    i.SM_ResponderInit  ble_host.lib(sm_rsppairing.o)
    0x1100c20c   0x1100c20c   0x000000ce   Code   RO         2709    i.SM_VerifyAuthenSig  ble_host.lib(sm_mgr.o)
    0x1100c2da   0x1100c2da   0x00000002   PAD
    0x1100c2dc   0x1100c2dc   0x00000018   Code   RO         1056    i.__NVIC_EnableIRQ  gpio.o
    0x1100c2f4   0x1100c2f4   0x00000044   Code   RO         1057    i.__NVIC_SetPriority  gpio.o
    0x1100c338   0x1100c338   0x0000007c   Code   RO         2171    i.attSendMsg        ble_host.lib(att_util.o)
    0x1100c3b4   0x1100c3b4   0x0000001a   Code   RO         2288    i.disconnectNext    ble_host.lib(gap_linkmgr.o)
    0x1100c3ce   0x1100c3ce   0x00000032   Code   RO         2240    i.gapAddAddrAdj     ble_host.lib(gap_configmgr.o)
    0x1100c400   0x1100c400   0x00000054   Code   RO         2339    i.gapAllocAdvRecs   ble_host.lib(gap_peridevmgr.o)
    0x1100c454   0x1100c454   0x0000001e   Code   RO         2241    i.gapDetermineAddrType  ble_host.lib(gap_configmgr.o)
    0x1100c472   0x1100c472   0x00000048   Code   RO         2616    i.gapFindADType     ble_host.lib(gap_devmgr.o)
    0x1100c4ba   0x1100c4ba   0x00000002   PAD
    0x1100c4bc   0x1100c4bc   0x00000018   Code   RO         2344    i.gapFreeAdvertState  ble_host.lib(gap_peridevmgr.o)
    0x1100c4d4   0x1100c4d4   0x00000040   Code   RO         2289    i.gapFreeAuthLink   ble_host.lib(gap_linkmgr.o)
    0x1100c514   0x1100c514   0x00000018   Code   RO         2290    i.gapFreeEstLink    ble_host.lib(gap_linkmgr.o)
    0x1100c52c   0x1100c52c   0x0000001c   Code   RO         2242    i.gapGetDevAddress  ble_host.lib(gap_configmgr.o)
    0x1100c548   0x1100c548   0x0000000c   Code   RO         2243    i.gapGetDevAddressMode  ble_host.lib(gap_configmgr.o)
    0x1100c554   0x1100c554   0x0000000c   Code   RO         2244    i.gapGetIRK         ble_host.lib(gap_configmgr.o)
    0x1100c560   0x1100c560   0x0000000c   Code   RO         2245    i.gapGetSRK         ble_host.lib(gap_configmgr.o)
    0x1100c56c   0x1100c56c   0x0000000c   Code   RO         2246    i.gapGetSignCounter  ble_host.lib(gap_configmgr.o)
    0x1100c578   0x1100c578   0x00000028   Code   RO         2247    i.gapIncSignCounter  ble_host.lib(gap_configmgr.o)
    0x1100c5a0   0x1100c5a0   0x00000010   Code   RO         2617    i.gapIsAdvertising  ble_host.lib(gap_devmgr.o)
    0x1100c5b0   0x1100c5b0   0x0000012c   Code   RO         2291    i.gapPairingCompleteCB  ble_host.lib(gap_linkmgr.o)
    0x1100c6dc   0x1100c6dc   0x00000064   Code   RO         2292    i.gapPasskeyNeededCB  ble_host.lib(gap_linkmgr.o)
    0x1100c740   0x1100c740   0x00000090   Code   RO         2345    i.gapPeriProcessHCICmdCompleteEvt  ble_host.lib(gap_peridevmgr.o)
    0x1100c7d0   0x1100c7d0   0x00000080   Code   RO         2346    i.gapProcessAdvertisingEvt  ble_host.lib(gap_peridevmgr.o)
    0x1100c850   0x1100c850   0x00000014   Code   RO         2293    i.gapProcessConnUpdateCompleteEvt  ble_host.lib(gap_linkmgr.o)
    0x1100c864   0x1100c864   0x000000e0   Code   RO         2294    i.gapProcessConnectionCompleteEvt  ble_host.lib(gap_linkmgr.o)
    0x1100c944   0x1100c944   0x00000070   Code   RO         2295    i.gapProcessDisconnectCompleteEvt  ble_host.lib(gap_linkmgr.o)
    0x1100c9b4   0x1100c9b4   0x000000c0   Code   RO         2385    i.gapProcessHCICmdCompleteEvt  ble_host.lib(gap_task.o)
    0x1100ca74   0x1100ca74   0x0000002c   Code   RO         2248    i.gapProcessNewAddr  ble_host.lib(gap_configmgr.o)
    0x1100caa0   0x1100caa0   0x000000d4   Code   RO         2386    i.gapProcessOSALMsg  ble_host.lib(gap_task.o)
    0x1100cb74   0x1100cb74   0x0000006c   Code   RO         2249    i.gapProcessRandomAddrComplete  ble_host.lib(gap_configmgr.o)
    0x1100cbe0   0x1100cbe0   0x00000044   Code   RO         2250    i.gapReadBD_ADDRStatus  ble_host.lib(gap_configmgr.o)
    0x1100cc24   0x1100cc24   0x0000003c   Code   RO         2251    i.gapReadBufSizeCmdStatus  ble_host.lib(gap_configmgr.o)
    0x1100cc60   0x1100cc60   0x0000000c   Code   RO         2388    i.gapRegisterPeripheral  ble_host.lib(gap_task.o)
    0x1100cc6c   0x1100cc6c   0x000001f4   Code   RO          545    i.gapRole_ProcessGAPMsg  peripheral.o
    0x1100ce60   0x1100ce60   0x00000080   Code   RO          546    i.gapRole_ProcessOSALMsg  peripheral.o
    0x1100cee0   0x1100cee0   0x0000005c   Code   RO          547    i.gapRole_startConnUpdate  peripheral.o
    0x1100cf3c   0x1100cf3c   0x00000044   Code   RO         2297    i.gapSendBondCompleteEvent  ble_host.lib(gap_linkmgr.o)
    0x1100cf80   0x1100cf80   0x00000048   Code   RO         2252    i.gapSendDeviceInitDoneEvent  ble_host.lib(gap_configmgr.o)
    0x1100cfc8   0x1100cfc8   0x00000048   Code   RO         2298    i.gapSendLinkUpdateEvent  ble_host.lib(gap_linkmgr.o)
    0x1100d010   0x1100d010   0x0000003c   Code   RO         2347    i.gapSendMakeDiscEvent  ble_host.lib(gap_peridevmgr.o)
    0x1100d04c   0x1100d04c   0x0000005c   Code   RO         2299    i.gapSendPairingReqEvent  ble_host.lib(gap_linkmgr.o)
    0x1100d0a8   0x1100d0a8   0x00000088   Code   RO         2348    i.gapSetAdvParams   ble_host.lib(gap_peridevmgr.o)
    0x1100d130   0x1100d130   0x0000002c   Code   RO         2349    i.gapSetAdvParamsStatus  ble_host.lib(gap_peridevmgr.o)
    0x1100d15c   0x1100d15c   0x00000052   Code   RO         2254    i.gapUpdateConnSignCounter  ble_host.lib(gap_configmgr.o)
    0x1100d1ae   0x1100d1ae   0x00000012   Code   RO         2619    i.gapValidADType    ble_host.lib(gap_devmgr.o)
    0x1100d1c0   0x1100d1c0   0x00000030   Code   RO         2350    i.gapWriteAdvDataStatus  ble_host.lib(gap_peridevmgr.o)
    0x1100d1f0   0x1100d1f0   0x000000b8   Code   RO         2351    i.gapWriteAdvEnableStatus  ble_host.lib(gap_peridevmgr.o)
    0x1100d2a8   0x1100d2a8   0x00000024   Code   RO         2416    i.gattFindServerInfo  ble_host.lib(gatt_server.o)
    0x1100d2cc   0x1100d2cc   0x0000002c   Code   RO         2417    i.gattGetServerStatus  ble_host.lib(gatt_server.o)
    0x1100d2f8   0x1100d2f8   0x00000052   Code   RO         2472    i.gattNotifyEvent   ble_host.lib(gatt_task.o)
    0x1100d34a   0x1100d34a   0x00000002   PAD
    0x1100d34c   0x1100d34c   0x0000001c   Code   RO         2418    i.gattProcessExchangeMTUReq  ble_host.lib(gatt_server.o)
    0x1100d368   0x1100d368   0x00000004   Code   RO         2419    i.gattProcessExecuteWriteReq  ble_host.lib(gatt_server.o)
    0x1100d36c   0x1100d36c   0x0000002c   Code   RO         2420    i.gattProcessFindByTypeValueReq  ble_host.lib(gatt_server.o)
    0x1100d398   0x1100d398   0x000000e8   Code   RO         2421    i.gattProcessFindInfoReq  ble_host.lib(gatt_server.o)
    0x1100d480   0x1100d480   0x00000048   Code   RO         2422    i.gattProcessReadByGrpTypeReq  ble_host.lib(gatt_server.o)
    0x1100d4c8   0x1100d4c8   0x0000002c   Code   RO         2423    i.gattProcessReadByTypeReq  ble_host.lib(gatt_server.o)
    0x1100d4f4   0x1100d4f4   0x00000048   Code   RO         2424    i.gattProcessReadMultiReq  ble_host.lib(gatt_server.o)
    0x1100d53c   0x1100d53c   0x0000001e   Code   RO         2425    i.gattProcessReadReq  ble_host.lib(gatt_server.o)
    0x1100d55a   0x1100d55a   0x00000002   PAD
    0x1100d55c   0x1100d55c   0x00000094   Code   RO         2473    i.gattProcessRxData  ble_host.lib(gatt_task.o)
    0x1100d5f0   0x1100d5f0   0x00000022   Code   RO         2426    i.gattProcessWriteReq  ble_host.lib(gatt_server.o)
    0x1100d612   0x1100d612   0x00000002   PAD
    0x1100d614   0x1100d614   0x0000000c   Code   RO         2475    i.gattRegisterServer  ble_host.lib(gatt_task.o)
    0x1100d620   0x1100d620   0x00000010   Code   RO         2427    i.gattResetServerInfo  ble_host.lib(gatt_server.o)
    0x1100d630   0x1100d630   0x0000000e   Code   RO          196    i.gattServApp_FindAuthorizeAttrCB  gattservapp.o
    0x1100d63e   0x1100d63e   0x0000001c   Code   RO          197    i.gattServApp_FindCharCfgItem  gattservapp.o
    0x1100d65a   0x1100d65a   0x00000002   PAD
    0x1100d65c   0x1100d65c   0x00000024   Code   RO          198    i.gattServApp_FindPrepareWriteQ  gattservapp.o
    0x1100d680   0x1100d680   0x00000020   Code   RO          199    i.gattServApp_FindServiceCBs  gattservapp.o
    0x1100d6a0   0x1100d6a0   0x0000005c   Code   RO          200    i.gattServApp_HandleConnStatusCB  gattservapp.o
    0x1100d6fc   0x1100d6fc   0x00000088   Code   RO          201    i.gattServApp_ProcessExecuteWriteReq  gattservapp.o
    0x1100d784   0x1100d784   0x000000f4   Code   RO          202    i.gattServApp_ProcessFindByTypeValueReq  gattservapp.o
    0x1100d878   0x1100d878   0x0000015c   Code   RO          203    i.gattServApp_ProcessMsg  gattservapp.o
    0x1100d9d4   0x1100d9d4   0x000000a0   Code   RO          204    i.gattServApp_ProcessPrepareWriteReq  gattservapp.o
    0x1100da74   0x1100da74   0x00000158   Code   RO          205    i.gattServApp_ProcessReadByGrpTypeReq  gattservapp.o
    0x1100dbcc   0x1100dbcc   0x00000140   Code   RO          206    i.gattServApp_ProcessReadByTypeReq  gattservapp.o
    0x1100dd0c   0x1100dd0c   0x000000e0   Code   RO          207    i.gattServApp_ProcessReadMultiReq  gattservapp.o
    0x1100ddec   0x1100ddec   0x0000007a   Code   RO          208    i.gattServApp_ProcessWriteReq  gattservapp.o
    0x1100de66   0x1100de66   0x00000002   PAD
    0x1100de68   0x1100de68   0x0000000c   Code   RO          209    i.gattServApp_RegisterCB  gattservapp.o
    0x1100de74   0x1100de74   0x00000078   Code   RO          210    i.gattServApp_SetNumPrepareWrites  gattservapp.o
    0x1100deec   0x1100deec   0x00000034   Code   RO          211    i.gattServApp_WriteAttrCB  gattservapp.o
    0x1100df20   0x1100df20   0x00000080   Code   RO         2428    i.gattServerHandleConnStatusCB  ble_host.lib(gatt_server.o)
    0x1100dfa0   0x1100dfa0   0x000000d0   Code   RO         2430    i.gattServerProcessMsgCB  ble_host.lib(gatt_server.o)
    0x1100e070   0x1100e070   0x00000018   Code   RO         2431    i.gattServiceLastHandle  ble_host.lib(gatt_server.o)
    0x1100e088   0x1100e088   0x0000001a   Code   RO         2477    i.gattStopTimer     ble_host.lib(gatt_task.o)
    0x1100e0a2   0x1100e0a2   0x00000002   PAD
    0x1100e0a4   0x1100e0a4   0x00000098   Code   RO         2710    i.generate_subkey   ble_host.lib(sm_mgr.o)
    0x1100e13c   0x1100e13c   0x000000c2   Code   RO          461    i.ggs_ReadAttrCB    gapgattserver.o
    0x1100e1fe   0x1100e1fe   0x00000058   Code   RO          462    i.ggs_SetAttrWPermit  gapgattserver.o
    0x1100e256   0x1100e256   0x00000002   PAD
    0x1100e258   0x1100e258   0x000000e4   Code   RO          463    i.ggs_WriteAttrCB   gapgattserver.o
    0x1100e33c   0x1100e33c   0x00000018   Code   RO         1058    i.hal_GPIO_IRQHandler  gpio.o
    0x1100e354   0x1100e354   0x00000030   Code   RO         1059    i.hal_gpio_cfg_analog_io  gpio.o
    0x1100e384   0x1100e384   0x0000001c   Code   RO         1063    i.hal_gpio_fmux     gpio.o
    0x1100e3a0   0x1100e3a0   0x0000005c   Code   RO         1065    i.hal_gpio_init     gpio.o
    0x1100e3fc   0x1100e3fc   0x00000040   Code   RO         1066    i.hal_gpio_interrupt_enable  gpio.o
    0x1100e43c   0x1100e43c   0x0000001c   Code   RO         1067    i.hal_gpio_pin2pin3_control  gpio.o
    0x1100e458   0x1100e458   0x00000060   Code   RO         1068    i.hal_gpio_pin_init  gpio.o
    0x1100e4b8   0x1100e4b8   0x00000044   Code   RO         1069    i.hal_gpio_pull_set  gpio.o
    0x1100e4fc   0x1100e4fc   0x00000024   Code   RO         1070    i.hal_gpio_read     gpio.o
    0x1100e520   0x1100e520   0x0000005c   Code   RO         1071    i.hal_gpio_retention_enable  gpio.o
    0x1100e57c   0x1100e57c   0x00000048   Code   RO         1072    i.hal_gpio_sleep_handler  gpio.o
    0x1100e5c4   0x1100e5c4   0x00000044   Code   RO         1073    i.hal_gpio_wakeup_control  gpio.o
    0x1100e608   0x1100e608   0x00000088   Code   RO         1074    i.hal_gpio_wakeup_handler  gpio.o
    0x1100e690   0x1100e690   0x00000078   Code   RO         1075    i.hal_gpio_wakeup_set  gpio.o
    0x1100e708   0x1100e708   0x00000024   Code   RO         1076    i.hal_gpio_write    gpio.o
    0x1100e72c   0x1100e72c   0x00000064   Code   RO         1078    i.hal_gpioin_enable  gpio.o
    0x1100e790   0x1100e790   0x00000068   Code   RO         1079    i.hal_gpioin_event  gpio.o
    0x1100e7f8   0x1100e7f8   0x00000024   Code   RO         1080    i.hal_gpioin_event_pin  gpio.o
    0x1100e81c   0x1100e81c   0x0000002c   Code   RO         2352    i.isLimitedDiscoverableMode  ble_host.lib(gap_peridevmgr.o)
    0x1100e848   0x1100e848   0x00000038   Code   RO         2641    i.l2capAllocChannel  ble_host.lib(l2cap_util.o)
    0x1100e880   0x1100e880   0x0000002c   Code   RO         2645    i.l2capBuildParamUpdateReq  ble_host.lib(l2cap_util.o)
    0x1100e8ac   0x1100e8ac   0x000000b0   Code   RO         2646    i.l2capEncapSendData  ble_host.lib(l2cap_util.o)
    0x1100e95c   0x1100e95c   0x00000030   Code   RO         2647    i.l2capFindLocalId  ble_host.lib(l2cap_util.o)
    0x1100e98c   0x1100e98c   0x00000008   Code   RO         2648    i.l2capFreeChannel  ble_host.lib(l2cap_util.o)
    0x1100e994   0x1100e994   0x00000002   Code   RO         2649    i.l2capHandleRxError  ble_host.lib(l2cap_util.o)
    0x1100e996   0x1100e996   0x00000028   Code   RO         2650    i.l2capHandleTimerCB  ble_host.lib(l2cap_util.o)
    0x1100e9be   0x1100e9be   0x00000046   Code   RO         2651    i.l2capNotifyData   ble_host.lib(l2cap_util.o)
    0x1100ea04   0x1100ea04   0x0000004e   Code   RO         2652    i.l2capNotifySignal  ble_host.lib(l2cap_util.o)
    0x1100ea52   0x1100ea52   0x00000042   Code   RO         2653    i.l2capParseCmdReject  ble_host.lib(l2cap_util.o)
    0x1100ea94   0x1100ea94   0x000001a0   Code   RO         2656    i.l2capParsePacket  ble_host.lib(l2cap_util.o)
    0x1100ec34   0x1100ec34   0x00000016   Code   RO         2657    i.l2capParseParamUpdateRsp  ble_host.lib(l2cap_util.o)
    0x1100ec4a   0x1100ec4a   0x00000014   Code   RO         2658    i.l2capParseSignalHdr  ble_host.lib(l2cap_util.o)
    0x1100ec5e   0x1100ec5e   0x00000002   PAD
    0x1100ec60   0x1100ec60   0x00000104   Code   RO         2659    i.l2capPktToSegmentBuff  ble_host.lib(l2cap_util.o)
    0x1100ed64   0x1100ed64   0x00000068   Code   RO         2527    i.l2capProcessRsp   ble_host.lib(l2cap_task.o)
    0x1100edcc   0x1100edcc   0x00000094   Code   RO         2528    i.l2capProcessRxData  ble_host.lib(l2cap_task.o)
    0x1100ee60   0x1100ee60   0x000000a8   Code   RO         2529    i.l2capProcessSignal  ble_host.lib(l2cap_task.o)
    0x1100ef08   0x1100ef08   0x00000058   Code   RO         2660    i.l2capSarBufReset  ble_host.lib(l2cap_util.o)
    0x1100ef60   0x1100ef60   0x00000060   Code   RO         2661    i.l2capSendCmd      ble_host.lib(l2cap_util.o)
    0x1100efc0   0x1100efc0   0x0000007c   Code   RO         2662    i.l2capSendReq      ble_host.lib(l2cap_util.o)
    0x1100f03c   0x1100f03c   0x00000010   Code   RO         2663    i.l2capStopTimer    ble_host.lib(l2cap_util.o)
    0x1100f04c   0x1100f04c   0x0000001c   Code   RO         2711    i.leftshift_onebit  ble_host.lib(sm_mgr.o)
    0x1100f068   0x1100f068   0x00000058   Code   RO         2541    i.linkDB_Add        ble_host.lib(linkdb.o)
    0x1100f0c0   0x1100f0c0   0x0000004c   Code   RO         2542    i.linkDB_Authen     ble_host.lib(linkdb.o)
    0x1100f10c   0x1100f10c   0x00000028   Code   RO         2543    i.linkDB_Find       ble_host.lib(linkdb.o)
    0x1100f134   0x1100f134   0x00000038   Code   RO         2544    i.linkDB_FindFirst  ble_host.lib(linkdb.o)
    0x1100f16c   0x1100f16c   0x0000003c   Code   RO         2545    i.linkDB_Init       ble_host.lib(linkdb.o)
    0x1100f1a8   0x1100f1a8   0x00000024   Code   RO         2546    i.linkDB_NumActive  ble_host.lib(linkdb.o)
    0x1100f1cc   0x1100f1cc   0x00000024   Code   RO         2548    i.linkDB_Register   ble_host.lib(linkdb.o)
    0x1100f1f0   0x1100f1f0   0x00000036   Code   RO         2549    i.linkDB_Remove     ble_host.lib(linkdb.o)
    0x1100f226   0x1100f226   0x00000002   PAD
    0x1100f228   0x1100f228   0x00000024   Code   RO         2550    i.linkDB_State      ble_host.lib(linkdb.o)
    0x1100f24c   0x1100f24c   0x00000028   Code   RO         2552    i.reportStatusChange  ble_host.lib(linkdb.o)
    0x1100f274   0x1100f274   0x000000ec   Code   RO         2300    i.sendAuthEvent     ble_host.lib(gap_linkmgr.o)
    0x1100f360   0x1100f360   0x0000005a   Code   RO         2301    i.sendEstLinkEvent  ble_host.lib(gap_linkmgr.o)
    0x1100f3ba   0x1100f3ba   0x0000002a   Code   RO         2302    i.sendTerminateEvent  ble_host.lib(gap_linkmgr.o)
    0x1100f3e4   0x1100f3e4   0x00000018   Code   RO         2712    i.smAuthReqToUint8  ble_host.lib(sm_mgr.o)
    0x1100f3fc   0x1100f3fc   0x0000002c   Code   RO         2763    i.smDetermineKeySize  ble_host.lib(sm_pairing.o)
    0x1100f428   0x1100f428   0x00000010   Code   RO         2713    i.smEncrypt         ble_host.lib(sm_mgr.o)
    0x1100f438   0x1100f438   0x00000008   Code   RO         2714    i.smEncryptLocal    ble_host.lib(sm_mgr.o)
    0x1100f440   0x1100f440   0x00000034   Code   RO         2764    i.smEndPairing      ble_host.lib(sm_pairing.o)
    0x1100f474   0x1100f474   0x0000005c   Code   RO         2765    i.smFreePairingParams  ble_host.lib(sm_pairing.o)
    0x1100f4d0   0x1100f4d0   0x0000002c   Code   RO         2766    i.smGenerateConfirm  ble_host.lib(sm_pairing.o)
    0x1100f4fc   0x1100f4fc   0x00000040   Code   RO         2767    i.smGeneratePairingReqRsp  ble_host.lib(sm_pairing.o)
    0x1100f53c   0x1100f53c   0x00000026   Code   RO         2715    i.smGenerateRandBuf  ble_host.lib(sm_mgr.o)
    0x1100f562   0x1100f562   0x00000002   PAD
    0x1100f564   0x1100f564   0x0000002c   Code   RO         2768    i.smGenerateRandMsg  ble_host.lib(sm_pairing.o)
    0x1100f590   0x1100f590   0x00000020   Code   RO         2769    i.smLinkCheck       ble_host.lib(sm_pairing.o)
    0x1100f5b0   0x1100f5b0   0x00000040   Code   RO         2770    i.smNextPairingState  ble_host.lib(sm_pairing.o)
    0x1100f5f0   0x1100f5f0   0x00000014   Code   RO         2771    i.smPairingSendEncInfo  ble_host.lib(sm_pairing.o)
    0x1100f604   0x1100f604   0x00000028   Code   RO         2772    i.smPairingSendIdentityAddrInfo  ble_host.lib(sm_pairing.o)
    0x1100f62c   0x1100f62c   0x00000014   Code   RO         2773    i.smPairingSendIdentityInfo  ble_host.lib(sm_pairing.o)
    0x1100f640   0x1100f640   0x0000002c   Code   RO         2774    i.smPairingSendMasterID  ble_host.lib(sm_pairing.o)
    0x1100f66c   0x1100f66c   0x00000014   Code   RO         2775    i.smPairingSendSingingInfo  ble_host.lib(sm_pairing.o)
    0x1100f680   0x1100f680   0x0000009c   Code   RO         2776    i.smProcessDataMsg  ble_host.lib(sm_pairing.o)
    0x1100f71c   0x1100f71c   0x000000b4   Code   RO         2777    i.smProcessEncryptChange  ble_host.lib(sm_pairing.o)
    0x1100f7d0   0x1100f7d0   0x00000094   Code   RO         2602    i.smProcessOSALMsg  ble_host.lib(sm_task.o)
    0x1100f864   0x1100f864   0x0000007c   Code   RO         2717    i.smProcessRandComplete  ble_host.lib(sm_mgr.o)
    0x1100f8e0   0x1100f8e0   0x0000000c   Code   RO         2780    i.smRegisterResponder  ble_host.lib(sm_pairing.o)
    0x1100f8ec   0x1100f8ec   0x000000e4   Code   RO         2571    i.smResponderProcessLTKReq  ble_host.lib(sm_rsppairing.o)
    0x1100f9d0   0x1100f9d0   0x000001b8   Code   RO         2572    i.smResponderSendNextKeyInfo  ble_host.lib(sm_rsppairing.o)
    0x1100fb88   0x1100fb88   0x0000016c   Code   RO         2781    i.smSavePairInfo    ble_host.lib(sm_pairing.o)
    0x1100fcf4   0x1100fcf4   0x00000024   Code   RO         2782    i.smSendFailAndEnd  ble_host.lib(sm_pairing.o)
    0x1100fd18   0x1100fd18   0x00000046   Code   RO         2821    i.smSendSMMsg       ble_host.lib(smp.o)
    0x1100fd5e   0x1100fd5e   0x00000002   PAD
    0x1100fd60   0x1100fd60   0x00000040   Code   RO         2783    i.smSetPairingReqRsp  ble_host.lib(sm_pairing.o)
    0x1100fda0   0x1100fda0   0x0000004c   Code   RO         2718    i.smStartRspTimer   ble_host.lib(sm_mgr.o)
    0x1100fdec   0x1100fdec   0x0000000a   Code   RO         2603    i.smState_timerCB   ble_host.lib(sm_task.o)
    0x1100fdf6   0x1100fdf6   0x00000002   PAD
    0x1100fdf8   0x1100fdf8   0x00000020   Code   RO         2719    i.smStopRspTimer    ble_host.lib(sm_mgr.o)
    0x1100fe18   0x1100fe18   0x0000000a   Code   RO         2785    i.smTimedOut        ble_host.lib(sm_pairing.o)
    0x1100fe22   0x1100fe22   0x0000000a   Code   RO         2604    i.smTo_timerCB      ble_host.lib(sm_task.o)
    0x1100fe2c   0x1100fe2c   0x0000002c   Code   RO         2720    i.smUint8ToAuthReq  ble_host.lib(sm_mgr.o)
    0x1100fe58   0x1100fe58   0x00000154   Code   RO         2721    i.sm_CMAC           ble_host.lib(sm_mgr.o)
    0x1100ffac   0x1100ffac   0x00000044   Code   RO         2722    i.sm_ah             ble_host.lib(sm_mgr.o)
    0x1100fff0   0x1100fff0   0x00000098   Code   RO         2786    i.sm_c1             ble_host.lib(sm_pairing.o)
    0x11010088   0x11010088   0x000000c2   Code   RO         2723    i.sm_c1new          ble_host.lib(sm_mgr.o)
    0x1101014a   0x1101014a   0x00000040   Code   RO         2726    i.sm_s1             ble_host.lib(sm_mgr.o)
    0x1101018a   0x1101018a   0x0000001a   Code   RO         2727    i.sm_xor            ble_host.lib(sm_mgr.o)
    0x110101a4   0x110101a4   0x00000022   Code   RO         2822    i.smpBuildEncInfo   ble_host.lib(smp.o)
    0x110101c6   0x110101c6   0x00000026   Code   RO         2823    i.smpBuildIdentityAddrInfo  ble_host.lib(smp.o)
    0x110101ec   0x110101ec   0x00000022   Code   RO         2824    i.smpBuildIdentityInfo  ble_host.lib(smp.o)
    0x1101020e   0x1101020e   0x0000002e   Code   RO         2825    i.smpBuildMasterID  ble_host.lib(smp.o)
    0x1101023c   0x1101023c   0x00000022   Code   RO         2826    i.smpBuildPairingConfirm  ble_host.lib(smp.o)
    0x1101025e   0x1101025e   0x00000018   Code   RO         2827    i.smpBuildPairingFailed  ble_host.lib(smp.o)
    0x11010276   0x11010276   0x00000022   Code   RO         2828    i.smpBuildPairingRandom  ble_host.lib(smp.o)
    0x11010298   0x11010298   0x0000000e   Code   RO         2829    i.smpBuildPairingReq  ble_host.lib(smp.o)
    0x110102a6   0x110102a6   0x00000084   Code   RO         2830    i.smpBuildPairingReqRsp  ble_host.lib(smp.o)
    0x1101032a   0x1101032a   0x0000000e   Code   RO         2831    i.smpBuildPairingRsp  ble_host.lib(smp.o)
    0x11010338   0x11010338   0x00000022   Code   RO         2833    i.smpBuildSigningInfo  ble_host.lib(smp.o)
    0x1101035a   0x1101035a   0x0000001e   Code   RO         2834    i.smpParseEncInfo   ble_host.lib(smp.o)
    0x11010378   0x11010378   0x00000022   Code   RO         2835    i.smpParseIdentityAddrInfo  ble_host.lib(smp.o)
    0x1101039a   0x1101039a   0x0000001e   Code   RO         2836    i.smpParseIdentityInfo  ble_host.lib(smp.o)
    0x110103b8   0x110103b8   0x00000028   Code   RO         2837    i.smpParseMasterID  ble_host.lib(smp.o)
    0x110103e0   0x110103e0   0x0000001e   Code   RO         2838    i.smpParsePairingConfirm  ble_host.lib(smp.o)
    0x110103fe   0x110103fe   0x00000020   Code   RO         2839    i.smpParsePairingFailed  ble_host.lib(smp.o)
    0x1101041e   0x1101041e   0x0000001e   Code   RO         2840    i.smpParsePairingRandom  ble_host.lib(smp.o)
    0x1101043c   0x1101043c   0x000000d4   Code   RO         2841    i.smpParsePairingReq  ble_host.lib(smp.o)
    0x11010510   0x11010510   0x0000001c   Code   RO         2842    i.smpParseSecurityReq  ble_host.lib(smp.o)
    0x1101052c   0x1101052c   0x0000001e   Code   RO         2843    i.smpParseSigningInfo  ble_host.lib(smp.o)
    0x1101054a   0x1101054a   0x00000002   PAD
    0x1101054c   0x1101054c   0x00000050   Code   RO         2787    i.smpProcessIncoming  ble_host.lib(sm_pairing.o)
    0x1101059c   0x1101059c   0x00000050   Code   RO         2573    i.smpResponderProcessEncryptionInformation  ble_host.lib(sm_rsppairing.o)
    0x110105ec   0x110105ec   0x00000048   Code   RO         2574    i.smpResponderProcessIdentityAddrInfo  ble_host.lib(sm_rsppairing.o)
    0x11010634   0x11010634   0x00000044   Code   RO         2575    i.smpResponderProcessIdentityInfo  ble_host.lib(sm_rsppairing.o)
    0x11010678   0x11010678   0x000000b4   Code   RO         2576    i.smpResponderProcessIncoming  ble_host.lib(sm_rsppairing.o)
    0x1101072c   0x1101072c   0x00000064   Code   RO         2577    i.smpResponderProcessMasterID  ble_host.lib(sm_rsppairing.o)
    0x11010790   0x11010790   0x0000004c   Code   RO         2578    i.smpResponderProcessPairingConfirm  ble_host.lib(sm_rsppairing.o)
    0x110107dc   0x110107dc   0x00000058   Code   RO         2579    i.smpResponderProcessPairingRandom  ble_host.lib(sm_rsppairing.o)
    0x11010834   0x11010834   0x000000b8   Code   RO         2580    i.smpResponderProcessPairingReq  ble_host.lib(sm_rsppairing.o)
    0x110108ec   0x110108ec   0x00000054   Code   RO         2581    i.smpResponderProcessSigningInfo  ble_host.lib(sm_rsppairing.o)
    0x11010940   0x11010940   0x00000016   Code   RO         2728    i.xor_128           ble_host.lib(sm_mgr.o)
    0x11010956   0x11010956   0x00000002   PAD
    0x11010958   0x11010958   0x00000008   Data   RO          213    .constdata          gattservapp.o
    0x11010960   0x11010960   0x0000000c   Data   RO          214    .constdata          gattservapp.o
    0x1101096c   0x1101096c   0x00000008   Data   RO          465    .constdata          gapgattserver.o
    0x11010974   0x11010974   0x0000000c   Data   RO          466    .constdata          gapgattserver.o
    0x11010980   0x11010980   0x0000008a   Data   RO         1087    .constdata          gpio.o
    0x11010a0a   0x11010a0a   0x00000010   Data   RO         2172    .constdata          ble_host.lib(att_util.o)
    0x11010a1a   0x11010a1a   0x00000002   PAD
    0x11010a1c   0x11010a1c   0x00000060   Data   RO         2432    .constdata          ble_host.lib(gatt_server.o)
    0x11010a7c   0x11010a7c   0x0000002a   Data   RO         2494    .constdata          ble_host.lib(gatt_uuid.o)
    0x11010aa6   0x11010aa6   0x00000010   Data   RO         2730    .constdata          ble_host.lib(sm_mgr.o)
    0x11010ab6   0x11010ab6   0x00000019   Data   RO         2788    .constdata          ble_host.lib(sm_pairing.o)



  Load Region LR_ROM_JT_GC (Base: 0x1fff0000, Size: 0x00000800, Max: 0x00000800, ABSOLUTE, COMPRESSED[0x0000040c])

    Execution Region JUMP_TABLE (Exec base: 0x1fff0000, Load base: 0x1fff0000, Size: 0x00000400, Max: 0x00000400, ABSOLUTE)

    Exec Addr    Load Addr    Size         Type   Attr      Idx    E Section Name        Object

    0x1fff0000   0x1fff0000   0x00000400   Data   RO          919    jump_table_mem_area  jump_table.o


    Execution Region GOLBAL_CONFIG (Exec base: 0x1fff0400, Load base: 0x1fff0400, Size: 0x00000400, Max: 0x00000400, ABSOLUTE, COMPRESSED[0x0000000c])

    Exec Addr    Load Addr    Size         Type   Attr      Idx    E Section Name        Object

    0x1fff0400   COMPRESSED   0x00000400   Data   RW          918    global_config_area  jump_table.o



  Load Region LR_OTA_SECTOR (Base: 0x1fffb300, Size: 0x00004010, Max: 0x00004100, ABSOLUTE, COMPRESSED[0x00000084])

    Execution Region OTA_SECTOR (Exec base: 0x1fffb300, Load base: 0x1fffb300, Size: 0x00004010, Max: 0x00004100, ABSOLUTE, COMPRESSED[0x00000084])

    Exec Addr    Load Addr    Size         Type   Attr      Idx    E Section Name        Object

    0x1fffb300   COMPRESSED   0x00004010   Data   RW          726    ota_partition_buffer_area  ota_protocol.o



  Load Region LR_OTA_LOADER (Base: 0x1ffff400, Size: 0x000002fc, Max: 0x00000c00, ABSOLUTE)

    Execution Region OTA_APP_LOADER (Exec base: 0x1ffff400, Load base: 0x1ffff400, Size: 0x00000b00, Max: 0x00000c00, ABSOLUTE)

    Exec Addr    Load Addr    Size         Type   Attr      Idx    E Section Name        Object

    0x1ffff400   0x1ffff400   0x0000000c   Ven    RO         3085    Veneer$$Code        anon$$obj.o
    0x1ffff40c   0x1ffff40c   0x0000000c   Ven    RO         3086    Veneer$$Code        anon$$obj.o
    0x1ffff418   0x1ffff418   0x00000024   Code   RO         2031    i.flash_check_parition  rf.lib(aes.o)
    0x1ffff43c   0x1ffff43c   0x00000024   Code   RO         2032    i.flash_load_parition  rf.lib(aes.o)
    0x1ffff460   0x1ffff460   0x00000024   Code   RO         1447    i.hal_system_soft_reset  clock.o
    0x1ffff484   0x1ffff484   0x00000010   Code   RO         2035    i.is_crypto_app     rf.lib(aes.o)
    0x1ffff494   0x1ffff494   0x0000000c   Code   RO          700    ota_app_loader_area  ota_protocol.o
    0x1ffff4a0   0x1ffff4a0   0x0000001a   Code   RO          723    ota_app_loader_area  ota_protocol.o
    0x1ffff4ba   0x1ffff4ba   0x00000002   PAD
    0x1ffff4bc   0x1ffff4bc   0x00000208   Code   RO          859    ota_app_loader_area  ota_flash.o
    0x1ffff6c4   0x1ffff6c4   0x00000038   Data   RW          860    ota_app_loader_area  ota_flash.o
    0x1ffff6fc   0x1ffff6fc   0x00000004   PAD
    0x1ffff700        -       0x00000800   Zero   RW         1759    STACK               startup_armcm0.o


==============================================================================

Image component sizes


      Code (inc. data)   RO Data    RW Data    ZI Data      Debug   Object Name

       220         24          0          0          0       1661   clock.o
       944         90          0         28          0      15729   flash.o
        62         16          0          0          0      11061   gap.o
       678         44         20        131         22       6652   gapgattserver.o
      3400        192         20         97        744      39302   gattservapp.o
      1340        146        138          0        300      22035   gpio.o
       536        332       1024       1028          0       2022   jump_table.o
       396         60         54       8193       3324      83443   main.o
       100          6         37          4          0       1904   osal_ota.o
       604         36          0         58          0       5245   ota.o
       782         80          0         56          0       7107   ota_flash.o
        20          0          0          0          0        459   ota_main.o
      2274        244          0      16406        768      18224   ota_protocol.o
       412         50         84        146          0       5759   ota_service.o
      1972        156          0         97         63      13776   peripheral.o
       616         88          0         38        120       8486   pwrmgr.o
        28          8        192          0       2048        628   startup_armcm0.o
        16          8          0          4          0        687   system_armcm0.o
       332         16         12          0         64       2896   uart.o

    ----------------------------------------------------------------------
     17020       2352       1714      26300       7460     247076   Object Totals
      2268        756        128          0          0          0   (incl. Generated)
        20          0          5         14          7          0   (incl. Padding)

    ----------------------------------------------------------------------

      Code (inc. data)   RO Data    RW Data    ZI Data      Debug   Library Member Name

       336         64          0          0          0        888   att_server.o
      1250         36         16         12          0       1940   att_util.o
       806        110          0         90         28       1184   gap_configmgr.o
       106          4          0          8          0        200   gap_devmgr.o
      1598         54          0         16          0       1136   gap_linkmgr.o
      1360        168          0         28          0       1012   gap_peridevmgr.o
       692         74          0         12          0        472   gap_task.o
      1774        106         96         16          0       1764   gatt_server.o
       412         22          0         12          0        568   gatt_task.o
         0          0         42          0          0          0   gatt_uuid.o
       232         22          0          1          0        404   l2cap_if.o
       544         22          0          1         46        384   l2cap_task.o
      2052         74          0          4        160       1788   l2cap_util.o
       522         50          0          0         60        688   linkdb.o
      1684         30         16          4         15       1404   sm_mgr.o
      1634        138         25         12          0       1584   sm_pairing.o
      1632         88          0         12         15        908   sm_rsppairing.o
       276         32          0          1          0        348   sm_task.o
      1004          6          0          0          0       1496   smp.o
        86          0          0          0          0          0   __dczerorl2.o
         0          0          0          0          0          0   entry.o
         0          0          0          0          0          0   entry10a.o
         0          0          0          0          0          0   entry11a.o
         8          4          0          0          0          0   entry2.o
         4          0          0          0          0          0   entry5.o
         0          0          0          0          0          0   entry7b.o
         0          0          0          0          0          0   entry8b.o
         8          4          0          0          0          0   entry9a.o
        30          0          0          0          0          0   handlers.o
        36          8          0          0          0         68   init.o
        88         16          0          0          0        220   aes.o
      6446        868          0         32         32       2884   patch.o
       256         36         17          5         16        348   phy_sec_ext.o
      1848        368          0          0          0        732   rf_phy_driver.o

    ----------------------------------------------------------------------
     26772       2404        218        272        376      22420   Library Totals
        48          0          6          6          4          0   (incl. Padding)

    ----------------------------------------------------------------------

      Code (inc. data)   RO Data    RW Data    ZI Data      Debug   Library Name

     17914       1100        195        229        324      18168   ble_host.lib
       172         16          0          0          0         68   mc_p.l
      8638       1288         17         37         48       4184   rf.lib

    ----------------------------------------------------------------------
     26772       2404        218        272        376      22420   Library Totals

    ----------------------------------------------------------------------

==============================================================================


      Code (inc. data)   RO Data    RW Data    ZI Data      Debug   

     43792       4756       1932      26572       7836     250080   Grand Totals
     43792       4756       1932        584       7836     250080   ELF Image Totals (compressed)
     43792       4756       1932        584          0          0   ROM Totals

==============================================================================

    Total RO  Size (Code + RO Data)                45724 (  44.65kB)
    Total RW  Size (RW Data + ZI Data)             34408 (  33.60kB)
    Total ROM Size (Code + RO Data + RW Data)      46308 (  45.22kB)

==============================================================================

