<!doctype html public "-//w3c//dtd html 4.0 transitional//en">
<html><head>
<title>Static Call Graph - [.\Objects\mesh_switch.axf]</title></head>
<body><HR>
<H1>Static Call Graph for image .\Objects\mesh_switch.axf</H1><HR>
<BR><P>#&#060CALLGRAPH&#062# ARM Linker, 5060750: Last Updated: Mon Dec 20 18:41:37 2021
<BR><P>
<H3>Maximum Stack Usage =       2040 bytes + Unknown(Untraceable Function Pointers)</H3><H3>
Call chain for Maximum Stack Depth:</H3>
health_server_cb &rArr; MS_access_reply &rArr; MS_access_publish_ex &rArr; MS_access_send_pdu &rArr; MS_trn_send_access_pdu &rArr; MS_ltrn_send_pdu &rArr; ltrn_send_seg_pdu &rArr; ltrn_sar_transmit_segments &rArr; ltrn_sar_transmit_segment &rArr; MS_net_send_pdu &rArr; net_pkt_send &rArr; cry_aes_128_ccm_encrypt &rArr; aes_ccm_ae &rArr; aes_ccm_auth_start &rArr; aes_encrypt &rArr; cry_aes_128_encrypt
<P>
<H3>
Function Pointers
</H3><UL>
 <LI><a href="#[5c]">ATT_BuildErrorRsp</a> from att_util.o(i.ATT_BuildErrorRsp) referenced from att_server.o(i.ATT_ErrorRsp)
 <LI><a href="#[5d]">ATT_BuildExchangeMTURsp</a> from att_util.o(i.ATT_BuildExchangeMTURsp) referenced from att_server.o(i.ATT_ExchangeMTURsp)
 <LI><a href="#[5e]">ATT_BuildExecuteWriteReq</a> from att_util.o(i.ATT_BuildExecuteWriteReq) referenced from att_client.o(i.ATT_ExecuteWriteReq)
 <LI><a href="#[5f]">ATT_BuildFindByTypeValueReq</a> from att_util.o(i.ATT_BuildFindByTypeValueReq) referenced from att_client.o(i.ATT_FindByTypeValueReq)
 <LI><a href="#[60]">ATT_BuildFindByTypeValueRsp</a> from att_util.o(i.ATT_BuildFindByTypeValueRsp) referenced from att_server.o(i.ATT_FindByTypeValueRsp)
 <LI><a href="#[61]">ATT_BuildFindInfoReq</a> from att_util.o(i.ATT_BuildFindInfoReq) referenced from att_client.o(i.ATT_FindInfoReq)
 <LI><a href="#[62]">ATT_BuildFindInfoRsp</a> from att_util.o(i.ATT_BuildFindInfoRsp) referenced from att_server.o(i.ATT_FindInfoRsp)
 <LI><a href="#[63]">ATT_BuildHandleValueInd</a> from att_util.o(i.ATT_BuildHandleValueInd) referenced from att_server.o(i.ATT_HandleValueNoti)
 <LI><a href="#[64]">ATT_BuildPrepareWriteReq</a> from att_util.o(i.ATT_BuildPrepareWriteReq) referenced from att_client.o(i.ATT_PrepareWriteReq)
 <LI><a href="#[65]">ATT_BuildPrepareWriteRsp</a> from att_util.o(i.ATT_BuildPrepareWriteRsp) referenced from att_server.o(i.ATT_PrepareWriteRsp)
 <LI><a href="#[66]">ATT_BuildReadBlobReq</a> from att_util.o(i.ATT_BuildReadBlobReq) referenced from att_client.o(i.ATT_ReadBlobReq)
 <LI><a href="#[67]">ATT_BuildReadBlobRsp</a> from att_util.o(i.ATT_BuildReadBlobRsp) referenced from att_server.o(i.ATT_ReadBlobRsp)
 <LI><a href="#[69]">ATT_BuildReadByGrpTypeRsp</a> from att_util.o(i.ATT_BuildReadByGrpTypeRsp) referenced from att_server.o(i.ATT_ReadByGrpTypeRsp)
 <LI><a href="#[68]">ATT_BuildReadByTypeReq</a> from att_util.o(i.ATT_BuildReadByTypeReq) referenced from att_client.o(i.ATT_ReadByGrpTypeReq)
 <LI><a href="#[68]">ATT_BuildReadByTypeReq</a> from att_util.o(i.ATT_BuildReadByTypeReq) referenced from att_client.o(i.ATT_ReadByTypeReq)
 <LI><a href="#[6a]">ATT_BuildReadByTypeRsp</a> from att_util.o(i.ATT_BuildReadByTypeRsp) referenced from att_server.o(i.ATT_ReadByTypeRsp)
 <LI><a href="#[6b]">ATT_BuildReadMultiRsp</a> from att_util.o(i.ATT_BuildReadMultiRsp) referenced from att_server.o(i.ATT_ReadMultiRsp)
 <LI><a href="#[6c]">ATT_BuildReadRsp</a> from att_util.o(i.ATT_BuildReadRsp) referenced from att_server.o(i.ATT_ReadRsp)
 <LI><a href="#[d1]">ATT_ParseExchangeMTUReq</a> from att_util.o(i.ATT_ParseExchangeMTUReq) referenced from gatt_server.o(.constdata)
 <LI><a href="#[e2]">ATT_ParseExecuteWriteReq</a> from att_util.o(i.ATT_ParseExecuteWriteReq) referenced from gatt_server.o(.constdata)
 <LI><a href="#[92]">ATT_ParseExecuteWriteRsp</a> from att_util.o(i.ATT_ParseExecuteWriteRsp) referenced from gatt_client.o(i.gattProcessReliableWrites)
 <LI><a href="#[92]">ATT_ParseExecuteWriteRsp</a> from att_util.o(i.ATT_ParseExecuteWriteRsp) referenced from gatt_client.o(i.gattProcessWriteLong)
 <LI><a href="#[d5]">ATT_ParseFindByTypeValueReq</a> from att_util.o(i.ATT_ParseFindByTypeValueReq) referenced from gatt_server.o(.constdata)
 <LI><a href="#[d3]">ATT_ParseFindInfoReq</a> from att_util.o(i.ATT_ParseFindInfoReq) referenced from gatt_server.o(.constdata)
 <LI><a href="#[6e]">ATT_ParseFindInfoRsp</a> from att_util.o(i.ATT_ParseFindInfoRsp) referenced from gatt_client.o(i.GATT_DiscAllCharDescs)
 <LI><a href="#[e1]">ATT_ParsePrepareWriteReq</a> from att_util.o(i.ATT_ParsePrepareWriteReq) referenced from gatt_server.o(.constdata)
 <LI><a href="#[db]">ATT_ParseReadBlobReq</a> from att_util.o(i.ATT_ParseReadBlobReq) referenced from gatt_server.o(.constdata)
 <LI><a href="#[d7]">ATT_ParseReadByTypeReq</a> from att_util.o(i.ATT_ParseReadByTypeReq) referenced 2 times from gatt_server.o(.constdata)
 <LI><a href="#[93]">ATT_ParseReadByTypeRsp</a> from att_util.o(i.ATT_ParseReadByTypeRsp) referenced from gatt_client.o(i.gattReadByType)
 <LI><a href="#[dc]">ATT_ParseReadMultiReq</a> from att_util.o(i.ATT_ParseReadMultiReq) referenced from gatt_server.o(.constdata)
 <LI><a href="#[d9]">ATT_ParseReadReq</a> from att_util.o(i.ATT_ParseReadReq) referenced from gatt_server.o(.constdata)
 <LI><a href="#[df]">ATT_ParseWriteReq</a> from att_util.o(i.ATT_ParseWriteReq) referenced from gatt_server.o(.constdata)
 <LI><a href="#[40]">GAP_ProcessEvent</a> from gap_task.o(i.GAP_ProcessEvent) referenced from osal_blemesh.o(.constdata)
 <LI><a href="#[42]">GATTServApp_ProcessEvent</a> from gattservapp.o(i.GATTServApp_ProcessEvent) referenced from osal_blemesh.o(.constdata)
 <LI><a href="#[41]">GATT_ProcessEvent</a> from gatt_task.o(i.GATT_ProcessEvent) referenced from osal_blemesh.o(.constdata)
 <LI><a href="#[3e]">HCI_ProcessEvent</a> from bb_rom_sym_m0.txt(ABSOLUTE) referenced from osal_blemesh.o(.constdata)
 <LI><a href="#[73]">L2CAP_BuildCmdReject</a> from l2cap_util.o(i.L2CAP_BuildCmdReject) referenced from l2cap_if.o(i.L2CAP_CmdReject)
 <LI><a href="#[74]">L2CAP_BuildParamUpdateRsp</a> from l2cap_util.o(i.L2CAP_BuildParamUpdateRsp) referenced from l2cap_if.o(i.L2CAP_ConnParamUpdateRsp)
 <LI><a href="#[3f]">L2CAP_ProcessEvent</a> from l2cap_task.o(i.L2CAP_ProcessEvent) referenced from osal_blemesh.o(.constdata)
 <LI><a href="#[35]">LL_CreateConn1</a> from patch.o(i.LL_CreateConn1) referenced from patch.o(i.ll_patch_master)
 <LI><a href="#[50]">LL_ENC_AES128_Encrypt1</a> from patch.o(i.LL_ENC_AES128_Encrypt1) referenced from patch.o(_section_xip_code_)
 <LI><a href="#[37]">LL_ENC_Decrypt1</a> from patch.o(i.LL_ENC_Decrypt1) referenced from patch.o(_section_xip_code_)
 <LI><a href="#[37]">LL_ENC_Decrypt1</a> from patch.o(i.LL_ENC_Decrypt1) referenced from patch.o(i.ll_patch_master)
 <LI><a href="#[51]">LL_ENC_Encrypt1</a> from patch.o(i.LL_ENC_Encrypt1) referenced from patch.o(_section_xip_code_)
 <LI><a href="#[4d]">LL_IRQHandler1</a> from patch.o(i.LL_IRQHandler1) referenced from patch.o(_section_xip_code_)
 <LI><a href="#[3d]">LL_ProcessEvent</a> from bb_rom_sym_m0.txt(ABSOLUTE) referenced from osal_blemesh.o(.constdata)
 <LI><a href="#[31]">LL_SetAdvControl1</a> from patch.o(i.LL_SetAdvControl1) referenced from patch.o(i.ll_patch_master)
 <LI><a href="#[30]">LL_SetAdvParam1</a> from patch.o(i.LL_SetAdvParam1) referenced from patch.o(i.ll_patch_master)
 <LI><a href="#[56]">LL_SetDataLengh1</a> from patch.o(i.LL_SetDataLengh1) referenced from patch.o(_section_xip_code_)
 <LI><a href="#[34]">LL_SetScanControl1</a> from patch.o(i.LL_SetScanControl1) referenced from patch.o(i.ll_patch_master)
 <LI><a href="#[33]">LL_SetScanParam1</a> from patch.o(i.LL_SetScanParam1) referenced from patch.o(i.ll_patch_master)
 <LI><a href="#[36]">LL_StartEncrypt1</a> from patch.o(i.LL_StartEncrypt1) referenced from patch.o(i.ll_patch_master)
 <LI><a href="#[5b]">LL_set_default_conn_params1</a> from patch.o(i.LL_set_default_conn_params1) referenced from patch.o(_section_xip_code_)
 <LI><a href="#[c3]">ProcessUartData</a> from blemesh.o(i.ProcessUartData) referenced from blemesh.o(.constdata)
 <LI><a href="#[27]">Reset_Handler</a> from startup_armcm0.o(.text) referenced from startup_armcm0.o(RESET)
 <LI><a href="#[2a]">SystemInit</a> from system_armcm0.o(i.SystemInit) referenced from startup_armcm0.o(.text)
 <LI><a href="#[8c]">UI_app_config_server_callback</a> from appl_sample_mesh_switch.o(i.UI_app_config_server_callback) referenced from appl_sample_mesh_switch.o(i.appl_mesh_sample)
 <LI><a href="#[8b]">UI_gatt_iface_event_pl_cb</a> from appl_sample_mesh_switch.o(i.UI_gatt_iface_event_pl_cb) referenced from appl_sample_mesh_switch.o(i.appl_mesh_sample)
 <LI><a href="#[85]">UI_generic_onoff_client_cb</a> from appl_sample_mesh_switch.o(i.UI_generic_onoff_client_cb) referenced from appl_sample_mesh_switch.o(i.UI_register_generic_onoff_model_client)
 <LI><a href="#[1d]">UI_health_self_test_00</a> from appl_sample_mesh_switch.o(i.UI_health_self_test_00) referenced 2 times from appl_sample_mesh_switch.o(.data)
 <LI><a href="#[1e]">UI_health_self_test_01</a> from appl_sample_mesh_switch.o(i.UI_health_self_test_01) referenced 2 times from appl_sample_mesh_switch.o(.data)
 <LI><a href="#[1f]">UI_health_self_test_FF</a> from appl_sample_mesh_switch.o(i.UI_health_self_test_FF) referenced 2 times from appl_sample_mesh_switch.o(.data)
 <LI><a href="#[84]">UI_health_server_cb</a> from appl_sample_mesh_switch.o(i.UI_health_server_cb) referenced from appl_sample_mesh_switch.o(i.UI_register_foundation_model_servers)
 <LI><a href="#[86]">UI_light_hsl_client_cb</a> from appl_sample_mesh_switch.o(i.UI_light_hsl_client_cb) referenced from appl_sample_mesh_switch.o(i.UI_register_light_hsl_model_client)
 <LI><a href="#[87]">UI_prov_callback</a> from appl_sample_mesh_switch.o(i.UI_prov_callback) referenced from appl_sample_mesh_switch.o(i.UI_register_prov)
 <LI><a href="#[83]">UI_provcfg_complete_timeout_handler</a> from appl_sample_mesh_switch.o(i.UI_provcfg_complete_timeout_handler) referenced from appl_sample_mesh_switch.o(i.UI_prov_callback)
 <LI><a href="#[88]">UI_proxy_callback</a> from appl_sample_mesh_switch.o(i.UI_proxy_callback) referenced from appl_sample_mesh_switch.o(i.UI_register_proxy)
 <LI><a href="#[89]">UI_scene_client_cb</a> from appl_sample_mesh_switch.o(i.UI_scene_client_cb) referenced from appl_sample_mesh_switch.o(i.UI_register_scene_model_client)
 <LI><a href="#[8a]">UI_vendor_example_client_cb</a> from appl_sample_mesh_switch.o(i.UI_vendor_example_client_cb) referenced from appl_sample_mesh_switch.o(i.UI_register_vendor_defined_model_client)
 <LI><a href="#[2b]">__main</a> from entry.o(.ARM.Collect$$$$00000000) referenced from startup_armcm0.o(.text)
 <LI><a href="#[29]">_hard_fault</a> from jump_table.o(i._hard_fault) referenced from jump_table.o(.emb_text)
 <LI><a href="#[2d]">_sputc</a> from printfa.o(i._sputc) referenced from printfa.o(i.__0sprintf)
 <LI><a href="#[91]">_uart_putc</a> from my_printf.o(i._uart_putc) referenced from my_printf.o(i.dbg_printf)
 <LI><a href="#[a4]">access_pkt_in</a> from libethermind_mesh_core.lib(i.access_pkt_in) referenced from libethermind_mesh_core.lib(i.ms_access_init)
 <LI><a href="#[1]">appl_mesh_prov_data_in_wt_cb</a> from blebrr_pl.o(i.appl_mesh_prov_data_in_wt_cb) referenced 2 times from blebrr_pl.o(.data)
 <LI><a href="#[2]">appl_mesh_prov_data_out_ccd_cb</a> from blebrr_pl.o(i.appl_mesh_prov_data_out_ccd_cb) referenced 2 times from blebrr_pl.o(.data)
 <LI><a href="#[3]">appl_mesh_proxy_data_in_wt_cb</a> from blebrr_pl.o(i.appl_mesh_proxy_data_in_wt_cb) referenced 2 times from blebrr_pl.o(.data)
 <LI><a href="#[4]">appl_mesh_proxy_data_out_ccd_cb</a> from blebrr_pl.o(i.appl_mesh_proxy_data_out_ccd_cb) referenced 2 times from blebrr_pl.o(.data)
 <LI><a href="#[44]">bleMesh_ProcessEvent</a> from blemesh.o(i.bleMesh_ProcessEvent) referenced from osal_blemesh.o(.constdata)
 <LI><a href="#[8e]">blebrr_adv_send</a> from blebrr.o(i.blebrr_adv_send) referenced from blebrr.o(i.blebrr_register)
 <LI><a href="#[8f]">blebrr_advscan_timeout_handler</a> from blebrr.o(i.blebrr_advscan_timeout_handler) referenced from blebrr.o(i.blebrr_timer_start)
 <LI><a href="#[8d]">blebrr_gatt_send</a> from blebrr_gatt.o(i.blebrr_gatt_send) referenced from blebrr_gatt.o(i.blebrr_pl_gatt_connection)
 <LI><a href="#[75]">brr_read_data_ind</a> from libethermind_mesh_core.lib(i.brr_read_data_ind) referenced from libethermind_mesh_core.lib(i.MS_brr_add_bearer)
 <LI><a href="#[bb]">cli_demo_help</a> from cli_model.o(i.cli_demo_help) referenced from blemesh.o(.constdata)
 <LI><a href="#[c1]">cli_demo_reset</a> from cli_model.o(i.cli_demo_reset) referenced from blemesh.o(.constdata)
 <LI><a href="#[c0]">cli_group_select</a> from cli_model.o(i.cli_group_select) referenced from blemesh.o(.constdata)
 <LI><a href="#[c2]">cli_internal_status</a> from cli_model.o(i.cli_internal_status) referenced from blemesh.o(.constdata)
 <LI><a href="#[be]">cli_off</a> from cli_model.o(i.cli_off) referenced from blemesh.o(.constdata)
 <LI><a href="#[bd]">cli_on</a> from cli_model.o(i.cli_on) referenced from blemesh.o(.constdata)
 <LI><a href="#[bf]">cli_seek</a> from cli_model.o(i.cli_seek) referenced from blemesh.o(.constdata)
 <LI><a href="#[bc]">cli_start</a> from cli_model.o(i.cli_start) referenced from blemesh.o(.constdata)
 <LI><a href="#[52]">config_RTC1</a> from patch.o(i.config_RTC1) referenced from patch.o(_section_xip_code_)
 <LI><a href="#[76]">config_server_cb</a> from libethermind_mesh_core.lib(i.config_server_cb) referenced from libethermind_mesh_core.lib(i.MS_config_server_init)
 <LI><a href="#[ae]">cry_generate_random_bytes</a> from cry.o(i.cry_generate_random_bytes) referenced from cry.o(i.phyplus_ecdh_init)
 <LI><a href="#[b7]">devInfo_ReadAttrCB</a> from devinfoservice.o(i.devInfo_ReadAttrCB) referenced from devinfoservice.o(.constdata)
 <LI><a href="#[2c]">fputc</a> from em_platform.o(i.fputc) referenced from printfa.o(i.__0printf)
 <LI><a href="#[2c]">fputc</a> from em_platform.o(i.fputc) referenced from printfa.o(i.__0vprintf)
 <LI><a href="#[22]">gapCancelLinkReq</a> from gap_centlinkmgr.o(i.gapCancelLinkReq) referenced 2 times from gap_centdevmgr.o(.data)
 <LI><a href="#[20]">gapCentProcessHCICmdEvt</a> from gap_centdevmgr.o(i.gapCentProcessHCICmdEvt) referenced 2 times from gap_centdevmgr.o(.data)
 <LI><a href="#[24]">gapPeriProcessHCICmdCompleteEvt</a> from gap_peridevmgr.o(i.gapPeriProcessHCICmdCompleteEvt) referenced 2 times from gap_peridevmgr.o(.data)
 <LI><a href="#[25]">gapProcessAdvertisingEvt</a> from gap_peridevmgr.o(i.gapProcessAdvertisingEvt) referenced 2 times from gap_peridevmgr.o(.data)
 <LI><a href="#[23]">gapProcessConnEvt</a> from gap_centdevmgr.o(i.gapProcessConnEvt) referenced 2 times from gap_centdevmgr.o(.data)
 <LI><a href="#[21]">gapProcessScanningEvt</a> from gap_centdevmgr.o(i.gapProcessScanningEvt) referenced 2 times from gap_centdevmgr.o(.data)
 <LI><a href="#[26]">gapSetAdvParams</a> from gap_peridevmgr.o(i.gapSetAdvParams) referenced 2 times from gap_peridevmgr.o(.data)
 <LI><a href="#[70]">gattClientHandleConnStatusCB</a> from gatt_client.o(i.gattClientHandleConnStatusCB) referenced from gatt_client.o(i.GATT_InitClient)
 <LI><a href="#[94]">gattClientHandleTimerCB</a> from gatt_client.o(i.gattClientHandleTimerCB) referenced from gatt_client.o(i.gattStoreClientInfo)
 <LI><a href="#[6f]">gattClientProcessMsgCB</a> from gatt_client.o(i.gattClientProcessMsgCB) referenced from gatt_client.o(i.GATT_InitClient)
 <LI><a href="#[d2]">gattProcessExchangeMTUReq</a> from gatt_server.o(i.gattProcessExchangeMTUReq) referenced from gatt_server.o(.constdata)
 <LI><a href="#[e3]">gattProcessExecuteWriteReq</a> from gatt_server.o(i.gattProcessExecuteWriteReq) referenced from gatt_server.o(.constdata)
 <LI><a href="#[d6]">gattProcessFindByTypeValueReq</a> from gatt_server.o(i.gattProcessFindByTypeValueReq) referenced from gatt_server.o(.constdata)
 <LI><a href="#[d4]">gattProcessFindInfoReq</a> from gatt_server.o(i.gattProcessFindInfoReq) referenced from gatt_server.o(.constdata)
 <LI><a href="#[de]">gattProcessReadByGrpTypeReq</a> from gatt_server.o(i.gattProcessReadByGrpTypeReq) referenced from gatt_server.o(.constdata)
 <LI><a href="#[d8]">gattProcessReadByTypeReq</a> from gatt_server.o(i.gattProcessReadByTypeReq) referenced from gatt_server.o(.constdata)
 <LI><a href="#[dd]">gattProcessReadMultiReq</a> from gatt_server.o(i.gattProcessReadMultiReq) referenced from gatt_server.o(.constdata)
 <LI><a href="#[da]">gattProcessReadReq</a> from gatt_server.o(i.gattProcessReadReq) referenced 2 times from gatt_server.o(.constdata)
 <LI><a href="#[e0]">gattProcessWriteReq</a> from gatt_server.o(i.gattProcessWriteReq) referenced 2 times from gatt_server.o(.constdata)
 <LI><a href="#[6d]">gattServApp_HandleConnStatusCB</a> from gattservapp.o(i.gattServApp_HandleConnStatusCB) referenced from gattservapp.o(i.GATTServApp_Init)
 <LI><a href="#[b8]">gattServApp_WriteAttrCB</a> from gattservapp.o(i.gattServApp_WriteAttrCB) referenced from gattservapp.o(.constdata)
 <LI><a href="#[72]">gattServerHandleConnStatusCB</a> from gatt_server.o(i.gattServerHandleConnStatusCB) referenced from gatt_server.o(i.GATT_InitServer)
 <LI><a href="#[71]">gattServerProcessMsgCB</a> from gatt_server.o(i.gattServerProcessMsgCB) referenced from gatt_server.o(i.GATT_InitServer)
 <LI><a href="#[77]">generic_onoff_client_cb</a> from libethermind_mesh_models.lib(i.generic_onoff_client_cb) referenced from libethermind_mesh_models.lib(i.MS_generic_onoff_client_init)
 <LI><a href="#[b9]">ggs_ReadAttrCB</a> from gapgattserver.o(i.ggs_ReadAttrCB) referenced from gapgattserver.o(.constdata)
 <LI><a href="#[ba]">ggs_WriteAttrCB</a> from gapgattserver.o(i.ggs_WriteAttrCB) referenced from gapgattserver.o(.constdata)
 <LI><a href="#[98]">hal_KSCAN_IRQHandler</a> from kscan.o(i.hal_KSCAN_IRQHandler) referenced from kscan.o(i.hal_kscan_init)
 <LI><a href="#[4b]">hal_UART0_IRQHandler</a> from uart.o(_section_sram_code_) referenced from uart.o(i.uart_hw_init)
 <LI><a href="#[4b]">hal_UART0_IRQHandler</a> from uart.o(_section_sram_code_) referenced from jump_table.o(jump_table_mem_area)
 <LI><a href="#[b6]">hal_UART1_IRQHandler</a> from uart.o(_section_sram_code_) referenced from uart.o(i.uart_hw_init)
 <LI><a href="#[96]">hal_gpio_sleep_handler</a> from gpio.o(i.hal_gpio_sleep_handler) referenced from gpio.o(i.hal_gpio_init)
 <LI><a href="#[95]">hal_gpio_wakeup_handler</a> from gpio.o(i.hal_gpio_wakeup_handler) referenced from gpio.o(i.hal_gpio_init)
 <LI><a href="#[43]">hal_keyboard_matrix_task_ProcessEvent</a> from hal_keyboard_matrix.o(i.hal_keyboard_matrix_task_ProcessEvent) referenced from osal_blemesh.o(.constdata)
 <LI><a href="#[47]">hal_pwrmgr_sleep_process</a> from pwrmgr.o(i.hal_pwrmgr_sleep_process) referenced from jump_table.o(jump_table_mem_area)
 <LI><a href="#[48]">hal_pwrmgr_wakeup_process</a> from pwrmgr.o(i.hal_pwrmgr_wakeup_process) referenced from jump_table.o(jump_table_mem_area)
 <LI><a href="#[4a]">hard_fault</a> from jump_table.o(.emb_text) referenced from jump_table.o(jump_table_mem_area)
 <LI><a href="#[9d]">health_server_attention_timeout_handler</a> from libethermind_mesh_core.lib(i.health_server_attention_timeout_handler) referenced from libethermind_mesh_core.lib(i.health_server_attention_timeout_handler)
 <LI><a href="#[9d]">health_server_attention_timeout_handler</a> from libethermind_mesh_core.lib(i.health_server_attention_timeout_handler) referenced from libethermind_mesh_core.lib(i.health_server_set_attention)
 <LI><a href="#[78]">health_server_cb</a> from libethermind_mesh_core.lib(i.health_server_cb) referenced from libethermind_mesh_core.lib(i.MS_health_server_init)
 <LI><a href="#[79]">health_server_publish_timout_cb</a> from libethermind_mesh_core.lib(i.health_server_publish_timout_cb) referenced from libethermind_mesh_core.lib(i.MS_health_server_init)
 <LI><a href="#[2f]">hw_spif_cache_config</a> from flash.o(i.hw_spif_cache_config) referenced from flash.o(i.hal_spif_cache_init)
 <LI><a href="#[97]">kscan_evt_handler</a> from hal_keyboard_matrix.o(i.kscan_evt_handler) referenced from hal_keyboard_matrix.o(i.hal_keyboard_matrix_task_init)
 <LI><a href="#[9a]">kscan_sleep_handler</a> from kscan.o(i.kscan_sleep_handler) referenced from kscan.o(i.hal_kscan_init)
 <LI><a href="#[99]">kscan_wakeup_handler</a> from kscan.o(i.kscan_wakeup_handler) referenced from kscan.o(i.hal_kscan_init)
 <LI><a href="#[55]">l2capPocessFragmentTxData</a> from l2cap_util.o(_section_sram_code_) referenced from patch.o(_section_xip_code_)
 <LI><a href="#[7a]">light_hsl_client_cb</a> from libethermind_mesh_models.lib(i.light_hsl_client_cb) referenced from libethermind_mesh_models.lib(i.MS_light_hsl_client_init)
 <LI><a href="#[5a]">llConnTerminate1</a> from patch.o(i.llConnTerminate1) referenced from patch.o(_section_xip_code_)
 <LI><a href="#[32]">llMasterEvt_TaskEndOk1</a> from patch.o(i.llMasterEvt_TaskEndOk1) referenced from patch.o(i.ll_patch_master)
 <LI><a href="#[38]">llProcessMasterControlProcedures1</a> from patch.o(i.llProcessMasterControlProcedures1) referenced from patch.o(i.ll_patch_master)
 <LI><a href="#[39]">llProcessSlaveControlProcedures1</a> from patch.o(i.llProcessSlaveControlProcedures1) referenced from patch.o(i.ll_patch_master)
 <LI><a href="#[57]">llProcessTxData1</a> from patch.o(i.llProcessTxData1) referenced from patch.o(_section_xip_code_)
 <LI><a href="#[3c]">llSetupSecScan1</a> from patch.o(i.llSetupSecScan1) referenced from patch.o(i.ll_patch_master)
 <LI><a href="#[59]">ll_adptive_adj_next_time1</a> from patch.o(i.ll_adptive_adj_next_time1) referenced from patch.o(_section_xip_code_)
 <LI><a href="#[58]">ll_generateTxBuffer1</a> from patch.o(i.ll_generateTxBuffer1) referenced from patch.o(_section_xip_code_)
 <LI><a href="#[4c]">ll_hw_go1</a> from patch.o(i.ll_hw_go1) referenced from patch.o(_section_xip_code_)
 <LI><a href="#[3a]">ll_processBasicIRQ_SRX0</a> from patch.o(i.ll_processBasicIRQ_SRX0) referenced from patch.o(i.ll_patch_master)
 <LI><a href="#[3b]">ll_processBasicIRQ_ScanTRX0</a> from patch.o(i.ll_processBasicIRQ_ScanTRX0) referenced from patch.o(i.ll_patch_master)
 <LI><a href="#[a0]">ltrn_ack_timeout_handler</a> from libethermind_mesh_core.lib(i.ltrn_ack_timeout_handler) referenced from libethermind_mesh_core.lib(i.ltrn_sar_start_ack_timer)
 <LI><a href="#[9e]">ltrn_handle_segment_ack_timeout_handler</a> from libethermind_mesh_core.lib(i.ltrn_handle_segment_ack_timeout_handler) referenced from libethermind_mesh_core.lib(i.ltrn_handle_segment_ack)
 <LI><a href="#[9f]">ltrn_incomplete_timeout_handler</a> from libethermind_mesh_core.lib(i.ltrn_incomplete_timeout_handler) referenced from libethermind_mesh_core.lib(i.ltrn_sar_restart_incomplete_timer)
 <LI><a href="#[a5]">ltrn_pkt_in</a> from libethermind_mesh_core.lib(i.ltrn_pkt_in) referenced from libethermind_mesh_core.lib(i.ms_ltrn_init)
 <LI><a href="#[a1]">ltrn_rtx_timeout_handler</a> from libethermind_mesh_core.lib(i.ltrn_rtx_timeout_handler) referenced from libethermind_mesh_core.lib(i.ltrn_sar_transmit_segments)
 <LI><a href="#[28]">main</a> from main.o(i.main) referenced from entry9a.o(.ARM.Collect$$$$0000000B)
 <LI><a href="#[a2]">mesh_prov_handle_conn</a> from mesh_services.o(i.mesh_prov_handle_conn) referenced from mesh_services.o(i.mesh_prov_init)
 <LI><a href="#[c4]">mesh_prov_write_cb</a> from mesh_services.o(i.mesh_prov_write_cb) referenced from mesh_services.o(.constdata)
 <LI><a href="#[a3]">mesh_proxy_handle_conn</a> from mesh_services.o(i.mesh_proxy_handle_conn) referenced from mesh_services.o(i.mesh_proxy_init)
 <LI><a href="#[c5]">mesh_proxy_write_cb</a> from mesh_services.o(i.mesh_proxy_write_cb) referenced from mesh_services.o(.constdata)
 <LI><a href="#[7b]">ms_iv_update_timeout_handler</a> from libethermind_mesh_core.lib(i.ms_iv_update_timeout_handler) referenced from libethermind_mesh_core.lib(i.MS_net_start_iv_update_timer)
 <LI><a href="#[7b]">ms_iv_update_timeout_handler</a> from libethermind_mesh_core.lib(i.ms_iv_update_timeout_handler) referenced from libethermind_mesh_core.lib(i.ms_iv_update_timeout_handler)
 <LI><a href="#[e]">ms_load_appkeys</a> from libethermind_mesh_core.lib(i.ms_load_appkeys) referenced 2 times from libethermind_mesh_core.lib(.data)
 <LI><a href="#[c]">ms_load_dev_key</a> from libethermind_mesh_core.lib(i.ms_load_dev_key) referenced 2 times from libethermind_mesh_core.lib(.data)
 <LI><a href="#[10]">ms_load_element_addresses</a> from libethermind_mesh_core.lib(i.ms_load_element_addresses) referenced 2 times from libethermind_mesh_core.lib(.data)
 <LI><a href="#[6]">ms_load_elements</a> from libethermind_mesh_core.lib(i.ms_load_elements) referenced 2 times from libethermind_mesh_core.lib(.data)
 <LI><a href="#[8]">ms_load_models</a> from libethermind_mesh_core.lib(i.ms_load_models) referenced 2 times from libethermind_mesh_core.lib(.data)
 <LI><a href="#[14]">ms_load_non_virtual_addresses</a> from libethermind_mesh_core.lib(i.ms_load_non_virtual_addresses) referenced 2 times from libethermind_mesh_core.lib(.data)
 <LI><a href="#[1a]">ms_load_provisioner_address</a> from libethermind_mesh_core.lib(i.ms_load_provisioner_address) referenced 2 times from libethermind_mesh_core.lib(.data)
 <LI><a href="#[1c]">ms_load_proxy_filter_address</a> from libethermind_mesh_core.lib(i.ms_load_proxy_filter_address) referenced 2 times from libethermind_mesh_core.lib(.data)
 <LI><a href="#[16]">ms_load_seq_number</a> from libethermind_mesh_core.lib(i.ms_load_seq_number) referenced 2 times from libethermind_mesh_core.lib(.data)
 <LI><a href="#[a]">ms_load_subnets</a> from libethermind_mesh_core.lib(i.ms_load_subnets) referenced 2 times from libethermind_mesh_core.lib(.data)
 <LI><a href="#[18]">ms_load_tx_states_and_features</a> from libethermind_mesh_core.lib(i.ms_load_tx_states_and_features) referenced 2 times from libethermind_mesh_core.lib(.data)
 <LI><a href="#[12]">ms_load_virtual_addresses</a> from libethermind_mesh_core.lib(i.ms_load_virtual_addresses) referenced 2 times from libethermind_mesh_core.lib(.data)
 <LI><a href="#[7d]">ms_prov_beacon_interleave</a> from libethermind_mesh_core.lib(i.ms_prov_beacon_interleave) referenced from libethermind_mesh_core.lib(i.MS_prov_setup)
 <LI><a href="#[7d]">ms_prov_beacon_interleave</a> from libethermind_mesh_core.lib(i.ms_prov_beacon_interleave) referenced from libethermind_mesh_core.lib(i.ms_prov_beacon_interleave)
 <LI><a href="#[7c]">ms_snb_timeout_handler</a> from libethermind_mesh_core.lib(i.ms_snb_timeout_handler) referenced from libethermind_mesh_core.lib(i.MS_net_start_snb_timer)
 <LI><a href="#[d]">ms_store_appkeys</a> from libethermind_mesh_core.lib(i.ms_store_appkeys) referenced 2 times from libethermind_mesh_core.lib(.data)
 <LI><a href="#[b]">ms_store_dev_key</a> from libethermind_mesh_core.lib(i.ms_store_dev_key) referenced 2 times from libethermind_mesh_core.lib(.data)
 <LI><a href="#[f]">ms_store_element_addresses</a> from libethermind_mesh_core.lib(i.ms_store_element_addresses) referenced 2 times from libethermind_mesh_core.lib(.data)
 <LI><a href="#[5]">ms_store_elements</a> from libethermind_mesh_core.lib(i.ms_store_elements) referenced 2 times from libethermind_mesh_core.lib(.data)
 <LI><a href="#[7]">ms_store_models</a> from libethermind_mesh_core.lib(i.ms_store_models) referenced 2 times from libethermind_mesh_core.lib(.data)
 <LI><a href="#[13]">ms_store_non_virtual_addresses</a> from libethermind_mesh_core.lib(i.ms_store_non_virtual_addresses) referenced 2 times from libethermind_mesh_core.lib(.data)
 <LI><a href="#[19]">ms_store_provisioner_address</a> from libethermind_mesh_core.lib(i.ms_store_provisioner_address) referenced 2 times from libethermind_mesh_core.lib(.data)
 <LI><a href="#[1b]">ms_store_proxy_filter_address</a> from libethermind_mesh_core.lib(i.ms_store_proxy_filter_address) referenced 2 times from libethermind_mesh_core.lib(.data)
 <LI><a href="#[15]">ms_store_seq_number</a> from libethermind_mesh_core.lib(i.ms_store_seq_number) referenced 2 times from libethermind_mesh_core.lib(.data)
 <LI><a href="#[9]">ms_store_subnets</a> from libethermind_mesh_core.lib(i.ms_store_subnets) referenced 2 times from libethermind_mesh_core.lib(.data)
 <LI><a href="#[17]">ms_store_tx_states_and_features</a> from libethermind_mesh_core.lib(i.ms_store_tx_states_and_features) referenced 2 times from libethermind_mesh_core.lib(.data)
 <LI><a href="#[11]">ms_store_virtual_addresses</a> from libethermind_mesh_core.lib(i.ms_store_virtual_addresses) referenced 2 times from libethermind_mesh_core.lib(.data)
 <LI><a href="#[a6]">net_handle_secure_beacon</a> from libethermind_mesh_core.lib(i.net_handle_secure_beacon) referenced from libethermind_mesh_core.lib(i.ms_net_init)
 <LI><a href="#[7e]">net_proxy_netid_timeout_handler</a> from libethermind_mesh_core.lib(i.net_proxy_netid_timeout_handler) referenced from libethermind_mesh_core.lib(i.MS_proxy_server_adv_start)
 <LI><a href="#[7e]">net_proxy_netid_timeout_handler</a> from libethermind_mesh_core.lib(i.net_proxy_netid_timeout_handler) referenced from libethermind_mesh_core.lib(i.net_proxy_netid_timeout_handler)
 <LI><a href="#[7f]">net_proxy_nodeid_timeout_handler</a> from libethermind_mesh_core.lib(i.net_proxy_nodeid_timeout_handler) referenced from libethermind_mesh_core.lib(i.MS_proxy_server_adv_start)
 <LI><a href="#[7f]">net_proxy_nodeid_timeout_handler</a> from libethermind_mesh_core.lib(i.net_proxy_nodeid_timeout_handler) referenced from libethermind_mesh_core.lib(i.net_proxy_nodeid_timeout_handler)
 <LI><a href="#[ab]">net_tx_timeout_handler</a> from libethermind_mesh_core.lib(i.net_tx_timeout_handler) referenced from libethermind_mesh_core.lib(i.net_trigger_tx)
 <LI><a href="#[ac]">netif_adv_recv_cb</a> from libethermind_mesh_core.lib(i.netif_adv_recv_cb) referenced from libethermind_mesh_core.lib(i.netif_init)
 <LI><a href="#[ad]">netif_gatt_recv_cb</a> from libethermind_mesh_core.lib(i.netif_gatt_recv_cb) referenced from libethermind_mesh_core.lib(i.netif_init)
 <LI><a href="#[46]">osalInitTasks</a> from osal_blemesh.o(i.osalInitTasks) referenced from jump_table.o(jump_table_mem_area)
 <LI><a href="#[45]">osal_CbTimerProcessEvent</a> from bb_rom_sym_m0.txt(ABSOLUTE) referenced from osal_blemesh.o(.constdata)
 <LI><a href="#[2e]">osal_idle_task</a> from pwrmgr.o(_section_sram_code_) referenced from pwrmgr.o(i.hal_pwrmgr_init)
 <LI><a href="#[c6]">prov_access_state_handler</a> from libethermind_mesh_core.lib(i.prov_access_state_handler) referenced from libethermind_mesh_core.lib(.constdata)
 <LI><a href="#[a7]">prov_adv_recv_cb</a> from libethermind_mesh_core.lib(i.prov_adv_recv_cb) referenced from libethermind_mesh_core.lib(i.ms_prov_init)
 <LI><a href="#[b2]">prov_complete_timeout_handler</a> from libethermind_mesh_core.lib(i.prov_complete_timeout_handler) referenced from libethermind_mesh_core.lib(i.se_prov_complete_handler)
 <LI><a href="#[a8]">prov_gatt_recv_cb</a> from libethermind_mesh_core.lib(i.prov_gatt_recv_cb) referenced from libethermind_mesh_core.lib(i.ms_prov_init)
 <LI><a href="#[a9]">prov_handle_unprovisioned_beacon</a> from libethermind_mesh_core.lib(i.prov_handle_unprovisioned_beacon) referenced from libethermind_mesh_core.lib(i.ms_prov_init)
 <LI><a href="#[b0]">prov_link_ack_timeout_handler</a> from libethermind_mesh_core.lib(i.prov_link_ack_timeout_handler) referenced from libethermind_mesh_core.lib(i.prov_handle_adv_message)
 <LI><a href="#[b0]">prov_link_ack_timeout_handler</a> from libethermind_mesh_core.lib(i.prov_link_ack_timeout_handler) referenced from libethermind_mesh_core.lib(i.prov_link_open)
 <LI><a href="#[af]">prov_pdu_ack_timeout_handler</a> from libethermind_mesh_core.lib(i.prov_pdu_ack_timeout_handler) referenced from libethermind_mesh_core.lib(i.prov_framensend_pb_adv_pdu)
 <LI><a href="#[b1]">prov_proc_timeout_handler</a> from libethermind_mesh_core.lib(i.prov_proc_timeout_handler) referenced from libethermind_mesh_core.lib(i.prov_restart_proc_timer)
 <LI><a href="#[4e]">rf_calibrate1</a> from rf_phy_driver.o(i.rf_calibrate1) referenced from patch.o(_section_xip_code_)
 <LI><a href="#[4f]">rf_phy_change_cfg0</a> from rf_phy_driver.o(i.rf_phy_change_cfg0) referenced from patch.o(_section_xip_code_)
 <LI><a href="#[49]">rf_phy_ini</a> from rf_phy_driver.o(i.rf_phy_ini) referenced from jump_table.o(jump_table_mem_area)
 <LI><a href="#[80]">scene_client_cb</a> from libethermind_mesh_models.lib(i.scene_client_cb) referenced from libethermind_mesh_models.lib(i.MS_scene_client_init)
 <LI><a href="#[c9]">se_prov_capabilities_handler</a> from libethermind_mesh_core.lib(i.se_prov_capabilities_handler) referenced from libethermind_mesh_core.lib(.constdata)
 <LI><a href="#[d0]">se_prov_complete_handler</a> from libethermind_mesh_core.lib(i.se_prov_complete_handler) referenced from libethermind_mesh_core.lib(.constdata)
 <LI><a href="#[cd]">se_prov_confirmation_handler</a> from libethermind_mesh_core.lib(i.se_prov_confirmation_handler) referenced from libethermind_mesh_core.lib(.constdata)
 <LI><a href="#[cf]">se_prov_data_handler</a> from libethermind_mesh_core.lib(i.se_prov_data_handler) referenced from libethermind_mesh_core.lib(.constdata)
 <LI><a href="#[c8]">se_prov_error_handler</a> from libethermind_mesh_core.lib(i.se_prov_error_handler) referenced 9 times from libethermind_mesh_core.lib(.constdata)
 <LI><a href="#[cc]">se_prov_inputcom_handler</a> from libethermind_mesh_core.lib(i.se_prov_inputcom_handler) referenced from libethermind_mesh_core.lib(.constdata)
 <LI><a href="#[c7]">se_prov_invite_handler</a> from libethermind_mesh_core.lib(i.se_prov_invite_handler) referenced from libethermind_mesh_core.lib(.constdata)
 <LI><a href="#[cb]">se_prov_pubkey_handler</a> from libethermind_mesh_core.lib(i.se_prov_pubkey_handler) referenced from libethermind_mesh_core.lib(.constdata)
 <LI><a href="#[ce]">se_prov_random_handler</a> from libethermind_mesh_core.lib(i.se_prov_random_handler) referenced from libethermind_mesh_core.lib(.constdata)
 <LI><a href="#[ca]">se_prov_start_handler</a> from libethermind_mesh_core.lib(i.se_prov_start_handler) referenced from libethermind_mesh_core.lib(.constdata)
 <LI><a href="#[90]">snb_timeout_handler</a> from libethermind_mesh_core.lib(i.snb_timeout_handler) referenced from libethermind_mesh_core.lib(i.config_start_snb_timer)
 <LI><a href="#[82]">timeout_cb</a> from appl_sample_mesh_switch.o(i.timeout_cb) referenced from appl_sample_mesh_switch.o(i.UI_app_config_server_callback)
 <LI><a href="#[82]">timeout_cb</a> from appl_sample_mesh_switch.o(i.timeout_cb) referenced from appl_sample_mesh_switch.o(i.UI_gatt_iface_event_pl_cb)
 <LI><a href="#[82]">timeout_cb</a> from appl_sample_mesh_switch.o(i.timeout_cb) referenced from appl_sample_mesh_switch.o(i.UI_prov_callback)
 <LI><a href="#[82]">timeout_cb</a> from appl_sample_mesh_switch.o(i.timeout_cb) referenced from appl_sample_mesh_switch.o(i.UI_provcfg_complete_timeout_handler)
 <LI><a href="#[82]">timeout_cb</a> from appl_sample_mesh_switch.o(i.timeout_cb) referenced from appl_sample_mesh_switch.o(i.appl_mesh_sample)
 <LI><a href="#[82]">timeout_cb</a> from appl_sample_mesh_switch.o(i.timeout_cb) referenced from cli_model.o(i.cli_demo_reset)
 <LI><a href="#[b3]">timer_timeout_handler</a> from em_timer.o(i.timer_timeout_handler) referenced from em_timer.o(i.timer_add_entity)
 <LI><a href="#[aa]">trn_pkt_in</a> from libethermind_mesh_core.lib(i.trn_pkt_in) referenced from libethermind_mesh_core.lib(i.ms_trn_init)
 <LI><a href="#[b4]">trn_pub_timeout_handler</a> from libethermind_mesh_core.lib(i.trn_pub_timeout_handler) referenced from libethermind_mesh_core.lib(i.trn_start_heartbeat_pub_timer)
 <LI><a href="#[b5]">trn_sub_timeout_handler</a> from libethermind_mesh_core.lib(i.trn_sub_timeout_handler) referenced from libethermind_mesh_core.lib(i.trn_start_heartbeat_sub_timer)
 <LI><a href="#[9c]">uart_wakeup_process_0</a> from uart.o(i.uart_wakeup_process_0) referenced from uart.o(i.hal_uart_init)
 <LI><a href="#[9b]">uart_wakeup_process_1</a> from uart.o(i.uart_wakeup_process_1) referenced from uart.o(i.hal_uart_init)
 <LI><a href="#[81]">vendor_example_client_cb</a> from appl_sample_mesh_switch.o(i.vendor_example_client_cb) referenced from appl_sample_mesh_switch.o(i.MS_vendor_example_client_init)
 <LI><a href="#[54]">wakeupProcess1</a> from patch.o(i.wakeupProcess1) referenced from patch.o(_section_xip_code_)
 <LI><a href="#[53]">wakeup_init1</a> from patch.o(i.wakeup_init1) referenced from patch.o(_section_xip_code_)
</UL>
<P>
<H3>
Global Symbols
</H3>
<P><STRONG><a name="[4bc]"></a>P256_ecdh_keygen</STRONG> (Thumb, 0 bytes, Stack size 0 bytes, bb_rom_sym_m0.txt(ABSOLUTE))
<BR><BR>[Called By]<UL><LI><a href="#[3e1]">&gt;&gt;</a>&nbsp;&nbsp;&nbsp;phyplus_ecdh_init (via Veneer)
</UL>

<P><STRONG><a name="[4bb]"></a>P256_ecdh_shared_secret</STRONG> (Thumb, 0 bytes, Stack size 0 bytes, bb_rom_sym_m0.txt(ABSOLUTE))
<BR><BR>[Called By]<UL><LI><a href="#[3df]">&gt;&gt;</a>&nbsp;&nbsp;&nbsp;phyplus_ecdh_generate_secret (via Veneer)
</UL>

<P><STRONG><a name="[108]"></a>__aeabi_uidivmod</STRONG> (Thumb, 0 bytes, Stack size 0 bytes, bb_rom_sym_m0.txt(ABSOLUTE))
<BR><BR>[Called By]<UL><LI><a href="#[44b]">&gt;&gt;</a>&nbsp;&nbsp;&nbsp;uart_hw_init (via Veneer)
<LI><a href="#[46b]">&gt;&gt;</a>&nbsp;&nbsp;&nbsp;number (via Veneer)
<LI><a href="#[41c]">&gt;&gt;</a>&nbsp;&nbsp;&nbsp;gattServApp_ProcessReadByTypeReq (via Veneer)
<LI><a href="#[41e]">&gt;&gt;</a>&nbsp;&nbsp;&nbsp;gattServApp_ProcessReadByGrpTypeReq (via Veneer)
<LI><a href="#[223]">&gt;&gt;</a>&nbsp;&nbsp;&nbsp;EM_stop_timer (via Veneer)
<LI><a href="#[93]">&gt;&gt;</a>&nbsp;&nbsp;&nbsp;ATT_ParseReadByTypeRsp (via Veneer)
<LI><a href="#[6e]">&gt;&gt;</a>&nbsp;&nbsp;&nbsp;ATT_ParseFindInfoRsp (via Veneer)
<LI><a href="#[459]">&gt;&gt;</a>&nbsp;&nbsp;&nbsp;l2capPktToSegmentBuff (via Veneer)
<LI><a href="#[54]">&gt;&gt;</a>&nbsp;&nbsp;&nbsp;wakeupProcess1 (via Veneer)
<LI><a href="#[3b]">&gt;&gt;</a>&nbsp;&nbsp;&nbsp;ll_processBasicIRQ_ScanTRX0 (via Veneer)
<LI><a href="#[59]">&gt;&gt;</a>&nbsp;&nbsp;&nbsp;ll_adptive_adj_next_time1 (via Veneer)
<LI><a href="#[105]">&gt;&gt;</a>&nbsp;&nbsp;&nbsp;LL_ConnUpdate1 (via Veneer)
<LI><a href="#[134]">&gt;&gt;</a>&nbsp;&nbsp;&nbsp;_printf_core (via Veneer)
<LI><a href="#[304]">&gt;&gt;</a>&nbsp;&nbsp;&nbsp;ltrn_send_seg_pdu (via Veneer)
<LI><a href="#[4c3]">&gt;&gt;</a>&nbsp;&nbsp;&nbsp;prov_framensend_pb_adv_pdu (via Veneer)
</UL>

<P><STRONG><a name="[1d0]"></a>__aeabi_memcpy</STRONG> (Thumb, 0 bytes, Stack size 0 bytes, bb_rom_sym_m0.txt(ABSOLUTE))
<BR><BR>[Called By]<UL><LI><a href="#[44c]">&gt;&gt;</a>&nbsp;&nbsp;&nbsp;txmit_buf_use_tx_buf (via Veneer)
<LI><a href="#[42c]">&gt;&gt;</a>&nbsp;&nbsp;&nbsp;kscan_compare_key (via Veneer)
<LI><a href="#[27e]">&gt;&gt;</a>&nbsp;&nbsp;&nbsp;GGS_SetParameter (via Veneer)
<LI><a href="#[1d1]">&gt;&gt;</a>&nbsp;&nbsp;&nbsp;prov_read_static_oob_auth_pl (via Veneer)
<LI><a href="#[1cf]">&gt;&gt;</a>&nbsp;&nbsp;&nbsp;prov_read_device_oob_pubkey_pl (via Veneer)
<LI><a href="#[30a]">&gt;&gt;</a>&nbsp;&nbsp;&nbsp;cry_aes_128_cmac (via Veneer)
<LI><a href="#[3da]">&gt;&gt;</a>&nbsp;&nbsp;&nbsp;cry_aes_128_ccm_encrypt (via Veneer)
<LI><a href="#[39c]">&gt;&gt;</a>&nbsp;&nbsp;&nbsp;blebrr_send (via Veneer)
<LI><a href="#[39b]">&gt;&gt;</a>&nbsp;&nbsp;&nbsp;blebrr_bcon_send (via Veneer)
<LI><a href="#[358]">&gt;&gt;</a>&nbsp;&nbsp;&nbsp;blebrr_set_adv_scanrsp_data_pl (via Veneer)
<LI><a href="#[364]">&gt;&gt;</a>&nbsp;&nbsp;&nbsp;aes_ccm_encr_start (via Veneer)
<LI><a href="#[367]">&gt;&gt;</a>&nbsp;&nbsp;&nbsp;aes_ccm_auth_start (via Veneer)
<LI><a href="#[363]">&gt;&gt;</a>&nbsp;&nbsp;&nbsp;aes_encrypt_init (via Veneer)
<LI><a href="#[221]">&gt;&gt;</a>&nbsp;&nbsp;&nbsp;EM_start_timer (via Veneer)
<LI><a href="#[344]">&gt;&gt;</a>&nbsp;&nbsp;&nbsp;light_reflash (via Veneer)
<LI><a href="#[319]">&gt;&gt;</a>&nbsp;&nbsp;&nbsp;MS_prov_setup (via Veneer)
<LI><a href="#[317]">&gt;&gt;</a>&nbsp;&nbsp;&nbsp;MS_prov_set_authval (via Veneer)
<LI><a href="#[310]">&gt;&gt;</a>&nbsp;&nbsp;&nbsp;MS_prov_bind (via Veneer)
<LI><a href="#[8a]">&gt;&gt;</a>&nbsp;&nbsp;&nbsp;UI_vendor_example_client_cb (via Veneer)
<LI><a href="#[36d]">&gt;&gt;</a>&nbsp;&nbsp;&nbsp;aes_cmac_generate_subkeys (via Veneer)
<LI><a href="#[372]">&gt;&gt;</a>&nbsp;&nbsp;&nbsp;aes_cmac_finalize_mac (via Veneer)
<LI><a href="#[11]">&gt;&gt;</a>&nbsp;&nbsp;&nbsp;ms_store_virtual_addresses (via Veneer)
<LI><a href="#[17]">&gt;&gt;</a>&nbsp;&nbsp;&nbsp;ms_store_tx_states_and_features (via Veneer)
<LI><a href="#[9]">&gt;&gt;</a>&nbsp;&nbsp;&nbsp;ms_store_subnets (via Veneer)
<LI><a href="#[15]">&gt;&gt;</a>&nbsp;&nbsp;&nbsp;ms_store_seq_number (via Veneer)
<LI><a href="#[1b]">&gt;&gt;</a>&nbsp;&nbsp;&nbsp;ms_store_proxy_filter_address (via Veneer)
<LI><a href="#[19]">&gt;&gt;</a>&nbsp;&nbsp;&nbsp;ms_store_provisioner_address (via Veneer)
<LI><a href="#[13]">&gt;&gt;</a>&nbsp;&nbsp;&nbsp;ms_store_non_virtual_addresses (via Veneer)
<LI><a href="#[7]">&gt;&gt;</a>&nbsp;&nbsp;&nbsp;ms_store_models (via Veneer)
<LI><a href="#[5]">&gt;&gt;</a>&nbsp;&nbsp;&nbsp;ms_store_elements (via Veneer)
<LI><a href="#[f]">&gt;&gt;</a>&nbsp;&nbsp;&nbsp;ms_store_element_addresses (via Veneer)
<LI><a href="#[b]">&gt;&gt;</a>&nbsp;&nbsp;&nbsp;ms_store_dev_key (via Veneer)
<LI><a href="#[d]">&gt;&gt;</a>&nbsp;&nbsp;&nbsp;ms_store_appkeys (via Veneer)
<LI><a href="#[298]">&gt;&gt;</a>&nbsp;&nbsp;&nbsp;MS_access_cm_add_device_key (via Veneer)
<LI><a href="#[295]">&gt;&gt;</a>&nbsp;&nbsp;&nbsp;MS_access_cm_add_appkey (via Veneer)
<LI><a href="#[2e0]">&gt;&gt;</a>&nbsp;&nbsp;&nbsp;MS_access_send_pdu (via Veneer)
<LI><a href="#[2b3]">&gt;&gt;</a>&nbsp;&nbsp;&nbsp;MS_access_cm_get_subnet_identity_key (via Veneer)
<LI><a href="#[31d]">&gt;&gt;</a>&nbsp;&nbsp;&nbsp;net_proxy_nodeid_adv (via Veneer)
<LI><a href="#[2b5]">&gt;&gt;</a>&nbsp;&nbsp;&nbsp;MS_access_cm_get_subnet_privacy_key (via Veneer)
<LI><a href="#[2b4]">&gt;&gt;</a>&nbsp;&nbsp;&nbsp;MS_access_cm_get_subnet_network_id (via Veneer)
<LI><a href="#[2b2]">&gt;&gt;</a>&nbsp;&nbsp;&nbsp;MS_access_cm_get_subnet_encryption_key (via Veneer)
<LI><a href="#[2b1]">&gt;&gt;</a>&nbsp;&nbsp;&nbsp;MS_access_cm_get_subnet_beacon_key (via Veneer)
<LI><a href="#[4a7]">&gt;&gt;</a>&nbsp;&nbsp;&nbsp;net_tx_enqueue (via Veneer)
<LI><a href="#[30f]">&gt;&gt;</a>&nbsp;&nbsp;&nbsp;net_pkt_send (via Veneer)
<LI><a href="#[2bb]">&gt;&gt;</a>&nbsp;&nbsp;&nbsp;MS_access_cm_lookup_nid (via Veneer)
<LI><a href="#[2b7]">&gt;&gt;</a>&nbsp;&nbsp;&nbsp;MS_access_cm_lookup_network_id (via Veneer)
<LI><a href="#[49d]">&gt;&gt;</a>&nbsp;&nbsp;&nbsp;net_decode_frame (via Veneer)
<LI><a href="#[49c]">&gt;&gt;</a>&nbsp;&nbsp;&nbsp;net_create_pecb_input (via Veneer)
<LI><a href="#[321]">&gt;&gt;</a>&nbsp;&nbsp;&nbsp;trn_frame_secure_pdu (via Veneer)
<LI><a href="#[2b6]">&gt;&gt;</a>&nbsp;&nbsp;&nbsp;MS_access_cm_lookup_aid (via Veneer)
<LI><a href="#[4d5]">&gt;&gt;</a>&nbsp;&nbsp;&nbsp;trn_frame_decrypt_pdu (via Veneer)
<LI><a href="#[47f]">&gt;&gt;</a>&nbsp;&nbsp;&nbsp;ltrn_sar_transmit_segment (via Veneer)
<LI><a href="#[304]">&gt;&gt;</a>&nbsp;&nbsp;&nbsp;ltrn_send_seg_pdu (via Veneer)
<LI><a href="#[302]">&gt;&gt;</a>&nbsp;&nbsp;&nbsp;MS_ltrn_send_pdu (via Veneer)
<LI><a href="#[46e]">&gt;&gt;</a>&nbsp;&nbsp;&nbsp;ltrn_handle_seg_pdu (via Veneer)
<LI><a href="#[2ef]">&gt;&gt;</a>&nbsp;&nbsp;&nbsp;MS_brr_start_proxy_adv (via Veneer)
<LI><a href="#[2ec]">&gt;&gt;</a>&nbsp;&nbsp;&nbsp;MS_brr_send_pdu (via Veneer)
<LI><a href="#[2ea]">&gt;&gt;</a>&nbsp;&nbsp;&nbsp;MS_brr_bcast_unprovisioned_beacon (via Veneer)
<LI><a href="#[75]">&gt;&gt;</a>&nbsp;&nbsp;&nbsp;brr_read_data_ind (via Veneer)
<LI><a href="#[2f4]">&gt;&gt;</a>&nbsp;&nbsp;&nbsp;MS_init (via Veneer)
<LI><a href="#[3d1]">&gt;&gt;</a>&nbsp;&nbsp;&nbsp;config_model_subscription_overwrite_handler (via Veneer)
<LI><a href="#[3cf]">&gt;&gt;</a>&nbsp;&nbsp;&nbsp;config_model_subscription_delete_handler (via Veneer)
<LI><a href="#[3cd]">&gt;&gt;</a>&nbsp;&nbsp;&nbsp;config_model_subscription_add_handler (via Veneer)
<LI><a href="#[3cc]">&gt;&gt;</a>&nbsp;&nbsp;&nbsp;config_model_publication_set_handler (via Veneer)
<LI><a href="#[3ca]">&gt;&gt;</a>&nbsp;&nbsp;&nbsp;config_model_app_get_handler (via Veneer)
<LI><a href="#[3c7]">&gt;&gt;</a>&nbsp;&nbsp;&nbsp;config_model_app_bind_unbind_handler (via Veneer)
<LI><a href="#[3bb]">&gt;&gt;</a>&nbsp;&nbsp;&nbsp;config_appkey_add_update_delete_handler (via Veneer)
<LI><a href="#[4c8]">&gt;&gt;</a>&nbsp;&nbsp;&nbsp;prov_handle_gatt_message (via Veneer)
<LI><a href="#[4bd]">&gt;&gt;</a>&nbsp;&nbsp;&nbsp;prov_handle_adv_message (via Veneer)
<LI><a href="#[4c3]">&gt;&gt;</a>&nbsp;&nbsp;&nbsp;prov_framensend_pb_adv_pdu (via Veneer)
<LI><a href="#[a9]">&gt;&gt;</a>&nbsp;&nbsp;&nbsp;prov_handle_unprovisioned_beacon (via Veneer)
<LI><a href="#[4c9]">&gt;&gt;</a>&nbsp;&nbsp;&nbsp;prov_generate_authkeys (via Veneer)
<LI><a href="#[4be]">&gt;&gt;</a>&nbsp;&nbsp;&nbsp;prov_calc_confirm (via Veneer)
<LI><a href="#[ca]">&gt;&gt;</a>&nbsp;&nbsp;&nbsp;se_prov_start_handler (via Veneer)
<LI><a href="#[ce]">&gt;&gt;</a>&nbsp;&nbsp;&nbsp;se_prov_random_handler (via Veneer)
<LI><a href="#[cb]">&gt;&gt;</a>&nbsp;&nbsp;&nbsp;se_prov_pubkey_handler (via Veneer)
<LI><a href="#[c7]">&gt;&gt;</a>&nbsp;&nbsp;&nbsp;se_prov_invite_handler (via Veneer)
<LI><a href="#[cf]">&gt;&gt;</a>&nbsp;&nbsp;&nbsp;se_prov_data_handler (via Veneer)
<LI><a href="#[cd]">&gt;&gt;</a>&nbsp;&nbsp;&nbsp;se_prov_confirmation_handler (via Veneer)
<LI><a href="#[c9]">&gt;&gt;</a>&nbsp;&nbsp;&nbsp;se_prov_capabilities_handler (via Veneer)
<LI><a href="#[314]">&gt;&gt;</a>&nbsp;&nbsp;&nbsp;prov_link_open (via Veneer)
<LI><a href="#[2b8]">&gt;&gt;</a>&nbsp;&nbsp;&nbsp;ms_stbx_k3 (via Veneer)
<LI><a href="#[2bc]">&gt;&gt;</a>&nbsp;&nbsp;&nbsp;ms_stbx_k2 (via Veneer)
<LI><a href="#[29b]">&gt;&gt;</a>&nbsp;&nbsp;&nbsp;ms_search_and_add_virtual_address (via Veneer)
<LI><a href="#[29e]">&gt;&gt;</a>&nbsp;&nbsp;&nbsp;ms_access_cm_update_key_refresh_phase (via Veneer)
<LI><a href="#[29d]">&gt;&gt;</a>&nbsp;&nbsp;&nbsp;ms_access_cm_save_netkey_at_offset (via Veneer)
<LI><a href="#[481]">&gt;&gt;</a>&nbsp;&nbsp;&nbsp;ms_access_cm_create_keys_from_netkey (via Veneer)
<LI><a href="#[480]">&gt;&gt;</a>&nbsp;&nbsp;&nbsp;ms_access_cm_appkey_refresh (via Veneer)
<LI><a href="#[2d2]">&gt;&gt;</a>&nbsp;&nbsp;&nbsp;MS_access_cm_update_delete_appkey (via Veneer)
</UL>

<P><STRONG><a name="[155]"></a>__aeabi_memcpy4</STRONG> (Thumb, 0 bytes, Stack size 0 bytes, bb_rom_sym_m0.txt(ABSOLUTE))
<BR><BR>[Called By]<UL><LI><a href="#[154]">&gt;&gt;</a>&nbsp;&nbsp;&nbsp;hal_low_power_io_init (via Veneer)
<LI><a href="#[98]">&gt;&gt;</a>&nbsp;&nbsp;&nbsp;hal_KSCAN_IRQHandler (via Veneer)
<LI><a href="#[43c]">&gt;&gt;</a>&nbsp;&nbsp;&nbsp;hal_kscan_timeout_handler (via Veneer)
<LI><a href="#[43e]">&gt;&gt;</a>&nbsp;&nbsp;&nbsp;hal_kscan_init (via Veneer)
<LI><a href="#[15f]">&gt;&gt;</a>&nbsp;&nbsp;&nbsp;hal_pwrmgr_unregister (via Veneer)
<LI><a href="#[3e1]">&gt;&gt;</a>&nbsp;&nbsp;&nbsp;phyplus_ecdh_init (via Veneer)
<LI><a href="#[2e9]">&gt;&gt;</a>&nbsp;&nbsp;&nbsp;MS_brr_add_bearer (via Veneer)
<LI><a href="#[222]">&gt;&gt;</a>&nbsp;&nbsp;&nbsp;timer_add_entity (via Veneer)
<LI><a href="#[4bf]">&gt;&gt;</a>&nbsp;&nbsp;&nbsp;prov_procedure_complete (via Veneer)
<LI><a href="#[2a1]">&gt;&gt;</a>&nbsp;&nbsp;&nbsp;bitarray_get_lowest_bit_set (via Veneer)
</UL>

<P><STRONG><a name="[4b0]"></a>__aeabi_memset</STRONG> (Thumb, 0 bytes, Stack size 0 bytes, bb_rom_sym_m0.txt(ABSOLUTE))
<BR><BR>[Called By]<UL><LI><a href="#[495]">&gt;&gt;</a>&nbsp;&nbsp;&nbsp;netif_init (via Veneer)
</UL>

<P><STRONG><a name="[2ad]"></a>__aeabi_memclr</STRONG> (Thumb, 0 bytes, Stack size 0 bytes, bb_rom_sym_m0.txt(ABSOLUTE))
<BR><BR>[Called By]<UL><LI><a href="#[358]">&gt;&gt;</a>&nbsp;&nbsp;&nbsp;blebrr_set_adv_scanrsp_data_pl (via Veneer)
<LI><a href="#[367]">&gt;&gt;</a>&nbsp;&nbsp;&nbsp;aes_ccm_auth_start (via Veneer)
<LI><a href="#[1ea]">&gt;&gt;</a>&nbsp;&nbsp;&nbsp;MS_access_cm_reset (via Veneer)
<LI><a href="#[2cb]">&gt;&gt;</a>&nbsp;&nbsp;&nbsp;MS_access_cm_set_prov_data (via Veneer)
<LI><a href="#[35e]">&gt;&gt;</a>&nbsp;&nbsp;&nbsp;UI_vendormodel_client_send_reliable_pdu (via Veneer)
<LI><a href="#[2ac]">&gt;&gt;</a>&nbsp;&nbsp;&nbsp;MS_access_cm_get_model_publication (via Veneer)
<LI><a href="#[482]">&gt;&gt;</a>&nbsp;&nbsp;&nbsp;ms_access_cm_init (via Veneer)
<LI><a href="#[4aa]">&gt;&gt;</a>&nbsp;&nbsp;&nbsp;net_proxy_server_set_filter (via Veneer)
<LI><a href="#[4a8]">&gt;&gt;</a>&nbsp;&nbsp;&nbsp;net_proxy_iface_down (via Veneer)
<LI><a href="#[494]">&gt;&gt;</a>&nbsp;&nbsp;&nbsp;net_proxy_init (via Veneer)
<LI><a href="#[49c]">&gt;&gt;</a>&nbsp;&nbsp;&nbsp;net_create_pecb_input (via Veneer)
<LI><a href="#[2f9]">&gt;&gt;</a>&nbsp;&nbsp;&nbsp;ms_trn_init (via Veneer)
<LI><a href="#[2fa]">&gt;&gt;</a>&nbsp;&nbsp;&nbsp;ms_access_init (via Veneer)
<LI><a href="#[483]">&gt;&gt;</a>&nbsp;&nbsp;&nbsp;ms_access_cm_init_dev_key_table (via Veneer)
<LI><a href="#[2c9]">&gt;&gt;</a>&nbsp;&nbsp;&nbsp;MS_access_cm_set_model_publication (via Veneer)
</UL>

<P><STRONG><a name="[15b]"></a>__aeabi_memclr4</STRONG> (Thumb, 0 bytes, Stack size 0 bytes, bb_rom_sym_m0.txt(ABSOLUTE))
<BR><BR>[Called By]<UL><LI><a href="#[39a]">&gt;&gt;</a>&nbsp;&nbsp;&nbsp;hal_uart_init (via Veneer)
<LI><a href="#[15a]">&gt;&gt;</a>&nbsp;&nbsp;&nbsp;hal_pwrmgr_init (via Veneer)
<LI><a href="#[1c2]">&gt;&gt;</a>&nbsp;&nbsp;&nbsp;hal_gpio_init (via Veneer)
<LI><a href="#[43c]">&gt;&gt;</a>&nbsp;&nbsp;&nbsp;hal_kscan_timeout_handler (via Veneer)
<LI><a href="#[399]">&gt;&gt;</a>&nbsp;&nbsp;&nbsp;hal_uart_deinit (via Veneer)
<LI><a href="#[2ed]">&gt;&gt;</a>&nbsp;&nbsp;&nbsp;MS_brr_remove_bearer (via Veneer)
<LI><a href="#[33e]">&gt;&gt;</a>&nbsp;&nbsp;&nbsp;appl_dump_bytes (via Veneer)
<LI><a href="#[1ea]">&gt;&gt;</a>&nbsp;&nbsp;&nbsp;MS_access_cm_reset (via Veneer)
<LI><a href="#[1cc]">&gt;&gt;</a>&nbsp;&nbsp;&nbsp;hal_keyboard_matrix_task_init (via Veneer)
<LI><a href="#[11]">&gt;&gt;</a>&nbsp;&nbsp;&nbsp;ms_store_virtual_addresses (via Veneer)
<LI><a href="#[9]">&gt;&gt;</a>&nbsp;&nbsp;&nbsp;ms_store_subnets (via Veneer)
<LI><a href="#[13]">&gt;&gt;</a>&nbsp;&nbsp;&nbsp;ms_store_non_virtual_addresses (via Veneer)
<LI><a href="#[7]">&gt;&gt;</a>&nbsp;&nbsp;&nbsp;ms_store_models (via Veneer)
<LI><a href="#[5]">&gt;&gt;</a>&nbsp;&nbsp;&nbsp;ms_store_elements (via Veneer)
<LI><a href="#[b]">&gt;&gt;</a>&nbsp;&nbsp;&nbsp;ms_store_dev_key (via Veneer)
<LI><a href="#[d]">&gt;&gt;</a>&nbsp;&nbsp;&nbsp;ms_store_appkeys (via Veneer)
<LI><a href="#[482]">&gt;&gt;</a>&nbsp;&nbsp;&nbsp;ms_access_cm_init (via Veneer)
<LI><a href="#[323]">&gt;&gt;</a>&nbsp;&nbsp;&nbsp;MS_trn_set_heartbeat_publication (via Veneer)
<LI><a href="#[478]">&gt;&gt;</a>&nbsp;&nbsp;&nbsp;ltrn_init_sar_contexts (via Veneer)
<LI><a href="#[2cd]">&gt;&gt;</a>&nbsp;&nbsp;&nbsp;ltrn_init_replay_cache (via Veneer)
<LI><a href="#[46d]">&gt;&gt;</a>&nbsp;&nbsp;&nbsp;ltrn_alloc_replay_cache (via Veneer)
<LI><a href="#[2f9]">&gt;&gt;</a>&nbsp;&nbsp;&nbsp;ms_trn_init (via Veneer)
<LI><a href="#[2f7]">&gt;&gt;</a>&nbsp;&nbsp;&nbsp;ms_net_init (via Veneer)
<LI><a href="#[2fd]">&gt;&gt;</a>&nbsp;&nbsp;&nbsp;ms_common_init_transition_timer (via Veneer)
<LI><a href="#[2f6]">&gt;&gt;</a>&nbsp;&nbsp;&nbsp;ms_brr_init (via Veneer)
<LI><a href="#[2fa]">&gt;&gt;</a>&nbsp;&nbsp;&nbsp;ms_access_init (via Veneer)
<LI><a href="#[3cc]">&gt;&gt;</a>&nbsp;&nbsp;&nbsp;config_model_publication_set_handler (via Veneer)
<LI><a href="#[3cb]">&gt;&gt;</a>&nbsp;&nbsp;&nbsp;config_model_publication_get_handler (via Veneer)
<LI><a href="#[2f2]">&gt;&gt;</a>&nbsp;&nbsp;&nbsp;MS_health_server_init (via Veneer)
<LI><a href="#[4c8]">&gt;&gt;</a>&nbsp;&nbsp;&nbsp;prov_handle_gatt_message (via Veneer)
<LI><a href="#[a9]">&gt;&gt;</a>&nbsp;&nbsp;&nbsp;prov_handle_unprovisioned_beacon (via Veneer)
<LI><a href="#[ce]">&gt;&gt;</a>&nbsp;&nbsp;&nbsp;se_prov_random_handler (via Veneer)
<LI><a href="#[cb]">&gt;&gt;</a>&nbsp;&nbsp;&nbsp;se_prov_pubkey_handler (via Veneer)
<LI><a href="#[cf]">&gt;&gt;</a>&nbsp;&nbsp;&nbsp;se_prov_data_handler (via Veneer)
<LI><a href="#[cd]">&gt;&gt;</a>&nbsp;&nbsp;&nbsp;se_prov_confirmation_handler (via Veneer)
<LI><a href="#[314]">&gt;&gt;</a>&nbsp;&nbsp;&nbsp;prov_link_open (via Veneer)
<LI><a href="#[312]">&gt;&gt;</a>&nbsp;&nbsp;&nbsp;prov_free_context (via Veneer)
<LI><a href="#[311]">&gt;&gt;</a>&nbsp;&nbsp;&nbsp;prov_alloc_context (via Veneer)
<LI><a href="#[29f]">&gt;&gt;</a>&nbsp;&nbsp;&nbsp;bitarray_reset_all (via Veneer)
</UL>

<P><STRONG><a name="[346]"></a>strlen</STRONG> (Thumb, 0 bytes, Stack size 0 bytes, bb_rom_sym_m0.txt(ABSOLUTE))
<BR><BR>[Called By]<UL><LI><a href="#[bc]">&gt;&gt;</a>&nbsp;&nbsp;&nbsp;cli_start (via Veneer)
<LI><a href="#[c0]">&gt;&gt;</a>&nbsp;&nbsp;&nbsp;cli_group_select (via Veneer)
<LI><a href="#[87]">&gt;&gt;</a>&nbsp;&nbsp;&nbsp;UI_prov_callback (via Veneer)
</UL>

<P><STRONG><a name="[218]"></a>strcmp</STRONG> (Thumb, 0 bytes, Stack size 0 bytes, bb_rom_sym_m0.txt(ABSOLUTE))
<BR><BR>[Called By]<UL><LI><a href="#[217]">&gt;&gt;</a>&nbsp;&nbsp;&nbsp;CLI_process_line (via Veneer)
</UL>

<P><STRONG><a name="[296]"></a>memcmp</STRONG> (Thumb, 0 bytes, Stack size 0 bytes, bb_rom_sym_m0.txt(ABSOLUTE))
<BR><BR>[Called By]<UL><LI><a href="#[30a]">&gt;&gt;</a>&nbsp;&nbsp;&nbsp;cry_aes_128_cmac (via Veneer)
<LI><a href="#[362]">&gt;&gt;</a>&nbsp;&nbsp;&nbsp;aes_ccm_ad (via Veneer)
<LI><a href="#[354]">&gt;&gt;</a>&nbsp;&nbsp;&nbsp;UI_sample_check_app_key (via Veneer)
<LI><a href="#[29c]">&gt;&gt;</a>&nbsp;&nbsp;&nbsp;MS_access_cm_add_update_netkey (via Veneer)
<LI><a href="#[353]">&gt;&gt;</a>&nbsp;&nbsp;&nbsp;UI_sample_binding_app_key (via Veneer)
<LI><a href="#[372]">&gt;&gt;</a>&nbsp;&nbsp;&nbsp;aes_cmac_finalize_mac (via Veneer)
<LI><a href="#[2aa]">&gt;&gt;</a>&nbsp;&nbsp;&nbsp;MS_access_cm_get_appkey_handle (via Veneer)
<LI><a href="#[295]">&gt;&gt;</a>&nbsp;&nbsp;&nbsp;MS_access_cm_add_appkey (via Veneer)
<LI><a href="#[2b7]">&gt;&gt;</a>&nbsp;&nbsp;&nbsp;MS_access_cm_lookup_network_id (via Veneer)
<LI><a href="#[4c1]">&gt;&gt;</a>&nbsp;&nbsp;&nbsp;prov_findcontext_by_uuid (via Veneer)
<LI><a href="#[4c0]">&gt;&gt;</a>&nbsp;&nbsp;&nbsp;prov_findcontext_by_brr (via Veneer)
<LI><a href="#[4be]">&gt;&gt;</a>&nbsp;&nbsp;&nbsp;prov_calc_confirm (via Veneer)
<LI><a href="#[cf]">&gt;&gt;</a>&nbsp;&nbsp;&nbsp;se_prov_data_handler (via Veneer)
<LI><a href="#[2a5]">&gt;&gt;</a>&nbsp;&nbsp;&nbsp;ms_search_virtual_address_on_label (via Veneer)
<LI><a href="#[29b]">&gt;&gt;</a>&nbsp;&nbsp;&nbsp;ms_search_and_add_virtual_address (via Veneer)
</UL>

<P><STRONG><a name="[10e]"></a>__aeabi_uread4</STRONG> (Thumb, 0 bytes, Stack size 0 bytes, bb_rom_sym_m0.txt(ABSOLUTE))
<BR><BR>[Called By]<UL><LI><a href="#[51]">&gt;&gt;</a>&nbsp;&nbsp;&nbsp;LL_ENC_Encrypt1 (via Veneer)
<LI><a href="#[37]">&gt;&gt;</a>&nbsp;&nbsp;&nbsp;LL_ENC_Decrypt1 (via Veneer)
</UL>

<P><STRONG><a name="[106]"></a>HCI_CommandStatusEvent</STRONG> (Thumb, 0 bytes, Stack size 0 bytes, bb_rom_sym_m0.txt(ABSOLUTE))
<BR><BR>[Called By]<UL><LI><a href="#[104]">&gt;&gt;</a>&nbsp;&nbsp;&nbsp;HCI_LE_ConnUpdateCmd (via Veneer)
</UL>

<P><STRONG><a name="[250]"></a>HCI_DisconnectCmd</STRONG> (Thumb, 0 bytes, Stack size 0 bytes, bb_rom_sym_m0.txt(ABSOLUTE))
<BR><BR>[Called By]<UL><LI><a href="#[20b]">&gt;&gt;</a>&nbsp;&nbsp;&nbsp;GAP_TerminateLinkReq (via Veneer)
<LI><a href="#[24e]">&gt;&gt;</a>&nbsp;&nbsp;&nbsp;disconnectNext (via Veneer)
</UL>

<P><STRONG><a name="[240]"></a>HCI_GAPTaskRegister</STRONG> (Thumb, 0 bytes, Stack size 0 bytes, bb_rom_sym_m0.txt(ABSOLUTE))
<BR><BR>[Called By]<UL><LI><a href="#[1c9]">&gt;&gt;</a>&nbsp;&nbsp;&nbsp;GAP_Init (via Veneer)
</UL>

<P><STRONG><a name="[285]"></a>HCI_HostNumCompletedPktCmd</STRONG> (Thumb, 0 bytes, Stack size 0 bytes, bb_rom_sym_m0.txt(ABSOLUTE))
<BR><BR>[Called By]<UL><LI><a href="#[26a]">&gt;&gt;</a>&nbsp;&nbsp;&nbsp;L2CAP_HostNumCompletedPkts (via Veneer)
</UL>

<P><STRONG><a name="[1c7]"></a>HCI_Init</STRONG> (Thumb, 0 bytes, Stack size 0 bytes, bb_rom_sym_m0.txt(ABSOLUTE))
<BR><BR>[Called By]<UL><LI><a href="#[46]">&gt;&gt;</a>&nbsp;&nbsp;&nbsp;osalInitTasks (via Veneer)
</UL>

<P><STRONG><a name="[286]"></a>HCI_L2CAPTaskRegister</STRONG> (Thumb, 0 bytes, Stack size 0 bytes, bb_rom_sym_m0.txt(ABSOLUTE))
<BR><BR>[Called By]<UL><LI><a href="#[1c8]">&gt;&gt;</a>&nbsp;&nbsp;&nbsp;L2CAP_Init (via Veneer)
</UL>

<P><STRONG><a name="[3e6]"></a>HCI_LE_CreateConnCancelCmd</STRONG> (Thumb, 0 bytes, Stack size 0 bytes, bb_rom_sym_m0.txt(ABSOLUTE))
<BR><BR>[Called By]<UL><LI><a href="#[22]">&gt;&gt;</a>&nbsp;&nbsp;&nbsp;gapCancelLinkReq (via Veneer)
</UL>

<P><STRONG><a name="[407]"></a>HCI_LE_ReadBufSizeCmd</STRONG> (Thumb, 0 bytes, Stack size 0 bytes, bb_rom_sym_m0.txt(ABSOLUTE))
<BR><BR>[Called By]<UL><LI><a href="#[401]">&gt;&gt;</a>&nbsp;&nbsp;&nbsp;gapReadBD_ADDRStatus (via Veneer)
</UL>

<P><STRONG><a name="[251]"></a>HCI_LE_SetAdvDataCmd</STRONG> (Thumb, 0 bytes, Stack size 0 bytes, bb_rom_sym_m0.txt(ABSOLUTE))
<BR><BR>[Called By]<UL><LI><a href="#[212]">&gt;&gt;</a>&nbsp;&nbsp;&nbsp;GAP_UpdateAdvertisingData (via Veneer)
</UL>

<P><STRONG><a name="[23e]"></a>HCI_LE_SetAdvEnableCmd</STRONG> (Thumb, 0 bytes, Stack size 0 bytes, bb_rom_sym_m0.txt(ABSOLUTE))
<BR><BR>[Called By]<UL><LI><a href="#[20e]">&gt;&gt;</a>&nbsp;&nbsp;&nbsp;GAP_EndDiscoverable (via Veneer)
<LI><a href="#[3ed]">&gt;&gt;</a>&nbsp;&nbsp;&nbsp;gapSetAdvParamsStatus (via Veneer)
</UL>

<P><STRONG><a name="[40b]"></a>HCI_LE_SetAdvParamCmd</STRONG> (Thumb, 0 bytes, Stack size 0 bytes, bb_rom_sym_m0.txt(ABSOLUTE))
<BR><BR>[Called By]<UL><LI><a href="#[26]">&gt;&gt;</a>&nbsp;&nbsp;&nbsp;gapSetAdvParams (via Veneer)
</UL>

<P><STRONG><a name="[404]"></a>HCI_LE_SetRandomAddressCmd</STRONG> (Thumb, 0 bytes, Stack size 0 bytes, bb_rom_sym_m0.txt(ABSOLUTE))
<BR><BR>[Called By]<UL><LI><a href="#[238]">&gt;&gt;</a>&nbsp;&nbsp;&nbsp;gapProcessNewAddr (via Veneer)
</UL>

<P><STRONG><a name="[409]"></a>HCI_LE_SetScanEnableCmd</STRONG> (Thumb, 0 bytes, Stack size 0 bytes, bb_rom_sym_m0.txt(ABSOLUTE))
<BR><BR>[Called By]<UL><LI><a href="#[23c]">&gt;&gt;</a>&nbsp;&nbsp;&nbsp;gapSendScanEnable (via Veneer)
</UL>

<P><STRONG><a name="[23d]"></a>HCI_LE_SetScanParamCmd</STRONG> (Thumb, 0 bytes, Stack size 0 bytes, bb_rom_sym_m0.txt(ABSOLUTE))
<BR><BR>[Called By]<UL><LI><a href="#[214]">&gt;&gt;</a>&nbsp;&nbsp;&nbsp;GAP_DeviceDiscoveryRequest (via Veneer)
</UL>

<P><STRONG><a name="[252]"></a>HCI_LE_SetScanRspDataCmd</STRONG> (Thumb, 0 bytes, Stack size 0 bytes, bb_rom_sym_m0.txt(ABSOLUTE))
<BR><BR>[Called By]<UL><LI><a href="#[212]">&gt;&gt;</a>&nbsp;&nbsp;&nbsp;GAP_UpdateAdvertisingData (via Veneer)
</UL>

<P><STRONG><a name="[3e]"></a>HCI_ProcessEvent</STRONG> (Thumb, 0 bytes, Stack size 0 bytes, bb_rom_sym_m0.txt(ABSOLUTE), UNUSED)
<BR>[Address Reference Count : 1]<UL><LI> osal_blemesh.o(.constdata)
</UL>
<P><STRONG><a name="[245]"></a>HCI_ReadBDADDRCmd</STRONG> (Thumb, 0 bytes, Stack size 0 bytes, bb_rom_sym_m0.txt(ABSOLUTE))
<BR><BR>[Called By]<UL><LI><a href="#[244]">&gt;&gt;</a>&nbsp;&nbsp;&nbsp;GAP_ParamsInit (via Veneer)
</UL>

<P><STRONG><a name="[102]"></a>HCI_SendDataPkt</STRONG> (Thumb, 0 bytes, Stack size 0 bytes, bb_rom_sym_m0.txt(ABSOLUTE))
<BR><BR>[Called By]<UL><LI><a href="#[101]">&gt;&gt;</a>&nbsp;&nbsp;&nbsp;L2CAP_Fragment_SendDataPkt (via Veneer)
</UL>

<P><STRONG><a name="[402]"></a>HCI_ValidConnTimeParams</STRONG> (Thumb, 0 bytes, Stack size 0 bytes, bb_rom_sym_m0.txt(ABSOLUTE))
<BR><BR>[Called By]<UL><LI><a href="#[3f2]">&gt;&gt;</a>&nbsp;&nbsp;&nbsp;gapProcessL2CAPSignalEvt (via Veneer)
</UL>

<P><STRONG><a name="[290]"></a>HCI_bm_alloc</STRONG> (Thumb, 0 bytes, Stack size 0 bytes, bb_rom_sym_m0.txt(ABSOLUTE))
<BR><BR>[Called By]<UL><LI><a href="#[28f]">&gt;&gt;</a>&nbsp;&nbsp;&nbsp;L2CAP_bm_alloc (via Veneer)
</UL>

<P><STRONG><a name="[1b4]"></a>LL_AdvReportCback</STRONG> (Thumb, 0 bytes, Stack size 0 bytes, bb_rom_sym_m0.txt(ABSOLUTE))
<BR><BR>[Called By]<UL><LI><a href="#[3b]">&gt;&gt;</a>&nbsp;&nbsp;&nbsp;ll_processBasicIRQ_ScanTRX0 (via Veneer)
<LI><a href="#[3a]">&gt;&gt;</a>&nbsp;&nbsp;&nbsp;ll_processBasicIRQ_SRX0 (via Veneer)
</UL>

<P><STRONG><a name="[107]"></a>LL_ConnActive</STRONG> (Thumb, 0 bytes, Stack size 0 bytes, bb_rom_sym_m0.txt(ABSOLUTE))
<BR><BR>[Called By]<UL><LI><a href="#[36]">&gt;&gt;</a>&nbsp;&nbsp;&nbsp;LL_StartEncrypt1 (via Veneer)
<LI><a href="#[105]">&gt;&gt;</a>&nbsp;&nbsp;&nbsp;LL_ConnUpdate1 (via Veneer)
</UL>

<P><STRONG><a name="[10a]"></a>LL_CreateConn0</STRONG> (Thumb, 0 bytes, Stack size 0 bytes, bb_rom_sym_m0.txt(ABSOLUTE))
<BR><BR>[Called By]<UL><LI><a href="#[35]">&gt;&gt;</a>&nbsp;&nbsp;&nbsp;LL_CreateConn1 (via Veneer)
</UL>

<P><STRONG><a name="[190]"></a>LL_ENC_AES128_Encrypt</STRONG> (Thumb, 0 bytes, Stack size 0 bytes, bb_rom_sym_m0.txt(ABSOLUTE))
<BR><BR>[Called By]<UL><LI><a href="#[1ee]">&gt;&gt;</a>&nbsp;&nbsp;&nbsp;TRNG_Rand (via Veneer)
<LI><a href="#[39]">&gt;&gt;</a>&nbsp;&nbsp;&nbsp;llProcessSlaveControlProcedures1 (via Veneer)
</UL>

<P><STRONG><a name="[10b]"></a>LL_ENC_AES128_Encrypt0</STRONG> (Thumb, 0 bytes, Stack size 0 bytes, bb_rom_sym_m0.txt(ABSOLUTE))
<BR><BR>[Called By]<UL><LI><a href="#[139]">&gt;&gt;</a>&nbsp;&nbsp;&nbsp;finidv (via Veneer)
<LI><a href="#[50]">&gt;&gt;</a>&nbsp;&nbsp;&nbsp;LL_ENC_AES128_Encrypt1 (via Veneer)
</UL>

<P><STRONG><a name="[1a1]"></a>LL_ENC_Encrypt</STRONG> (Thumb, 0 bytes, Stack size 0 bytes, bb_rom_sym_m0.txt(ABSOLUTE))
<BR><BR>[Called By]<UL><LI><a href="#[17b]">&gt;&gt;</a>&nbsp;&nbsp;&nbsp;llSetupStartEncRsp (via Veneer)
</UL>

<P><STRONG><a name="[130]"></a>LL_ENC_GenDeviceIV</STRONG> (Thumb, 0 bytes, Stack size 0 bytes, bb_rom_sym_m0.txt(ABSOLUTE))
<BR><BR>[Called By]<UL><LI><a href="#[36]">&gt;&gt;</a>&nbsp;&nbsp;&nbsp;LL_StartEncrypt1 (via Veneer)
</UL>

<P><STRONG><a name="[12f]"></a>LL_ENC_GenDeviceSKD</STRONG> (Thumb, 0 bytes, Stack size 0 bytes, bb_rom_sym_m0.txt(ABSOLUTE))
<BR><BR>[Called By]<UL><LI><a href="#[36]">&gt;&gt;</a>&nbsp;&nbsp;&nbsp;LL_StartEncrypt1 (via Veneer)
</UL>

<P><STRONG><a name="[10d]"></a>LL_ENC_GenerateNonce</STRONG> (Thumb, 0 bytes, Stack size 0 bytes, bb_rom_sym_m0.txt(ABSOLUTE))
<BR><BR>[Called By]<UL><LI><a href="#[51]">&gt;&gt;</a>&nbsp;&nbsp;&nbsp;LL_ENC_Encrypt1 (via Veneer)
<LI><a href="#[37]">&gt;&gt;</a>&nbsp;&nbsp;&nbsp;LL_ENC_Decrypt1 (via Veneer)
</UL>

<P><STRONG><a name="[1bb]"></a>LL_ENC_GeneratePseudoRandNum</STRONG> (Thumb, 0 bytes, Stack size 0 bytes, bb_rom_sym_m0.txt(ABSOLUTE))
<BR><BR>[Called By]<UL><LI><a href="#[3b]">&gt;&gt;</a>&nbsp;&nbsp;&nbsp;ll_processBasicIRQ_ScanTRX0 (via Veneer)
</UL>

<P><STRONG><a name="[131]"></a>LL_ENC_GenerateTrueRandNum</STRONG> (Thumb, 0 bytes, Stack size 0 bytes, bb_rom_sym_m0.txt(ABSOLUTE))
<BR><BR>[Called By]<UL><LI><a href="#[36]">&gt;&gt;</a>&nbsp;&nbsp;&nbsp;LL_StartEncrypt1 (via Veneer)
</UL>

<P><STRONG><a name="[10c]"></a>LL_ENC_LoadKey</STRONG> (Thumb, 0 bytes, Stack size 0 bytes, bb_rom_sym_m0.txt(ABSOLUTE))
<BR><BR>[Called By]<UL><LI><a href="#[51]">&gt;&gt;</a>&nbsp;&nbsp;&nbsp;LL_ENC_Encrypt1 (via Veneer)
<LI><a href="#[37]">&gt;&gt;</a>&nbsp;&nbsp;&nbsp;LL_ENC_Decrypt1 (via Veneer)
</UL>

<P><STRONG><a name="[179]"></a>LL_EncChangeCback</STRONG> (Thumb, 0 bytes, Stack size 0 bytes, bb_rom_sym_m0.txt(ABSOLUTE))
<BR><BR>[Called By]<UL><LI><a href="#[39]">&gt;&gt;</a>&nbsp;&nbsp;&nbsp;llProcessSlaveControlProcedures1 (via Veneer)
<LI><a href="#[38]">&gt;&gt;</a>&nbsp;&nbsp;&nbsp;llProcessMasterControlProcedures1 (via Veneer)
</UL>

<P><STRONG><a name="[17a]"></a>LL_EncKeyRefreshCback</STRONG> (Thumb, 0 bytes, Stack size 0 bytes, bb_rom_sym_m0.txt(ABSOLUTE))
<BR><BR>[Called By]<UL><LI><a href="#[39]">&gt;&gt;</a>&nbsp;&nbsp;&nbsp;llProcessSlaveControlProcedures1 (via Veneer)
<LI><a href="#[38]">&gt;&gt;</a>&nbsp;&nbsp;&nbsp;llProcessMasterControlProcedures1 (via Veneer)
</UL>

<P><STRONG><a name="[18f]"></a>LL_EncLtkReqCback</STRONG> (Thumb, 0 bytes, Stack size 0 bytes, bb_rom_sym_m0.txt(ABSOLUTE))
<BR><BR>[Called By]<UL><LI><a href="#[39]">&gt;&gt;</a>&nbsp;&nbsp;&nbsp;llProcessSlaveControlProcedures1 (via Veneer)
</UL>

<P><STRONG><a name="[3dd]"></a>LL_Encrypt</STRONG> (Thumb, 0 bytes, Stack size 0 bytes, bb_rom_sym_m0.txt(ABSOLUTE))
<BR><BR>[Called By]<UL><LI><a href="#[371]">&gt;&gt;</a>&nbsp;&nbsp;&nbsp;cry_aes_128_encrypt (via Veneer)
<LI><a href="#[425]">&gt;&gt;</a>&nbsp;&nbsp;&nbsp;smEncryptLocal (via Veneer)
<LI><a href="#[4d2]">&gt;&gt;</a>&nbsp;&nbsp;&nbsp;smEncrypt (via Veneer)
</UL>

<P><STRONG><a name="[1c6]"></a>LL_Init</STRONG> (Thumb, 0 bytes, Stack size 0 bytes, bb_rom_sym_m0.txt(ABSOLUTE))
<BR><BR>[Called By]<UL><LI><a href="#[46]">&gt;&gt;</a>&nbsp;&nbsp;&nbsp;osalInitTasks (via Veneer)
</UL>

<P><STRONG><a name="[165]"></a>LL_InitConnectContext</STRONG> (Thumb, 0 bytes, Stack size 0 bytes, bb_rom_sym_m0.txt(ABSOLUTE))
<BR><BR>[Called By]<UL><LI><a href="#[161]">&gt;&gt;</a>&nbsp;&nbsp;&nbsp;hal_rfphy_init (via Veneer)
</UL>

<P><STRONG><a name="[3d]"></a>LL_ProcessEvent</STRONG> (Thumb, 0 bytes, Stack size 0 bytes, bb_rom_sym_m0.txt(ABSOLUTE), UNUSED)
<BR>[Address Reference Count : 1]<UL><LI> osal_blemesh.o(.constdata)
</UL>
<P><STRONG><a name="[3b4]"></a>LL_Rand</STRONG> (Thumb, 0 bytes, Stack size 0 bytes, bb_rom_sym_m0.txt(ABSOLUTE))
<BR><BR>[Called By]<UL><LI><a href="#[ae]">&gt;&gt;</a>&nbsp;&nbsp;&nbsp;cry_generate_random_bytes (via Veneer)
<LI><a href="#[3b3]">&gt;&gt;</a>&nbsp;&nbsp;&nbsp;blebrr_queue_depth_check (via Veneer)
</UL>

<P><STRONG><a name="[180]"></a>LL_ReadRemoteUsedFeaturesCompleteCback</STRONG> (Thumb, 0 bytes, Stack size 0 bytes, bb_rom_sym_m0.txt(ABSOLUTE))
<BR><BR>[Called By]<UL><LI><a href="#[38]">&gt;&gt;</a>&nbsp;&nbsp;&nbsp;llProcessMasterControlProcedures1 (via Veneer)
</UL>

<P><STRONG><a name="[183]"></a>LL_ReadRemoteVersionInfoCback</STRONG> (Thumb, 0 bytes, Stack size 0 bytes, bb_rom_sym_m0.txt(ABSOLUTE))
<BR><BR>[Called By]<UL><LI><a href="#[39]">&gt;&gt;</a>&nbsp;&nbsp;&nbsp;llProcessSlaveControlProcedures1 (via Veneer)
<LI><a href="#[38]">&gt;&gt;</a>&nbsp;&nbsp;&nbsp;llProcessMasterControlProcedures1 (via Veneer)
</UL>

<P><STRONG><a name="[12b]"></a>LL_SetAdvParam0</STRONG> (Thumb, 0 bytes, Stack size 0 bytes, bb_rom_sym_m0.txt(ABSOLUTE))
<BR><BR>[Called By]<UL><LI><a href="#[30]">&gt;&gt;</a>&nbsp;&nbsp;&nbsp;LL_SetAdvParam1 (via Veneer)
</UL>

<P><STRONG><a name="[12c]"></a>LL_SetDataLengh0</STRONG> (Thumb, 0 bytes, Stack size 0 bytes, bb_rom_sym_m0.txt(ABSOLUTE))
<BR><BR>[Called By]<UL><LI><a href="#[56]">&gt;&gt;</a>&nbsp;&nbsp;&nbsp;LL_SetDataLengh1 (via Veneer)
</UL>

<P><STRONG><a name="[12e]"></a>LL_SetScanParam0</STRONG> (Thumb, 0 bytes, Stack size 0 bytes, bb_rom_sym_m0.txt(ABSOLUTE))
<BR><BR>[Called By]<UL><LI><a href="#[33]">&gt;&gt;</a>&nbsp;&nbsp;&nbsp;LL_SetScanParam1 (via Veneer)
</UL>

<P><STRONG><a name="[284]"></a>LL_TX_bm_alloc</STRONG> (Thumb, 0 bytes, Stack size 0 bytes, bb_rom_sym_m0.txt(ABSOLUTE))
<BR><BR>[Called By]<UL><LI><a href="#[283]">&gt;&gt;</a>&nbsp;&nbsp;&nbsp;L2CAP_Fragment_bm_alloc (via Veneer)
</UL>

<P><STRONG><a name="[12d]"></a>LL_evt_schedule</STRONG> (Thumb, 0 bytes, Stack size 0 bytes, bb_rom_sym_m0.txt(ABSOLUTE))
<BR><BR>[Called By]<UL><LI><a href="#[3b]">&gt;&gt;</a>&nbsp;&nbsp;&nbsp;ll_processBasicIRQ_ScanTRX0 (via Veneer)
<LI><a href="#[3a]">&gt;&gt;</a>&nbsp;&nbsp;&nbsp;ll_processBasicIRQ_SRX0 (via Veneer)
<LI><a href="#[34]">&gt;&gt;</a>&nbsp;&nbsp;&nbsp;LL_SetScanControl1 (via Veneer)
</UL>

<P><STRONG><a name="[132]"></a>LL_set_default_conn_params0</STRONG> (Thumb, 0 bytes, Stack size 0 bytes, bb_rom_sym_m0.txt(ABSOLUTE))
<BR><BR>[Called By]<UL><LI><a href="#[5b]">&gt;&gt;</a>&nbsp;&nbsp;&nbsp;LL_set_default_conn_params1 (via Veneer)
</UL>

<P><STRONG><a name="[144]"></a>WaitRTCCount</STRONG> (Thumb, 0 bytes, Stack size 0 bytes, bb_rom_sym_m0.txt(ABSOLUTE))
<BR><BR>[Called By]<UL><LI><a href="#[141]">&gt;&gt;</a>&nbsp;&nbsp;&nbsp;_spif_wait_nobusy_x (via Veneer)
<LI><a href="#[1d2]">&gt;&gt;</a>&nbsp;&nbsp;&nbsp;rc32k_calibration (via Veneer)
<LI><a href="#[53]">&gt;&gt;</a>&nbsp;&nbsp;&nbsp;wakeup_init1 (via Veneer)
<LI><a href="#[54]">&gt;&gt;</a>&nbsp;&nbsp;&nbsp;wakeupProcess1 (via Veneer)
<LI><a href="#[52]">&gt;&gt;</a>&nbsp;&nbsp;&nbsp;config_RTC1 (via Veneer)
<LI><a href="#[148]">&gt;&gt;</a>&nbsp;&nbsp;&nbsp;check_96MXtal_by_rcTracking (via Veneer)
<LI><a href="#[145]">&gt;&gt;</a>&nbsp;&nbsp;&nbsp;check_16MXtal_by_rcTracking (via Veneer)
<LI><a href="#[1ec]">&gt;&gt;</a>&nbsp;&nbsp;&nbsp;TRNG_Output (via Veneer)
</UL>

<P><STRONG><a name="[125]"></a>__ARM_common_switch8</STRONG> (Thumb, 0 bytes, Stack size 0 bytes, bb_rom_sym_m0.txt(ABSOLUTE))
<BR><BR>[Called By]<UL><LI><a href="#[393]">&gt;&gt;</a>&nbsp;&nbsp;&nbsp;bleMesh_ProcessGAPMsg (via Veneer)
<LI><a href="#[27e]">&gt;&gt;</a>&nbsp;&nbsp;&nbsp;GGS_SetParameter (via Veneer)
<LI><a href="#[b9]">&gt;&gt;</a>&nbsp;&nbsp;&nbsp;ggs_ReadAttrCB (via Veneer)
<LI><a href="#[24]">&gt;&gt;</a>&nbsp;&nbsp;&nbsp;gapPeriProcessHCICmdCompleteEvt (via Veneer)
<LI><a href="#[1da]">&gt;&gt;</a>&nbsp;&nbsp;&nbsp;rf_tp_cal (via Veneer)
<LI><a href="#[1d4]">&gt;&gt;</a>&nbsp;&nbsp;&nbsp;rf_rxDcoc_cfg (via Veneer)
<LI><a href="#[3a]">&gt;&gt;</a>&nbsp;&nbsp;&nbsp;ll_processBasicIRQ_SRX0 (via Veneer)
<LI><a href="#[39]">&gt;&gt;</a>&nbsp;&nbsp;&nbsp;llProcessSlaveControlProcedures1 (via Veneer)
<LI><a href="#[38]">&gt;&gt;</a>&nbsp;&nbsp;&nbsp;llProcessMasterControlProcedures1 (via Veneer)
<LI><a href="#[31]">&gt;&gt;</a>&nbsp;&nbsp;&nbsp;LL_SetAdvControl1 (via Veneer)
<LI><a href="#[341]">&gt;&gt;</a>&nbsp;&nbsp;&nbsp;UI_light_hsl_client_send_reliable_pdu (via Veneer)
<LI><a href="#[87]">&gt;&gt;</a>&nbsp;&nbsp;&nbsp;UI_prov_callback (via Veneer)
<LI><a href="#[78]">&gt;&gt;</a>&nbsp;&nbsp;&nbsp;health_server_cb (via Veneer)
<LI><a href="#[76]">&gt;&gt;</a>&nbsp;&nbsp;&nbsp;config_server_cb (via Veneer)
</UL>

<P><STRONG><a name="[1dd]"></a>app_wakeup_process</STRONG> (Thumb, 0 bytes, Stack size 0 bytes, bb_rom_sym_m0.txt(ABSOLUTE))
<BR><BR>[Called By]<UL><LI><a href="#[54]">&gt;&gt;</a>&nbsp;&nbsp;&nbsp;wakeupProcess1 (via Veneer)
</UL>

<P><STRONG><a name="[12a]"></a>clear_timer</STRONG> (Thumb, 0 bytes, Stack size 0 bytes, bb_rom_sym_m0.txt(ABSOLUTE))
<BR><BR>[Called By]<UL><LI><a href="#[34]">&gt;&gt;</a>&nbsp;&nbsp;&nbsp;LL_SetScanControl1 (via Veneer)
<LI><a href="#[31]">&gt;&gt;</a>&nbsp;&nbsp;&nbsp;LL_SetAdvControl1 (via Veneer)
</UL>

<P><STRONG><a name="[4d8]"></a>clk_get_pclk</STRONG> (Thumb, 0 bytes, Stack size 0 bytes, bb_rom_sym_m0.txt(ABSOLUTE))
<BR><BR>[Called By]<UL><LI><a href="#[44b]">&gt;&gt;</a>&nbsp;&nbsp;&nbsp;uart_hw_init (via Veneer)
</UL>

<P><STRONG><a name="[1bf]"></a>clk_init</STRONG> (Thumb, 0 bytes, Stack size 0 bytes, bb_rom_sym_m0.txt(ABSOLUTE))
<BR><BR>[Called By]<UL><LI><a href="#[28]">&gt;&gt;</a>&nbsp;&nbsp;&nbsp;main (via Veneer)
<LI><a href="#[53]">&gt;&gt;</a>&nbsp;&nbsp;&nbsp;wakeup_init1 (via Veneer)
</UL>

<P><STRONG><a name="[fe]"></a>config_RTC</STRONG> (Thumb, 0 bytes, Stack size 0 bytes, bb_rom_sym_m0.txt(ABSOLUTE))
<BR><BR>[Called By]<UL><LI><a href="#[fd]">&gt;&gt;</a>&nbsp;&nbsp;&nbsp;hal_pwrmgr_enter_sleep_rtc_reset (via Veneer)
</UL>

<P><STRONG><a name="[15c]"></a>disableSleep</STRONG> (Thumb, 0 bytes, Stack size 0 bytes, bb_rom_sym_m0.txt(ABSOLUTE))
<BR><BR>[Called By]<UL><LI><a href="#[fb]">&gt;&gt;</a>&nbsp;&nbsp;&nbsp;hal_pwrmgr_unlock (via Veneer)
<LI><a href="#[15e]">&gt;&gt;</a>&nbsp;&nbsp;&nbsp;hal_pwrmgr_lock (via Veneer)
<LI><a href="#[15a]">&gt;&gt;</a>&nbsp;&nbsp;&nbsp;hal_pwrmgr_init (via Veneer)
</UL>

<P><STRONG><a name="[f8]"></a>drv_disable_irq</STRONG> (Thumb, 0 bytes, Stack size 0 bytes, bb_rom_sym_m0.txt(ABSOLUTE))
<BR><BR>[Called By]<UL><LI><a href="#[44c]">&gt;&gt;</a>&nbsp;&nbsp;&nbsp;txmit_buf_use_tx_buf (via Veneer)
<LI><a href="#[14c]">&gt;&gt;</a>&nbsp;&nbsp;&nbsp;hal_flash_write (via Veneer)
<LI><a href="#[151]">&gt;&gt;</a>&nbsp;&nbsp;&nbsp;hal_flash_read (via Veneer)
<LI><a href="#[14f]">&gt;&gt;</a>&nbsp;&nbsp;&nbsp;hal_flash_erase_sector (via Veneer)
<LI><a href="#[14e]">&gt;&gt;</a>&nbsp;&nbsp;&nbsp;hal_cache_tag_flush (via Veneer)
<LI><a href="#[fa]">&gt;&gt;</a>&nbsp;&nbsp;&nbsp;spif_unlock (via Veneer)
<LI><a href="#[f7]">&gt;&gt;</a>&nbsp;&nbsp;&nbsp;spif_lock (via Veneer)
<LI><a href="#[fb]">&gt;&gt;</a>&nbsp;&nbsp;&nbsp;hal_pwrmgr_unlock (via Veneer)
<LI><a href="#[15e]">&gt;&gt;</a>&nbsp;&nbsp;&nbsp;hal_pwrmgr_lock (via Veneer)
<LI><a href="#[fd]">&gt;&gt;</a>&nbsp;&nbsp;&nbsp;hal_pwrmgr_enter_sleep_rtc_reset (via Veneer)
<LI><a href="#[15f]">&gt;&gt;</a>&nbsp;&nbsp;&nbsp;hal_pwrmgr_unregister (via Veneer)
<LI><a href="#[3b]">&gt;&gt;</a>&nbsp;&nbsp;&nbsp;ll_processBasicIRQ_ScanTRX0 (via Veneer)
<LI><a href="#[3a]">&gt;&gt;</a>&nbsp;&nbsp;&nbsp;ll_processBasicIRQ_SRX0 (via Veneer)
<LI><a href="#[3c]">&gt;&gt;</a>&nbsp;&nbsp;&nbsp;llSetupSecScan1 (via Veneer)
<LI><a href="#[34]">&gt;&gt;</a>&nbsp;&nbsp;&nbsp;LL_SetScanControl1 (via Veneer)
<LI><a href="#[31]">&gt;&gt;</a>&nbsp;&nbsp;&nbsp;LL_SetAdvControl1 (via Veneer)
</UL>

<P><STRONG><a name="[f9]"></a>drv_enable_irq</STRONG> (Thumb, 0 bytes, Stack size 0 bytes, bb_rom_sym_m0.txt(ABSOLUTE))
<BR><BR>[Called By]<UL><LI><a href="#[44c]">&gt;&gt;</a>&nbsp;&nbsp;&nbsp;txmit_buf_use_tx_buf (via Veneer)
<LI><a href="#[14c]">&gt;&gt;</a>&nbsp;&nbsp;&nbsp;hal_flash_write (via Veneer)
<LI><a href="#[151]">&gt;&gt;</a>&nbsp;&nbsp;&nbsp;hal_flash_read (via Veneer)
<LI><a href="#[14f]">&gt;&gt;</a>&nbsp;&nbsp;&nbsp;hal_flash_erase_sector (via Veneer)
<LI><a href="#[14e]">&gt;&gt;</a>&nbsp;&nbsp;&nbsp;hal_cache_tag_flush (via Veneer)
<LI><a href="#[fa]">&gt;&gt;</a>&nbsp;&nbsp;&nbsp;spif_unlock (via Veneer)
<LI><a href="#[f7]">&gt;&gt;</a>&nbsp;&nbsp;&nbsp;spif_lock (via Veneer)
<LI><a href="#[fb]">&gt;&gt;</a>&nbsp;&nbsp;&nbsp;hal_pwrmgr_unlock (via Veneer)
<LI><a href="#[15e]">&gt;&gt;</a>&nbsp;&nbsp;&nbsp;hal_pwrmgr_lock (via Veneer)
<LI><a href="#[15f]">&gt;&gt;</a>&nbsp;&nbsp;&nbsp;hal_pwrmgr_unregister (via Veneer)
<LI><a href="#[3b]">&gt;&gt;</a>&nbsp;&nbsp;&nbsp;ll_processBasicIRQ_ScanTRX0 (via Veneer)
<LI><a href="#[3a]">&gt;&gt;</a>&nbsp;&nbsp;&nbsp;ll_processBasicIRQ_SRX0 (via Veneer)
<LI><a href="#[3c]">&gt;&gt;</a>&nbsp;&nbsp;&nbsp;llSetupSecScan1 (via Veneer)
<LI><a href="#[34]">&gt;&gt;</a>&nbsp;&nbsp;&nbsp;LL_SetScanControl1 (via Veneer)
<LI><a href="#[31]">&gt;&gt;</a>&nbsp;&nbsp;&nbsp;LL_SetAdvControl1 (via Veneer)
</UL>

<P><STRONG><a name="[1bc]"></a>drv_irq_init</STRONG> (Thumb, 0 bytes, Stack size 0 bytes, bb_rom_sym_m0.txt(ABSOLUTE))
<BR><BR>[Called By]<UL><LI><a href="#[28]">&gt;&gt;</a>&nbsp;&nbsp;&nbsp;main (via Veneer)
<LI><a href="#[54]">&gt;&gt;</a>&nbsp;&nbsp;&nbsp;wakeupProcess1 (via Veneer)
</UL>

<P><STRONG><a name="[138]"></a>efuse_read</STRONG> (Thumb, 0 bytes, Stack size 0 bytes, bb_rom_sym_m0.txt(ABSOLUTE))
<BR><BR>[Called By]<UL><LI><a href="#[139]">&gt;&gt;</a>&nbsp;&nbsp;&nbsp;finidv (via Veneer)
<LI><a href="#[137]">&gt;&gt;</a>&nbsp;&nbsp;&nbsp;_efuse_chip_version_check (via Veneer)
</UL>

<P><STRONG><a name="[15d]"></a>enableSleep</STRONG> (Thumb, 0 bytes, Stack size 0 bytes, bb_rom_sym_m0.txt(ABSOLUTE))
<BR><BR>[Called By]<UL><LI><a href="#[fb]">&gt;&gt;</a>&nbsp;&nbsp;&nbsp;hal_pwrmgr_unlock (via Veneer)
<LI><a href="#[1bd]">&gt;&gt;</a>&nbsp;&nbsp;&nbsp;init_config (via Veneer)
<LI><a href="#[15a]">&gt;&gt;</a>&nbsp;&nbsp;&nbsp;hal_pwrmgr_init (via Veneer)
</UL>

<P><STRONG><a name="[100]"></a>enter_sleep_off_mode</STRONG> (Thumb, 0 bytes, Stack size 0 bytes, bb_rom_sym_m0.txt(ABSOLUTE))
<BR><BR>[Called By]<UL><LI><a href="#[fd]">&gt;&gt;</a>&nbsp;&nbsp;&nbsp;hal_pwrmgr_enter_sleep_rtc_reset (via Veneer)
</UL>

<P><STRONG><a name="[457]"></a>getMcuPrecisionCount</STRONG> (Thumb, 0 bytes, Stack size 0 bytes, bb_rom_sym_m0.txt(ABSOLUTE))
<BR><BR>[Called By]<UL><LI><a href="#[428]">&gt;&gt;</a>&nbsp;&nbsp;&nbsp;key_release_debonce_timer_handler (via Veneer)
<LI><a href="#[429]">&gt;&gt;</a>&nbsp;&nbsp;&nbsp;key_press_debonce_timer_handler (via Veneer)
</UL>

<P><STRONG><a name="[16e]"></a>getRxBufferSize</STRONG> (Thumb, 0 bytes, Stack size 0 bytes, bb_rom_sym_m0.txt(ABSOLUTE))
<BR><BR>[Called By]<UL><LI><a href="#[32]">&gt;&gt;</a>&nbsp;&nbsp;&nbsp;llMasterEvt_TaskEndOk1 (via Veneer)
</UL>

<P><STRONG><a name="[1a6]"></a>getTxBufferSize</STRONG> (Thumb, 0 bytes, Stack size 0 bytes, bb_rom_sym_m0.txt(ABSOLUTE))
<BR><BR>[Called By]<UL><LI><a href="#[58]">&gt;&gt;</a>&nbsp;&nbsp;&nbsp;ll_generateTxBuffer1 (via Veneer)
</UL>

<P><STRONG><a name="[1a7]"></a>get_tx_read_ptr</STRONG> (Thumb, 0 bytes, Stack size 0 bytes, bb_rom_sym_m0.txt(ABSOLUTE))
<BR><BR>[Called By]<UL><LI><a href="#[58]">&gt;&gt;</a>&nbsp;&nbsp;&nbsp;ll_generateTxBuffer1 (via Veneer)
</UL>

<P><STRONG><a name="[196]"></a>llCalcMaxScanTime</STRONG> (Thumb, 0 bytes, Stack size 0 bytes, bb_rom_sym_m0.txt(ABSOLUTE))
<BR><BR>[Called By]<UL><LI><a href="#[3c]">&gt;&gt;</a>&nbsp;&nbsp;&nbsp;llSetupSecScan1 (via Veneer)
</UL>

<P><STRONG><a name="[16d]"></a>llConnTerminate</STRONG> (Thumb, 0 bytes, Stack size 0 bytes, bb_rom_sym_m0.txt(ABSOLUTE))
<BR><BR>[Called By]<UL><LI><a href="#[39]">&gt;&gt;</a>&nbsp;&nbsp;&nbsp;llProcessSlaveControlProcedures1 (via Veneer)
<LI><a href="#[38]">&gt;&gt;</a>&nbsp;&nbsp;&nbsp;llProcessMasterControlProcedures1 (via Veneer)
<LI><a href="#[32]">&gt;&gt;</a>&nbsp;&nbsp;&nbsp;llMasterEvt_TaskEndOk1 (via Veneer)
</UL>

<P><STRONG><a name="[16a]"></a>llConnTerminate0</STRONG> (Thumb, 0 bytes, Stack size 0 bytes, bb_rom_sym_m0.txt(ABSOLUTE))
<BR><BR>[Called By]<UL><LI><a href="#[5a]">&gt;&gt;</a>&nbsp;&nbsp;&nbsp;llConnTerminate1 (via Veneer)
</UL>

<P><STRONG><a name="[175]"></a>llDequeueCtrlPkt</STRONG> (Thumb, 0 bytes, Stack size 0 bytes, bb_rom_sym_m0.txt(ABSOLUTE))
<BR><BR>[Called By]<UL><LI><a href="#[39]">&gt;&gt;</a>&nbsp;&nbsp;&nbsp;llProcessSlaveControlProcedures1 (via Veneer)
<LI><a href="#[38]">&gt;&gt;</a>&nbsp;&nbsp;&nbsp;llProcessMasterControlProcedures1 (via Veneer)
</UL>

<P><STRONG><a name="[109]"></a>llEnqueueCtrlPkt</STRONG> (Thumb, 0 bytes, Stack size 0 bytes, bb_rom_sym_m0.txt(ABSOLUTE))
<BR><BR>[Called By]<UL><LI><a href="#[58]">&gt;&gt;</a>&nbsp;&nbsp;&nbsp;ll_generateTxBuffer1 (via Veneer)
<LI><a href="#[36]">&gt;&gt;</a>&nbsp;&nbsp;&nbsp;LL_StartEncrypt1 (via Veneer)
<LI><a href="#[105]">&gt;&gt;</a>&nbsp;&nbsp;&nbsp;LL_ConnUpdate1 (via Veneer)
</UL>

<P><STRONG><a name="[389]"></a>llInitFeatureSet2MPHY</STRONG> (Thumb, 0 bytes, Stack size 0 bytes, bb_rom_sym_m0.txt(ABSOLUTE))
<BR><BR>[Called By]<UL><LI><a href="#[1cd]">&gt;&gt;</a>&nbsp;&nbsp;&nbsp;bleMesh_Init (via Veneer)
</UL>

<P><STRONG><a name="[38a]"></a>llInitFeatureSetDLE</STRONG> (Thumb, 0 bytes, Stack size 0 bytes, bb_rom_sym_m0.txt(ABSOLUTE))
<BR><BR>[Called By]<UL><LI><a href="#[1cd]">&gt;&gt;</a>&nbsp;&nbsp;&nbsp;bleMesh_Init (via Veneer)
</UL>

<P><STRONG><a name="[186]"></a>llPduLengthUpdate</STRONG> (Thumb, 0 bytes, Stack size 0 bytes, bb_rom_sym_m0.txt(ABSOLUTE))
<BR><BR>[Called By]<UL><LI><a href="#[39]">&gt;&gt;</a>&nbsp;&nbsp;&nbsp;llProcessSlaveControlProcedures1 (via Veneer)
<LI><a href="#[38]">&gt;&gt;</a>&nbsp;&nbsp;&nbsp;llProcessMasterControlProcedures1 (via Veneer)
</UL>

<P><STRONG><a name="[16c]"></a>llPhyModeCtrlUpdateNotify</STRONG> (Thumb, 0 bytes, Stack size 0 bytes, bb_rom_sym_m0.txt(ABSOLUTE))
<BR><BR>[Called By]<UL><LI><a href="#[38]">&gt;&gt;</a>&nbsp;&nbsp;&nbsp;llProcessMasterControlProcedures1 (via Veneer)
<LI><a href="#[32]">&gt;&gt;</a>&nbsp;&nbsp;&nbsp;llMasterEvt_TaskEndOk1 (via Veneer)
</UL>

<P><STRONG><a name="[16b]"></a>llProcessChanMap</STRONG> (Thumb, 0 bytes, Stack size 0 bytes, bb_rom_sym_m0.txt(ABSOLUTE))
<BR><BR>[Called By]<UL><LI><a href="#[5a]">&gt;&gt;</a>&nbsp;&nbsp;&nbsp;llConnTerminate1 (via Veneer)
</UL>

<P><STRONG><a name="[170]"></a>llProcessMasterControlProcedures</STRONG> (Thumb, 0 bytes, Stack size 0 bytes, bb_rom_sym_m0.txt(ABSOLUTE))
[...]
<BR><BR>[Stack]<UL><LI>Max Depth = 324<LI>Call Chain = gattReadByType &rArr; ATT_ReadByTypeReq &rArr; attSendMsg &rArr; SM_GenerateAuthenSig &rArr; sm_CMAC &rArr; generate_subkey &rArr; xor_128
</UL>
<BR>[Calls]<UL><LI><a href="#[1a9]">&gt;&gt;</a>&nbsp;&nbsp;&nbsp;osal_memcpy (via Veneer)
<LI><a href="#[205]">&gt;&gt;</a>&nbsp;&nbsp;&nbsp;ATT_ReadByTypeReq
<LI><a href="#[26d]">&gt;&gt;</a>&nbsp;&nbsp;&nbsp;gattStoreClientInfo
<LI><a href="#[26c]">&gt;&gt;</a>&nbsp;&nbsp;&nbsp;gattGetClientStatus
</UL>
<BR>[Called By]<UL><LI><a href="#[26e]">&gt;&gt;</a>&nbsp;&nbsp;&nbsp;GATT_DiscAllChars
</UL>

<P><STRONG><a name="[40e]"></a>gattResetClientInfo</STRONG> (Thumb, 68 bytes, Stack size 8 bytes, gatt_client.o(i.gattResetClientInfo))
<BR><BR>[Stack]<UL><LI>Max Depth = 16<LI>Call Chain = gattResetClientInfo &rArr; gattStopTimer
</UL>
<BR>[Calls]<UL><LI><a href="#[18b]">&gt;&gt;</a>&nbsp;&nbsp;&nbsp;osal_memset (via Veneer)
<LI><a href="#[220]">&gt;&gt;</a>&nbsp;&nbsp;&nbsp;osal_mem_free (via Veneer)
<LI><a href="#[417]">&gt;&gt;</a>&nbsp;&nbsp;&nbsp;gattStopTimer
</UL>
<BR>[Called By]<UL><LI><a href="#[410]">&gt;&gt;</a>&nbsp;&nbsp;&nbsp;gattProcessMultiReqs
<LI><a href="#[6f]">&gt;&gt;</a>&nbsp;&nbsp;&nbsp;gattClientProcessMsgCB
<LI><a href="#[94]">&gt;&gt;</a>&nbsp;&nbsp;&nbsp;gattClientHandleTimerCB
<LI><a href="#[70]">&gt;&gt;</a>&nbsp;&nbsp;&nbsp;gattClientHandleConnStatusCB
</UL>

<P><STRONG><a name="[26d]"></a>gattStoreClientInfo</STRONG> (Thumb, 58 bytes, Stack size 40 bytes, gatt_client.o(i.gattStoreClientInfo))
<BR><BR>[Stack]<UL><LI>Max Depth = 48<LI>Call Chain = gattStoreClientInfo &rArr; gattStartTimer
</UL>
<BR>[Calls]<UL><LI><a href="#[1a9]">&gt;&gt;</a>&nbsp;&nbsp;&nbsp;osal_memcpy (via Veneer)
<LI><a href="#[422]">&gt;&gt;</a>&nbsp;&nbsp;&nbsp;gattStartTimer
</UL>
<BR>[Called By]<UL><LI><a href="#[26b]">&gt;&gt;</a>&nbsp;&nbsp;&nbsp;GATT_DiscAllCharDescs
<LI><a href="#[26f]">&gt;&gt;</a>&nbsp;&nbsp;&nbsp;gattReadByType
</UL>

<P><STRONG><a name="[411]"></a>gattFindServerInfo</STRONG> (Thumb, 30 bytes, Stack size 0 bytes, gatt_server.o(i.gattFindServerInfo))
<BR><BR>[Called By]<UL><LI><a href="#[71]">&gt;&gt;</a>&nbsp;&nbsp;&nbsp;gattServerProcessMsgCB
<LI><a href="#[72]">&gt;&gt;</a>&nbsp;&nbsp;&nbsp;gattServerHandleConnStatusCB
<LI><a href="#[278]">&gt;&gt;</a>&nbsp;&nbsp;&nbsp;gattGetServerStatus
</UL>

<P><STRONG><a name="[278]"></a>gattGetServerStatus</STRONG> (Thumb, 44 bytes, Stack size 8 bytes, gatt_server.o(i.gattGetServerStatus))
<BR><BR>[Stack]<UL><LI>Max Depth = 8<LI>Call Chain = gattGetServerStatus
</UL>
<BR>[Calls]<UL><LI><a href="#[411]">&gt;&gt;</a>&nbsp;&nbsp;&nbsp;gattFindServerInfo
</UL>
<BR>[Called By]<UL><LI><a href="#[277]">&gt;&gt;</a>&nbsp;&nbsp;&nbsp;GATT_Notification
</UL>

<P><STRONG><a name="[d2]"></a>gattProcessExchangeMTUReq</STRONG> (Thumb, 22 bytes, Stack size 0 bytes, gatt_server.o(i.gattProcessExchangeMTUReq))
<BR>[Address Reference Count : 1]<UL><LI> gatt_server.o(.constdata)
</UL>
<P><STRONG><a name="[e3]"></a>gattProcessExecuteWriteReq</STRONG> (Thumb, 4 bytes, Stack size 0 bytes, gatt_server.o(i.gattProcessExecuteWriteReq))
<BR>[Address Reference Count : 1]<UL><LI> gatt_server.o(.constdata)
</UL>
<P><STRONG><a name="[d6]"></a>gattProcessFindByTypeValueReq</STRONG> (Thumb, 44 bytes, Stack size 8 bytes, gatt_server.o(i.gattProcessFindByTypeValueReq))
<BR><BR>[Stack]<UL><LI>Max Depth = 96<LI>Call Chain = gattProcessFindByTypeValueReq &rArr; GATT_FindHandleUUID &rArr; ATT_CompareUUID &rArr; ATT_ConvertUUIDto128
</UL>
<BR>[Calls]<UL><LI><a href="#[270]">&gt;&gt;</a>&nbsp;&nbsp;&nbsp;GATT_FindHandleUUID
</UL>
<BR>[Address Reference Count : 1]<UL><LI> gatt_server.o(.constdata)
</UL>
<P><STRONG><a name="[d4]"></a>gattProcessFindInfoReq</STRONG> (Thumb, 226 bytes, Stack size 56 bytes, gatt_server.o(i.gattProcessFindInfoReq))
<BR><BR>[Stack]<UL><LI>Max Depth = 308<LI>Call Chain = gattProcessFindInfoReq &rArr; ATT_FindInfoRsp &rArr; attSendMsg &rArr; SM_GenerateAuthenSig &rArr; sm_CMAC &rArr; generate_subkey &rArr; xor_128
</UL>
<BR>[Calls]<UL><LI><a href="#[270]">&gt;&gt;</a>&nbsp;&nbsp;&nbsp;GATT_FindHandleUUID
<LI><a href="#[1a9]">&gt;&gt;</a>&nbsp;&nbsp;&nbsp;osal_memcpy (via Veneer)
<LI><a href="#[1fa]">&gt;&gt;</a>&nbsp;&nbsp;&nbsp;ATT_FindInfoRsp
</UL>
<BR>[Address Reference Count : 1]<UL><LI> gatt_server.o(.constdata)
</UL>
<P><STRONG><a name="[de]"></a>gattProcessReadByGrpTypeReq</STRONG> (Thumb, 68 bytes, Stack size 16 bytes, gatt_server.o(i.gattProcessReadByGrpTypeReq))
<BR><BR>[Stack]<UL><LI>Max Depth = 104<LI>Call Chain = gattProcessReadByGrpTypeReq &rArr; GATT_FindHandleUUID &rArr; ATT_CompareUUID &rArr; ATT_ConvertUUIDto128
</UL>
<BR>[Calls]<UL><LI><a href="#[270]">&gt;&gt;</a>&nbsp;&nbsp;&nbsp;GATT_FindHandleUUID
<LI><a href="#[1ef]">&gt;&gt;</a>&nbsp;&nbsp;&nbsp;ATT_CompareUUID
</UL>
<BR>[Address Reference Count : 1]<UL><LI> gatt_server.o(.constdata)
</UL>
<P><STRONG><a name="[d8]"></a>gattProcessReadByTypeReq</STRONG> (Thumb, 44 bytes, Stack size 8 bytes, gatt_server.o(i.gattProcessReadByTypeReq))
<BR><BR>[Stack]<UL><LI>Max Depth = 96<LI>Call Chain = gattProcessReadByTypeReq &rArr; GATT_FindHandleUUID &rArr; ATT_CompareUUID &rArr; ATT_ConvertUUIDto128
</UL>
<BR>[Calls]<UL><LI><a href="#[270]">&gt;&gt;</a>&nbsp;&nbsp;&nbsp;GATT_FindHandleUUID
</UL>
<BR>[Address Reference Count : 1]<UL><LI> gatt_server.o(.constdata)
</UL>
<P><STRONG><a name="[dd]"></a>gattProcessReadMultiReq</STRONG> (Thumb, 72 bytes, Stack size 24 bytes, gatt_server.o(i.gattProcessReadMultiReq))
<BR><BR>[Stack]<UL><LI>Max Depth = 48<LI>Call Chain = gattProcessReadMultiReq &rArr; GATT_VerifyReadPermissions &rArr; linkDB_Authen
</UL>
<BR>[Calls]<UL><LI><a href="#[27b]">&gt;&gt;</a>&nbsp;&nbsp;&nbsp;GATT_VerifyReadPermissions
<LI><a href="#[263]">&gt;&gt;</a>&nbsp;&nbsp;&nbsp;GATT_FindHandle
</UL>
<BR>[Address Reference Count : 1]<UL><LI> gatt_server.o(.constdata)
</UL>
<P><STRONG><a name="[da]"></a>gattProcessReadReq</STRONG> (Thumb, 30 bytes, Stack size 8 bytes, gatt_server.o(i.gattProcessReadReq))
<BR><BR>[Stack]<UL><LI>Max Depth = 32<LI>Call Chain = gattProcessReadReq &rArr; GATT_VerifyReadPermissions &rArr; linkDB_Authen
</UL>
<BR>[Calls]<UL><LI><a href="#[27b]">&gt;&gt;</a>&nbsp;&nbsp;&nbsp;GATT_VerifyReadPermissions
<LI><a href="#[263]">&gt;&gt;</a>&nbsp;&nbsp;&nbsp;GATT_FindHandle
</UL>
<BR>[Address Reference Count : 1]<UL><LI> gatt_server.o(.constdata)
</UL>
<P><STRONG><a name="[e0]"></a>gattProcessWriteReq</STRONG> (Thumb, 34 bytes, Stack size 16 bytes, gatt_server.o(i.gattProcessWriteReq))
<BR><BR>[Stack]<UL><LI>Max Depth = 40<LI>Call Chain = gattProcessWriteReq &rArr; GATT_VerifyWritePermissions &rArr; linkDB_Authen
</UL>
<BR>[Calls]<UL><LI><a href="#[263]">&gt;&gt;</a>&nbsp;&nbsp;&nbsp;GATT_FindHandle
<LI><a href="#[27c]">&gt;&gt;</a>&nbsp;&nbsp;&nbsp;GATT_VerifyWritePermissions
</UL>
<BR>[Address Reference Count : 1]<UL><LI> gatt_server.o(.constdata)
</UL>
<P><STRONG><a name="[418]"></a>gattResetServerInfo</STRONG> (Thumb, 16 bytes, Stack size 8 bytes, gatt_server.o(i.gattResetServerInfo))
<BR><BR>[Stack]<UL><LI>Max Depth = 16<LI>Call Chain = gattResetServerInfo &rArr; gattStopTimer
</UL>
<BR>[Calls]<UL><LI><a href="#[417]">&gt;&gt;</a>&nbsp;&nbsp;&nbsp;gattStopTimer
</UL>
<BR>[Called By]<UL><LI><a href="#[71]">&gt;&gt;</a>&nbsp;&nbsp;&nbsp;gattServerProcessMsgCB
<LI><a href="#[72]">&gt;&gt;</a>&nbsp;&nbsp;&nbsp;gattServerHandleConnStatusCB
</UL>

<P><STRONG><a name="[72]"></a>gattServerHandleConnStatusCB</STRONG> (Thumb, 122 bytes, Stack size 24 bytes, gatt_server.o(i.gattServerHandleConnStatusCB))
<BR><BR>[Stack]<UL><LI>Max Depth = 64<LI>Call Chain = gattServerHandleConnStatusCB &rArr; gattNotifyEvent
</UL>
<BR>[Calls]<UL><LI><a href="#[28d]">&gt;&gt;</a>&nbsp;&nbsp;&nbsp;linkDB_State
<LI><a href="#[418]">&gt;&gt;</a>&nbsp;&nbsp;&nbsp;gattResetServerInfo
<LI><a href="#[411]">&gt;&gt;</a>&nbsp;&nbsp;&nbsp;gattFindServerInfo
<LI><a href="#[40d]">&gt;&gt;</a>&nbsp;&nbsp;&nbsp;gattNotifyEvent
</UL>
<BR>[Address Reference Count : 1]<UL><LI> gatt_server.o(i.GATT_InitServer)
</UL>
<P><STRONG><a name="[71]"></a>gattServerProcessMsgCB</STRONG> (Thumb, 200 bytes, Stack size 288 bytes, gatt_server.o(i.gattServerProcessMsgCB))
<BR><BR>[Stack]<UL><LI>Max Depth = 540<LI>Call Chain = gattServerProcessMsgCB &rArr; ATT_ErrorRsp &rArr; attSendMsg &rArr; SM_GenerateAuthenSig &rArr; sm_CMAC &rArr; generate_subkey &rArr; xor_128
</UL>
<BR>[Calls]<UL><LI><a href="#[1f1]">&gt;&gt;</a>&nbsp;&nbsp;&nbsp;ATT_ErrorRsp
<LI><a href="#[418]">&gt;&gt;</a>&nbsp;&nbsp;&nbsp;gattResetServerInfo
<LI><a href="#[411]">&gt;&gt;</a>&nbsp;&nbsp;&nbsp;gattFindServerInfo
<LI><a href="#[40d]">&gt;&gt;</a>&nbsp;&nbsp;&nbsp;gattNotifyEvent
</UL>
<BR>[Address Reference Count : 1]<UL><LI> gatt_server.o(i.GATT_InitServer)
</UL>
<P><STRONG><a name="[271]"></a>gattServiceLastHandle</STRONG> (Thumb, 24 bytes, Stack size 4 bytes, gatt_server.o(i.gattServiceLastHandle))
<BR><BR>[Stack]<UL><LI>Max Depth = 4<LI>Call Chain = gattServiceLastHandle
</UL>
<BR>[Calls]<UL><LI><a href="#[421]">&gt;&gt;</a>&nbsp;&nbsp;&nbsp;GATT_ServiceNumAttrs
</UL>
<BR>[Called By]<UL><LI><a href="#[264]">&gt;&gt;</a>&nbsp;&nbsp;&nbsp;GATT_FindNextAttr
</UL>

<P><STRONG><a name="[27a]"></a>gattProcessRxData</STRONG> (Thumb, 142 bytes, Stack size 32 bytes, gatt_task.o(i.gattProcessRxData))
<BR><BR>[Stack]<UL><LI>Max Depth = 284<LI>Call Chain = gattProcessRxData &rArr; ATT_ErrorRsp &rArr; attSendMsg &rArr; SM_GenerateAuthenSig &rArr; sm_CMAC &rArr; generate_subkey &rArr; xor_128
</UL>
<BR>[Calls]<UL><LI><a href="#[1f1]">&gt;&gt;</a>&nbsp;&nbsp;&nbsp;ATT_ErrorRsp
<LI><a href="#[26a]">&gt;&gt;</a>&nbsp;&nbsp;&nbsp;L2CAP_HostNumCompletedPkts
<LI><a href="#[1fd]">&gt;&gt;</a>&nbsp;&nbsp;&nbsp;ATT_ParsePacket
<LI><a href="#[28a]">&gt;&gt;</a>&nbsp;&nbsp;&nbsp;osal_bm_free (via Veneer)
</UL>
<BR>[Called By]<UL><LI><a href="#[41]">&gt;&gt;</a>&nbsp;&nbsp;&nbsp;GATT_ProcessEvent
</UL>

<P><STRONG><a name="[45d]"></a>l2capProcessRsp</STRONG> (Thumb, 104 bytes, Stack size 56 bytes, l2cap_task.o(i.l2capProcessRsp))
<BR><BR>[Stack]<UL><LI>Max Depth = 96<LI>Call Chain = l2capProcessRsp &rArr; l2capNotifySignal
</UL>
<BR>[Calls]<UL><LI><a href="#[461]">&gt;&gt;</a>&nbsp;&nbsp;&nbsp;l2capStopTimer
<LI><a href="#[460]">&gt;&gt;</a>&nbsp;&nbsp;&nbsp;l2capParseParamUpdateRsp
<LI><a href="#[45f]">&gt;&gt;</a>&nbsp;&nbsp;&nbsp;l2capParseCmdReject
<LI><a href="#[45b]">&gt;&gt;</a>&nbsp;&nbsp;&nbsp;l2capNotifySignal
<LI><a href="#[462]">&gt;&gt;</a>&nbsp;&nbsp;&nbsp;l2capFreeChannel
<LI><a href="#[45e]">&gt;&gt;</a>&nbsp;&nbsp;&nbsp;l2capFindLocalId
</UL>
<BR>[Called By]<UL><LI><a href="#[463]">&gt;&gt;</a>&nbsp;&nbsp;&nbsp;l2capProcessSignal
</UL>

<P><STRONG><a name="[288]"></a>l2capProcessRxData</STRONG> (Thumb, 142 bytes, Stack size 32 bytes, l2cap_task.o(i.l2capProcessRxData))
<BR><BR>[Stack]<UL><LI>Max Depth = 256<LI>Call Chain = l2capProcessRxData &rArr; l2capProcessSignal &rArr; L2CAP_CmdReject &rArr; l2capSendCmd &rArr; l2capEncapSendData &rArr; l2capPktToSegmentBuff &rArr; L2CAP_Fragment_bm_alloc
</UL>
<BR>[Calls]<UL><LI><a href="#[26a]">&gt;&gt;</a>&nbsp;&nbsp;&nbsp;L2CAP_HostNumCompletedPkts
<LI><a href="#[28a]">&gt;&gt;</a>&nbsp;&nbsp;&nbsp;osal_bm_free (via Veneer)
<LI><a href="#[45c]">&gt;&gt;</a>&nbsp;&nbsp;&nbsp;l2capParsePacket
<LI><a href="#[45a]">&gt;&gt;</a>&nbsp;&nbsp;&nbsp;l2capNotifyData
<LI><a href="#[463]">&gt;&gt;</a>&nbsp;&nbsp;&nbsp;l2capProcessSignal
</UL>
<BR>[Called By]<UL><LI><a href="#[3f]">&gt;&gt;</a>&nbsp;&nbsp;&nbsp;L2CAP_ProcessEvent
</UL>

<P><STRONG><a name="[463]"></a>l2capProcessSignal</STRONG> (Thumb, 164 bytes, Stack size 40 bytes, l2cap_task.o(i.l2capProcessSignal))
<BR><BR>[Stack]<UL><LI>Max Depth = 224<LI>Call Chain = l2capProcessSignal &rArr; L2CAP_CmdReject &rArr; l2capSendCmd &rArr; l2capEncapSendData &rArr; l2capPktToSegmentBuff &rArr; L2CAP_Fragment_bm_alloc
</UL>
<BR>[Calls]<UL><LI><a href="#[45d]">&gt;&gt;</a>&nbsp;&nbsp;&nbsp;l2capProcessRsp
<LI><a href="#[280]">&gt;&gt;</a>&nbsp;&nbsp;&nbsp;L2CAP_CmdReject
<LI><a href="#[464]">&gt;&gt;</a>&nbsp;&nbsp;&nbsp;l2capParseSignalHdr
<LI><a href="#[45b]">&gt;&gt;</a>&nbsp;&nbsp;&nbsp;l2capNotifySignal
<LI><a href="#[466]">&gt;&gt;</a>&nbsp;&nbsp;&nbsp;l2capHandleRxError
<LI><a href="#[465]">&gt;&gt;</a>&nbsp;&nbsp;&nbsp;L2CAP_ParseParamUpdateReq
</UL>
<BR>[Called By]<UL><LI><a href="#[288]">&gt;&gt;</a>&nbsp;&nbsp;&nbsp;l2capProcessRxData
</UL>

<P><STRONG><a name="[469]"></a>reportStatusChange</STRONG> (Thumb, 34 bytes, Stack size 24 bytes, linkdb.o(i.reportStatusChange))
<BR><BR>[Stack]<UL><LI>Max Depth = 24<LI>Call Chain = reportStatusChange
</UL>
<BR>[Called By]<UL><LI><a href="#[3fd]">&gt;&gt;</a>&nbsp;&nbsp;&nbsp;linkDB_Remove
<LI><a href="#[3fa]">&gt;&gt;</a>&nbsp;&nbsp;&nbsp;linkDB_Add
</UL>

<P><STRONG><a name="[1ec]"></a>TRNG_Output</STRONG> (Thumb, 72 bytes, Stack size 32 bytes, patch.o(_section_xip_code_))
<BR><BR>[Stack]<UL><LI>Max Depth = 32<LI>Call Chain = TRNG_Output
</UL>
<BR>[Calls]<UL><LI><a href="#[144]">&gt;&gt;</a>&nbsp;&nbsp;&nbsp;WaitRTCCount (via Veneer)
</UL>
<BR>[Called By]<UL><LI><a href="#[1ed]">&gt;&gt;</a>&nbsp;&nbsp;&nbsp;TRNG_INIT
</UL>

<P><STRONG><a name="[1e0]"></a>NVIC_EnableIRQ</STRONG> (Thumb, 14 bytes, Stack size 0 bytes, patch.o(i.NVIC_EnableIRQ))
<BR><BR>[Called By]<UL><LI><a href="#[53]">&gt;&gt;</a>&nbsp;&nbsp;&nbsp;wakeup_init1
</UL>

<P><STRONG><a name="[145]"></a>check_16MXtal_by_rcTracking</STRONG> (Thumb, 310 bytes, Stack size 24 bytes, patch.o(i.check_16MXtal_by_rcTracking))
<BR><BR>[Stack]<UL><LI>Max Depth = 24<LI>Call Chain = check_16MXtal_by_rcTracking
</UL>
<BR>[Calls]<UL><LI><a href="#[144]">&gt;&gt;</a>&nbsp;&nbsp;&nbsp;WaitRTCCount (via Veneer)
<LI><a href="#[147]">&gt;&gt;</a>&nbsp;&nbsp;&nbsp;set_sleep_flag (via Veneer)
<LI><a href="#[fd]">&gt;&gt;</a>&nbsp;&nbsp;&nbsp;hal_pwrmgr_enter_sleep_rtc_reset
<LI><a href="#[146]">&gt;&gt;</a>&nbsp;&nbsp;&nbsp;rtc_get_counter (via Veneer)
</UL>
<BR>[Called By]<UL><LI><a href="#[53]">&gt;&gt;</a>&nbsp;&nbsp;&nbsp;wakeup_init1
</UL>

<P><STRONG><a name="[148]"></a>check_96MXtal_by_rcTracking</STRONG> (Thumb, 246 bytes, Stack size 24 bytes, patch.o(i.check_96MXtal_by_rcTracking))
<BR><BR>[Stack]<UL><LI>Max Depth = 24<LI>Call Chain = check_96MXtal_by_rcTracking
</UL>
<BR>[Calls]<UL><LI><a href="#[144]">&gt;&gt;</a>&nbsp;&nbsp;&nbsp;WaitRTCCount (via Veneer)
</UL>
<BR>[Called By]<UL><LI><a href="#[53]">&gt;&gt;</a>&nbsp;&nbsp;&nbsp;wakeup_init1
</UL>

<P><STRONG><a name="[1ba]"></a>llAdjBoffUpperLimitFailure1</STRONG> (Thumb, 48 bytes, Stack size 0 bytes, patch.o(i.llAdjBoffUpperLimitFailure1))
<BR><BR>[Called By]<UL><LI><a href="#[3b]">&gt;&gt;</a>&nbsp;&nbsp;&nbsp;ll_processBasicIRQ_ScanTRX0
</UL>

<P><STRONG><a name="[424]"></a>generate_subkey</STRONG> (Thumb, 148 bytes, Stack size 32 bytes, sm_mgr.o(i.generate_subkey))
<BR><BR>[Stack]<UL><LI>Max Depth = 44<LI>Call Chain = generate_subkey &rArr; xor_128
</UL>
<BR>[Calls]<UL><LI><a href="#[18b]">&gt;&gt;</a>&nbsp;&nbsp;&nbsp;osal_memset (via Veneer)
<LI><a href="#[220]">&gt;&gt;</a>&nbsp;&nbsp;&nbsp;osal_mem_free (via Veneer)
<LI><a href="#[1c5]">&gt;&gt;</a>&nbsp;&nbsp;&nbsp;osal_mem_alloc (via Veneer)
<LI><a href="#[427]">&gt;&gt;</a>&nbsp;&nbsp;&nbsp;xor_128
<LI><a href="#[425]">&gt;&gt;</a>&nbsp;&nbsp;&nbsp;smEncryptLocal
<LI><a href="#[426]">&gt;&gt;</a>&nbsp;&nbsp;&nbsp;leftshift_onebit
</UL>
<BR>[Called By]<UL><LI><a href="#[334]">&gt;&gt;</a>&nbsp;&nbsp;&nbsp;sm_CMAC
</UL>

<P><STRONG><a name="[426]"></a>leftshift_onebit</STRONG> (Thumb, 28 bytes, Stack size 8 bytes, sm_mgr.o(i.leftshift_onebit))
<BR><BR>[Stack]<UL><LI>Max Depth = 8<LI>Call Chain = leftshift_onebit
</UL>
<BR>[Called By]<UL><LI><a href="#[424]">&gt;&gt;</a>&nbsp;&nbsp;&nbsp;generate_subkey
</UL>

<P><STRONG><a name="[4d2]"></a>smEncrypt</STRONG> (Thumb, 16 bytes, Stack size 8 bytes, sm_mgr.o(i.smEncrypt))
<BR><BR>[Stack]<UL><LI>Max Depth = 8<LI>Call Chain = smEncrypt
</UL>
<BR>[Calls]<UL><LI><a href="#[3dd]">&gt;&gt;</a>&nbsp;&nbsp;&nbsp;LL_Encrypt (via Veneer)
</UL>
<BR>[Called By]<UL><LI><a href="#[32f]">&gt;&gt;</a>&nbsp;&nbsp;&nbsp;sm_ah
</UL>

<P><STRONG><a name="[425]"></a>smEncryptLocal</STRONG> (Thumb, 8 bytes, Stack size 8 bytes, sm_mgr.o(i.smEncryptLocal))
<BR><BR>[Stack]<UL><LI>Max Depth = 8<LI>Call Chain = smEncryptLocal
</UL>
<BR>[Calls]<UL><LI><a href="#[3dd]">&gt;&gt;</a>&nbsp;&nbsp;&nbsp;LL_Encrypt (via Veneer)
</UL>
<BR>[Called By]<UL><LI><a href="#[334]">&gt;&gt;</a>&nbsp;&nbsp;&nbsp;sm_CMAC
<LI><a href="#[424]">&gt;&gt;</a>&nbsp;&nbsp;&nbsp;generate_subkey
</UL>

<P><STRONG><a name="[334]"></a>sm_CMAC</STRONG> (Thumb, 340 bytes, Stack size 64 bytes, sm_mgr.o(i.sm_CMAC))
<BR><BR>[Stack]<UL><LI>Max Depth = 108<LI>Call Chain = sm_CMAC &rArr; generate_subkey &rArr; xor_128
</UL>
<BR>[Calls]<UL><LI><a href="#[18b]">&gt;&gt;</a>&nbsp;&nbsp;&nbsp;osal_memset (via Veneer)
<LI><a href="#[220]">&gt;&gt;</a>&nbsp;&nbsp;&nbsp;osal_mem_free (via Veneer)
<LI><a href="#[1c5]">&gt;&gt;</a>&nbsp;&nbsp;&nbsp;osal_mem_alloc (via Veneer)
<LI><a href="#[1a9]">&gt;&gt;</a>&nbsp;&nbsp;&nbsp;osal_memcpy (via Veneer)
<LI><a href="#[427]">&gt;&gt;</a>&nbsp;&nbsp;&nbsp;xor_128
<LI><a href="#[425]">&gt;&gt;</a>&nbsp;&nbsp;&nbsp;smEncryptLocal
<LI><a href="#[424]">&gt;&gt;</a>&nbsp;&nbsp;&nbsp;generate_subkey
</UL>
<BR>[Called By]<UL><LI><a href="#[1fe]">&gt;&gt;</a>&nbsp;&nbsp;&nbsp;SM_VerifyAuthenSig
<LI><a href="#[330]">&gt;&gt;</a>&nbsp;&nbsp;&nbsp;SM_GenerateAuthenSig
</UL>

<P><STRONG><a name="[427]"></a>xor_128</STRONG> (Thumb, 22 bytes, Stack size 12 bytes, sm_mgr.o(i.xor_128))
<BR><BR>[Stack]<UL><LI>Max Depth = 12<LI>Call Chain = xor_128
</UL>
<BR>[Called By]<UL><LI><a href="#[334]">&gt;&gt;</a>&nbsp;&nbsp;&nbsp;sm_CMAC
<LI><a href="#[424]">&gt;&gt;</a>&nbsp;&nbsp;&nbsp;generate_subkey
</UL>

<P><STRONG><a name="[13a]"></a>_fp_digits</STRONG> (Thumb, 344 bytes, Stack size 64 bytes, printfa.o(i._fp_digits), UNUSED)
<BR><BR>[Calls]<UL><LI><a href="#[e9]">&gt;&gt;</a>&nbsp;&nbsp;&nbsp;__aeabi_uldivmod
<LI><a href="#[f2]">&gt;&gt;</a>&nbsp;&nbsp;&nbsp;__aeabi_dmul
<LI><a href="#[f3]">&gt;&gt;</a>&nbsp;&nbsp;&nbsp;__aeabi_ddiv
<LI><a href="#[ec]">&gt;&gt;</a>&nbsp;&nbsp;&nbsp;__aeabi_dadd
<LI><a href="#[f4]">&gt;&gt;</a>&nbsp;&nbsp;&nbsp;__aeabi_d2ulz
<LI><a href="#[13b]">&gt;&gt;</a>&nbsp;&nbsp;&nbsp;__aeabi_cdrcmple
</UL>
<BR>[Called By]<UL><LI><a href="#[134]">&gt;&gt;</a>&nbsp;&nbsp;&nbsp;_printf_core
</UL>

<P><STRONG><a name="[134]"></a>_printf_core</STRONG> (Thumb, 1754 bytes, Stack size 128 bytes, printfa.o(i._printf_core), UNUSED)
<BR><BR>[Calls]<UL><LI><a href="#[108]">&gt;&gt;</a>&nbsp;&nbsp;&nbsp;__aeabi_uidivmod (via Veneer)
<LI><a href="#[e9]">&gt;&gt;</a>&nbsp;&nbsp;&nbsp;__aeabi_uldivmod
<LI><a href="#[13d]">&gt;&gt;</a>&nbsp;&nbsp;&nbsp;_printf_pre_padding
<LI><a href="#[13e]">&gt;&gt;</a>&nbsp;&nbsp;&nbsp;_printf_post_padding
<LI><a href="#[13a]">&gt;&gt;</a>&nbsp;&nbsp;&nbsp;_fp_digits
</UL>
<BR>[Called By]<UL><LI><a href="#[136]">&gt;&gt;</a>&nbsp;&nbsp;&nbsp;__0vprintf
<LI><a href="#[135]">&gt;&gt;</a>&nbsp;&nbsp;&nbsp;__0sprintf
<LI><a href="#[133]">&gt;&gt;</a>&nbsp;&nbsp;&nbsp;__0printf
</UL>

<P><STRONG><a name="[13e]"></a>_printf_post_padding</STRONG> (Thumb, 32 bytes, Stack size 24 bytes, printfa.o(i._printf_post_padding), UNUSED)
<BR><BR>[Called By]<UL><LI><a href="#[134]">&gt;&gt;</a>&nbsp;&nbsp;&nbsp;_printf_core
</UL>

<P><STRONG><a name="[13d]"></a>_printf_pre_padding</STRONG> (Thumb, 44 bytes, Stack size 40 bytes, printfa.o(i._printf_pre_padding), UNUSED)
<BR><BR>[Called By]<UL><LI><a href="#[134]">&gt;&gt;</a>&nbsp;&nbsp;&nbsp;_printf_core
</UL>

<P><STRONG><a name="[2d]"></a>_sputc</STRONG> (Thumb, 10 bytes, Stack size 0 bytes, printfa.o(i._sputc))
<BR><BR>[Called By]<UL><LI><a href="#[135]">&gt;&gt;</a>&nbsp;&nbsp;&nbsp;__0sprintf
</UL>
<BR>[Address Reference Count : 1]<UL><LI> printfa.o(i.__0sprintf)
</UL><P>
<H3>
Undefined Global Symbols
</H3><HR></body></html>
