<html>
<body>
<pre>
<h1>µVision Build Log</h1>
<h2>Tool Versions:</h2>
IDE-Version: ¦ÌVision V5.25.2.0
Copyright (C) 2018 ARM Ltd and ARM Germany GmbH. All rights reserved.
License Information: ruanjian Microsoft, Microsoft, LIC=GE7DL-0Q0WK-243SS-LDPLJ-95MI2-D4TLA
 
Tool Versions:
Toolchain:       MDK-ARM Professional  Version: 5.25.2.0
Toolchain Path:  C:\Keil_v5\ARM\ARMCC\Bin
C Compiler:      Armcc.exe V5.06 update 6 (build 750)
Assembler:       Armasm.exe V5.06 update 6 (build 750)
Linker/Locator:  ArmLink.exe V5.06 update 6 (build 750)
Library Manager: ArmAr.exe V5.06 update 6 (build 750)
Hex Converter:   FromElf.exe V5.06 update 6 (build 750)
CPU DLL:         SARMCM3.DLL V5.25.2.0
Dialog DLL:      DARMCM1.DLL V1.19.1.0
Target DLL:      UL2CM3.DLL V1.160.12.0
Dialog DLL:      TARMCM1.DLL V1.14.0.0
 
<h2>Project:</h2>
C:\Dfile\Git\BBB_SDK_G\bbb_sdk_2\example\ble_peripheral\HIDAdvRemote\HIDAdvRemote.uvprojx
Project File Date:  09/17/2021

<h2>Output:</h2>
*** Using Compiler 'V5.06 update 6 (build 750)', folder: 'C:\Keil_v5\ARM\ARMCC\Bin'
Rebuild target 'HidAdvRemote'
compiling gap.c...
compiling devinfoservice.c...
compiling battservice.c...
compiling gapgattserver.c...
compiling main.c...
compiling peripheral.c...
compiling gattservapp.c...
compiling gapbondmgr.c...
compiling hidkbd_Main.c...
compiling scanparamservice.c...
compiling ota_app_service.c...
compiling hidkbdservice.c...
compiling AudioGATTprofile.c...
compiling jump_table.c...
compiling hidkbd.c...
compiling hiddev.c...
compiling adpcm.c...
compiling voice_circ_buff.c...
compiling voice_data.c...
compiling voice_task.c...
Source\voice_task.c(230): warning:  #1215-D: #warning directive: "check amic dmic io config"
  #warning "check amic dmic io config"
Source\voice_task.c: 1 warning, 0 errors
compiling OSAL_hidkbd.c...
compiling Voice_Queue.c...
compiling hal_keyboard_matrix.c...
Source\hal_keyboard_matrix.c(119): warning:  #1215-D: #warning directive: "amic will use p15p18p20"
  #warning "amic will use p15p18p20"
Source\hal_keyboard_matrix.c: 1 warning, 0 errors
compiling hal_drivers.c...
compiling my_printf.c...
compiling gpio.c...
compiling uart.c...
compiling pwrmgr.c...
compiling clock.c...
compiling flash.c...
assembling startup_ARMCM0.s...
compiling osal_snv.c...
compiling kscan.c...
compiling voice.c...
compiling fs.c...
compiling system_ARMCM0.c...
linking...
Program Size: Code=71060 RO-data=2648 RW-data=8072 ZI-data=22400  
After Build - User command #1: fromelf.exe --bin -o  ./bin  ./Objects/HidAdvRemote.axf
After Build - User command #2: fromelf.exe .\Objects\HidAdvRemote.axf --i32combined --output .\bin\HidAdvRemote.hex
".\Objects\HidAdvRemote.axf" - 0 Error(s), 2 Warning(s).

<h2>Software Packages used:</h2>

Package Vendor: ARM
                http://www.keil.com/pack/ARM.CMSIS.5.7.0.pack
                ARM.CMSIS.5.7.0
                CMSIS (Cortex Microcontroller Software Interface Standard)
   * Component: CORE Version: 5.4.0
   * Component: Startup Version: 1.2.2

<h2>Collection of Component include folders:</h2>
  .\RTE\_HidAdvRemote
  C:\Users\bingshuai.duanmu\AppData\Local\Arm\Packs\ARM\CMSIS\5.7.0\CMSIS\Core\Include
  C:\Users\bingshuai.duanmu\AppData\Local\Arm\Packs\ARM\CMSIS\5.7.0\Device\ARM\ARMCM0\Include

<h2>Collection of Component Files used:</h2>

   * Component: ARM::CMSIS:CORE:5.4.0

   * Component: ARM::Device:Startup:1.2.2
      Source file:   Device\ARM\ARMCM0\Source\ARM\startup_ARMCM0.s
      Source file:   Device\ARM\ARMCM0\Source\system_ARMCM0.c
      Include file:  Device\ARM\ARMCM0\Include\ARMCM0.h
Build Time Elapsed:  00:00:06
</pre>
</body>
</html>
