<html>
<body>
<pre>
<h1>µVision Build Log</h1>
<h2>Tool Versions:</h2>
IDE-Version: ¦ÌVision V5.25.2.0
Copyright (C) 2018 ARM Ltd and ARM Germany GmbH. All rights reserved.
License Information: ruanjian Microsoft, Microsoft, LIC=GE7DL-0Q0WK-243SS-LDPLJ-95MI2-D4TLA
 
Tool Versions:
Toolchain:       MDK-ARM Professional  Version: 5.25.2.0
Toolchain Path:  C:\Keil_v5\ARM\ARMCC\Bin
C Compiler:      Armcc.exe V5.06 update 6 (build 750)
Assembler:       Armasm.exe V5.06 update 6 (build 750)
Linker/Locator:  ArmLink.exe V5.06 update 6 (build 750)
Library Manager: ArmAr.exe V5.06 update 6 (build 750)
Hex Converter:   FromElf.exe V5.06 update 6 (build 750)
CPU DLL:         SARMCM3.DLL V5.25.2.0
Dialog DLL:      DARMCM1.DLL V1.19.1.0
Target DLL:      UL2CM3.DLL V1.160.12.0
Dialog DLL:      TARMCM1.DLL V1.14.0.0
 
<h2>Project:</h2>
C:\Dfile\Git\Myself_G\master\example\ble_peripheral\HIDKeyboard\HIDKeyBoard.uvprojx
Project File Date:  10/08/2022

<h2>Output:</h2>
*** Using Compiler 'V5.06 update 6 (build 750)', folder: 'C:\Keil_v5\ARM\ARMCC\Bin'
Rebuild target 'Target 1'
compiling key.c...
compiling uart.c...
compiling clock.c...
compiling pwrmgr.c...
compiling my_printf.c...
compiling gpio.c...
compiling timer.c...
compiling main.c...
compiling pwm.c...
compiling fs.c...
compiling osal_snv.c...
compiling gapgattserver.c...
compiling central.c...
compiling flash.c...
compiling gap.c...
compiling gapbondmgr.c...
compiling peripheral.c...
compiling ota_app_service.c...
compiling devinfoservice.c...
compiling scanparamservice.c...
compiling gattservapp.c...
compiling battservice.c...
compiling hidkbdservice.c...
compiling hiddev.c...
compiling jump_table.c...
compiling hidkbd_Main.c...
assembling startup_ARMCM0.s...
compiling hidkbd.c...
compiling touch_key.c...
compiling system_ARMCM0.c...
compiling OSAL_hidkbd.c...
linking...
Program Size: Code=55984 RO-data=2540 RW-data=3200 ZI-data=6624  
FromELF: creating hex file...
After Build - User command #1: fromelf.exe .\Objects\HIDKeyBoard.axf --i32combined --output .\bin\HIDKeyBoard.hex
After Build - User command #2: fromelf -c -a -d -e -v -o HIDKeyBoard.asm ./Objects/HIDKeyBoard.axf
".\Objects\HIDKeyBoard.axf" - 0 Error(s), 0 Warning(s).

<h2>Software Packages used:</h2>

Package Vendor: ARM
                http://www.keil.com/pack/ARM.CMSIS.5.7.0.pack
                ARM.CMSIS.5.7.0
                CMSIS (Cortex Microcontroller Software Interface Standard)
   * Component: CORE Version: 5.4.0
   * Component: Startup Version: 1.2.2

<h2>Collection of Component include folders:</h2>
  .\RTE\_Target_1
  C:\Users\bingshuai.duanmu\AppData\Local\Arm\Packs\ARM\CMSIS\5.7.0\CMSIS\Core\Include
  C:\Users\bingshuai.duanmu\AppData\Local\Arm\Packs\ARM\CMSIS\5.7.0\Device\ARM\ARMCM0\Include

<h2>Collection of Component Files used:</h2>

   * Component: ARM::CMSIS:CORE:5.4.0

   * Component: ARM::Device:Startup:1.2.2
      Include file:  Device\ARM\ARMCM0\Include\ARMCM0.h
      Source file:   Device\ARM\ARMCM0\Source\ARM\startup_ARMCM0.s
      Source file:   Device\ARM\ARMCM0\Source\system_ARMCM0.c
Build Time Elapsed:  00:00:28
</pre>
</body>
</html>
