<html>
<body>
<pre>
<h1>µVision Build Log</h1>
<h2>Tool Versions:</h2>
IDE-Version: ¦ÌVision V5.25.2.0
Copyright (C) 2018 ARM Ltd and ARM Germany GmbH. All rights reserved.
License Information: ruanjian Microsoft, Microsoft, LIC=GE7DL-0Q0WK-243SS-LDPLJ-95MI2-D4TLA
 
Tool Versions:
Toolchain:       MDK-ARM Professional  Version: 5.25.2.0
Toolchain Path:  C:\Keil_v5\ARM\ARMCC\Bin
C Compiler:      Armcc.exe V5.06 update 6 (build 750)
Assembler:       Armasm.exe V5.06 update 6 (build 750)
Linker/Locator:  ArmLink.exe V5.06 update 6 (build 750)
Library Manager: ArmAr.exe V5.06 update 6 (build 750)
Hex Converter:   FromElf.exe V5.06 update 6 (build 750)
CPU DLL:         SARMCM3.DLL V5.25.2.0
Dialog DLL:      DARMCM1.DLL V1.19.1.0
Target DLL:      Segger\JL2CM3.dll V2.99.29.0
Dialog DLL:      TARMCM1.DLL V1.14.0.0
 
<h2>Project:</h2>
C:\Dfile\Git\Myself_G\master\example\peripheral\adc\adc.uvprojx
Project File Date:  10/08/2022

<h2>Output:</h2>
*** Using Compiler 'V5.06 update 6 (build 750)', folder: 'C:\Keil_v5\ARM\ARMCC\Bin'
Rebuild target 'adc'
compiling adc_demo.c...
compiling adc_Main.c...
compiling OSAL_adc.c...
compiling gpio.c...
compiling my_printf.c...
compiling main.c...
compiling clock.c...
compiling uart.c...
assembling startup_PHY6222.s...
compiling pwrmgr.c...
compiling system_PHY6222.c...
compiling jump_table.c...
compiling adc.c...
compiling flash.c...
linking...
Program Size: Code=19320 RO-data=1592 RW-data=1172 ZI-data=10588  
FromELF: creating hex file...
After Build - User command #1: fromelf.exe --bin  -o  ./bin  ./Objects/adc.axf
After Build - User command #2: fromelf.exe .\Objects\adc.axf --i32combined --output .\bin\adc.hex
".\Objects\adc.axf" - 0 Error(s), 0 Warning(s).

<h2>Software Packages used:</h2>

Package Vendor: ARM
                http://www.keil.com/pack/ARM.CMSIS.5.7.0.pack
                ARM.CMSIS.5.7.0
                CMSIS (Cortex Microcontroller Software Interface Standard)
   * Component: CORE Version: 5.4.0

Package Vendor: Keil
                http://www.keil.com/pack/Keil.PHY62xx.1.1.0.pack
                Keil.PHY62xx.1.1.0
                PHY62xx Series Device Support
   * Component: Startup Version: 1.0.1

<h2>Collection of Component include folders:</h2>
  .\RTE\_adc
  C:\Users\bingshuai.duanmu\AppData\Local\Arm\Packs\ARM\CMSIS\5.7.0\CMSIS\Core\Include
  C:\Users\bingshuai.duanmu\AppData\Local\Arm\Packs\Keil\PHY62xx\1.1.0\Device\PHYPLUSINC\PHY62xx\Include
  C:\Users\bingshuai.duanmu\AppData\Local\Arm\Packs\Keil\PHY62xx\1.1.0\\Device\PHYPLUSINC\PHY62xx\Include

<h2>Collection of Component Files used:</h2>

   * Component: ARM::CMSIS:CORE:5.4.0

   * Component: Keil::Device:Startup:1.0.1
      Source file:   Device\PHYPLUSINC\PHY62xx\Source\system_PHY6222.c
      Include file:  Device\PHYPLUSINC\PHY62xx\Include\PHY62xx.h
      Source file:   Device\PHYPLUSINC\PHY62xx\Source\arm\startup_PHY6222.s
Build Time Elapsed:  00:00:19
</pre>
</body>
</html>
