<!doctype html public "-//w3c//dtd html 4.0 transitional//en">
<html><head>
<title>Static Call Graph - [.\Objects\simpleBleMulti.axf]</title></head>
<body><HR>
<H1>Static Call Graph for image .\Objects\simpleBleMulti.axf</H1><HR>
<BR><P>#&#060CALLGRAPH&#062# ARM Linker, 5060750: Last Updated: Mon Dec 20 18:42:21 2021
<BR><P>
<H3>Maximum Stack Usage =        900 bytes + Unknown(Untraceable Function Pointers)</H3><H3>
Call chain for Maximum Stack Depth:</H3>
multiRoleProfileChangeCB &rArr; MultiProfile_Notify &rArr; GATTServApp_ProcessCharCfg &rArr; GATT_Indication &rArr; ATT_HandleValueInd &rArr; attSendMsg &rArr; SM_GenerateAuthenSig &rArr; sm_CMAC &rArr; generate_subkey &rArr; xor_128
<P>
<H3>
Function Pointers
</H3><UL>
 <LI><a href="#[1e]">AACI_IRQHandler</a> from startup_armcm0.o(.text) referenced from startup_armcm0.o(RESET)
 <LI><a href="#[6f]">ATT_BuildErrorRsp</a> from att_util.o(i.ATT_BuildErrorRsp) referenced from att_server.o(i.ATT_ErrorRsp)
 <LI><a href="#[70]">ATT_BuildExchangeMTUReq</a> from att_util.o(i.ATT_BuildExchangeMTUReq) referenced from att_client.o(i.ATT_ExchangeMTUReq)
 <LI><a href="#[71]">ATT_BuildExchangeMTURsp</a> from att_util.o(i.ATT_BuildExchangeMTURsp) referenced from att_server.o(i.ATT_ExchangeMTURsp)
 <LI><a href="#[72]">ATT_BuildExecuteWriteReq</a> from att_util.o(i.ATT_BuildExecuteWriteReq) referenced from att_client.o(i.ATT_ExecuteWriteReq)
 <LI><a href="#[73]">ATT_BuildFindByTypeValueReq</a> from att_util.o(i.ATT_BuildFindByTypeValueReq) referenced from att_client.o(i.ATT_FindByTypeValueReq)
 <LI><a href="#[74]">ATT_BuildFindByTypeValueRsp</a> from att_util.o(i.ATT_BuildFindByTypeValueRsp) referenced from att_server.o(i.ATT_FindByTypeValueRsp)
 <LI><a href="#[75]">ATT_BuildFindInfoReq</a> from att_util.o(i.ATT_BuildFindInfoReq) referenced from att_client.o(i.ATT_FindInfoReq)
 <LI><a href="#[76]">ATT_BuildFindInfoRsp</a> from att_util.o(i.ATT_BuildFindInfoRsp) referenced from att_server.o(i.ATT_FindInfoRsp)
 <LI><a href="#[77]">ATT_BuildHandleValueInd</a> from att_util.o(i.ATT_BuildHandleValueInd) referenced from att_server.o(i.ATT_HandleValueInd)
 <LI><a href="#[77]">ATT_BuildHandleValueInd</a> from att_util.o(i.ATT_BuildHandleValueInd) referenced from att_server.o(i.ATT_HandleValueNoti)
 <LI><a href="#[78]">ATT_BuildPrepareWriteReq</a> from att_util.o(i.ATT_BuildPrepareWriteReq) referenced from att_client.o(i.ATT_PrepareWriteReq)
 <LI><a href="#[79]">ATT_BuildPrepareWriteRsp</a> from att_util.o(i.ATT_BuildPrepareWriteRsp) referenced from att_server.o(i.ATT_PrepareWriteRsp)
 <LI><a href="#[7a]">ATT_BuildReadBlobReq</a> from att_util.o(i.ATT_BuildReadBlobReq) referenced from att_client.o(i.ATT_ReadBlobReq)
 <LI><a href="#[7b]">ATT_BuildReadBlobRsp</a> from att_util.o(i.ATT_BuildReadBlobRsp) referenced from att_server.o(i.ATT_ReadBlobRsp)
 <LI><a href="#[7d]">ATT_BuildReadByGrpTypeRsp</a> from att_util.o(i.ATT_BuildReadByGrpTypeRsp) referenced from att_server.o(i.ATT_ReadByGrpTypeRsp)
 <LI><a href="#[7c]">ATT_BuildReadByTypeReq</a> from att_util.o(i.ATT_BuildReadByTypeReq) referenced from att_client.o(i.ATT_ReadByGrpTypeReq)
 <LI><a href="#[7c]">ATT_BuildReadByTypeReq</a> from att_util.o(i.ATT_BuildReadByTypeReq) referenced from att_client.o(i.ATT_ReadByTypeReq)
 <LI><a href="#[7e]">ATT_BuildReadByTypeRsp</a> from att_util.o(i.ATT_BuildReadByTypeRsp) referenced from att_server.o(i.ATT_ReadByTypeRsp)
 <LI><a href="#[7f]">ATT_BuildReadMultiRsp</a> from att_util.o(i.ATT_BuildReadMultiRsp) referenced from att_server.o(i.ATT_ReadMultiRsp)
 <LI><a href="#[80]">ATT_BuildReadRsp</a> from att_util.o(i.ATT_BuildReadRsp) referenced from att_server.o(i.ATT_ReadRsp)
 <LI><a href="#[81]">ATT_BuildWriteReq</a> from att_util.o(i.ATT_BuildWriteReq) referenced from att_client.o(i.ATT_WriteReq)
 <LI><a href="#[b2]">ATT_ParseExchangeMTUReq</a> from att_util.o(i.ATT_ParseExchangeMTUReq) referenced from gatt_server.o(.constdata)
 <LI><a href="#[86]">ATT_ParseExchangeMTURsp</a> from att_util.o(i.ATT_ParseExchangeMTURsp) referenced from gatt_client.o(i.GATT_ExchangeMTU)
 <LI><a href="#[c3]">ATT_ParseExecuteWriteReq</a> from att_util.o(i.ATT_ParseExecuteWriteReq) referenced from gatt_server.o(.constdata)
 <LI><a href="#[94]">ATT_ParseExecuteWriteRsp</a> from att_util.o(i.ATT_ParseExecuteWriteRsp) referenced from gatt_client.o(i.gattProcessReliableWrites)
 <LI><a href="#[94]">ATT_ParseExecuteWriteRsp</a> from att_util.o(i.ATT_ParseExecuteWriteRsp) referenced from gatt_client.o(i.gattProcessWriteLong)
 <LI><a href="#[b6]">ATT_ParseFindByTypeValueReq</a> from att_util.o(i.ATT_ParseFindByTypeValueReq) referenced from gatt_server.o(.constdata)
 <LI><a href="#[b4]">ATT_ParseFindInfoReq</a> from att_util.o(i.ATT_ParseFindInfoReq) referenced from gatt_server.o(.constdata)
 <LI><a href="#[c2]">ATT_ParsePrepareWriteReq</a> from att_util.o(i.ATT_ParsePrepareWriteReq) referenced from gatt_server.o(.constdata)
 <LI><a href="#[bc]">ATT_ParseReadBlobReq</a> from att_util.o(i.ATT_ParseReadBlobReq) referenced from gatt_server.o(.constdata)
 <LI><a href="#[85]">ATT_ParseReadByGrpTypeRsp</a> from att_util.o(i.ATT_ParseReadByGrpTypeRsp) referenced from gatt_client.o(i.GATT_DiscAllPrimaryServices)
 <LI><a href="#[b8]">ATT_ParseReadByTypeReq</a> from att_util.o(i.ATT_ParseReadByTypeReq) referenced 2 times from gatt_server.o(.constdata)
 <LI><a href="#[95]">ATT_ParseReadByTypeRsp</a> from att_util.o(i.ATT_ParseReadByTypeRsp) referenced from gatt_client.o(i.gattReadByType)
 <LI><a href="#[bd]">ATT_ParseReadMultiReq</a> from att_util.o(i.ATT_ParseReadMultiReq) referenced from gatt_server.o(.constdata)
 <LI><a href="#[ba]">ATT_ParseReadReq</a> from att_util.o(i.ATT_ParseReadReq) referenced from gatt_server.o(.constdata)
 <LI><a href="#[c0]">ATT_ParseWriteReq</a> from att_util.o(i.ATT_ParseWriteReq) referenced from gatt_server.o(.constdata)
 <LI><a href="#[97]">ATT_ParseWriteRsp</a> from att_util.o(i.ATT_ParseWriteRsp) referenced from gatt_client.o(i.gattWrite)
 <LI><a href="#[25]">CAN_IRQHandler</a> from startup_armcm0.o(.text) referenced from startup_armcm0.o(RESET)
 <LI><a href="#[23]">CHLCD_IRQHandler</a> from startup_armcm0.o(.text) referenced from startup_armcm0.o(RESET)
 <LI><a href="#[1f]">CLCD_IRQHandler</a> from startup_armcm0.o(.text) referenced from startup_armcm0.o(RESET)
 <LI><a href="#[28]">CPU_CLCD_IRQHandler</a> from startup_armcm0.o(.text) referenced from startup_armcm0.o(RESET)
 <LI><a href="#[4c]">DTM_UART_IRQHandler</a> from rf_phy_driver.o(i.DTM_UART_IRQHandler) referenced from rf_phy_driver.o(i.rf_phy_direct_test)
 <LI><a href="#[20]">ENET_IRQHandler</a> from startup_armcm0.o(.text) referenced from startup_armcm0.o(RESET)
 <LI><a href="#[24]">FLEXRAY_IRQHandler</a> from startup_armcm0.o(.text) referenced from startup_armcm0.o(RESET)
 <LI><a href="#[56]">GAPBondMgr_ProcessEvent</a> from gapbondmgr.o(i.GAPBondMgr_ProcessEvent) referenced from osal_multi_role.o(.constdata)
 <LI><a href="#[58]">GAPMultiRole_ProcessEvent</a> from multi.o(i.GAPMultiRole_ProcessEvent) referenced from osal_multi_role.o(.constdata)
 <LI><a href="#[54]">GAP_ProcessEvent</a> from gap_task.o(i.GAP_ProcessEvent) referenced from osal_multi_role.o(.constdata)
 <LI><a href="#[57]">GATTServApp_ProcessEvent</a> from gattservapp.o(i.GATTServApp_ProcessEvent) referenced from osal_multi_role.o(.constdata)
 <LI><a href="#[55]">GATT_ProcessEvent</a> from gatt_task.o(i.GATT_ProcessEvent) referenced from osal_multi_role.o(.constdata)
 <LI><a href="#[50]">HCI_ProcessEvent</a> from bb_rom_sym_m0.txt(ABSOLUTE) referenced from osal_multi_role.o(.constdata)
 <LI><a href="#[10]">HardFault_Handler</a> from bb_rom_sym_m0.txt(ABSOLUTE) referenced from startup_armcm0.o(RESET)
 <LI><a href="#[27]">I2C_IRQHandler</a> from startup_armcm0.o(.text) referenced from startup_armcm0.o(RESET)
 <LI><a href="#[8c]">L2CAP_BuildCmdReject</a> from l2cap_util.o(i.L2CAP_BuildCmdReject) referenced from l2cap_if.o(i.L2CAP_CmdReject)
 <LI><a href="#[8e]">L2CAP_BuildParamUpdateRsp</a> from l2cap_util.o(i.L2CAP_BuildParamUpdateRsp) referenced from l2cap_if.o(i.L2CAP_ConnParamUpdateRsp)
 <LI><a href="#[52]">L2CAP_ProcessEvent</a> from l2cap_task.o(i.L2CAP_ProcessEvent) referenced from osal_multi_role.o(.constdata)
 <LI><a href="#[26]">LIN_IRQHandler</a> from startup_armcm0.o(.text) referenced from startup_armcm0.o(RESET)
 <LI><a href="#[3b]">LL_CreateConn1</a> from patch.o(i.LL_CreateConn1) referenced from patch.o(i.ll_patch_master)
 <LI><a href="#[63]">LL_ENC_AES128_Encrypt1</a> from patch.o(i.LL_ENC_AES128_Encrypt1) referenced from patch.o(_section_xip_code_)
 <LI><a href="#[3d]">LL_ENC_Decrypt1</a> from patch.o(i.LL_ENC_Decrypt1) referenced from patch.o(_section_xip_code_)
 <LI><a href="#[3d]">LL_ENC_Decrypt1</a> from patch.o(i.LL_ENC_Decrypt1) referenced from patch.o(i.ll_patch_master)
 <LI><a href="#[64]">LL_ENC_Encrypt1</a> from patch.o(i.LL_ENC_Encrypt1) referenced from patch.o(_section_xip_code_)
 <LI><a href="#[60]">LL_IRQHandler1</a> from patch.o(i.LL_IRQHandler1) referenced from patch.o(_section_xip_code_)
 <LI><a href="#[4f]">LL_ProcessEvent</a> from bb_rom_sym_m0.txt(ABSOLUTE) referenced from osal_multi_role.o(.constdata)
 <LI><a href="#[37]">LL_SetAdvControl1</a> from patch.o(i.LL_SetAdvControl1) referenced from patch.o(i.ll_patch_master)
 <LI><a href="#[37]">LL_SetAdvControl1</a> from patch.o(i.LL_SetAdvControl1) referenced from patch.o(i.ll_patch_slave)
 <LI><a href="#[36]">LL_SetAdvParam1</a> from patch.o(i.LL_SetAdvParam1) referenced from patch.o(i.ll_patch_master)
 <LI><a href="#[36]">LL_SetAdvParam1</a> from patch.o(i.LL_SetAdvParam1) referenced from patch.o(i.ll_patch_slave)
 <LI><a href="#[69]">LL_SetDataLengh1</a> from patch.o(i.LL_SetDataLengh1) referenced from patch.o(_section_xip_code_)
 <LI><a href="#[3a]">LL_SetScanControl1</a> from patch.o(i.LL_SetScanControl1) referenced from patch.o(i.ll_patch_master)
 <LI><a href="#[39]">LL_SetScanParam1</a> from patch.o(i.LL_SetScanParam1) referenced from patch.o(i.ll_patch_master)
 <LI><a href="#[3c]">LL_StartEncrypt1</a> from patch.o(i.LL_StartEncrypt1) referenced from patch.o(i.ll_patch_master)
 <LI><a href="#[6e]">LL_set_default_conn_params1</a> from patch.o(i.LL_set_default_conn_params1) referenced from patch.o(_section_xip_code_)
 <LI><a href="#[18]">MCIA_IRQHandler</a> from startup_armcm0.o(.text) referenced from startup_armcm0.o(RESET)
 <LI><a href="#[19]">MCIB_IRQHandler</a> from startup_armcm0.o(.text) referenced from startup_armcm0.o(RESET)
 <LI><a href="#[90]">MultiRole_HandleParamUpdateNoSuccess</a> from multi.o(i.MultiRole_HandleParamUpdateNoSuccess) referenced from multi.o(i.MultiRole_PeripheralstartConnUpdate)
 <LI><a href="#[92]">Multi_centralAction</a> from multi.o(i.Multi_centralAction) referenced from multi.o(i.MultiRole_processGAPMsg)
 <LI><a href="#[91]">Multi_peripheralUpdateParam</a> from multi.o(i.Multi_peripheralUpdateParam) referenced from multi.o(i.MultiRole_processGAPMsg)
 <LI><a href="#[f]">NMI_Handler</a> from bb_rom_sym_m0.txt(ABSOLUTE) referenced from startup_armcm0.o(RESET)
 <LI><a href="#[12]">PendSV_Handler</a> from bb_rom_sym_m0.txt(ABSOLUTE) referenced from startup_armcm0.o(RESET)
 <LI><a href="#[15]">RTC_IRQHandler</a> from startup_armcm0.o(.text) referenced from startup_armcm0.o(RESET)
 <LI><a href="#[e]">Reset_Handler</a> from startup_armcm0.o(.text) referenced from startup_armcm0.o(RESET)
 <LI><a href="#[53]">SM_ProcessEvent</a> from sm_task.o(i.SM_ProcessEvent) referenced from osal_multi_role.o(.constdata)
 <LI><a href="#[a]">SM_StartEncryption</a> from sm_intpairing.o(i.SM_StartEncryption) referenced 2 times from sm_intpairing.o(.data)
 <LI><a href="#[2a]">SPI_IRQHandler</a> from startup_armcm0.o(.text) referenced from startup_armcm0.o(RESET)
 <LI><a href="#[11]">SVC_Handler</a> from startup_armcm0.o(.text) referenced from startup_armcm0.o(RESET)
 <LI><a href="#[13]">SysTick_Handler</a> from startup_armcm0.o(.text) referenced from startup_armcm0.o(RESET)
 <LI><a href="#[2d]">SystemInit</a> from system_armcm0.o(i.SystemInit) referenced from startup_armcm0.o(.text)
 <LI><a href="#[16]">TIM0_IRQHandler</a> from startup_armcm0.o(.text) referenced from startup_armcm0.o(RESET)
 <LI><a href="#[17]">TIM2_IRQHandler</a> from startup_armcm0.o(.text) referenced from startup_armcm0.o(RESET)
 <LI><a href="#[1a]">UART0_IRQHandler</a> from startup_armcm0.o(.text) referenced from startup_armcm0.o(RESET)
 <LI><a href="#[1b]">UART1_IRQHandler</a> from startup_armcm0.o(.text) referenced from startup_armcm0.o(RESET)
 <LI><a href="#[1c]">UART2_IRQHandler</a> from startup_armcm0.o(.text) referenced from startup_armcm0.o(RESET)
 <LI><a href="#[29]">UART3_IRQHandler</a> from startup_armcm0.o(.text) referenced from startup_armcm0.o(RESET)
 <LI><a href="#[1d]">UART4_IRQHandler</a> from startup_armcm0.o(.text) referenced from startup_armcm0.o(RESET)
 <LI><a href="#[21]">USBDC_IRQHandler</a> from startup_armcm0.o(.text) referenced from startup_armcm0.o(RESET)
 <LI><a href="#[22]">USBHC_IRQHandler</a> from startup_armcm0.o(.text) referenced from startup_armcm0.o(RESET)
 <LI><a href="#[14]">WDT_IRQHandler</a> from startup_armcm0.o(.text) referenced from startup_armcm0.o(RESET)
 <LI><a href="#[2e]">__main</a> from entry.o(.ARM.Collect$$$$00000000) referenced from startup_armcm0.o(.text)
 <LI><a href="#[2c]">_hard_fault</a> from jump_table.o(i._hard_fault) referenced from jump_table.o(.emb_text)
 <LI><a href="#[2f]">_uart_putc</a> from my_printf.o(i._uart_putc) referenced from my_printf.o(i.dbg_printf)
 <LI><a href="#[65]">config_RTC1</a> from patch.o(i.config_RTC1) referenced from patch.o(_section_xip_code_)
 <LI><a href="#[82]">gapBondMgrSendServiceChange</a> from gapbondmgr.o(i.gapBondMgrSendServiceChange) referenced from gapbondmgr.o(i.GAPBondMgr_ServiceChangeInd)
 <LI><a href="#[3]">gapCancelLinkReq</a> from gap_centlinkmgr.o(i.gapCancelLinkReq) referenced 2 times from gap_centdevmgr.o(.data)
 <LI><a href="#[1]">gapCentProcessHCICmdEvt</a> from gap_centdevmgr.o(i.gapCentProcessHCICmdEvt) referenced 2 times from gap_centdevmgr.o(.data)
 <LI><a href="#[5]">gapPeriProcessHCICmdCompleteEvt</a> from gap_peridevmgr.o(i.gapPeriProcessHCICmdCompleteEvt) referenced 2 times from gap_peridevmgr.o(.data)
 <LI><a href="#[6]">gapProcessAdvertisingEvt</a> from gap_peridevmgr.o(i.gapProcessAdvertisingEvt) referenced 2 times from gap_peridevmgr.o(.data)
 <LI><a href="#[4]">gapProcessConnEvt</a> from gap_centdevmgr.o(i.gapProcessConnEvt) referenced 2 times from gap_centdevmgr.o(.data)
 <LI><a href="#[2]">gapProcessScanningEvt</a> from gap_centdevmgr.o(i.gapProcessScanningEvt) referenced 2 times from gap_centdevmgr.o(.data)
 <LI><a href="#[7]">gapSetAdvParams</a> from gap_peridevmgr.o(i.gapSetAdvParams) referenced 2 times from gap_peridevmgr.o(.data)
 <LI><a href="#[89]">gattClientHandleConnStatusCB</a> from gatt_client.o(i.gattClientHandleConnStatusCB) referenced from gatt_client.o(i.GATT_InitClient)
 <LI><a href="#[96]">gattClientHandleTimerCB</a> from gatt_client.o(i.gattClientHandleTimerCB) referenced from gatt_client.o(i.gattStoreClientInfo)
 <LI><a href="#[88]">gattClientProcessMsgCB</a> from gatt_client.o(i.gattClientProcessMsgCB) referenced from gatt_client.o(i.GATT_InitClient)
 <LI><a href="#[b3]">gattProcessExchangeMTUReq</a> from gatt_server.o(i.gattProcessExchangeMTUReq) referenced from gatt_server.o(.constdata)
 <LI><a href="#[c4]">gattProcessExecuteWriteReq</a> from gatt_server.o(i.gattProcessExecuteWriteReq) referenced from gatt_server.o(.constdata)
 <LI><a href="#[b7]">gattProcessFindByTypeValueReq</a> from gatt_server.o(i.gattProcessFindByTypeValueReq) referenced from gatt_server.o(.constdata)
 <LI><a href="#[b5]">gattProcessFindInfoReq</a> from gatt_server.o(i.gattProcessFindInfoReq) referenced from gatt_server.o(.constdata)
 <LI><a href="#[bf]">gattProcessReadByGrpTypeReq</a> from gatt_server.o(i.gattProcessReadByGrpTypeReq) referenced from gatt_server.o(.constdata)
 <LI><a href="#[b9]">gattProcessReadByTypeReq</a> from gatt_server.o(i.gattProcessReadByTypeReq) referenced from gatt_server.o(.constdata)
 <LI><a href="#[be]">gattProcessReadMultiReq</a> from gatt_server.o(i.gattProcessReadMultiReq) referenced from gatt_server.o(.constdata)
 <LI><a href="#[bb]">gattProcessReadReq</a> from gatt_server.o(i.gattProcessReadReq) referenced 2 times from gatt_server.o(.constdata)
 <LI><a href="#[c1]">gattProcessWriteReq</a> from gatt_server.o(i.gattProcessWriteReq) referenced 2 times from gatt_server.o(.constdata)
 <LI><a href="#[84]">gattServApp_HandleConnStatusCB</a> from gattservapp.o(i.gattServApp_HandleConnStatusCB) referenced from gattservapp.o(i.GATTServApp_Init)
 <LI><a href="#[a9]">gattServApp_WriteAttrCB</a> from gattservapp.o(i.gattServApp_WriteAttrCB) referenced from gattservapp.o(.constdata)
 <LI><a href="#[8b]">gattServerHandleConnStatusCB</a> from gatt_server.o(i.gattServerHandleConnStatusCB) referenced from gatt_server.o(i.GATT_InitServer)
 <LI><a href="#[87]">gattServerHandleTimerCB</a> from gatt_server.o(i.gattServerHandleTimerCB) referenced from gatt_server.o(i.GATT_Indication)
 <LI><a href="#[8a]">gattServerProcessMsgCB</a> from gatt_server.o(i.gattServerProcessMsgCB) referenced from gatt_server.o(i.GATT_InitServer)
 <LI><a href="#[a7]">ggs_ReadAttrCB</a> from gapgattserver.o(i.ggs_ReadAttrCB) referenced from gapgattserver.o(.constdata)
 <LI><a href="#[a8]">ggs_WriteAttrCB</a> from gapgattserver.o(i.ggs_WriteAttrCB) referenced from gapgattserver.o(.constdata)
 <LI><a href="#[4e]">hal_UART0_IRQHandler</a> from uart.o(_section_sram_code_) referenced from uart.o(i.uart_hw_init)
 <LI><a href="#[4e]">hal_UART0_IRQHandler</a> from uart.o(_section_sram_code_) referenced from jump_table.o(jump_table_mem_area)
 <LI><a href="#[4d]">hal_UART1_IRQHandler</a> from uart.o(_section_sram_code_) referenced from uart.o(i.uart_hw_init)
 <LI><a href="#[31]">hal_gpio_sleep_handler</a> from gpio.o(i.hal_gpio_sleep_handler) referenced from gpio.o(i.hal_gpio_init)
 <LI><a href="#[30]">hal_gpio_wakeup_handler</a> from gpio.o(i.hal_gpio_wakeup_handler) referenced from gpio.o(i.hal_gpio_init)
 <LI><a href="#[5b]">hal_pwrmgr_sleep_process</a> from pwrmgr.o(i.hal_pwrmgr_sleep_process) referenced from jump_table.o(jump_table_mem_area)
 <LI><a href="#[5c]">hal_pwrmgr_wakeup_process</a> from pwrmgr.o(i.hal_pwrmgr_wakeup_process) referenced from jump_table.o(jump_table_mem_area)
 <LI><a href="#[5e]">hard_fault</a> from jump_table.o(.emb_text) referenced from jump_table.o(jump_table_mem_area)
 <LI><a href="#[33]">hw_spif_cache_config</a> from flash.o(i.hw_spif_cache_config) referenced from flash.o(i.hal_spif_cache_init)
 <LI><a href="#[8d]">l2capBuildParamUpdateReq</a> from l2cap_util.o(i.l2capBuildParamUpdateReq) referenced from l2cap_if.o(i.L2CAP_ConnParamUpdateReq)
 <LI><a href="#[98]">l2capHandleTimerCB</a> from l2cap_util.o(i.l2capHandleTimerCB) referenced from l2cap_util.o(i.l2capSendReq)
 <LI><a href="#[68]">l2capPocessFragmentTxData</a> from l2cap_util.o(_section_sram_code_) referenced from patch.o(_section_xip_code_)
 <LI><a href="#[47]">llCalcMaxScanTime1</a> from patch.o(i.llCalcMaxScanTime1) referenced from patch.o(i.ll_patch_slave)
 <LI><a href="#[6d]">llConnTerminate1</a> from patch.o(i.llConnTerminate1) referenced from patch.o(_section_xip_code_)
 <LI><a href="#[38]">llMasterEvt_TaskEndOk1</a> from patch.o(i.llMasterEvt_TaskEndOk1) referenced from patch.o(i.ll_patch_master)
 <LI><a href="#[3e]">llProcessMasterControlProcedures1</a> from patch.o(i.llProcessMasterControlProcedures1) referenced from patch.o(i.ll_patch_master)
 <LI><a href="#[3f]">llProcessSlaveControlProcedures1</a> from patch.o(i.llProcessSlaveControlProcedures1) referenced from patch.o(i.ll_patch_master)
 <LI><a href="#[6a]">llProcessTxData1</a> from patch.o(i.llProcessTxData1) referenced from patch.o(_section_xip_code_)
 <LI><a href="#[48]">llSecAdvAllow1</a> from patch.o(i.llSecAdvAllow1) referenced from patch.o(i.ll_patch_slave)
 <LI><a href="#[4b]">llSetupNextSlaveEvent1</a> from patch.o(i.llSetupNextSlaveEvent1) referenced from patch.o(i.ll_patch_slave)
 <LI><a href="#[49]">llSetupSecAdvEvt1</a> from patch.o(i.llSetupSecAdvEvt1) referenced from patch.o(i.ll_patch_slave)
 <LI><a href="#[42]">llSetupSecScan1</a> from patch.o(i.llSetupSecScan1) referenced from patch.o(i.ll_patch_master)
 <LI><a href="#[6c]">ll_adptive_adj_next_time1</a> from patch.o(i.ll_adptive_adj_next_time1) referenced from patch.o(_section_xip_code_)
 <LI><a href="#[6b]">ll_generateTxBuffer1</a> from patch.o(i.ll_generateTxBuffer1) referenced from patch.o(_section_xip_code_)
 <LI><a href="#[5f]">ll_hw_go1</a> from patch.o(i.ll_hw_go1) referenced from patch.o(_section_xip_code_)
 <LI><a href="#[40]">ll_processBasicIRQ_SRX0</a> from patch.o(i.ll_processBasicIRQ_SRX0) referenced from patch.o(i.ll_patch_master)
 <LI><a href="#[41]">ll_processBasicIRQ_ScanTRX0</a> from patch.o(i.ll_processBasicIRQ_ScanTRX0) referenced from patch.o(i.ll_patch_master)
 <LI><a href="#[44]">ll_processBasicIRQ_secondaryAdvTRX0</a> from patch.o(i.ll_processBasicIRQ_secondaryAdvTRX0) referenced from patch.o(i.ll_patch_multi)
 <LI><a href="#[46]">ll_processBasicIRQ_secondaryInitSRX0</a> from patch.o(i.ll_processBasicIRQ_secondaryInitSRX0) referenced from patch.o(i.ll_patch_multi)
 <LI><a href="#[45]">ll_processBasicIRQ_secondaryScanSRX0</a> from patch.o(i.ll_processBasicIRQ_secondaryScanSRX0) referenced from patch.o(i.ll_patch_multi)
 <LI><a href="#[43]">ll_scheduler1</a> from patch.o(i.ll_scheduler1) referenced from patch.o(i.ll_patch_multi)
 <LI><a href="#[4a]">ll_scheduler2</a> from patch.o(i.ll_scheduler2) referenced from patch.o(i.ll_patch_slave)
 <LI><a href="#[2b]">main</a> from main.o(i.main) referenced from entry9a.o(.ARM.Collect$$$$0000000B)
 <LI><a href="#[8f]">multiProfile_HandleConnStatusCB</a> from multiroleprofile.o(i.multiProfile_HandleConnStatusCB) referenced from multiroleprofile.o(i.MultiProfile_AddService)
 <LI><a href="#[aa]">multiProfile_ReadAttrCB</a> from multiroleprofile.o(i.multiProfile_ReadAttrCB) referenced from multiroleprofile.o(.constdata)
 <LI><a href="#[ab]">multiProfile_WriteAttrCB</a> from multiroleprofile.o(i.multiProfile_WriteAttrCB) referenced from multiroleprofile.o(.constdata)
 <LI><a href="#[59]">multiRoleApp_ProcessEvent</a> from multi_role.o(i.multiRoleApp_ProcessEvent) referenced from osal_multi_role.o(.constdata)
 <LI><a href="#[ac]">multiRoleEachScanCB</a> from multi_role.o(i.multiRoleEachScanCB) referenced from multi_role.o(.constdata)
 <LI><a href="#[b0]">multiRoleEstablishCB</a> from multi_role.o(i.multiRoleEstablishCB) referenced from multi_role.o(.constdata)
 <LI><a href="#[af]">multiRoleNotifyCB</a> from multi_role.o(i.multiRoleNotifyCB) referenced from multi_role.o(.constdata)
 <LI><a href="#[a6]">multiRolePairStateCB</a> from multi.o(i.multiRolePairStateCB) referenced from multi.o(.constdata)
 <LI><a href="#[a5]">multiRolePasscodeCB</a> from multi.o(i.multiRolePasscodeCB) referenced from multi.o(.constdata)
 <LI><a href="#[0]">multiRoleProfileChangeCB</a> from multi_role.o(i.multiRoleProfileChangeCB) referenced 2 times from multi_role.o(.data)
 <LI><a href="#[ae]">multiRoleSDPCB</a> from multi_role.o(i.multiRoleSDPCB) referenced from multi_role.o(.constdata)
 <LI><a href="#[ad]">multiRoleScanDoneCB</a> from multi_role.o(i.multiRoleScanDoneCB) referenced from multi_role.o(.constdata)
 <LI><a href="#[b1]">multiRoleTerminateCB</a> from multi_role.o(i.multiRoleTerminateCB) referenced from multi_role.o(.constdata)
 <LI><a href="#[5a]">osalInitTasks</a> from osal_multi_role.o(i.osalInitTasks) referenced from jump_table.o(jump_table_mem_area)
 <LI><a href="#[51]">osal_CbTimerProcessEvent</a> from bb_rom_sym_m0.txt(ABSOLUTE) referenced from osal_multi_role.o(.constdata)
 <LI><a href="#[32]">osal_idle_task</a> from pwrmgr.o(_section_sram_code_) referenced from pwrmgr.o(i.hal_pwrmgr_init)
 <LI><a href="#[61]">rf_calibrate1</a> from rf_phy_driver.o(i.rf_calibrate1) referenced from patch.o(_section_xip_code_)
 <LI><a href="#[62]">rf_phy_change_cfg0</a> from rf_phy_driver.o(i.rf_phy_change_cfg0) referenced from patch.o(_section_xip_code_)
 <LI><a href="#[5d]">rf_phy_ini</a> from rf_phy_driver.o(i.rf_phy_ini) referenced from jump_table.o(jump_table_mem_area)
 <LI><a href="#[9]">smInitiatorSendNextKeyInfo</a> from sm_intpairing.o(i.smInitiatorSendNextKeyInfo) referenced 2 times from sm_intpairing.o(.data)
 <LI><a href="#[93]">smLinkCheck</a> from sm_pairing.o(i.smLinkCheck) referenced from sm_task.o(i.SM_Init)
 <LI><a href="#[d]">smResponderProcessLTKReq</a> from sm_rsppairing.o(i.smResponderProcessLTKReq) referenced 2 times from sm_rsppairing.o(.data)
 <LI><a href="#[c]">smResponderSendNextKeyInfo</a> from sm_rsppairing.o(i.smResponderSendNextKeyInfo) referenced 2 times from sm_rsppairing.o(.data)
 <LI><a href="#[9d]">smState_timerCB</a> from sm_task.o(i.smState_timerCB) referenced from sm_intpairing.o(i.smInitiatorSendNextKeyInfo)
 <LI><a href="#[9d]">smState_timerCB</a> from sm_task.o(i.smState_timerCB) referenced from sm_rsppairing.o(i.smResponderSendNextKeyInfo)
 <LI><a href="#[a4]">smTo_timerCB</a> from sm_task.o(i.smTo_timerCB) referenced from sm_mgr.o(i.smStartRspTimer)
 <LI><a href="#[9e]">smpBuildEncInfo</a> from smp.o(i.smpBuildEncInfo) referenced from sm_pairing.o(i.smPairingSendEncInfo)
 <LI><a href="#[9f]">smpBuildIdentityAddrInfo</a> from smp.o(i.smpBuildIdentityAddrInfo) referenced from sm_pairing.o(i.smPairingSendIdentityAddrInfo)
 <LI><a href="#[a0]">smpBuildIdentityInfo</a> from smp.o(i.smpBuildIdentityInfo) referenced from sm_pairing.o(i.smPairingSendIdentityInfo)
 <LI><a href="#[a1]">smpBuildMasterID</a> from smp.o(i.smpBuildMasterID) referenced from sm_pairing.o(i.smPairingSendMasterID)
 <LI><a href="#[99]">smpBuildPairingConfirm</a> from smp.o(i.smpBuildPairingConfirm) referenced from sm_pairing.o(i.smGenerateConfirm)
 <LI><a href="#[a3]">smpBuildPairingFailed</a> from smp.o(i.smpBuildPairingFailed) referenced from sm_pairing.o(i.smSendFailAndEnd)
 <LI><a href="#[9c]">smpBuildPairingRandom</a> from smp.o(i.smpBuildPairingRandom) referenced from sm_pairing.o(i.smGenerateRandMsg)
 <LI><a href="#[9a]">smpBuildPairingReq</a> from smp.o(i.smpBuildPairingReq) referenced from sm_pairing.o(i.smGeneratePairingReqRsp)
 <LI><a href="#[9b]">smpBuildPairingRsp</a> from smp.o(i.smpBuildPairingRsp) referenced from sm_pairing.o(i.smGeneratePairingReqRsp)
 <LI><a href="#[83]">smpBuildSecurityReq</a> from smp.o(i.smpBuildSecurityReq) referenced from gap_perilinkmgr.o(i.GAP_SendSlaveSecurityRequest)
 <LI><a href="#[a2]">smpBuildSigningInfo</a> from smp.o(i.smpBuildSigningInfo) referenced from sm_pairing.o(i.smPairingSendSingingInfo)
 <LI><a href="#[8]">smpInitiatorProcessIncoming</a> from sm_intpairing.o(i.smpInitiatorProcessIncoming) referenced 2 times from sm_intpairing.o(.data)
 <LI><a href="#[b]">smpResponderProcessIncoming</a> from sm_rsppairing.o(i.smpResponderProcessIncoming) referenced 2 times from sm_rsppairing.o(.data)
 <LI><a href="#[35]">uart_wakeup_process_0</a> from uart.o(i.uart_wakeup_process_0) referenced from uart.o(i.hal_uart_init)
 <LI><a href="#[34]">uart_wakeup_process_1</a> from uart.o(i.uart_wakeup_process_1) referenced from uart.o(i.hal_uart_init)
 <LI><a href="#[67]">wakeupProcess1</a> from patch.o(i.wakeupProcess1) referenced from patch.o(_section_xip_code_)
 <LI><a href="#[66]">wakeup_init1</a> from patch.o(i.wakeup_init1) referenced from patch.o(_section_xip_code_)
</UL>
<P>
<H3>
Global Symbols
</H3>
<P><STRONG><a name="[ef]"></a>__aeabi_uidivmod</STRONG> (Thumb, 0 bytes, Stack size 0 bytes, bb_rom_sym_m0.txt(ABSOLUTE))
<BR><BR>[Called By]<UL><LI><a href="#[16e]">&gt;&gt;</a>&nbsp;&nbsp;&nbsp;uart_hw_init (via Veneer)
<LI><a href="#[23d]">&gt;&gt;</a>&nbsp;&nbsp;&nbsp;GAPBondMgr_PasscodeRsp (via Veneer)
<LI><a href="#[147]">&gt;&gt;</a>&nbsp;&nbsp;&nbsp;hal_fs_item_write (via Veneer)
<LI><a href="#[144]">&gt;&gt;</a>&nbsp;&nbsp;&nbsp;hal_fs_item_del (via Veneer)
<LI><a href="#[13f]">&gt;&gt;</a>&nbsp;&nbsp;&nbsp;hal_fs_garbage_collect (via Veneer)
<LI><a href="#[134]">&gt;&gt;</a>&nbsp;&nbsp;&nbsp;fs_search_items (via Veneer)
<LI><a href="#[1d5]">&gt;&gt;</a>&nbsp;&nbsp;&nbsp;number (via Veneer)
<LI><a href="#[35d]">&gt;&gt;</a>&nbsp;&nbsp;&nbsp;gattServApp_ProcessReadByTypeReq (via Veneer)
<LI><a href="#[35f]">&gt;&gt;</a>&nbsp;&nbsp;&nbsp;gattServApp_ProcessReadByGrpTypeReq (via Veneer)
<LI><a href="#[246]">&gt;&gt;</a>&nbsp;&nbsp;&nbsp;gapBondMgrAddBond (via Veneer)
<LI><a href="#[67]">&gt;&gt;</a>&nbsp;&nbsp;&nbsp;wakeupProcess1 (via Veneer)
<LI><a href="#[43]">&gt;&gt;</a>&nbsp;&nbsp;&nbsp;ll_scheduler1 (via Veneer)
<LI><a href="#[41]">&gt;&gt;</a>&nbsp;&nbsp;&nbsp;ll_processBasicIRQ_ScanTRX0 (via Veneer)
<LI><a href="#[6c]">&gt;&gt;</a>&nbsp;&nbsp;&nbsp;ll_adptive_adj_next_time1 (via Veneer)
<LI><a href="#[e7]">&gt;&gt;</a>&nbsp;&nbsp;&nbsp;LL_ConnUpdate1 (via Veneer)
<LI><a href="#[95]">&gt;&gt;</a>&nbsp;&nbsp;&nbsp;ATT_ParseReadByTypeRsp (via Veneer)
<LI><a href="#[85]">&gt;&gt;</a>&nbsp;&nbsp;&nbsp;ATT_ParseReadByGrpTypeRsp (via Veneer)
<LI><a href="#[369]">&gt;&gt;</a>&nbsp;&nbsp;&nbsp;l2capPktToSegmentBuff (via Veneer)
</UL>

<P><STRONG><a name="[133]"></a>__aeabi_idivmod</STRONG> (Thumb, 0 bytes, Stack size 0 bytes, bb_rom_sym_m0.txt(ABSOLUTE))
<BR><BR>[Called By]<UL><LI><a href="#[141]">&gt;&gt;</a>&nbsp;&nbsp;&nbsp;hal_fs_get_free_size (via Veneer)
<LI><a href="#[12f]">&gt;&gt;</a>&nbsp;&nbsp;&nbsp;fs_init (via Veneer)
<LI><a href="#[1ef]">&gt;&gt;</a>&nbsp;&nbsp;&nbsp;rf_phy_dtm_trigged (via Veneer)
</UL>

<P><STRONG><a name="[1cd]"></a>__aeabi_memcpy</STRONG> (Thumb, 0 bytes, Stack size 0 bytes, bb_rom_sym_m0.txt(ABSOLUTE))
<BR><BR>[Called By]<UL><LI><a href="#[16f]">&gt;&gt;</a>&nbsp;&nbsp;&nbsp;txmit_buf_use_tx_buf (via Veneer)
<LI><a href="#[2d6]">&gt;&gt;</a>&nbsp;&nbsp;&nbsp;GGS_SetParameter (via Veneer)
<LI><a href="#[46]">&gt;&gt;</a>&nbsp;&nbsp;&nbsp;ll_processBasicIRQ_secondaryInitSRX0 (via Veneer)
</UL>

<P><STRONG><a name="[15e]"></a>__aeabi_memcpy4</STRONG> (Thumb, 0 bytes, Stack size 0 bytes, bb_rom_sym_m0.txt(ABSOLUTE))
<BR><BR>[Called By]<UL><LI><a href="#[15d]">&gt;&gt;</a>&nbsp;&nbsp;&nbsp;hal_low_power_io_init (via Veneer)
<LI><a href="#[2fc]">&gt;&gt;</a>&nbsp;&nbsp;&nbsp;bdAddr2Str (via Veneer)
<LI><a href="#[385]">&gt;&gt;</a>&nbsp;&nbsp;&nbsp;multiRoleAPP_AdvInit (via Veneer)
</UL>

<P><STRONG><a name="[14f]"></a>__aeabi_memclr4</STRONG> (Thumb, 0 bytes, Stack size 0 bytes, bb_rom_sym_m0.txt(ABSOLUTE))
<BR><BR>[Called By]<UL><LI><a href="#[12d]">&gt;&gt;</a>&nbsp;&nbsp;&nbsp;hal_uart_init (via Veneer)
<LI><a href="#[162]">&gt;&gt;</a>&nbsp;&nbsp;&nbsp;hal_pwrmgr_init (via Veneer)
<LI><a href="#[14e]">&gt;&gt;</a>&nbsp;&nbsp;&nbsp;hal_gpio_init (via Veneer)
</UL>

<P><STRONG><a name="[f5]"></a>__aeabi_uread4</STRONG> (Thumb, 0 bytes, Stack size 0 bytes, bb_rom_sym_m0.txt(ABSOLUTE))
<BR><BR>[Called By]<UL><LI><a href="#[64]">&gt;&gt;</a>&nbsp;&nbsp;&nbsp;LL_ENC_Encrypt1 (via Veneer)
<LI><a href="#[3d]">&gt;&gt;</a>&nbsp;&nbsp;&nbsp;LL_ENC_Decrypt1 (via Veneer)
</UL>

<P><STRONG><a name="[eb]"></a>HCI_CommandCompleteEvent</STRONG> (Thumb, 0 bytes, Stack size 0 bytes, bb_rom_sym_m0.txt(ABSOLUTE))
<BR><BR>[Called By]<UL><LI><a href="#[ec]">&gt;&gt;</a>&nbsp;&nbsp;&nbsp;HCI_LE_LtkReqReplyCmd (via Veneer)
<LI><a href="#[e9]">&gt;&gt;</a>&nbsp;&nbsp;&nbsp;HCI_LE_LtkReqNegReplyCmd (via Veneer)
</UL>

<P><STRONG><a name="[e8]"></a>HCI_CommandStatusEvent</STRONG> (Thumb, 0 bytes, Stack size 0 bytes, bb_rom_sym_m0.txt(ABSOLUTE))
<BR><BR>[Called By]<UL><LI><a href="#[e6]">&gt;&gt;</a>&nbsp;&nbsp;&nbsp;HCI_LE_ConnUpdateCmd (via Veneer)
</UL>

<P><STRONG><a name="[2a1]"></a>HCI_DisconnectCmd</STRONG> (Thumb, 0 bytes, Stack size 0 bytes, bb_rom_sym_m0.txt(ABSOLUTE))
<BR><BR>[Called By]<UL><LI><a href="#[248]">&gt;&gt;</a>&nbsp;&nbsp;&nbsp;GAP_TerminateLinkReq (via Veneer)
<LI><a href="#[2a0]">&gt;&gt;</a>&nbsp;&nbsp;&nbsp;disconnectNext (via Veneer)
</UL>

<P><STRONG><a name="[28b]"></a>HCI_GAPTaskRegister</STRONG> (Thumb, 0 bytes, Stack size 0 bytes, bb_rom_sym_m0.txt(ABSOLUTE))
<BR><BR>[Called By]<UL><LI><a href="#[1e2]">&gt;&gt;</a>&nbsp;&nbsp;&nbsp;GAP_Init (via Veneer)
</UL>

<P><STRONG><a name="[2df]"></a>HCI_HostNumCompletedPktCmd</STRONG> (Thumb, 0 bytes, Stack size 0 bytes, bb_rom_sym_m0.txt(ABSOLUTE))
<BR><BR>[Called By]<UL><LI><a href="#[2c0]">&gt;&gt;</a>&nbsp;&nbsp;&nbsp;L2CAP_HostNumCompletedPkts (via Veneer)
</UL>

<P><STRONG><a name="[1de]"></a>HCI_Init</STRONG> (Thumb, 0 bytes, Stack size 0 bytes, bb_rom_sym_m0.txt(ABSOLUTE))
<BR><BR>[Called By]<UL><LI><a href="#[5a]">&gt;&gt;</a>&nbsp;&nbsp;&nbsp;osalInitTasks (via Veneer)
</UL>

<P><STRONG><a name="[2e0]"></a>HCI_L2CAPTaskRegister</STRONG> (Thumb, 0 bytes, Stack size 0 bytes, bb_rom_sym_m0.txt(ABSOLUTE))
<BR><BR>[Called By]<UL><LI><a href="#[1e0]">&gt;&gt;</a>&nbsp;&nbsp;&nbsp;L2CAP_Init (via Veneer)
</UL>

<P><STRONG><a name="[322]"></a>HCI_LE_AddWhiteListCmd</STRONG> (Thumb, 0 bytes, Stack size 0 bytes, bb_rom_sym_m0.txt(ABSOLUTE))
<BR><BR>[Called By]<UL><LI><a href="#[31d]">&gt;&gt;</a>&nbsp;&nbsp;&nbsp;gapBondMgr_SyncWhiteList (via Veneer)
</UL>

<P><STRONG><a name="[321]"></a>HCI_LE_ClearWhiteListCmd</STRONG> (Thumb, 0 bytes, Stack size 0 bytes, bb_rom_sym_m0.txt(ABSOLUTE))
<BR><BR>[Called By]<UL><LI><a href="#[31d]">&gt;&gt;</a>&nbsp;&nbsp;&nbsp;gapBondMgr_SyncWhiteList (via Veneer)
</UL>

<P><STRONG><a name="[323]"></a>HCI_LE_CreateConnCancelCmd</STRONG> (Thumb, 0 bytes, Stack size 0 bytes, bb_rom_sym_m0.txt(ABSOLUTE))
<BR><BR>[Called By]<UL><LI><a href="#[3]">&gt;&gt;</a>&nbsp;&nbsp;&nbsp;gapCancelLinkReq (via Veneer)
</UL>

<P><STRONG><a name="[288]"></a>HCI_LE_CreateConnCmd</STRONG> (Thumb, 0 bytes, Stack size 0 bytes, bb_rom_sym_m0.txt(ABSOLUTE))
<BR><BR>[Called By]<UL><LI><a href="#[25c]">&gt;&gt;</a>&nbsp;&nbsp;&nbsp;GAP_EstablishLinkReq (via Veneer)
</UL>

<P><STRONG><a name="[3b0]"></a>HCI_LE_RandCmd</STRONG> (Thumb, 0 bytes, Stack size 0 bytes, bb_rom_sym_m0.txt(ABSOLUTE))
<BR><BR>[Called By]<UL><LI><a href="#[3af]">&gt;&gt;</a>&nbsp;&nbsp;&nbsp;smProcessRandComplete (via Veneer)
</UL>

<P><STRONG><a name="[344]"></a>HCI_LE_ReadBufSizeCmd</STRONG> (Thumb, 0 bytes, Stack size 0 bytes, bb_rom_sym_m0.txt(ABSOLUTE))
<BR><BR>[Called By]<UL><LI><a href="#[33f]">&gt;&gt;</a>&nbsp;&nbsp;&nbsp;gapReadBD_ADDRStatus (via Veneer)
</UL>

<P><STRONG><a name="[2a3]"></a>HCI_LE_SetAdvDataCmd</STRONG> (Thumb, 0 bytes, Stack size 0 bytes, bb_rom_sym_m0.txt(ABSOLUTE))
<BR><BR>[Called By]<UL><LI><a href="#[2a2]">&gt;&gt;</a>&nbsp;&nbsp;&nbsp;GAP_UpdateAdvertisingData (via Veneer)
</UL>

<P><STRONG><a name="[285]"></a>HCI_LE_SetAdvEnableCmd</STRONG> (Thumb, 0 bytes, Stack size 0 bytes, bb_rom_sym_m0.txt(ABSOLUTE))
<BR><BR>[Called By]<UL><LI><a href="#[284]">&gt;&gt;</a>&nbsp;&nbsp;&nbsp;GAP_EndDiscoverable (via Veneer)
<LI><a href="#[32b]">&gt;&gt;</a>&nbsp;&nbsp;&nbsp;gapSetAdvParamsStatus (via Veneer)
</UL>

<P><STRONG><a name="[34b]"></a>HCI_LE_SetAdvParamCmd</STRONG> (Thumb, 0 bytes, Stack size 0 bytes, bb_rom_sym_m0.txt(ABSOLUTE))
<BR><BR>[Called By]<UL><LI><a href="#[7]">&gt;&gt;</a>&nbsp;&nbsp;&nbsp;gapSetAdvParams (via Veneer)
</UL>

<P><STRONG><a name="[309]"></a>HCI_LE_SetDataLengthCmd</STRONG> (Thumb, 0 bytes, Stack size 0 bytes, bb_rom_sym_m0.txt(ABSOLUTE))
<BR><BR>[Called By]<UL><LI><a href="#[92]">&gt;&gt;</a>&nbsp;&nbsp;&nbsp;Multi_centralAction (via Veneer)
</UL>

<P><STRONG><a name="[341]"></a>HCI_LE_SetRandomAddressCmd</STRONG> (Thumb, 0 bytes, Stack size 0 bytes, bb_rom_sym_m0.txt(ABSOLUTE))
<BR><BR>[Called By]<UL><LI><a href="#[299]">&gt;&gt;</a>&nbsp;&nbsp;&nbsp;gapProcessNewAddr (via Veneer)
</UL>

<P><STRONG><a name="[348]"></a>HCI_LE_SetScanEnableCmd</STRONG> (Thumb, 0 bytes, Stack size 0 bytes, bb_rom_sym_m0.txt(ABSOLUTE))
<BR><BR>[Called By]<UL><LI><a href="#[27c]">&gt;&gt;</a>&nbsp;&nbsp;&nbsp;gapSendScanEnable (via Veneer)
</UL>

<P><STRONG><a name="[27d]"></a>HCI_LE_SetScanParamCmd</STRONG> (Thumb, 0 bytes, Stack size 0 bytes, bb_rom_sym_m0.txt(ABSOLUTE))
<BR><BR>[Called By]<UL><LI><a href="#[26c]">&gt;&gt;</a>&nbsp;&nbsp;&nbsp;GAP_DeviceDiscoveryRequest (via Veneer)
</UL>

<P><STRONG><a name="[2a4]"></a>HCI_LE_SetScanRspDataCmd</STRONG> (Thumb, 0 bytes, Stack size 0 bytes, bb_rom_sym_m0.txt(ABSOLUTE))
<BR><BR>[Called By]<UL><LI><a href="#[2a2]">&gt;&gt;</a>&nbsp;&nbsp;&nbsp;GAP_UpdateAdvertisingData (via Veneer)
</UL>

<P><STRONG><a name="[316]"></a>HCI_LE_StartEncyptCmd</STRONG> (Thumb, 0 bytes, Stack size 0 bytes, bb_rom_sym_m0.txt(ABSOLUTE))
<BR><BR>[Called By]<UL><LI><a href="#[a]">&gt;&gt;</a>&nbsp;&nbsp;&nbsp;SM_StartEncryption (via Veneer)
</UL>

<P><STRONG><a name="[50]"></a>HCI_ProcessEvent</STRONG> (Thumb, 0 bytes, Stack size 0 bytes, bb_rom_sym_m0.txt(ABSOLUTE), UNUSED)
<BR>[Address Reference Count : 1]<UL><LI> osal_multi_role.o(.constdata)
</UL>
<P><STRONG><a name="[290]"></a>HCI_ReadBDADDRCmd</STRONG> (Thumb, 0 bytes, Stack size 0 bytes, bb_rom_sym_m0.txt(ABSOLUTE))
<BR><BR>[Called By]<UL><LI><a href="#[27f]">&gt;&gt;</a>&nbsp;&nbsp;&nbsp;GAP_ParamsInit (via Veneer)
</UL>

<P><STRONG><a name="[310]"></a>HCI_SMPTaskRegister</STRONG> (Thumb, 0 bytes, Stack size 0 bytes, bb_rom_sym_m0.txt(ABSOLUTE))
<BR><BR>[Called By]<UL><LI><a href="#[1e1]">&gt;&gt;</a>&nbsp;&nbsp;&nbsp;SM_Init (via Veneer)
</UL>

<P><STRONG><a name="[e4]"></a>HCI_SendDataPkt</STRONG> (Thumb, 0 bytes, Stack size 0 bytes, bb_rom_sym_m0.txt(ABSOLUTE))
<BR><BR>[Called By]<UL><LI><a href="#[e3]">&gt;&gt;</a>&nbsp;&nbsp;&nbsp;L2CAP_Fragment_SendDataPkt (via Veneer)
</UL>

<P><STRONG><a name="[340]"></a>HCI_ValidConnTimeParams</STRONG> (Thumb, 0 bytes, Stack size 0 bytes, bb_rom_sym_m0.txt(ABSOLUTE))
<BR><BR>[Called By]<UL><LI><a href="#[330]">&gt;&gt;</a>&nbsp;&nbsp;&nbsp;gapProcessL2CAPSignalEvt (via Veneer)
</UL>

<P><STRONG><a name="[2ea]"></a>HCI_bm_alloc</STRONG> (Thumb, 0 bytes, Stack size 0 bytes, bb_rom_sym_m0.txt(ABSOLUTE))
<BR><BR>[Called By]<UL><LI><a href="#[2e9]">&gt;&gt;</a>&nbsp;&nbsp;&nbsp;L2CAP_bm_alloc (via Veneer)
</UL>

<P><STRONG><a name="[10]"></a>HardFault_Handler</STRONG> (Thumb, 0 bytes, Stack size 0 bytes, bb_rom_sym_m0.txt(ABSOLUTE), UNUSED)
<BR>[Address Reference Count : 1]<UL><LI> startup_armcm0.o(RESET)
</UL>
<P><STRONG><a name="[1c3]"></a>LL_AdvReportCback</STRONG> (Thumb, 0 bytes, Stack size 0 bytes, bb_rom_sym_m0.txt(ABSOLUTE))
<BR><BR>[Called By]<UL><LI><a href="#[45]">&gt;&gt;</a>&nbsp;&nbsp;&nbsp;ll_processBasicIRQ_secondaryScanSRX0 (via Veneer)
<LI><a href="#[41]">&gt;&gt;</a>&nbsp;&nbsp;&nbsp;ll_processBasicIRQ_ScanTRX0 (via Veneer)
<LI><a href="#[40]">&gt;&gt;</a>&nbsp;&nbsp;&nbsp;ll_processBasicIRQ_SRX0 (via Veneer)
</UL>

<P><STRONG><a name="[ee]"></a>LL_ConnActive</STRONG> (Thumb, 0 bytes, Stack size 0 bytes, bb_rom_sym_m0.txt(ABSOLUTE))
<BR><BR>[Called By]<UL><LI><a href="#[3c]">&gt;&gt;</a>&nbsp;&nbsp;&nbsp;LL_StartEncrypt1 (via Veneer)
<LI><a href="#[ed]">&gt;&gt;</a>&nbsp;&nbsp;&nbsp;LL_EncLtkReply (via Veneer)
<LI><a href="#[ea]">&gt;&gt;</a>&nbsp;&nbsp;&nbsp;LL_EncLtkNegReply (via Veneer)
<LI><a href="#[e7]">&gt;&gt;</a>&nbsp;&nbsp;&nbsp;LL_ConnUpdate1 (via Veneer)
</UL>

<P><STRONG><a name="[f1]"></a>LL_CreateConn0</STRONG> (Thumb, 0 bytes, Stack size 0 bytes, bb_rom_sym_m0.txt(ABSOLUTE))
<BR><BR>[Called By]<UL><LI><a href="#[3b]">&gt;&gt;</a>&nbsp;&nbsp;&nbsp;LL_CreateConn1 (via Veneer)
</UL>

<P><STRONG><a name="[199]"></a>LL_ENC_AES128_Encrypt</STRONG> (Thumb, 0 bytes, Stack size 0 bytes, bb_rom_sym_m0.txt(ABSOLUTE))
<BR><BR>[Called By]<UL><LI><a href="#[3f]">&gt;&gt;</a>&nbsp;&nbsp;&nbsp;llProcessSlaveControlProcedures1 (via Veneer)
<LI><a href="#[20e]">&gt;&gt;</a>&nbsp;&nbsp;&nbsp;TRNG_Rand (via Veneer)
</UL>

<P><STRONG><a name="[f2]"></a>LL_ENC_AES128_Encrypt0</STRONG> (Thumb, 0 bytes, Stack size 0 bytes, bb_rom_sym_m0.txt(ABSOLUTE))
<BR><BR>[Called By]<UL><LI><a href="#[63]">&gt;&gt;</a>&nbsp;&nbsp;&nbsp;LL_ENC_AES128_Encrypt1 (via Veneer)
<LI><a href="#[11c]">&gt;&gt;</a>&nbsp;&nbsp;&nbsp;finidv (via Veneer)
</UL>

<P><STRONG><a name="[1ae]"></a>LL_ENC_Encrypt</STRONG> (Thumb, 0 bytes, Stack size 0 bytes, bb_rom_sym_m0.txt(ABSOLUTE))
<BR><BR>[Called By]<UL><LI><a href="#[185]">&gt;&gt;</a>&nbsp;&nbsp;&nbsp;llSetupStartEncRsp (via Veneer)
</UL>

<P><STRONG><a name="[117]"></a>LL_ENC_GenDeviceIV</STRONG> (Thumb, 0 bytes, Stack size 0 bytes, bb_rom_sym_m0.txt(ABSOLUTE))
<BR><BR>[Called By]<UL><LI><a href="#[3c]">&gt;&gt;</a>&nbsp;&nbsp;&nbsp;LL_StartEncrypt1 (via Veneer)
</UL>

<P><STRONG><a name="[116]"></a>LL_ENC_GenDeviceSKD</STRONG> (Thumb, 0 bytes, Stack size 0 bytes, bb_rom_sym_m0.txt(ABSOLUTE))
<BR><BR>[Called By]<UL><LI><a href="#[3c]">&gt;&gt;</a>&nbsp;&nbsp;&nbsp;LL_StartEncrypt1 (via Veneer)
</UL>

<P><STRONG><a name="[f4]"></a>LL_ENC_GenerateNonce</STRONG> (Thumb, 0 bytes, Stack size 0 bytes, bb_rom_sym_m0.txt(ABSOLUTE))
<BR><BR>[Called By]<UL><LI><a href="#[64]">&gt;&gt;</a>&nbsp;&nbsp;&nbsp;LL_ENC_Encrypt1 (via Veneer)
<LI><a href="#[3d]">&gt;&gt;</a>&nbsp;&nbsp;&nbsp;LL_ENC_Decrypt1 (via Veneer)
</UL>

<P><STRONG><a name="[1ca]"></a>LL_ENC_GeneratePseudoRandNum</STRONG> (Thumb, 0 bytes, Stack size 0 bytes, bb_rom_sym_m0.txt(ABSOLUTE))
<BR><BR>[Called By]<UL><LI><a href="#[41]">&gt;&gt;</a>&nbsp;&nbsp;&nbsp;ll_processBasicIRQ_ScanTRX0 (via Veneer)
</UL>

<P><STRONG><a name="[118]"></a>LL_ENC_GenerateTrueRandNum</STRONG> (Thumb, 0 bytes, Stack size 0 bytes, bb_rom_sym_m0.txt(ABSOLUTE))
<BR><BR>[Called By]<UL><LI><a href="#[3c]">&gt;&gt;</a>&nbsp;&nbsp;&nbsp;LL_StartEncrypt1 (via Veneer)
</UL>

<P><STRONG><a name="[f3]"></a>LL_ENC_LoadKey</STRONG> (Thumb, 0 bytes, Stack size 0 bytes, bb_rom_sym_m0.txt(ABSOLUTE))
<BR><BR>[Called By]<UL><LI><a href="#[64]">&gt;&gt;</a>&nbsp;&nbsp;&nbsp;LL_ENC_Encrypt1 (via Veneer)
<LI><a href="#[3d]">&gt;&gt;</a>&nbsp;&nbsp;&nbsp;LL_ENC_Decrypt1 (via Veneer)
</UL>

<P><STRONG><a name="[183]"></a>LL_EncChangeCback</STRONG> (Thumb, 0 bytes, Stack size 0 bytes, bb_rom_sym_m0.txt(ABSOLUTE))
<BR><BR>[Called By]<UL><LI><a href="#[3f]">&gt;&gt;</a>&nbsp;&nbsp;&nbsp;llProcessSlaveControlProcedures1 (via Veneer)
<LI><a href="#[3e]">&gt;&gt;</a>&nbsp;&nbsp;&nbsp;llProcessMasterControlProcedures1 (via Veneer)
</UL>

<P><STRONG><a name="[184]"></a>LL_EncKeyRefreshCback</STRONG> (Thumb, 0 bytes, Stack size 0 bytes, bb_rom_sym_m0.txt(ABSOLUTE))
<BR><BR>[Called By]<UL><LI><a href="#[3f]">&gt;&gt;</a>&nbsp;&nbsp;&nbsp;llProcessSlaveControlProcedures1 (via Veneer)
<LI><a href="#[3e]">&gt;&gt;</a>&nbsp;&nbsp;&nbsp;llProcessMasterControlProcedures1 (via Veneer)
</UL>

<P><STRONG><a name="[198]"></a>LL_EncLtkReqCback</STRONG> (Thumb, 0 bytes, Stack size 0 bytes, bb_rom_sym_m0.txt(ABSOLUTE))
<BR><BR>[Called By]<UL><LI><a href="#[3f]">&gt;&gt;</a>&nbsp;&nbsp;&nbsp;llProcessSlaveControlProcedures1 (via Veneer)
</UL>

<P><STRONG><a name="[393]"></a>LL_Encrypt</STRONG> (Thumb, 0 bytes, Stack size 0 bytes, bb_rom_sym_m0.txt(ABSOLUTE))
<BR><BR>[Called By]<UL><LI><a href="#[366]">&gt;&gt;</a>&nbsp;&nbsp;&nbsp;smEncryptLocal (via Veneer)
<LI><a href="#[392]">&gt;&gt;</a>&nbsp;&nbsp;&nbsp;smEncrypt (via Veneer)
</UL>

<P><STRONG><a name="[1dd]"></a>LL_Init</STRONG> (Thumb, 0 bytes, Stack size 0 bytes, bb_rom_sym_m0.txt(ABSOLUTE))
<BR><BR>[Called By]<UL><LI><a href="#[5a]">&gt;&gt;</a>&nbsp;&nbsp;&nbsp;osalInitTasks (via Veneer)
</UL>

<P><STRONG><a name="[16b]"></a>LL_InitConnectContext</STRONG> (Thumb, 0 bytes, Stack size 0 bytes, bb_rom_sym_m0.txt(ABSOLUTE))
<BR><BR>[Called By]<UL><LI><a href="#[167]">&gt;&gt;</a>&nbsp;&nbsp;&nbsp;hal_rfphy_init (via Veneer)
</UL>

<P><STRONG><a name="[4f]"></a>LL_ProcessEvent</STRONG> (Thumb, 0 bytes, Stack size 0 bytes, bb_rom_sym_m0.txt(ABSOLUTE), UNUSED)
<BR>[Address Reference Count : 1]<UL><LI> osal_multi_role.o(.constdata)
</UL>
<P><STRONG><a name="[18a]"></a>LL_ReadRemoteUsedFeaturesCompleteCback</STRONG> (Thumb, 0 bytes, Stack size 0 bytes, bb_rom_sym_m0.txt(ABSOLUTE))
<BR><BR>[Called By]<UL><LI><a href="#[3e]">&gt;&gt;</a>&nbsp;&nbsp;&nbsp;llProcessMasterControlProcedures1 (via Veneer)
</UL>

<P><STRONG><a name="[18d]"></a>LL_ReadRemoteVersionInfoCback</STRONG> (Thumb, 0 bytes, Stack size 0 bytes, bb_rom_sym_m0.txt(ABSOLUTE))
<BR><BR>[Called By]<UL><LI><a href="#[3f]">&gt;&gt;</a>&nbsp;&nbsp;&nbsp;llProcessSlaveControlProcedures1 (via Veneer)
<LI><a href="#[3e]">&gt;&gt;</a>&nbsp;&nbsp;&nbsp;llProcessMasterControlProcedures1 (via Veneer)
</UL>

<P><STRONG><a name="[112]"></a>LL_SetAdvParam0</STRONG> (Thumb, 0 bytes, Stack size 0 bytes, bb_rom_sym_m0.txt(ABSOLUTE))
<BR><BR>[Called By]<UL><LI><a href="#[36]">&gt;&gt;</a>&nbsp;&nbsp;&nbsp;LL_SetAdvParam1 (via Veneer)
</UL>

<P><STRONG><a name="[113]"></a>LL_SetDataLengh0</STRONG> (Thumb, 0 bytes, Stack size 0 bytes, bb_rom_sym_m0.txt(ABSOLUTE))
<BR><BR>[Called By]<UL><LI><a href="#[69]">&gt;&gt;</a>&nbsp;&nbsp;&nbsp;LL_SetDataLengh1 (via Veneer)
</UL>

<P><STRONG><a name="[115]"></a>LL_SetScanParam0</STRONG> (Thumb, 0 bytes, Stack size 0 bytes, bb_rom_sym_m0.txt(ABSOLUTE))
<BR><BR>[Called By]<UL><LI><a href="#[39]">&gt;&gt;</a>&nbsp;&nbsp;&nbsp;LL_SetScanParam1 (via Veneer)
</UL>

<P><STRONG><a name="[2de]"></a>LL_TX_bm_alloc</STRONG> (Thumb, 0 bytes, Stack size 0 bytes, bb_rom_sym_m0.txt(ABSOLUTE))
<BR><BR>[Called By]<UL><LI><a href="#[2dd]">&gt;&gt;</a>&nbsp;&nbsp;&nbsp;L2CAP_Fragment_bm_alloc (via Veneer)
</UL>

<P><STRONG><a name="[114]"></a>LL_evt_schedule</STRONG> (Thumb, 0 bytes, Stack size 0 bytes, bb_rom_sym_m0.txt(ABSOLUTE))
<BR><BR>[Called By]<UL><LI><a href="#[41]">&gt;&gt;</a>&nbsp;&nbsp;&nbsp;ll_processBasicIRQ_ScanTRX0 (via Veneer)
<LI><a href="#[40]">&gt;&gt;</a>&nbsp;&nbsp;&nbsp;ll_processBasicIRQ_SRX0 (via Veneer)
<LI><a href="#[3a]">&gt;&gt;</a>&nbsp;&nbsp;&nbsp;LL_SetScanControl1 (via Veneer)
</UL>

<P><STRONG><a name="[119]"></a>LL_set_default_conn_params0</STRONG> (Thumb, 0 bytes, Stack size 0 bytes, bb_rom_sym_m0.txt(ABSOLUTE))
<BR><BR>[Called By]<UL><LI><a href="#[6e]">&gt;&gt;</a>&nbsp;&nbsp;&nbsp;LL_set_default_conn_params1 (via Veneer)
</UL>

<P><STRONG><a name="[f]"></a>NMI_Handler</STRONG> (Thumb, 0 bytes, Stack size 0 bytes, bb_rom_sym_m0.txt(ABSOLUTE), UNUSED)
<BR>[Address Reference Count : 1]<UL><LI> startup_armcm0.o(RESET)
</UL>
<P><STRONG><a name="[12]"></a>PendSV_Handler</STRONG> (Thumb, 0 bytes, Stack size 0 bytes, bb_rom_sym_m0.txt(ABSOLUTE), UNUSED)
<BR>[Address Reference Count : 1]<UL><LI> startup_armcm0.o(RESET)
</UL>
<P><STRONG><a name="[123]"></a>WaitRTCCount</STRONG> (Thumb, 0 bytes, Stack size 0 bytes, bb_rom_sym_m0.txt(ABSOLUTE))
<BR><BR>[Called By]<UL><LI><a href="#[120]">&gt;&gt;</a>&nbsp;&nbsp;&nbsp;_spif_wait_nobusy_x (via Veneer)
<LI><a href="#[1e8]">&gt;&gt;</a>&nbsp;&nbsp;&nbsp;rc32k_calibration (via Veneer)
<LI><a href="#[66]">&gt;&gt;</a>&nbsp;&nbsp;&nbsp;wakeup_init1 (via Veneer)
<LI><a href="#[67]">&gt;&gt;</a>&nbsp;&nbsp;&nbsp;wakeupProcess1 (via Veneer)
<LI><a href="#[65]">&gt;&gt;</a>&nbsp;&nbsp;&nbsp;config_RTC1 (via Veneer)
<LI><a href="#[128]">&gt;&gt;</a>&nbsp;&nbsp;&nbsp;check_96MXtal_by_rcTracking (via Veneer)
<LI><a href="#[125]">&gt;&gt;</a>&nbsp;&nbsp;&nbsp;check_16MXtal_by_rcTracking (via Veneer)
<LI><a href="#[20c]">&gt;&gt;</a>&nbsp;&nbsp;&nbsp;TRNG_Output (via Veneer)
</UL>

<P><STRONG><a name="[10c]"></a>__ARM_common_switch8</STRONG> (Thumb, 0 bytes, Stack size 0 bytes, bb_rom_sym_m0.txt(ABSOLUTE))
<BR><BR>[Called By]<UL><LI><a href="#[27e]">&gt;&gt;</a>&nbsp;&nbsp;&nbsp;GAP_DeviceInit (via Veneer)
<LI><a href="#[241]">&gt;&gt;</a>&nbsp;&nbsp;&nbsp;GAPBondMgr_ProcessGAPMsg (via Veneer)
<LI><a href="#[22d]">&gt;&gt;</a>&nbsp;&nbsp;&nbsp;GAPBondMgr_GetParameter (via Veneer)
<LI><a href="#[268]">&gt;&gt;</a>&nbsp;&nbsp;&nbsp;GAPMultiRole_SetParameter (via Veneer)
<LI><a href="#[25d]">&gt;&gt;</a>&nbsp;&nbsp;&nbsp;GAPMultiRole_GetParameter (via Veneer)
<LI><a href="#[2f8]">&gt;&gt;</a>&nbsp;&nbsp;&nbsp;multiList_inside (via Veneer)
<LI><a href="#[2f9]">&gt;&gt;</a>&nbsp;&nbsp;&nbsp;multiListInsertTail (via Veneer)
<LI><a href="#[300]">&gt;&gt;</a>&nbsp;&nbsp;&nbsp;multiListFindTail (via Veneer)
<LI><a href="#[383]">&gt;&gt;</a>&nbsp;&nbsp;&nbsp;multiListCreate (via Veneer)
<LI><a href="#[262]">&gt;&gt;</a>&nbsp;&nbsp;&nbsp;MultiRole_processGAPMsg (via Veneer)
<LI><a href="#[a7]">&gt;&gt;</a>&nbsp;&nbsp;&nbsp;ggs_ReadAttrCB (via Veneer)
<LI><a href="#[2d6]">&gt;&gt;</a>&nbsp;&nbsp;&nbsp;GGS_SetParameter (via Veneer)
<LI><a href="#[249]">&gt;&gt;</a>&nbsp;&nbsp;&nbsp;GAPBondMgr_SetParameter (via Veneer)
<LI><a href="#[1fe]">&gt;&gt;</a>&nbsp;&nbsp;&nbsp;rf_tp_cal (via Veneer)
<LI><a href="#[1ea]">&gt;&gt;</a>&nbsp;&nbsp;&nbsp;rf_rxDcoc_cfg (via Veneer)
<LI><a href="#[45]">&gt;&gt;</a>&nbsp;&nbsp;&nbsp;ll_processBasicIRQ_secondaryScanSRX0 (via Veneer)
<LI><a href="#[40]">&gt;&gt;</a>&nbsp;&nbsp;&nbsp;ll_processBasicIRQ_SRX0 (via Veneer)
<LI><a href="#[3f]">&gt;&gt;</a>&nbsp;&nbsp;&nbsp;llProcessSlaveControlProcedures1 (via Veneer)
<LI><a href="#[3e]">&gt;&gt;</a>&nbsp;&nbsp;&nbsp;llProcessMasterControlProcedures1 (via Veneer)
<LI><a href="#[37]">&gt;&gt;</a>&nbsp;&nbsp;&nbsp;LL_SetAdvControl1 (via Veneer)
<LI><a href="#[b]">&gt;&gt;</a>&nbsp;&nbsp;&nbsp;smpResponderProcessIncoming (via Veneer)
<LI><a href="#[c]">&gt;&gt;</a>&nbsp;&nbsp;&nbsp;smResponderSendNextKeyInfo (via Veneer)
<LI><a href="#[8]">&gt;&gt;</a>&nbsp;&nbsp;&nbsp;smpInitiatorProcessIncoming (via Veneer)
<LI><a href="#[9]">&gt;&gt;</a>&nbsp;&nbsp;&nbsp;smInitiatorSendNextKeyInfo (via Veneer)
<LI><a href="#[5]">&gt;&gt;</a>&nbsp;&nbsp;&nbsp;gapPeriProcessHCICmdCompleteEvt (via Veneer)
<LI><a href="#[3a1]">&gt;&gt;</a>&nbsp;&nbsp;&nbsp;smProcessDataMsg (via Veneer)
</UL>

<P><STRONG><a name="[204]"></a>app_wakeup_process</STRONG> (Thumb, 0 bytes, Stack size 0 bytes, bb_rom_sym_m0.txt(ABSOLUTE))
<BR><BR>[Called By]<UL><LI><a href="#[67]">&gt;&gt;</a>&nbsp;&nbsp;&nbsp;wakeupProcess1 (via Veneer)
</UL>

<P><STRONG><a name="[139]"></a>bit_to_byte</STRONG> (Thumb, 0 bytes, Stack size 0 bytes, bb_rom_sym_m0.txt(ABSOLUTE))
<BR><BR>[Called By]<UL><LI><a href="#[138]">&gt;&gt;</a>&nbsp;&nbsp;&nbsp;gen_pn_prbs9 (via Veneer)
</UL>

<P><STRONG><a name="[111]"></a>clear_timer</STRONG> (Thumb, 0 bytes, Stack size 0 bytes, bb_rom_sym_m0.txt(ABSOLUTE))
<BR><BR>[Called By]<UL><LI><a href="#[3a]">&gt;&gt;</a>&nbsp;&nbsp;&nbsp;LL_SetScanControl1 (via Veneer)
<LI><a href="#[37]">&gt;&gt;</a>&nbsp;&nbsp;&nbsp;LL_SetAdvControl1 (via Veneer)
</UL>

<P><STRONG><a name="[202]"></a>clk_get_pclk</STRONG> (Thumb, 0 bytes, Stack size 0 bytes, bb_rom_sym_m0.txt(ABSOLUTE))
<BR><BR>[Called By]<UL><LI><a href="#[16e]">&gt;&gt;</a>&nbsp;&nbsp;&nbsp;uart_hw_init (via Veneer)
</UL>

<P><STRONG><a name="[1d8]"></a>clk_init</STRONG> (Thumb, 0 bytes, Stack size 0 bytes, bb_rom_sym_m0.txt(ABSOLUTE))
<BR><BR>[Called By]<UL><LI><a href="#[2b]">&gt;&gt;</a>&nbsp;&nbsp;&nbsp;main (via Veneer)
<LI><a href="#[66]">&gt;&gt;</a>&nbsp;&nbsp;&nbsp;wakeup_init1 (via Veneer)
</UL>

<P><STRONG><a name="[dd]"></a>config_RTC</STRONG> (Thumb, 0 bytes, Stack size 0 bytes, bb_rom_sym_m0.txt(ABSOLUTE))
<BR><BR>[Called By]<UL><LI><a href="#[db]">&gt;&gt;</a>&nbsp;&nbsp;&nbsp;hal_pwrmgr_enter_sleep_rtc_reset (via Veneer)
</UL>

<P><STRONG><a name="[163]"></a>disableSleep</STRONG> (Thumb, 0 bytes, Stack size 0 bytes, bb_rom_sym_m0.txt(ABSOLUTE))
<BR><BR>[Called By]<UL><LI><a href="#[d9]">&gt;&gt;</a>&nbsp;&nbsp;&nbsp;hal_pwrmgr_unlock (via Veneer)
<LI><a href="#[165]">&gt;&gt;</a>&nbsp;&nbsp;&nbsp;hal_pwrmgr_lock (via Veneer)
<LI><a href="#[162]">&gt;&gt;</a>&nbsp;&nbsp;&nbsp;hal_pwrmgr_init (via Veneer)
</UL>

<P><STRONG><a name="[dc]"></a>drv_disable_irq</STRONG> (Thumb, 0 bytes, Stack size 0 bytes, bb_rom_sym_m0.txt(ABSOLUTE))
<BR><BR>[Called By]<UL><LI><a href="#[d9]">&gt;&gt;</a>&nbsp;&nbsp;&nbsp;hal_pwrmgr_unlock (via Veneer)
<LI><a href="#[165]">&gt;&gt;</a>&nbsp;&nbsp;&nbsp;hal_pwrmgr_lock (via Veneer)
<LI><a href="#[16f]">&gt;&gt;</a>&nbsp;&nbsp;&nbsp;txmit_buf_use_tx_buf (via Veneer)
<LI><a href="#[137]">&gt;&gt;</a>&nbsp;&nbsp;&nbsp;hal_flash_write (via Veneer)
<LI><a href="#[135]">&gt;&gt;</a>&nbsp;&nbsp;&nbsp;hal_flash_read (via Veneer)
<LI><a href="#[13c]">&gt;&gt;</a>&nbsp;&nbsp;&nbsp;hal_flash_erase_sector (via Veneer)
<LI><a href="#[13b]">&gt;&gt;</a>&nbsp;&nbsp;&nbsp;hal_cache_tag_flush (via Veneer)
<LI><a href="#[e2]">&gt;&gt;</a>&nbsp;&nbsp;&nbsp;spif_unlock (via Veneer)
<LI><a href="#[e0]">&gt;&gt;</a>&nbsp;&nbsp;&nbsp;spif_lock (via Veneer)
<LI><a href="#[db]">&gt;&gt;</a>&nbsp;&nbsp;&nbsp;hal_pwrmgr_enter_sleep_rtc_reset (via Veneer)
<LI><a href="#[43]">&gt;&gt;</a>&nbsp;&nbsp;&nbsp;ll_scheduler1 (via Veneer)
<LI><a href="#[45]">&gt;&gt;</a>&nbsp;&nbsp;&nbsp;ll_processBasicIRQ_secondaryScanSRX0 (via Veneer)
<LI><a href="#[46]">&gt;&gt;</a>&nbsp;&nbsp;&nbsp;ll_processBasicIRQ_secondaryInitSRX0 (via Veneer)
<LI><a href="#[44]">&gt;&gt;</a>&nbsp;&nbsp;&nbsp;ll_processBasicIRQ_secondaryAdvTRX0 (via Veneer)
<LI><a href="#[41]">&gt;&gt;</a>&nbsp;&nbsp;&nbsp;ll_processBasicIRQ_ScanTRX0 (via Veneer)
<LI><a href="#[40]">&gt;&gt;</a>&nbsp;&nbsp;&nbsp;ll_processBasicIRQ_SRX0 (via Veneer)
<LI><a href="#[42]">&gt;&gt;</a>&nbsp;&nbsp;&nbsp;llSetupSecScan1 (via Veneer)
<LI><a href="#[48]">&gt;&gt;</a>&nbsp;&nbsp;&nbsp;llSecAdvAllow1 (via Veneer)
<LI><a href="#[47]">&gt;&gt;</a>&nbsp;&nbsp;&nbsp;llCalcMaxScanTime1 (via Veneer)
<LI><a href="#[3a]">&gt;&gt;</a>&nbsp;&nbsp;&nbsp;LL_SetScanControl1 (via Veneer)
<LI><a href="#[37]">&gt;&gt;</a>&nbsp;&nbsp;&nbsp;LL_SetAdvControl1 (via Veneer)
</UL>

<P><STRONG><a name="[e1]"></a>drv_enable_irq</STRONG> (Thumb, 0 bytes, Stack size 0 bytes, bb_rom_sym_m0.txt(ABSOLUTE))
<BR><BR>[Called By]<UL><LI><a href="#[d9]">&gt;&gt;</a>&nbsp;&nbsp;&nbsp;hal_pwrmgr_unlock (via Veneer)
<LI><a href="#[165]">&gt;&gt;</a>&nbsp;&nbsp;&nbsp;hal_pwrmgr_lock (via Veneer)
<LI><a href="#[16f]">&gt;&gt;</a>&nbsp;&nbsp;&nbsp;txmit_buf_use_tx_buf (via Veneer)
<LI><a href="#[137]">&gt;&gt;</a>&nbsp;&nbsp;&nbsp;hal_flash_write (via Veneer)
<LI><a href="#[135]">&gt;&gt;</a>&nbsp;&nbsp;&nbsp;hal_flash_read (via Veneer)
<LI><a href="#[13c]">&gt;&gt;</a>&nbsp;&nbsp;&nbsp;hal_flash_erase_sector (via Veneer)
<LI><a href="#[13b]">&gt;&gt;</a>&nbsp;&nbsp;&nbsp;hal_cache_tag_flush (via Veneer)
<LI><a href="#[e2]">&gt;&gt;</a>&nbsp;&nbsp;&nbsp;spif_unlock (via Veneer)
<LI><a href="#[e0]">&gt;&gt;</a>&nbsp;&nbsp;&nbsp;spif_lock (via Veneer)
<LI><a href="#[43]">&gt;&gt;</a>&nbsp;&nbsp;&nbsp;ll_scheduler1 (via Veneer)
<LI><a href="#[45]">&gt;&gt;</a>&nbsp;&nbsp;&nbsp;ll_processBasicIRQ_secondaryScanSRX0 (via Veneer)
<LI><a href="#[46]">&gt;&gt;</a>&nbsp;&nbsp;&nbsp;ll_processBasicIRQ_secondaryInitSRX0 (via Veneer)
<LI><a href="#[44]">&gt;&gt;</a>&nbsp;&nbsp;&nbsp;ll_processBasicIRQ_secondaryAdvTRX0 (via Veneer)
<LI><a href="#[41]">&gt;&gt;</a>&nbsp;&nbsp;&nbsp;ll_processBasicIRQ_ScanTRX0 (via Veneer)
<LI><a href="#[40]">&gt;&gt;</a>&nbsp;&nbsp;&nbsp;ll_processBasicIRQ_SRX0 (via Veneer)
<LI><a href="#[42]">&gt;&gt;</a>&nbsp;&nbsp;&nbsp;llSetupSecScan1 (via Veneer)
<LI><a href="#[48]">&gt;&gt;</a>&nbsp;&nbsp;&nbsp;llSecAdvAllow1 (via Veneer)
<LI><a href="#[47]">&gt;&gt;</a>&nbsp;&nbsp;&nbsp;llCalcMaxScanTime1 (via Veneer)
<LI><a href="#[3a]">&gt;&gt;</a>&nbsp;&nbsp;&nbsp;LL_SetScanControl1 (via Veneer)
<LI><a href="#[37]">&gt;&gt;</a>&nbsp;&nbsp;&nbsp;LL_SetAdvControl1 (via Veneer)
</UL>

<P><STRONG><a name="[1d6]"></a>drv_irq_init</STRONG> (Thumb, 0 bytes, Stack size 0 bytes, bb_rom_sym_m0.txt(ABSOLUTE))
<BR><BR>[Called By]<UL><LI><a href="#[2b]">&gt;&gt;</a>&nbsp;&nbsp;&nbsp;main (via Veneer)
<LI><a href="#[67]">&gt;&gt;</a>&nbsp;&nbsp;&nbsp;wakeupProcess1 (via Veneer)
</UL>

<P><STRONG><a name="[11b]"></a>efuse_read</STRONG> (Thumb, 0 bytes, Stack size 0 bytes, bb_rom_sym_m0.txt(ABSOLUTE))
<BR><BR>[Called By]<UL><LI><a href="#[11c]">&gt;&gt;</a>&nbsp;&nbsp;&nbsp;finidv (via Veneer)
<LI><a href="#[11a]">&gt;&gt;</a>&nbsp;&nbsp;&nbsp;_efuse_chip_version_check (via Veneer)
</UL>

<P><STRONG><a name="[164]"></a>enableSleep</STRONG> (Thumb, 0 bytes, Stack size 0 bytes, bb_rom_sym_m0.txt(ABSOLUTE))
<BR><BR>[Called By]<UL><LI><a href="#[d9]">&gt;&gt;</a>&nbsp;&nbsp;&nbsp;hal_pwrmgr_unlock (via Veneer)
<LI><a href="#[1d7]">&gt;&gt;</a>&nbsp;&nbsp;&nbsp;init_config (via Veneer)
<LI><a href="#[162]">&gt;&gt;</a>&nbsp;&nbsp;&nbsp;hal_pwrmgr_init (via Veneer)
</UL>

<P><STRONG><a name="[df]"></a>enter_sleep_off_mode</STRONG> (Thumb, 0 bytes, Stack size 0 bytes, bb_rom_sym_m0.txt(ABSOLUTE))
<BR><BR>[Called By]<UL><LI><a href="#[db]">&gt;&gt;</a>&nbsp;&nbsp;&nbsp;hal_pwrmgr_enter_sleep_rtc_reset (via Veneer)
</UL>

<P><STRONG><a name="[178]"></a>getRxBufferSize</STRONG> (Thumb, 0 bytes, Stack size 0 bytes, bb_rom_sym_m0.txt(ABSOLUTE))
<BR><BR>[Called By]<UL><LI><a href="#[38]">&gt;&gt;</a>&nbsp;&nbsp;&nbsp;llMasterEvt_TaskEndOk1 (via Veneer)
</UL>

<P><STRONG><a name="[1b3]"></a>getTxBufferSize</STRONG> (Thumb, 0 bytes, Stack size 0 bytes, bb_rom_sym_m0.txt(ABSOLUTE))
<BR><BR>[Called By]<UL><LI><a href="#[6b]">&gt;&gt;</a>&nbsp;&nbsp;&nbsp;ll_generateTxBuffer1 (via Veneer)
</UL>

<P><STRONG><a name="[1b4]"></a>get_tx_read_ptr</STRONG> (Thumb, 0 bytes, Stack size 0 bytes, bb_rom_sym_m0.txt(ABSOLUTE))
<BR><BR>[Called By]<UL><LI><a href="#[6b]">&gt;&gt;</a>&nbsp;&nbsp;&nbsp;ll_generateTxBuffer1 (via Veneer)
</UL>

<P><STRONG><a name="[1f4]"></a>gpio_write</STRONG> (Thumb, 0 bytes, Stack size 0 bytes, bb_rom_sym_m0.txt(ABSOLUTE))
<BR><BR>[Called By]<UL><LI><a href="#[1ed]">&gt;&gt;</a>&nbsp;&nbsp;&nbsp;rf_phy_dtm_cmd_parse (via Veneer)
</UL>

<P><STRONG><a name="[1ce]"></a>isTimer1Running</STRONG> (Thumb, 0 bytes, Stack size 0 bytes, bb_rom_sym_m0.txt(ABSOLUTE))
<BR><BR>[Called By]<UL><LI><a href="#[43]">&gt;&gt;</a>&nbsp;&nbsp;&nbsp;ll_scheduler1 (via Veneer)
</UL>

<P><STRONG><a name="[1a3]"></a>llCalcMaxScanTime</STRONG> (Thumb, 0 bytes, Stack size 0 bytes, bb_rom_sym_m0.txt(ABSOLUTE))
<BR><BR>[Called By]<UL><LI><a href="#[42]">&gt;&gt;</a>&nbsp;&nbsp;&nbsp;llSetupSecScan1 (via Veneer)
</UL>

<P><STRONG><a name="[177]"></a>llConnTerminate</STRONG> (Thumb, 0 bytes, Stack size 0 bytes, bb_rom_sym_m0.txt(ABSOLUTE))
<BR><BR>[Called By]<UL><LI><a href="#[3f]">&gt;&gt;</a>&nbsp;&nbsp;&nbsp;llProcessSlaveControlProcedures1 (via Veneer)
<LI><a href="#[3e]">&gt;&gt;</a>&nbsp;&nbsp;&nbsp;llProcessMasterControlProcedures1 (via Veneer)
<LI><a href="#[38]">&gt;&gt;</a>&nbsp;&nbsp;&nbsp;llMasterEvt_TaskEndOk1 (via Veneer)
</UL>

<P><STRONG><a name="[174]"></a>llConnTerminate0</STRONG> (Thumb, 0 bytes, Stack size 0 bytes, bb_rom_sym_m0.txt(ABSOLUTE))
<BR><BR>[Called By]<UL><LI><a href="#[6d]">&gt;&gt;</a>&nbsp;&nbsp;&nbsp;llConnTerminate1 (via Veneer)
</UL>

<P><STRONG><a name="[17f]"></a>llDequeueCtrlPkt</STRONG> (Thumb, 0 bytes, Stack size 0 bytes, bb_rom_sym_m0.txt(ABSOLUTE))
<BR><BR>[Called By]<UL><LI><a href="#[3f]">&gt;&gt;</a>&nbsp;&nbsp;&nbsp;llProcessSlaveControlProcedures1 (via Veneer)
<LI><a href="#[3e]">&gt;&gt;</a>&nbsp;&nbsp;&nbsp;llProcessMasterControlProcedures1 (via Veneer)
</UL>

<P><STRONG><a name="[f0]"></a>llEnqueueCtrlPkt</STRONG> (Thumb, 0 bytes, Stack size 0 bytes, bb_rom_sym_m0.txt(ABSOLUTE))
<BR><BR>[Called By]<UL><LI><a href="#[6b]">&gt;&gt;</a>&nbsp;&nbsp;&nbsp;ll_generateTxBuffer1 (via Veneer)
<LI><a href="#[3c]">&gt;&gt;</a>&nbsp;&nbsp;&nbsp;LL_StartEncrypt1 (via Veneer)
<LI><a href="#[ed]">&gt;&gt;</a>&nbsp;&nbsp;&nbsp;LL_EncLtkReply (via Veneer)
<LI><a href="#[ea]">&gt;&gt;</a>&nbsp;&nbsp;&nbsp;LL_EncLtkNegReply (via Veneer)
<LI><a href="#[e7]">&gt;&gt;</a>&nbsp;&nbsp;&nbsp;LL_ConnUpdate1 (via Veneer)
</UL>

<P><STRONG><a name="[190]"></a>llPduLengthUpdate</STRONG> (Thumb, 0 bytes, Stack size 0 bytes, bb_rom_sym_m0.txt(ABSOLUTE))
<BR><BR>[Called By]<UL><LI><a href="#[3f]">&gt;&gt;</a>&nbsp;&nbsp;&nbsp;llProcessSlaveControlProcedures1 (via Veneer)
<LI><a href="#[3e]">&gt;&gt;</a>&nbsp;&nbsp;&nbsp;llProcessMasterControlProcedures1 (via Veneer)
</UL>

<P><STRONG><a name="[176]"></a>llPhyModeCtrlUpdateNotify</STRONG> (Thumb, 0 bytes, Stack size 0 bytes, bb_rom_sym_m0.txt(ABSOLUTE))
<BR><BR>[Called By]<UL><LI><a href="#[3e]">&gt;&gt;</a>&nbsp;&nbsp;&nbsp;llProcessMasterControlProcedures1 (via Veneer)
<LI><a href="#[38]">&gt;&gt;</a>&nbsp;&nbsp;&nbsp;llMasterEvt_TaskEndOk1 (via Veneer)
</UL>

<P><STRONG><a name="[175]"></a>llProcessChanMap</STRONG> (Thumb, 0 bytes, Stack size 0 bytes, bb_rom_sym_m0.txt(ABSOLUTE))
<BR><BR>[Called By]<UL><LI><a href="#[6d]">&gt;&gt;</a>&nbsp;&nbsp;&nbsp;llConnTerminate1 (via Veneer)
</UL>

<P><STRONG><a name="[17a]"></a>llProcessMasterControlProcedures</STRONG> (Thumb, 0 bytes, Stack size 0 bytes, bb_rom_sym_m0.txt(ABSOLUTE))
<BR><BR>[Called By]<UL><LI><a href="#[38]">&gt;&gt;</a>&nbsp;&nbsp;&nbsp;llMasterEvt_TaskEndOk1 (via Veneer)
</UL>

<P><STRONG><a name="[179]"></a>llProcessRxData</STRONG> (Thumb, 0 bytes, Stack size 0 bytes, bb_rom_sym_m0.txt(ABSOLUTE))
<BR><BR>[Called By]<UL><LI><a href="#[38]">&gt;&gt;</a>&nbsp;&nbsp;&nbsp;llMasterEvt_TaskEndOk1 (via Veneer)
</UL>

<P><STRONG><a name="[17b]"></a>llProcessTxData</STRONG> (Thumb, 0 bytes, Stack size 0 bytes, bb_rom_sym_m0.txt(ABSOLUTE))
<BR><BR>[Called By]<UL><LI><a href="#[38]">&gt;&gt;</a>&nbsp;&nbsp;&nbsp;llMasterEvt_TaskEndOk1 (via Veneer)
</UL>

<P><STRONG><a name="[19e]"></a>llProcessTxData0</STRONG> (Thumb, 0 bytes, Stack size 0 bytes, bb_rom_sym_m0.txt(ABSOLUTE))
<BR><BR>[Called By]<UL><LI><a href="#[6a]">&gt;&gt;</a>&nbsp;&nbsp;&nbsp;llProcessTxData1 (via Veneer)
</UL>

<P><STRONG><a name="[1c7]"></a>llReleaseConnId</STRONG> (Thumb, 0 bytes, Stack size 0 bytes, bb_rom_sym_m0.txt(ABSOLUTE))
<BR><BR>[Called By]<UL><LI><a href="#[46]">&gt;&gt;</a>&nbsp;&nbsp;&nbsp;ll_processBasicIRQ_secondaryInitSRX0 (via Veneer)
<LI><a href="#[40]">&gt;&gt;</a>&nbsp;&nbsp;&nbsp;ll_processBasicIRQ_SRX0 (via Veneer)
</UL>

<P><STRONG><a name="[187]"></a>llReplaceCtrlPkt</STRONG> (Thumb, 0 bytes, Stack size 0 bytes, bb_rom_sym_m0.txt(ABSOLUTE))
<BR><BR>[Called By]<UL><LI><a href="#[3f]">&gt;&gt;</a>&nbsp;&nbsp;&nbsp;llProcessSlaveControlProcedures1 (via Veneer)
<LI><a href="#[3e]">&gt;&gt;</a>&nbsp;&nbsp;&nbsp;llProcessMasterControlProcedures1 (via Veneer)
</UL>

<P><STRONG><a name="[107]"></a>llSecAdvAllow</STRONG> (Thumb, 0 bytes, Stack size 0 bytes, bb_rom_sym_m0.txt(ABSOLUTE))
<BR><BR>[Called By]<UL><LI><a href="#[60]">&gt;&gt;</a>&nbsp;&nbsp;&nbsp;LL_IRQHandler1 (via Veneer)
</UL>

<P><STRONG><a name="[10d]"></a>llSetupAdv</STRONG> (Thumb, 0 bytes, Stack size 0 bytes, bb_rom_sym_m0.txt(ABSOLUTE))
<BR><BR>[Called By]<UL><LI><a href="#[49]">&gt;&gt;</a>&nbsp;&nbsp;&nbsp;llSetupSecAdvEvt1 (via Veneer)
<LI><a href="#[37]">&gt;&gt;</a>&nbsp;&nbsp;&nbsp;LL_SetAdvControl1 (via Veneer)
</UL>

<P><STRONG><a name="[194]"></a>llSetupCTEReq</STRONG> (Thumb, 0 bytes, Stack size 0 bytes, bb_rom_sym_m0.txt(ABSOLUTE))
<BR><BR>[Called By]<UL><LI><a href="#[3f]">&gt;&gt;</a>&nbsp;&nbsp;&nbsp;llProcessSlaveControlProcedures1 (via Veneer)
<LI><a href="#[3e]">&gt;&gt;</a>&nbsp;&nbsp;&nbsp;llProcessMasterControlProcedures1 (via Veneer)
</UL>

<P><STRONG><a name="[195]"></a>llSetupCTERsp</STRONG> (Thumb, 0 bytes, Stack size 0 bytes, bb_rom_sym_m0.txt(ABSOLUTE))
<BR><BR>[Called By]<UL><LI><a href="#[3f]">&gt;&gt;</a>&nbsp;&nbsp;&nbsp;llProcessSlaveControlProcedures1 (via Veneer)
<LI><a href="#[3e]">&gt;&gt;</a>&nbsp;&nbsp;&nbsp;llProcessMasterControlProcedures1 (via Veneer)
</UL>

<P><STRONG><a name="[18e]"></a>llSetupDataLenghtReq</STRONG> (Thumb, 0 bytes, Stack size 0 bytes, bb_rom_sym_m0.txt(ABSOLUTE))
<BR><BR>[Called By]<UL><LI><a href="#[3f]">&gt;&gt;</a>&nbsp;&nbsp;&nbsp;llProcessSlaveControlProcedures1 (via Veneer)
<LI><a href="#[3e]">&gt;&gt;</a>&nbsp;&nbsp;&nbsp;llProcessMasterControlProcedures1 (via Veneer)
</UL>

<P><STRONG><a name="[18f]"></a>llSetupDataLenghtRsp</STRONG> (Thumb, 0 bytes, Stack size 0 bytes, bb_rom_sym_m0.txt(ABSOLUTE))
<BR><BR>[Called By]<UL><LI><a href="#[3f]">&gt;&gt;</a>&nbsp;&nbsp;&nbsp;llProcessSlaveControlProcedures1 (via Veneer)
<LI><a href="#[3e]">&gt;&gt;</a>&nbsp;&nbsp;&nbsp;llProcessMasterControlProcedures1 (via Veneer)
</UL>

<P><STRONG><a name="[182]"></a>llSetupEncReq</STRONG> (Thumb, 0 bytes, Stack size 0 bytes, bb_rom_sym_m0.txt(ABSOLUTE))
<BR><BR>[Called By]<UL><LI><a href="#[3e]">&gt;&gt;</a>&nbsp;&nbsp;&nbsp;llProcessMasterControlProcedures1 (via Veneer)
</UL>

<P><STRONG><a name="[197]"></a>llSetupEncRsp</STRONG> (Thumb, 0 bytes, Stack size 0 bytes, bb_rom_sym_m0.txt(ABSOLUTE))
<BR><BR>[Called By]<UL><LI><a href="#[3f]">&gt;&gt;</a>&nbsp;&nbsp;&nbsp;llProcessSlaveControlProcedures1 (via Veneer)
</UL>

<P><STRONG><a name="[189]"></a>llSetupFeatureSetReq</STRONG> (Thumb, 0 bytes, Stack size 0 bytes, bb_rom_sym_m0.txt(ABSOLUTE))
<BR><BR>[Called By]<UL><LI><a href="#[3e]">&gt;&gt;</a>&nbsp;&nbsp;&nbsp;llProcessMasterControlProcedures1 (via Veneer)
</UL>

<P><STRONG><a name="[18b]"></a>llSetupFeatureSetRsp</STRONG> (Thumb, 0 bytes, Stack size 0 bytes, bb_rom_sym_m0.txt(ABSOLUTE))
<BR><BR>[Called By]<UL><LI><a href="#[3f]">&gt;&gt;</a>&nbsp;&nbsp;&nbsp;llProcessSlaveControlProcedures1 (via Veneer)
<LI><a href="#[3e]">&gt;&gt;</a>&nbsp;&nbsp;&nbsp;llProcessMasterControlProcedures1 (via Veneer)
</UL>

<P><STRONG><a name="[17c]"></a>llSetupNextMasterEvent</STRONG> (Thumb, 0 bytes, Stack size 0 bytes, bb_rom_sym_m0.txt(ABSOLUTE))
<BR><BR>[Called By]<UL><LI><a href="#[38]">&gt;&gt;</a>&nbsp;&nbsp;&nbsp;llMasterEvt_TaskEndOk1 (via Veneer)
</UL>

<P><STRONG><a name="[19f]"></a>llSetupNextSlaveEvent0</STRONG> (Thumb, 0 bytes, Stack size 0 bytes, bb_rom_sym_m0.txt(ABSOLUTE))
<BR><BR>[Called By]<UL><LI><a href="#[4b]">&gt;&gt;</a>&nbsp;&nbsp;&nbsp;llSetupNextSlaveEvent1 (via Veneer)
</UL>

<P><STRONG><a name="[186]"></a>llSetupPauseEncReq</STRONG> (Thumb, 0 bytes, Stack size 0 bytes, bb_rom_sym_m0.txt(ABSOLUTE))
<BR><BR>[Called By]<UL><LI><a href="#[3e]">&gt;&gt;</a>&nbsp;&nbsp;&nbsp;llProcessMasterControlProcedures1 (via Veneer)
</UL>

<P><STRONG><a name="[188]"></a>llSetupPauseEncRsp</STRONG> (Thumb, 0 bytes, Stack size 0 bytes, bb_rom_sym_m0.txt(ABSOLUTE))
<BR><BR>[Called By]<UL><LI><a href="#[3f]">&gt;&gt;</a>&nbsp;&nbsp;&nbsp;llProcessSlaveControlProcedures1 (via Veneer)
<LI><a href="#[3e]">&gt;&gt;</a>&nbsp;&nbsp;&nbsp;llProcessMasterControlProcedures1 (via Veneer)
</UL>

<P><STRONG><a name="[191]"></a>llSetupPhyReq</STRONG> (Thumb, 0 bytes, Stack size 0 bytes, bb_rom_sym_m0.txt(ABSOLUTE))
<BR><BR>[Called By]<UL><LI><a href="#[3f]">&gt;&gt;</a>&nbsp;&nbsp;&nbsp;llProcessSlaveControlProcedures1 (via Veneer)
<LI><a href="#[3e]">&gt;&gt;</a>&nbsp;&nbsp;&nbsp;llProcessMasterControlProcedures1 (via Veneer)
</UL>

<P><STRONG><a name="[19c]"></a>llSetupPhyRsp</STRONG> (Thumb, 0 bytes, Stack size 0 bytes, bb_rom_sym_m0.txt(ABSOLUTE))
<BR><BR>[Called By]<UL><LI><a href="#[3f]">&gt;&gt;</a>&nbsp;&nbsp;&nbsp;llProcessSlaveControlProcedures1 (via Veneer)
</UL>

<P><STRONG><a name="[192]"></a>llSetupPhyUpdateInd</STRONG> (Thumb, 0 bytes, Stack size 0 bytes, bb_rom_sym_m0.txt(ABSOLUTE))
<BR><BR>[Called By]<UL><LI><a href="#[3e]">&gt;&gt;</a>&nbsp;&nbsp;&nbsp;llProcessMasterControlProcedures1 (via Veneer)
</UL>

<P><STRONG><a name="[193]"></a>llSetupRejectExtInd</STRONG> (Thumb, 0 bytes, Stack size 0 bytes, bb_rom_sym_m0.txt(ABSOLUTE))
<BR><BR>[Called By]<UL><LI><a href="#[3e]">&gt;&gt;</a>&nbsp;&nbsp;&nbsp;llProcessMasterControlProcedures1 (via Veneer)
</UL>

<P><STRONG><a name="[19b]"></a>llSetupRejectInd</STRONG> (Thumb, 0 bytes, Stack size 0 bytes, bb_rom_sym_m0.txt(ABSOLUTE))
<BR><BR>[Called By]<UL><LI><a href="#[3f]">&gt;&gt;</a>&nbsp;&nbsp;&nbsp;llProcessSlaveControlProcedures1 (via Veneer)
</UL>

<P><STRONG><a name="[1c8]"></a>llSetupScan</STRONG> (Thumb, 0 bytes, Stack size 0 bytes, bb_rom_sym_m0.txt(ABSOLUTE))
<BR><BR>[Called By]<UL><LI><a href="#[41]">&gt;&gt;</a>&nbsp;&nbsp;&nbsp;ll_processBasicIRQ_ScanTRX0 (via Veneer)
<LI><a href="#[40]">&gt;&gt;</a>&nbsp;&nbsp;&nbsp;ll_processBasicIRQ_SRX0 (via Veneer)
</UL>

<P><STRONG><a name="[108]"></a>llSetupSecAdvEvt</STRONG> (Thumb, 0 bytes, Stack size 0 bytes, bb_rom_sym_m0.txt(ABSOLUTE))
<BR><BR>[Called By]<UL><LI><a href="#[44]">&gt;&gt;</a>&nbsp;&nbsp;&nbsp;ll_processBasicIRQ_secondaryAdvTRX0 (via Veneer)
<LI><a href="#[60]">&gt;&gt;</a>&nbsp;&nbsp;&nbsp;LL_IRQHandler1 (via Veneer)
</UL>

<P><STRONG><a name="[1a0]"></a>llSetupSecConnectableAdvEvt</STRONG> (Thumb, 0 bytes, Stack size 0 bytes, bb_rom_sym_m0.txt(ABSOLUTE))
<BR><BR>[Called By]<UL><LI><a href="#[49]">&gt;&gt;</a>&nbsp;&nbsp;&nbsp;llSetupSecAdvEvt1 (via Veneer)
</UL>

<P><STRONG><a name="[10b]"></a>llSetupSecInit</STRONG> (Thumb, 0 bytes, Stack size 0 bytes, bb_rom_sym_m0.txt(ABSOLUTE))
<BR><BR>[Called By]<UL><LI><a href="#[46]">&gt;&gt;</a>&nbsp;&nbsp;&nbsp;ll_processBasicIRQ_secondaryInitSRX0 (via Veneer)
<LI><a href="#[60]">&gt;&gt;</a>&nbsp;&nbsp;&nbsp;LL_IRQHandler1 (via Veneer)
</UL>

<P><STRONG><a name="[1a1]"></a>llSetupSecNonConnectableAdvEvt</STRONG> (Thumb, 0 bytes, Stack size 0 bytes, bb_rom_sym_m0.txt(ABSOLUTE))
<BR><BR>[Called By]<UL><LI><a href="#[49]">&gt;&gt;</a>&nbsp;&nbsp;&nbsp;llSetupSecAdvEvt1 (via Veneer)
</UL>

<P><STRONG><a name="[10a]"></a>llSetupSecScan</STRONG> (Thumb, 0 bytes, Stack size 0 bytes, bb_rom_sym_m0.txt(ABSOLUTE))
<BR><BR>[Called By]<UL><LI><a href="#[45]">&gt;&gt;</a>&nbsp;&nbsp;&nbsp;ll_processBasicIRQ_secondaryScanSRX0 (via Veneer)
<LI><a href="#[60]">&gt;&gt;</a>&nbsp;&nbsp;&nbsp;LL_IRQHandler1 (via Veneer)
</UL>

<P><STRONG><a name="[1a2]"></a>llSetupSecScannableAdvEvt</STRONG> (Thumb, 0 bytes, Stack size 0 bytes, bb_rom_sym_m0.txt(ABSOLUTE))
<BR><BR>[Called By]<UL><LI><a href="#[49]">&gt;&gt;</a>&nbsp;&nbsp;&nbsp;llSetupSecAdvEvt1 (via Veneer)
</UL>

<P><STRONG><a name="[19a]"></a>llSetupStartEncReq</STRONG> (Thumb, 0 bytes, Stack size 0 bytes, bb_rom_sym_m0.txt(ABSOLUTE))
<BR><BR>[Called By]<UL><LI><a href="#[3f]">&gt;&gt;</a>&nbsp;&nbsp;&nbsp;llProcessSlaveControlProcedures1 (via Veneer)
</UL>

<P><STRONG><a name="[17e]"></a>llSetupTermInd</STRONG> (Thumb, 0 bytes, Stack size 0 bytes, bb_rom_sym_m0.txt(ABSOLUTE))
<BR><BR>[Called By]<UL><LI><a href="#[3f]">&gt;&gt;</a>&nbsp;&nbsp;&nbsp;llProcessSlaveControlProcedures1 (via Veneer)
<LI><a href="#[3e]">&gt;&gt;</a>&nbsp;&nbsp;&nbsp;llProcessMasterControlProcedures1 (via Veneer)
</UL>

<P><STRONG><a name="[196]"></a>llSetupUnknownRsp</STRONG> (Thumb, 0 bytes, Stack size 0 bytes, bb_rom_sym_m0.txt(ABSOLUTE))
<BR><BR>[Called By]<UL><LI><a href="#[3f]">&gt;&gt;</a>&nbsp;&nbsp;&nbsp;llProcessSlaveControlProcedures1 (via Veneer)
<LI><a href="#[3e]">&gt;&gt;</a>&nbsp;&nbsp;&nbsp;llProcessMasterControlProcedures1 (via Veneer)
</UL>

<P><STRONG><a name="[181]"></a>llSetupUpdateChanReq</STRONG> (Thumb, 0 bytes, Stack size 0 bytes, bb_rom_sym_m0.txt(ABSOLUTE))
<BR><BR>[Called By]<UL><LI><a href="#[3e]">&gt;&gt;</a>&nbsp;&nbsp;&nbsp;llProcessMasterControlProcedures1 (via Veneer)
</UL>

<P><STRONG><a name="[180]"></a>llSetupUpdateParamReq</STRONG> (Thumb, 0 bytes, Stack size 0 bytes, bb_rom_sym_m0.txt(ABSOLUTE))
<BR><BR>[Called By]<UL><LI><a href="#[3e]">&gt;&gt;</a>&nbsp;&nbsp;&nbsp;llProcessMasterControlProcedures1 (via Veneer)
</UL>

<P><STRONG><a name="[18c]"></a>llSetupVersionIndReq</STRONG> (Thumb, 0 bytes, Stack size 0 bytes, bb_rom_sym_m0.txt(ABSOLUTE))
<BR><BR>[Called By]<UL><LI><a href="#[3f]">&gt;&gt;</a>&nbsp;&nbsp;&nbsp;llProcessSlaveControlProcedures1 (via Veneer)
<LI><a href="#[3e]">&gt;&gt;</a>&nbsp;&nbsp;&nbsp;llProcessMasterControlProcedures1 (via Veneer)
</UL>

<P><STRONG><a name="[1c2]"></a>ll_CalcRandomAddr</STRONG> (Thumb, 0 bytes, Stack size 0 bytes, bb_rom_sym_m0.txt(ABSOLUTE))
<BR><BR>[Called By]<UL><LI><a href="#[40]">&gt;&gt;</a>&nbsp;&nbsp;&nbsp;ll_processBasicIRQ_SRX0 (via Veneer)
</UL>

<P><STRONG><a name="[1c4]"></a>ll_ResolveRandomAddrs</STRONG> (Thumb, 0 bytes, Stack size 0 bytes, bb_rom_sym_m0.txt(ABSOLUTE))
<BR><BR>[Called By]<UL><LI><a href="#[40]">&gt;&gt;</a>&nbsp;&nbsp;&nbsp;ll_processBasicIRQ_SRX0 (via Veneer)
</UL>

<P><STRONG><a name="[f7]"></a>ll_debug_output</STRONG> (Thumb, 0 bytes, Stack size 0 bytes, bb_rom_sym_m0.txt(ABSOLUTE))
<BR><BR>[Called By]<UL><LI><a href="#[67]">&gt;&gt;</a>&nbsp;&nbsp;&nbsp;wakeupProcess1 (via Veneer)
<LI><a href="#[44]">&gt;&gt;</a>&nbsp;&nbsp;&nbsp;ll_processBasicIRQ_secondaryAdvTRX0 (via Veneer)
<LI><a href="#[41]">&gt;&gt;</a>&nbsp;&nbsp;&nbsp;ll_processBasicIRQ_ScanTRX0 (via Veneer)
<LI><a href="#[40]">&gt;&gt;</a>&nbsp;&nbsp;&nbsp;ll_processBasicIRQ_SRX0 (via Veneer)
<LI><a href="#[3a]">&gt;&gt;</a>&nbsp;&nbsp;&nbsp;LL_SetScanControl1 (via Veneer)
<LI><a href="#[37]">&gt;&gt;</a>&nbsp;&nbsp;&nbsp;LL_SetAdvControl1 (via Veneer)
<LI><a href="#[60]">&gt;&gt;</a>&nbsp;&nbsp;&nbsp;LL_IRQHandler1 (via Veneer)
</UL>

<P><STRONG><a name="[1cf]"></a>ll_deleteTask</STRONG> (Thumb, 0 bytes, Stack size 0 bytes, bb_rom_sym_m0.txt(ABSOLUTE))
<BR><BR>[Called By]<UL><LI><a href="#[43]">&gt;&gt;</a>&nbsp;&nbsp;&nbsp;ll_scheduler1 (via Veneer)
</UL>

<P><STRONG><a name="[1bd]"></a>ll_getRPAListEntry</STRONG> (Thumb, 0 bytes, Stack size 0 bytes, bb_rom_sym_m0.txt(ABSOLUTE))
<BR><BR>[Called By]<UL><LI><a href="#[46]">&gt;&gt;</a>&nbsp;&nbsp;&nbsp;ll_processBasicIRQ_secondaryInitSRX0 (via Veneer)
<LI><a href="#[44]">&gt;&gt;</a>&nbsp;&nbsp;&nbsp;ll_processBasicIRQ_secondaryAdvTRX0 (via Veneer)
<LI><a href="#[41]">&gt;&gt;</a>&nbsp;&nbsp;&nbsp;ll_processBasicIRQ_ScanTRX0 (via Veneer)
<LI><a href="#[40]">&gt;&gt;</a>&nbsp;&nbsp;&nbsp;ll_processBasicIRQ_SRX0 (via Veneer)
</UL>

<P><STRONG><a name="[fa]"></a>ll_hw_clr_irq</STRONG> (Thumb, 0 bytes, Stack size 0 bytes, bb_rom_sym_m0.txt(ABSOLUTE))
<BR><BR>[Called By]<UL><LI><a href="#[1d9]">&gt;&gt;</a>&nbsp;&nbsp;&nbsp;rf_phy_direct_test (via Veneer)
<LI><a href="#[1ef]">&gt;&gt;</a>&nbsp;&nbsp;&nbsp;rf_phy_dtm_trigged (via Veneer)
<LI><a href="#[45]">&gt;&gt;</a>&nbsp;&nbsp;&nbsp;ll_processBasicIRQ_secondaryScanSRX0 (via Veneer)
<LI><a href="#[46]">&gt;&gt;</a>&nbsp;&nbsp;&nbsp;ll_processBasicIRQ_secondaryInitSRX0 (via Veneer)
<LI><a href="#[44]">&gt;&gt;</a>&nbsp;&nbsp;&nbsp;ll_processBasicIRQ_secondaryAdvTRX0 (via Veneer)
<LI><a href="#[41]">&gt;&gt;</a>&nbsp;&nbsp;&nbsp;ll_processBasicIRQ_ScanTRX0 (via Veneer)
<LI><a href="#[40]">&gt;&gt;</a>&nbsp;&nbsp;&nbsp;ll_processBasicIRQ_SRX0 (via Veneer)
<LI><a href="#[60]">&gt;&gt;</a>&nbsp;&nbsp;&nbsp;LL_IRQHandler1 (via Veneer)
</UL>

<P><STRONG><a name="[1b0]"></a>ll_hw_get_anchor</STRONG> (Thumb, 0 bytes, Stack size 0 bytes, bb_rom_sym_m0.txt(ABSOLUTE))
<BR><BR>[Called By]<UL><LI><a href="#[6c]">&gt;&gt;</a>&nbsp;&nbsp;&nbsp;ll_adptive_adj_next_time1 (via Veneer)
</UL>

<P><STRONG><a name="[f8]"></a>ll_hw_get_irq_status</STRONG> (Thumb, 0 bytes, Stack size 0 bytes, bb_rom_sym_m0.txt(ABSOLUTE))
<BR><BR>[Called By]<UL><LI><a href="#[1d9]">&gt;&gt;</a>&nbsp;&nbsp;&nbsp;rf_phy_direct_test (via Veneer)
<LI><a href="#[60]">&gt;&gt;</a>&nbsp;&nbsp;&nbsp;LL_IRQHandler1 (via Veneer)
</UL>

<P><STRONG><a name="[1af]"></a>ll_hw_get_loop_cycle</STRONG> (Thumb, 0 bytes, Stack size 0 bytes, bb_rom_sym_m0.txt(ABSOLUTE))
<BR><BR>[Called By]<UL><LI><a href="#[6c]">&gt;&gt;</a>&nbsp;&nbsp;&nbsp;ll_adptive_adj_next_time1 (via Veneer)
</UL>

<P><STRONG><a name="[1bb]"></a>ll_hw_get_rfifo_depth</STRONG> (Thumb, 0 bytes, Stack size 0 bytes, bb_rom_sym_m0.txt(ABSOLUTE))
<BR><BR>[Called By]<UL><LI><a href="#[46]">&gt;&gt;</a>&nbsp;&nbsp;&nbsp;ll_processBasicIRQ_secondaryInitSRX0 (via Veneer)
<LI><a href="#[44]">&gt;&gt;</a>&nbsp;&nbsp;&nbsp;ll_processBasicIRQ_secondaryAdvTRX0 (via Veneer)
<LI><a href="#[41]">&gt;&gt;</a>&nbsp;&nbsp;&nbsp;ll_processBasicIRQ_ScanTRX0 (via Veneer)
<LI><a href="#[40]">&gt;&gt;</a>&nbsp;&nbsp;&nbsp;ll_processBasicIRQ_SRX0 (via Veneer)
</UL>

<P><STRONG><a name="[1b7]"></a>ll_hw_get_rfifo_info</STRONG> (Thumb, 0 bytes, Stack size 0 bytes, bb_rom_sym_m0.txt(ABSOLUTE))
<BR><BR>[Called By]<UL><LI><a href="#[1b6]">&gt;&gt;</a>&nbsp;&nbsp;&nbsp;ll_hw_read_rfifo1 (via Veneer)
</UL>

<P><STRONG><a name="[1b2]"></a>ll_hw_get_tfifo_wrptr</STRONG> (Thumb, 0 bytes, Stack size 0 bytes, bb_rom_sym_m0.txt(ABSOLUTE))
<BR><BR>[Called By]<UL><LI><a href="#[6b]">&gt;&gt;</a>&nbsp;&nbsp;&nbsp;ll_generateTxBuffer1 (via Veneer)
</UL>

<P><STRONG><a name="[f9]"></a>ll_hw_get_tr_mode</STRONG> (Thumb, 0 bytes, Stack size 0 bytes, bb_rom_sym_m0.txt(ABSOLUTE))
<BR><BR>[Called By]<UL><LI><a href="#[40]">&gt;&gt;</a>&nbsp;&nbsp;&nbsp;ll_processBasicIRQ_SRX0 (via Veneer)
<LI><a href="#[5f]">&gt;&gt;</a>&nbsp;&nbsp;&nbsp;ll_hw_go1 (via Veneer)
<LI><a href="#[60]">&gt;&gt;</a>&nbsp;&nbsp;&nbsp;LL_IRQHandler1 (via Veneer)
</UL>

<P><STRONG><a name="[1ad]"></a>ll_hw_go</STRONG> (Thumb, 0 bytes, Stack size 0 bytes, bb_rom_sym_m0.txt(ABSOLUTE))
<BR><BR>[Called By]<UL><LI><a href="#[46]">&gt;&gt;</a>&nbsp;&nbsp;&nbsp;ll_processBasicIRQ_secondaryInitSRX0 (via Veneer)
<LI><a href="#[44]">&gt;&gt;</a>&nbsp;&nbsp;&nbsp;ll_processBasicIRQ_secondaryAdvTRX0 (via Veneer)
<LI><a href="#[40]">&gt;&gt;</a>&nbsp;&nbsp;&nbsp;ll_processBasicIRQ_SRX0 (via Veneer)
<LI><a href="#[42]">&gt;&gt;</a>&nbsp;&nbsp;&nbsp;llSetupSecScan1 (via Veneer)
</UL>

<P><STRONG><a name="[1ac]"></a>ll_hw_ign_rfifo</STRONG> (Thumb, 0 bytes, Stack size 0 bytes, bb_rom_sym_m0.txt(ABSOLUTE))
<BR><BR>[Called By]<UL><LI><a href="#[66]">&gt;&gt;</a>&nbsp;&nbsp;&nbsp;wakeup_init1 (via Veneer)
<LI><a href="#[40]">&gt;&gt;</a>&nbsp;&nbsp;&nbsp;ll_processBasicIRQ_SRX0 (via Veneer)
<LI><a href="#[42]">&gt;&gt;</a>&nbsp;&nbsp;&nbsp;llSetupSecScan1 (via Veneer)
</UL>

<P><STRONG><a name="[1cb]"></a>ll_hw_read_rfifo</STRONG> (Thumb, 0 bytes, Stack size 0 bytes, bb_rom_sym_m0.txt(ABSOLUTE))
<BR><BR>[Called By]<UL><LI><a href="#[44]">&gt;&gt;</a>&nbsp;&nbsp;&nbsp;ll_processBasicIRQ_secondaryAdvTRX0 (via Veneer)
</UL>

<P><STRONG><a name="[1a5]"></a>ll_hw_rst_rfifo</STRONG> (Thumb, 0 bytes, Stack size 0 bytes, bb_rom_sym_m0.txt(ABSOLUTE))
<BR><BR>[Called By]<UL><LI><a href="#[46]">&gt;&gt;</a>&nbsp;&nbsp;&nbsp;ll_processBasicIRQ_secondaryInitSRX0 (via Veneer)
<LI><a href="#[44]">&gt;&gt;</a>&nbsp;&nbsp;&nbsp;ll_processBasicIRQ_secondaryAdvTRX0 (via Veneer)
<LI><a href="#[40]">&gt;&gt;</a>&nbsp;&nbsp;&nbsp;ll_processBasicIRQ_SRX0 (via Veneer)
<LI><a href="#[42]">&gt;&gt;</a>&nbsp;&nbsp;&nbsp;llSetupSecScan1 (via Veneer)
</UL>

<P><STRONG><a name="[1a4]"></a>ll_hw_rst_tfifo</STRONG> (Thumb, 0 bytes, Stack size 0 bytes, bb_rom_sym_m0.txt(ABSOLUTE))
<BR><BR>[Called By]<UL><LI><a href="#[1d9]">&gt;&gt;</a>&nbsp;&nbsp;&nbsp;rf_phy_direct_test (via Veneer)
<LI><a href="#[1ef]">&gt;&gt;</a>&nbsp;&nbsp;&nbsp;rf_phy_dtm_trigged (via Veneer)
<LI><a href="#[46]">&gt;&gt;</a>&nbsp;&nbsp;&nbsp;ll_processBasicIRQ_secondaryInitSRX0 (via Veneer)
<LI><a href="#[44]">&gt;&gt;</a>&nbsp;&nbsp;&nbsp;ll_processBasicIRQ_secondaryAdvTRX0 (via Veneer)
<LI><a href="#[40]">&gt;&gt;</a>&nbsp;&nbsp;&nbsp;ll_processBasicIRQ_SRX0 (via Veneer)
<LI><a href="#[42]">&gt;&gt;</a>&nbsp;&nbsp;&nbsp;llSetupSecScan1 (via Veneer)
</UL>

<P><STRONG><a name="[1ec]"></a>ll_hw_set_crc_fmt</STRONG> (Thumb, 0 bytes, Stack size 0 bytes, bb_rom_sym_m0.txt(ABSOLUTE))
<BR><BR>[Called By]<UL><LI><a href="#[1eb]">&gt;&gt;</a>&nbsp;&nbsp;&nbsp;rf_phy_bb_cfg (via Veneer)
</UL>

<P><STRONG><a name="[19d]"></a>ll_hw_set_cte_txSupp</STRONG> (Thumb, 0 bytes, Stack size 0 bytes, bb_rom_sym_m0.txt(ABSOLUTE))
<BR><BR>[Called By]<UL><LI><a href="#[3f]">&gt;&gt;</a>&nbsp;&nbsp;&nbsp;llProcessSlaveControlProcedures1 (via Veneer)
</UL>

<P><STRONG><a name="[208]"></a>ll_hw_set_empty_head</STRONG> (Thumb, 0 bytes, Stack size 0 bytes, bb_rom_sym_m0.txt(ABSOLUTE))
<BR><BR>[Called By]<UL><LI><a href="#[66]">&gt;&gt;</a>&nbsp;&nbsp;&nbsp;wakeup_init1 (via Veneer)
</UL>

<P><STRONG><a name="[1fb]"></a>ll_hw_set_irq</STRONG> (Thumb, 0 bytes, Stack size 0 bytes, bb_rom_sym_m0.txt(ABSOLUTE))
<BR><BR>[Called By]<UL><LI><a href="#[1ef]">&gt;&gt;</a>&nbsp;&nbsp;&nbsp;rf_phy_dtm_trigged (via Veneer)
</UL>

<P><STRONG><a name="[20a]"></a>ll_hw_set_loop_timeout</STRONG> (Thumb, 0 bytes, Stack size 0 bytes, bb_rom_sym_m0.txt(ABSOLUTE))
<BR><BR>[Called By]<UL><LI><a href="#[66]">&gt;&gt;</a>&nbsp;&nbsp;&nbsp;wakeup_init1 (via Veneer)
</UL>

<P><STRONG><a name="[109]"></a>ll_hw_set_rx_timeout</STRONG> (Thumb, 0 bytes, Stack size 0 bytes, bb_rom_sym_m0.txt(ABSOLUTE))
[...]
<BR><BR>[Stack]<UL><LI>Max Depth = 16<LI>Call Chain = smpInitiatorProcessIdentityInfo
</UL>
<BR>[Calls]<UL><LI><a href="#[1dc]">&gt;&gt;</a>&nbsp;&nbsp;&nbsp;osal_mem_alloc (via Veneer)
<LI><a href="#[148]">&gt;&gt;</a>&nbsp;&nbsp;&nbsp;osal_memcpy (via Veneer)
</UL>
<BR>[Called By]<UL><LI><a href="#[8]">&gt;&gt;</a>&nbsp;&nbsp;&nbsp;smpInitiatorProcessIncoming
</UL>

<P><STRONG><a name="[8]"></a>smpInitiatorProcessIncoming</STRONG> (Thumb, 208 bytes, Stack size 24 bytes, sm_intpairing.o(i.smpInitiatorProcessIncoming))
<BR><BR>[Stack]<UL><LI>Max Depth = 296<LI>Call Chain = smpInitiatorProcessIncoming &rArr; smpInitiatorProcessPairingRandom &rArr; sm_c1 &rArr; sm_c1new &rArr; sm_xor
</UL>
<BR>[Calls]<UL><LI><a href="#[148]">&gt;&gt;</a>&nbsp;&nbsp;&nbsp;osal_memcpy (via Veneer)
<LI><a href="#[10c]">&gt;&gt;</a>&nbsp;&nbsp;&nbsp;__ARM_common_switch8 (via Veneer)
<LI><a href="#[397]">&gt;&gt;</a>&nbsp;&nbsp;&nbsp;smGenerateRandMsg
<LI><a href="#[391]">&gt;&gt;</a>&nbsp;&nbsp;&nbsp;smEndPairing
<LI><a href="#[3b7]">&gt;&gt;</a>&nbsp;&nbsp;&nbsp;smAuthReqToUint8
<LI><a href="#[3be]">&gt;&gt;</a>&nbsp;&nbsp;&nbsp;smpInitiatorProcessSigningInfo
<LI><a href="#[3bb]">&gt;&gt;</a>&nbsp;&nbsp;&nbsp;smpInitiatorProcessPairingRsp
<LI><a href="#[3bc]">&gt;&gt;</a>&nbsp;&nbsp;&nbsp;smpInitiatorProcessPairingRandom
<LI><a href="#[3bd]">&gt;&gt;</a>&nbsp;&nbsp;&nbsp;smpInitiatorProcessMasterID
<LI><a href="#[3ba]">&gt;&gt;</a>&nbsp;&nbsp;&nbsp;smpInitiatorProcessIdentityInfo
<LI><a href="#[3b9]">&gt;&gt;</a>&nbsp;&nbsp;&nbsp;smpInitiatorProcessIdentityAddrInfo
<LI><a href="#[3b8]">&gt;&gt;</a>&nbsp;&nbsp;&nbsp;smpInitiatorProcessEncryptionInformation
<LI><a href="#[349]">&gt;&gt;</a>&nbsp;&nbsp;&nbsp;gapSendSlaveSecurityReqEvent
</UL>
<BR>[Address Reference Count : 1]<UL><LI> sm_intpairing.o(.data)
</UL>
<P><STRONG><a name="[3bd]"></a>smpInitiatorProcessMasterID</STRONG> (Thumb, 94 bytes, Stack size 16 bytes, sm_intpairing.o(i.smpInitiatorProcessMasterID))
<BR><BR>[Stack]<UL><LI>Max Depth = 248<LI>Call Chain = smpInitiatorProcessMasterID &rArr; setupInitiatorKeys &rArr; smInitiatorSendNextKeyInfo &rArr; smPairingSendMasterID &rArr; smSendSMMsg &rArr; L2CAP_SendData &rArr; l2capEncapSendData &rArr; l2capPktToSegmentBuff &rArr; L2CAP_Fragment_bm_alloc
</UL>
<BR>[Calls]<UL><LI><a href="#[148]">&gt;&gt;</a>&nbsp;&nbsp;&nbsp;osal_memcpy (via Veneer)
<LI><a href="#[390]">&gt;&gt;</a>&nbsp;&nbsp;&nbsp;setupInitiatorKeys
</UL>
<BR>[Called By]<UL><LI><a href="#[8]">&gt;&gt;</a>&nbsp;&nbsp;&nbsp;smpInitiatorProcessIncoming
</UL>

<P><STRONG><a name="[3bc]"></a>smpInitiatorProcessPairingRandom</STRONG> (Thumb, 120 bytes, Stack size 56 bytes, sm_intpairing.o(i.smpInitiatorProcessPairingRandom))
<BR><BR>[Stack]<UL><LI>Max Depth = 272<LI>Call Chain = smpInitiatorProcessPairingRandom &rArr; sm_c1 &rArr; sm_c1new &rArr; sm_xor
</UL>
<BR>[Calls]<UL><LI><a href="#[12e]">&gt;&gt;</a>&nbsp;&nbsp;&nbsp;osal_memcmp (via Veneer)
<LI><a href="#[148]">&gt;&gt;</a>&nbsp;&nbsp;&nbsp;osal_memcpy (via Veneer)
<LI><a href="#[3b1]">&gt;&gt;</a>&nbsp;&nbsp;&nbsp;sm_s1
<LI><a href="#[312]">&gt;&gt;</a>&nbsp;&nbsp;&nbsp;sm_c1
<LI><a href="#[399]">&gt;&gt;</a>&nbsp;&nbsp;&nbsp;smDetermineKeySize
<LI><a href="#[a]">&gt;&gt;</a>&nbsp;&nbsp;&nbsp;SM_StartEncryption
</UL>
<BR>[Called By]<UL><LI><a href="#[8]">&gt;&gt;</a>&nbsp;&nbsp;&nbsp;smpInitiatorProcessIncoming
</UL>

<P><STRONG><a name="[3bb]"></a>smpInitiatorProcessPairingRsp</STRONG> (Thumb, 218 bytes, Stack size 32 bytes, sm_intpairing.o(i.smpInitiatorProcessPairingRsp))
<BR><BR>[Stack]<UL><LI>Max Depth = 248<LI>Call Chain = smpInitiatorProcessPairingRsp &rArr; sm_c1 &rArr; sm_c1new &rArr; sm_xor
</UL>
<BR>[Calls]<UL><LI><a href="#[130]">&gt;&gt;</a>&nbsp;&nbsp;&nbsp;osal_memset (via Veneer)
<LI><a href="#[148]">&gt;&gt;</a>&nbsp;&nbsp;&nbsp;osal_memcpy (via Veneer)
<LI><a href="#[312]">&gt;&gt;</a>&nbsp;&nbsp;&nbsp;sm_c1
<LI><a href="#[3b2]">&gt;&gt;</a>&nbsp;&nbsp;&nbsp;smSavePairInfo
<LI><a href="#[313]">&gt;&gt;</a>&nbsp;&nbsp;&nbsp;smGenerateConfirm
<LI><a href="#[32a]">&gt;&gt;</a>&nbsp;&nbsp;&nbsp;gapPasskeyNeededCB
<LI><a href="#[29b]">&gt;&gt;</a>&nbsp;&nbsp;&nbsp;smGenerateRandBuf
</UL>
<BR>[Called By]<UL><LI><a href="#[8]">&gt;&gt;</a>&nbsp;&nbsp;&nbsp;smpInitiatorProcessIncoming
</UL>

<P><STRONG><a name="[3be]"></a>smpInitiatorProcessSigningInfo</STRONG> (Thumb, 76 bytes, Stack size 24 bytes, sm_intpairing.o(i.smpInitiatorProcessSigningInfo))
<BR><BR>[Stack]<UL><LI>Max Depth = 256<LI>Call Chain = smpInitiatorProcessSigningInfo &rArr; setupInitiatorKeys &rArr; smInitiatorSendNextKeyInfo &rArr; smPairingSendMasterID &rArr; smSendSMMsg &rArr; L2CAP_SendData &rArr; l2capEncapSendData &rArr; l2capPktToSegmentBuff &rArr; L2CAP_Fragment_bm_alloc
</UL>
<BR>[Calls]<UL><LI><a href="#[1dc]">&gt;&gt;</a>&nbsp;&nbsp;&nbsp;osal_mem_alloc (via Veneer)
<LI><a href="#[148]">&gt;&gt;</a>&nbsp;&nbsp;&nbsp;osal_memcpy (via Veneer)
<LI><a href="#[390]">&gt;&gt;</a>&nbsp;&nbsp;&nbsp;setupInitiatorKeys
</UL>
<BR>[Called By]<UL><LI><a href="#[8]">&gt;&gt;</a>&nbsp;&nbsp;&nbsp;smpInitiatorProcessIncoming
</UL>

<P><STRONG><a name="[d]"></a>smResponderProcessLTKReq</STRONG> (Thumb, 224 bytes, Stack size 64 bytes, sm_rsppairing.o(i.smResponderProcessLTKReq))
<BR><BR>[Stack]<UL><LI>Max Depth = 192<LI>Call Chain = smResponderProcessLTKReq &rArr; smEndPairing &rArr; gapPairingCompleteCB &rArr; sendAuthEvent &rArr; gapFreeAuthLink
</UL>
<BR>[Calls]<UL><LI><a href="#[12e]">&gt;&gt;</a>&nbsp;&nbsp;&nbsp;osal_memcmp (via Veneer)
<LI><a href="#[130]">&gt;&gt;</a>&nbsp;&nbsp;&nbsp;osal_memset (via Veneer)
<LI><a href="#[148]">&gt;&gt;</a>&nbsp;&nbsp;&nbsp;osal_memcpy (via Veneer)
<LI><a href="#[245]">&gt;&gt;</a>&nbsp;&nbsp;&nbsp;linkDB_Find
<LI><a href="#[ec]">&gt;&gt;</a>&nbsp;&nbsp;&nbsp;HCI_LE_LtkReqReplyCmd (via Veneer)
<LI><a href="#[e9]">&gt;&gt;</a>&nbsp;&nbsp;&nbsp;HCI_LE_LtkReqNegReplyCmd (via Veneer)
<LI><a href="#[3b1]">&gt;&gt;</a>&nbsp;&nbsp;&nbsp;sm_s1
<LI><a href="#[391]">&gt;&gt;</a>&nbsp;&nbsp;&nbsp;smEndPairing
<LI><a href="#[399]">&gt;&gt;</a>&nbsp;&nbsp;&nbsp;smDetermineKeySize
</UL>
<BR>[Address Reference Count : 1]<UL><LI> sm_rsppairing.o(.data)
</UL>
<P><STRONG><a name="[c]"></a>smResponderSendNextKeyInfo</STRONG> (Thumb, 428 bytes, Stack size 32 bytes, sm_rsppairing.o(i.smResponderSendNextKeyInfo))
<BR><BR>[Stack]<UL><LI>Max Depth = 216<LI>Call Chain = smResponderSendNextKeyInfo &rArr; smPairingSendMasterID &rArr; smSendSMMsg &rArr; L2CAP_SendData &rArr; l2capEncapSendData &rArr; l2capPktToSegmentBuff &rArr; L2CAP_Fragment_bm_alloc
</UL>
<BR>[Calls]<UL><LI><a href="#[1dc]">&gt;&gt;</a>&nbsp;&nbsp;&nbsp;osal_mem_alloc (via Veneer)
<LI><a href="#[130]">&gt;&gt;</a>&nbsp;&nbsp;&nbsp;osal_memset (via Veneer)
<LI><a href="#[245]">&gt;&gt;</a>&nbsp;&nbsp;&nbsp;linkDB_Find
<LI><a href="#[10c]">&gt;&gt;</a>&nbsp;&nbsp;&nbsp;__ARM_common_switch8 (via Veneer)
<LI><a href="#[396]">&gt;&gt;</a>&nbsp;&nbsp;&nbsp;osal_rand (via Veneer)
<LI><a href="#[363]">&gt;&gt;</a>&nbsp;&nbsp;&nbsp;osal_CbTimerStart (via Veneer)
<LI><a href="#[398]">&gt;&gt;</a>&nbsp;&nbsp;&nbsp;smPairingSendSingingInfo
<LI><a href="#[39b]">&gt;&gt;</a>&nbsp;&nbsp;&nbsp;smPairingSendMasterID
<LI><a href="#[39c]">&gt;&gt;</a>&nbsp;&nbsp;&nbsp;smPairingSendIdentityInfo
<LI><a href="#[39f]">&gt;&gt;</a>&nbsp;&nbsp;&nbsp;smPairingSendIdentityAddrInfo
<LI><a href="#[39a]">&gt;&gt;</a>&nbsp;&nbsp;&nbsp;smPairingSendEncInfo
<LI><a href="#[399]">&gt;&gt;</a>&nbsp;&nbsp;&nbsp;smDetermineKeySize
<LI><a href="#[29b]">&gt;&gt;</a>&nbsp;&nbsp;&nbsp;smGenerateRandBuf
<LI><a href="#[30d]">&gt;&gt;</a>&nbsp;&nbsp;&nbsp;gapGetSRK
<LI><a href="#[297]">&gt;&gt;</a>&nbsp;&nbsp;&nbsp;gapGetIRK
<LI><a href="#[39d]">&gt;&gt;</a>&nbsp;&nbsp;&nbsp;gapGetDevAddressMode
<LI><a href="#[39e]">&gt;&gt;</a>&nbsp;&nbsp;&nbsp;gapGetDevAddress
</UL>
<BR>[Address Reference Count : 1]<UL><LI> sm_rsppairing.o(.data)
</UL>
<P><STRONG><a name="[3bf]"></a>smpResponderProcessEncryptionInformation</STRONG> (Thumb, 76 bytes, Stack size 24 bytes, sm_rsppairing.o(i.smpResponderProcessEncryptionInformation))
<BR><BR>[Stack]<UL><LI>Max Depth = 24<LI>Call Chain = smpResponderProcessEncryptionInformation
</UL>
<BR>[Calls]<UL><LI><a href="#[1dc]">&gt;&gt;</a>&nbsp;&nbsp;&nbsp;osal_mem_alloc (via Veneer)
<LI><a href="#[148]">&gt;&gt;</a>&nbsp;&nbsp;&nbsp;osal_memcpy (via Veneer)
<LI><a href="#[399]">&gt;&gt;</a>&nbsp;&nbsp;&nbsp;smDetermineKeySize
</UL>
<BR>[Called By]<UL><LI><a href="#[b]">&gt;&gt;</a>&nbsp;&nbsp;&nbsp;smpResponderProcessIncoming
</UL>

<P><STRONG><a name="[3c0]"></a>smpResponderProcessIdentityAddrInfo</STRONG> (Thumb, 68 bytes, Stack size 16 bytes, sm_rsppairing.o(i.smpResponderProcessIdentityAddrInfo))
<BR><BR>[Stack]<UL><LI>Max Depth = 144<LI>Call Chain = smpResponderProcessIdentityAddrInfo &rArr; smEndPairing &rArr; gapPairingCompleteCB &rArr; sendAuthEvent &rArr; gapFreeAuthLink
</UL>
<BR>[Calls]<UL><LI><a href="#[148]">&gt;&gt;</a>&nbsp;&nbsp;&nbsp;osal_memcpy (via Veneer)
<LI><a href="#[391]">&gt;&gt;</a>&nbsp;&nbsp;&nbsp;smEndPairing
</UL>
<BR>[Called By]<UL><LI><a href="#[b]">&gt;&gt;</a>&nbsp;&nbsp;&nbsp;smpResponderProcessIncoming
</UL>

<P><STRONG><a name="[3c1]"></a>smpResponderProcessIdentityInfo</STRONG> (Thumb, 62 bytes, Stack size 16 bytes, sm_rsppairing.o(i.smpResponderProcessIdentityInfo))
<BR><BR>[Stack]<UL><LI>Max Depth = 16<LI>Call Chain = smpResponderProcessIdentityInfo
</UL>
<BR>[Calls]<UL><LI><a href="#[1dc]">&gt;&gt;</a>&nbsp;&nbsp;&nbsp;osal_mem_alloc (via Veneer)
<LI><a href="#[148]">&gt;&gt;</a>&nbsp;&nbsp;&nbsp;osal_memcpy (via Veneer)
</UL>
<BR>[Called By]<UL><LI><a href="#[b]">&gt;&gt;</a>&nbsp;&nbsp;&nbsp;smpResponderProcessIncoming
</UL>

<P><STRONG><a name="[b]"></a>smpResponderProcessIncoming</STRONG> (Thumb, 176 bytes, Stack size 32 bytes, sm_rsppairing.o(i.smpResponderProcessIncoming))
<BR><BR>[Stack]<UL><LI>Max Depth = 288<LI>Call Chain = smpResponderProcessIncoming &rArr; smpResponderProcessPairingRandom &rArr; sm_c1 &rArr; sm_c1new &rArr; sm_xor
</UL>
<BR>[Calls]<UL><LI><a href="#[10c]">&gt;&gt;</a>&nbsp;&nbsp;&nbsp;__ARM_common_switch8 (via Veneer)
<LI><a href="#[3c2]">&gt;&gt;</a>&nbsp;&nbsp;&nbsp;smpResponderProcessPairingReq
<LI><a href="#[3c6]">&gt;&gt;</a>&nbsp;&nbsp;&nbsp;smpResponderProcessSigningInfo
<LI><a href="#[3c4]">&gt;&gt;</a>&nbsp;&nbsp;&nbsp;smpResponderProcessPairingRandom
<LI><a href="#[3c3]">&gt;&gt;</a>&nbsp;&nbsp;&nbsp;smpResponderProcessPairingConfirm
<LI><a href="#[3c5]">&gt;&gt;</a>&nbsp;&nbsp;&nbsp;smpResponderProcessMasterID
<LI><a href="#[3c1]">&gt;&gt;</a>&nbsp;&nbsp;&nbsp;smpResponderProcessIdentityInfo
<LI><a href="#[3c0]">&gt;&gt;</a>&nbsp;&nbsp;&nbsp;smpResponderProcessIdentityAddrInfo
<LI><a href="#[3bf]">&gt;&gt;</a>&nbsp;&nbsp;&nbsp;smpResponderProcessEncryptionInformation
<LI><a href="#[391]">&gt;&gt;</a>&nbsp;&nbsp;&nbsp;smEndPairing
<LI><a href="#[3b7]">&gt;&gt;</a>&nbsp;&nbsp;&nbsp;smAuthReqToUint8
<LI><a href="#[347]">&gt;&gt;</a>&nbsp;&nbsp;&nbsp;gapSendPairingReqEvent
</UL>
<BR>[Address Reference Count : 1]<UL><LI> sm_rsppairing.o(.data)
</UL>
<P><STRONG><a name="[3c5]"></a>smpResponderProcessMasterID</STRONG> (Thumb, 96 bytes, Stack size 16 bytes, sm_rsppairing.o(i.smpResponderProcessMasterID))
<BR><BR>[Stack]<UL><LI>Max Depth = 144<LI>Call Chain = smpResponderProcessMasterID &rArr; smEndPairing &rArr; gapPairingCompleteCB &rArr; sendAuthEvent &rArr; gapFreeAuthLink
</UL>
<BR>[Calls]<UL><LI><a href="#[148]">&gt;&gt;</a>&nbsp;&nbsp;&nbsp;osal_memcpy (via Veneer)
<LI><a href="#[391]">&gt;&gt;</a>&nbsp;&nbsp;&nbsp;smEndPairing
</UL>
<BR>[Called By]<UL><LI><a href="#[b]">&gt;&gt;</a>&nbsp;&nbsp;&nbsp;smpResponderProcessIncoming
</UL>

<P><STRONG><a name="[3c3]"></a>smpResponderProcessPairingConfirm</STRONG> (Thumb, 70 bytes, Stack size 24 bytes, sm_rsppairing.o(i.smpResponderProcessPairingConfirm))
<BR><BR>[Stack]<UL><LI>Max Depth = 240<LI>Call Chain = smpResponderProcessPairingConfirm &rArr; sm_c1 &rArr; sm_c1new &rArr; sm_xor
</UL>
<BR>[Calls]<UL><LI><a href="#[148]">&gt;&gt;</a>&nbsp;&nbsp;&nbsp;osal_memcpy (via Veneer)
<LI><a href="#[312]">&gt;&gt;</a>&nbsp;&nbsp;&nbsp;sm_c1
<LI><a href="#[313]">&gt;&gt;</a>&nbsp;&nbsp;&nbsp;smGenerateConfirm
</UL>
<BR>[Called By]<UL><LI><a href="#[b]">&gt;&gt;</a>&nbsp;&nbsp;&nbsp;smpResponderProcessIncoming
</UL>

<P><STRONG><a name="[3c4]"></a>smpResponderProcessPairingRandom</STRONG> (Thumb, 84 bytes, Stack size 40 bytes, sm_rsppairing.o(i.smpResponderProcessPairingRandom))
<BR><BR>[Stack]<UL><LI>Max Depth = 256<LI>Call Chain = smpResponderProcessPairingRandom &rArr; sm_c1 &rArr; sm_c1new &rArr; sm_xor
</UL>
<BR>[Calls]<UL><LI><a href="#[12e]">&gt;&gt;</a>&nbsp;&nbsp;&nbsp;osal_memcmp (via Veneer)
<LI><a href="#[148]">&gt;&gt;</a>&nbsp;&nbsp;&nbsp;osal_memcpy (via Veneer)
<LI><a href="#[312]">&gt;&gt;</a>&nbsp;&nbsp;&nbsp;sm_c1
<LI><a href="#[397]">&gt;&gt;</a>&nbsp;&nbsp;&nbsp;smGenerateRandMsg
</UL>
<BR>[Called By]<UL><LI><a href="#[b]">&gt;&gt;</a>&nbsp;&nbsp;&nbsp;smpResponderProcessIncoming
</UL>

<P><STRONG><a name="[3c6]"></a>smpResponderProcessSigningInfo</STRONG> (Thumb, 78 bytes, Stack size 24 bytes, sm_rsppairing.o(i.smpResponderProcessSigningInfo))
<BR><BR>[Stack]<UL><LI>Max Depth = 152<LI>Call Chain = smpResponderProcessSigningInfo &rArr; smEndPairing &rArr; gapPairingCompleteCB &rArr; sendAuthEvent &rArr; gapFreeAuthLink
</UL>
<BR>[Calls]<UL><LI><a href="#[1dc]">&gt;&gt;</a>&nbsp;&nbsp;&nbsp;osal_mem_alloc (via Veneer)
<LI><a href="#[148]">&gt;&gt;</a>&nbsp;&nbsp;&nbsp;osal_memcpy (via Veneer)
<LI><a href="#[391]">&gt;&gt;</a>&nbsp;&nbsp;&nbsp;smEndPairing
</UL>
<BR>[Called By]<UL><LI><a href="#[b]">&gt;&gt;</a>&nbsp;&nbsp;&nbsp;smpResponderProcessIncoming
</UL>

<P><STRONG><a name="[314]"></a>smProcessOSALMsg</STRONG> (Thumb, 134 bytes, Stack size 16 bytes, sm_task.o(i.smProcessOSALMsg))
<BR><BR>[Stack]<UL><LI>Max Depth = 224<LI>Call Chain = smProcessOSALMsg &rArr; smProcessDataMsg &rArr; smSendFailAndEnd &rArr; smSendSMMsg &rArr; L2CAP_SendData &rArr; l2capEncapSendData &rArr; l2capPktToSegmentBuff &rArr; L2CAP_Fragment_bm_alloc
</UL>
<BR>[Calls]<UL><LI><a href="#[2e4]">&gt;&gt;</a>&nbsp;&nbsp;&nbsp;osal_bm_free (via Veneer)
<LI><a href="#[3af]">&gt;&gt;</a>&nbsp;&nbsp;&nbsp;smProcessRandComplete
<LI><a href="#[3ae]">&gt;&gt;</a>&nbsp;&nbsp;&nbsp;smProcessEncryptChange
<LI><a href="#[3a1]">&gt;&gt;</a>&nbsp;&nbsp;&nbsp;smProcessDataMsg
</UL>
<BR>[Called By]<UL><LI><a href="#[53]">&gt;&gt;</a>&nbsp;&nbsp;&nbsp;SM_ProcessEvent
</UL>

<P><STRONG><a name="[98]"></a>l2capHandleTimerCB</STRONG> (Thumb, 40 bytes, Stack size 24 bytes, l2cap_util.o(i.l2capHandleTimerCB))
<BR><BR>[Stack]<UL><LI>Max Depth = 64<LI>Call Chain = l2capHandleTimerCB &rArr; l2capNotifySignal
</UL>
<BR>[Calls]<UL><LI><a href="#[36a]">&gt;&gt;</a>&nbsp;&nbsp;&nbsp;l2capNotifySignal
</UL>
<BR>[Address Reference Count : 1]<UL><LI> l2cap_util.o(i.l2capSendReq)
</UL>
<P><STRONG><a name="[365]"></a>generate_subkey</STRONG> (Thumb, 148 bytes, Stack size 32 bytes, sm_mgr.o(i.generate_subkey))
<BR><BR>[Stack]<UL><LI>Max Depth = 44<LI>Call Chain = generate_subkey &rArr; xor_128
</UL>
<BR>[Calls]<UL><LI><a href="#[272]">&gt;&gt;</a>&nbsp;&nbsp;&nbsp;osal_mem_free (via Veneer)
<LI><a href="#[1dc]">&gt;&gt;</a>&nbsp;&nbsp;&nbsp;osal_mem_alloc (via Veneer)
<LI><a href="#[130]">&gt;&gt;</a>&nbsp;&nbsp;&nbsp;osal_memset (via Veneer)
<LI><a href="#[368]">&gt;&gt;</a>&nbsp;&nbsp;&nbsp;xor_128
<LI><a href="#[366]">&gt;&gt;</a>&nbsp;&nbsp;&nbsp;smEncryptLocal
<LI><a href="#[367]">&gt;&gt;</a>&nbsp;&nbsp;&nbsp;leftshift_onebit
</UL>
<BR>[Called By]<UL><LI><a href="#[30e]">&gt;&gt;</a>&nbsp;&nbsp;&nbsp;sm_CMAC
</UL>

<P><STRONG><a name="[367]"></a>leftshift_onebit</STRONG> (Thumb, 28 bytes, Stack size 8 bytes, sm_mgr.o(i.leftshift_onebit))
<BR><BR>[Stack]<UL><LI>Max Depth = 8<LI>Call Chain = leftshift_onebit
</UL>
<BR>[Called By]<UL><LI><a href="#[365]">&gt;&gt;</a>&nbsp;&nbsp;&nbsp;generate_subkey
</UL>

<P><STRONG><a name="[392]"></a>smEncrypt</STRONG> (Thumb, 16 bytes, Stack size 8 bytes, sm_mgr.o(i.smEncrypt))
<BR><BR>[Stack]<UL><LI>Max Depth = 8<LI>Call Chain = smEncrypt
</UL>
<BR>[Calls]<UL><LI><a href="#[393]">&gt;&gt;</a>&nbsp;&nbsp;&nbsp;LL_Encrypt (via Veneer)
</UL>
<BR>[Called By]<UL><LI><a href="#[3b1]">&gt;&gt;</a>&nbsp;&nbsp;&nbsp;sm_s1
<LI><a href="#[3b4]">&gt;&gt;</a>&nbsp;&nbsp;&nbsp;sm_c1new
<LI><a href="#[30a]">&gt;&gt;</a>&nbsp;&nbsp;&nbsp;sm_ah
</UL>

<P><STRONG><a name="[366]"></a>smEncryptLocal</STRONG> (Thumb, 8 bytes, Stack size 8 bytes, sm_mgr.o(i.smEncryptLocal))
<BR><BR>[Stack]<UL><LI>Max Depth = 8<LI>Call Chain = smEncryptLocal
</UL>
<BR>[Calls]<UL><LI><a href="#[393]">&gt;&gt;</a>&nbsp;&nbsp;&nbsp;LL_Encrypt (via Veneer)
</UL>
<BR>[Called By]<UL><LI><a href="#[30e]">&gt;&gt;</a>&nbsp;&nbsp;&nbsp;sm_CMAC
<LI><a href="#[365]">&gt;&gt;</a>&nbsp;&nbsp;&nbsp;generate_subkey
</UL>

<P><STRONG><a name="[30e]"></a>sm_CMAC</STRONG> (Thumb, 340 bytes, Stack size 64 bytes, sm_mgr.o(i.sm_CMAC))
<BR><BR>[Stack]<UL><LI>Max Depth = 108<LI>Call Chain = sm_CMAC &rArr; generate_subkey &rArr; xor_128
</UL>
<BR>[Calls]<UL><LI><a href="#[272]">&gt;&gt;</a>&nbsp;&nbsp;&nbsp;osal_mem_free (via Veneer)
<LI><a href="#[1dc]">&gt;&gt;</a>&nbsp;&nbsp;&nbsp;osal_mem_alloc (via Veneer)
<LI><a href="#[130]">&gt;&gt;</a>&nbsp;&nbsp;&nbsp;osal_memset (via Veneer)
<LI><a href="#[148]">&gt;&gt;</a>&nbsp;&nbsp;&nbsp;osal_memcpy (via Veneer)
<LI><a href="#[368]">&gt;&gt;</a>&nbsp;&nbsp;&nbsp;xor_128
<LI><a href="#[366]">&gt;&gt;</a>&nbsp;&nbsp;&nbsp;smEncryptLocal
<LI><a href="#[365]">&gt;&gt;</a>&nbsp;&nbsp;&nbsp;generate_subkey
</UL>
<BR>[Called By]<UL><LI><a href="#[220]">&gt;&gt;</a>&nbsp;&nbsp;&nbsp;SM_VerifyAuthenSig
<LI><a href="#[30b]">&gt;&gt;</a>&nbsp;&nbsp;&nbsp;SM_GenerateAuthenSig
</UL>

<P><STRONG><a name="[3b5]"></a>sm_xor</STRONG> (Thumb, 26 bytes, Stack size 8 bytes, sm_mgr.o(i.sm_xor))
<BR><BR>[Stack]<UL><LI>Max Depth = 8<LI>Call Chain = sm_xor
</UL>
<BR>[Called By]<UL><LI><a href="#[3b4]">&gt;&gt;</a>&nbsp;&nbsp;&nbsp;sm_c1new
</UL>

<P><STRONG><a name="[368]"></a>xor_128</STRONG> (Thumb, 22 bytes, Stack size 12 bytes, sm_mgr.o(i.xor_128))
<BR><BR>[Stack]<UL><LI>Max Depth = 12<LI>Call Chain = xor_128
</UL>
<BR>[Called By]<UL><LI><a href="#[30e]">&gt;&gt;</a>&nbsp;&nbsp;&nbsp;sm_CMAC
<LI><a href="#[365]">&gt;&gt;</a>&nbsp;&nbsp;&nbsp;generate_subkey
</UL>

<P><STRONG><a name="[318]"></a>smFreePairingParams</STRONG> (Thumb, 88 bytes, Stack size 16 bytes, sm_pairing.o(i.smFreePairingParams))
<BR><BR>[Stack]<UL><LI>Max Depth = 32<LI>Call Chain = smFreePairingParams &rArr; smStopRspTimer
</UL>
<BR>[Calls]<UL><LI><a href="#[272]">&gt;&gt;</a>&nbsp;&nbsp;&nbsp;osal_mem_free (via Veneer)
<LI><a href="#[394]">&gt;&gt;</a>&nbsp;&nbsp;&nbsp;smStopRspTimer
</UL>
<BR>[Called By]<UL><LI><a href="#[391]">&gt;&gt;</a>&nbsp;&nbsp;&nbsp;smEndPairing
<LI><a href="#[26e]">&gt;&gt;</a>&nbsp;&nbsp;&nbsp;SM_StartPairing
<LI><a href="#[93]">&gt;&gt;</a>&nbsp;&nbsp;&nbsp;smLinkCheck
</UL>

<P><STRONG><a name="[395]"></a>smSetPairingReqRsp</STRONG> (Thumb, 58 bytes, Stack size 16 bytes, sm_pairing.o(i.smSetPairingReqRsp))
<BR><BR>[Stack]<UL><LI>Max Depth = 24<LI>Call Chain = smSetPairingReqRsp &rArr; smUint8ToAuthReq
</UL>
<BR>[Calls]<UL><LI><a href="#[130]">&gt;&gt;</a>&nbsp;&nbsp;&nbsp;osal_memset (via Veneer)
<LI><a href="#[29d]">&gt;&gt;</a>&nbsp;&nbsp;&nbsp;smUint8ToAuthReq
</UL>
<BR>[Called By]<UL><LI><a href="#[317]">&gt;&gt;</a>&nbsp;&nbsp;&nbsp;smGeneratePairingReqRsp
<LI><a href="#[312]">&gt;&gt;</a>&nbsp;&nbsp;&nbsp;sm_c1
</UL>

<P><STRONG><a name="[3ac]"></a>smpProcessIncoming</STRONG> (Thumb, 72 bytes, Stack size 16 bytes, sm_pairing.o(i.smpProcessIncoming))
<BR><BR>[Stack]<UL><LI>Max Depth = 16<LI>Call Chain = smpProcessIncoming
</UL>
<BR>[Calls]<UL><LI><a href="#[245]">&gt;&gt;</a>&nbsp;&nbsp;&nbsp;linkDB_Find
</UL>
<BR>[Called By]<UL><LI><a href="#[3a1]">&gt;&gt;</a>&nbsp;&nbsp;&nbsp;smProcessDataMsg
</UL>
<P>
<H3>
Undefined Global Symbols
</H3><HR></body></html>
