<html>
<body>
<pre>
<h1>µVision Build Log</h1>
<h2>Tool Versions:</h2>
IDE-Version: ¦ÌVision V5.25.2.0
Copyright (C) 2018 ARM Ltd and ARM Germany GmbH. All rights reserved.
License Information: ruanjian Microsoft, Microsoft, LIC=GE7DL-0Q0WK-243SS-LDPLJ-95MI2-D4TLA
 
Tool Versions:
Toolchain:       MDK-ARM Professional  Version: 5.25.2.0
Toolchain Path:  C:\Keil_v5\ARM\ARMCC\Bin
C Compiler:      Armcc.exe V5.06 update 6 (build 750)
Assembler:       Armasm.exe V5.06 update 6 (build 750)
Linker/Locator:  ArmLink.exe V5.06 update 6 (build 750)
Library Manager: ArmAr.exe V5.06 update 6 (build 750)
Hex Converter:   FromElf.exe V5.06 update 6 (build 750)
CPU DLL:         SARMCM3.DLL V5.25.2.0
Dialog DLL:      DARMCM1.DLL V1.19.1.0
Target DLL:      UL2CM3.DLL V1.160.12.0
Dialog DLL:      TARMCM1.DLL V1.14.0.0
 
<h2>Project:</h2>
C:\Dfile\Git\BBB_SDK_G\bbb_sdk_2\example\ble_peripheral\ppsp_demo\bleSmartPeripheral.uvprojx
Project File Date:  09/17/2021

<h2>Output:</h2>
*** Using Compiler 'V5.06 update 6 (build 750)', folder: 'C:\Keil_v5\ARM\ARMCC\Bin'
Rebuild target 'Smart BLE Peripheral'
compiling list_slst.c...
compiling gapgattserver.c...
compiling gap.c...
compiling main.c...
compiling devinfoservice.c...
compiling core_queu.c...
..\..\..\components\profiles\ppsp\core_queu.c(339): warning:  #1-D: last line of file ends without a newline
  // }
..\..\..\components\profiles\ppsp\core_queu.c: 1 warning, 0 errors
compiling peripheral.c...
compiling gapbondmgr.c...
compiling gattservapp.c...
compiling jump_table.c...
compiling ppsp_serv.c...
..\..\..\components\profiles\ppsp\ppsp_serv.c(115): warning:  #550-D: variable "__ppsp_serv_char_ffd4_para_size"  was set but never used
  __ppsp_serv_char_ffd4_para_size = 0;
..\..\..\components\profiles\ppsp\ppsp_serv.c: 1 warning, 0 errors
compiling bleSmartPeripheral_Main.c...
compiling ppsp_impl.c...
..\..\..\components\profiles\ppsp\ppsp_impl.c(434): warning:  #177-D: function "ppsp_impl_cvt_hex2Str"  was declared but never referenced
  ppsp_impl_cvt_hex2Str(const unsigned char* const srcs, unsigned char* dest, int coun, int revs)
..\..\..\components\profiles\ppsp\ppsp_impl.c(610): warning:  #177-D: function "ppsp_impl_pul_prog_data"  was declared but never referenced
  ppsp_impl_pul_prog_data(uint32 addr, uint32* valu)
..\..\..\components\profiles\ppsp\ppsp_impl.c: 2 warnings, 0 errors
compiling bleSmartPeripheral.c...
Source\bleSmartPeripheral.c(312): warning:  #223-D: function "ppsp_impl_ini" declared implicitly
          ppsp_impl_ini();
Source\bleSmartPeripheral.c(388): warning:  #223-D: function "ppsp_impl_appl_timr_hdlr" declared implicitly
          ppsp_impl_appl_timr_hdlr();
Source\bleSmartPeripheral.c(448): warning:  #177-D: function "bleSmartPeripheral_InitGattAttr"  was declared but never referenced
  static void bleSmartPeripheral_InitGattAttr(void)
Source\bleSmartPeripheral.c(471): warning:  #177-D: function "bleSmartPeripheral_UpdateGattAttr"  was declared but never referenced
  static void bleSmartPeripheral_UpdateGattAttr(void)
Source\bleSmartPeripheral.c(605): warning:  #177-D: function "updateAdvData"  was declared but never referenced
  static void updateAdvData(void)
Source\bleSmartPeripheral.c: 5 warnings, 0 errors
compiling touch_key.c...
compiling battery.c...
compiling OSAL_bleSmartPeripheral.c...
compiling led.c...
compiling pwm_ctrl.c...
compiling switch.c...
compiling pwrmgr.c...
compiling clock.c...
compiling my_printf.c...
compiling uart.c...
compiling gpio.c...
compiling aes_decrypt.c...
compiling aes_encrypt.c...
compiling adc.c...
compiling cbc_mode.c...
compiling pwm.c...
compiling flash.c...
compiling osal_snv.c...
compiling ccm_mode.c...
compiling cmac_mode.c...
compiling ecc_platform_specific.c...
compiling ctr_mode.c...
compiling hmac.c...
compiling hmac_prng.c...
compiling ctr_prng.c...
..\..\..\components\libraries\tinycrypt-0.2.8\lib\source\ctr_prng.c(238): warning:  #68-D: integer conversion resulted in a change of sign
              result = TC_CTR_PRNG_RESEED_REQ;
..\..\..\components\libraries\tinycrypt-0.2.8\lib\source\ctr_prng.c: 1 warning, 0 errors
compiling ecc_dh.c...
compiling ecc_dsa.c...
compiling ecc.c...
assembling startup_ARMCM0.s...
compiling utils.c...
compiling sha256.c...
compiling system_ARMCM0.c...
linking...
Program Size: Code=56272 RO-data=2224 RW-data=2488 ZI-data=14872  
After Build - User command #1: fromelf.exe --bin -o  ./bin  ./Objects/bleSmartPeripheral.axf
After Build - User command #2: fromelf.exe .\Objects\bleSmartPeripheral.axf --i32combined --output .\bin\bleSmartPeripheral.hex
".\Objects\bleSmartPeripheral.axf" - 0 Error(s), 10 Warning(s).

<h2>Software Packages used:</h2>

Package Vendor: ARM
                http://www.keil.com/pack/ARM.CMSIS.5.7.0.pack
                ARM.CMSIS.5.7.0
                CMSIS (Cortex Microcontroller Software Interface Standard)
   * Component: CORE Version: 5.4.0
   * Component: Startup Version: 1.2.2

<h2>Collection of Component include folders:</h2>
  .\RTE\_Smart_BLE_Peripheral
  C:\Users\bingshuai.duanmu\AppData\Local\Arm\Packs\ARM\CMSIS\5.7.0\CMSIS\Core\Include
  C:\Users\bingshuai.duanmu\AppData\Local\Arm\Packs\ARM\CMSIS\5.7.0\Device\ARM\ARMCM0\Include

<h2>Collection of Component Files used:</h2>

   * Component: ARM::CMSIS:CORE:5.4.0

   * Component: ARM::Device:Startup:1.2.2
      Include file:  Device\ARM\ARMCM0\Include\ARMCM0.h
      Source file:   Device\ARM\ARMCM0\Source\ARM\startup_ARMCM0.s
      Source file:   Device\ARM\ARMCM0\Source\system_ARMCM0.c
Build Time Elapsed:  00:00:08
</pre>
</body>
</html>
