Component: ARM Compiler 5.06 update 6 (build 750) Tool: armlink [4d35ed]

==============================================================================

Section Cross References

    main.o(i.ble_mem_init_config) refers to main.o(.bss) for g_largeHeap
    main.o(i.hal_init) refers to main.o(i.hal_low_power_io_init) for hal_low_power_io_init
    main.o(i.hal_init) refers to clock.o(i.hal_rtc_clock_config) for hal_rtc_clock_config
    main.o(i.hal_init) refers to pwrmgr.o(i.hal_pwrmgr_init) for hal_pwrmgr_init
    main.o(i.hal_init) refers to flash.o(i.hal_spif_cache_init) for hal_spif_cache_init
    main.o(i.hal_init) refers to my_printf.o(i.dbg_printf_init) for dbg_printf_init
    main.o(i.hal_init) refers to gpio.o(i.hal_gpio_init) for hal_gpio_init
    main.o(i.hal_init) refers to fs.o(i.hal_fs_init) for hal_fs_init
    main.o(i.hal_init) refers to main.o(.data) for g_clk32K_config
    main.o(i.hal_init) refers to main.o(.constdata) for .constdata
    main.o(i.hal_low_power_io_init) refers to gpio.o(i.hal_gpio_pull_set) for hal_gpio_pull_set
    main.o(i.hal_low_power_io_init) refers to pwrmgr.o(i.hal_pwrmgr_RAM_retention) for hal_pwrmgr_RAM_retention
    main.o(i.hal_low_power_io_init) refers to pwrmgr.o(i.hal_pwrmgr_RAM_retention_set) for hal_pwrmgr_RAM_retention_set
    main.o(i.hal_low_power_io_init) refers to pwrmgr.o(i.hal_pwrmgr_LowCurrentLdo_enable) for hal_pwrmgr_LowCurrentLdo_enable
    main.o(i.hal_low_power_io_init) refers to main.o(.constdata) for .constdata
    main.o(i.hal_rfphy_init) refers to patch.o(i.hal_rom_boot_init) for hal_rom_boot_init
    main.o(i.hal_rfphy_init) refers to main.o(i.__NVIC_SetPriority) for __NVIC_SetPriority
    main.o(i.hal_rfphy_init) refers to main.o(i.ble_mem_init_config) for ble_mem_init_config
    main.o(i.main) refers to patch.o(_section_xip_code_) for init_config
    main.o(i.main) refers to patch.o(i.ll_patch_slave) for ll_patch_slave
    main.o(i.main) refers to main.o(i.hal_rfphy_init) for hal_rfphy_init
    main.o(i.main) refers to main.o(i.hal_init) for hal_init
    main.o(i.main) refers to my_printf.o(i.dbg_printf) for dbg_printf
    main.o(i.main) refers to hidkbd_main.o(i.app_main) for app_main
    main.o(i.main) refers to main.o(.data) for g_clk32K_config
    main.o(i.main) refers to main.o(.conststring) for .conststring
    devinfoservice.o(i.DevInfo_AddService) refers to gattservapp.o(i.GATTServApp_RegisterService) for GATTServApp_RegisterService
    devinfoservice.o(i.DevInfo_AddService) refers to devinfoservice.o(.constdata) for devInfoCBs
    devinfoservice.o(i.DevInfo_AddService) refers to devinfoservice.o(.data) for devInfoAttrTbl
    devinfoservice.o(i.DevInfo_GetParameter) refers to devinfoservice.o(.data) for devInfoSystemId
    devinfoservice.o(i.DevInfo_GetParameter) refers to devinfoservice.o(.constdata) for devInfoModelNumber
    devinfoservice.o(i.DevInfo_SetParameter) refers to devinfoservice.o(.data) for devInfoSystemId
    devinfoservice.o(i.devInfo_ReadAttrCB) refers to devinfoservice.o(.data) for devInfoSystemId
    devinfoservice.o(i.devInfo_ReadAttrCB) refers to devinfoservice.o(.constdata) for devInfoModelNumber
    devinfoservice.o(.constdata) refers to devinfoservice.o(i.devInfo_ReadAttrCB) for devInfo_ReadAttrCB
    devinfoservice.o(.data) refers to gatt_uuid.o(.constdata) for primaryServiceUUID
    devinfoservice.o(.data) refers to devinfoservice.o(.constdata) for devInfoService
    gattservapp.o(i.GATTServApp_AddService) refers to gattservapp.o(i.GATTServApp_RegisterService) for GATTServApp_RegisterService
    gattservapp.o(i.GATTServApp_AddService) refers to gattservapp.o(.constdata) for gattServiceCBs
    gattservapp.o(i.GATTServApp_AddService) refers to gattservapp.o(.data) for gattAttrTbl
    gattservapp.o(i.GATTServApp_DelService) refers to gattservapp.o(i.GATTServApp_DeregisterService) for GATTServApp_DeregisterService
    gattservapp.o(i.GATTServApp_DelService) refers to gattservapp.o(.data) for gattAttrTbl
    gattservapp.o(i.GATTServApp_DeregisterService) refers to gattservapp.o(i.gattServApp_DeregisterServiceCBs) for gattServApp_DeregisterServiceCBs
    gattservapp.o(i.GATTServApp_DeregisterService) refers to gatt_server.o(i.GATT_DeregisterService) for GATT_DeregisterService
    gattservapp.o(i.GATTServApp_GetParameter) refers to gattservapp.o(.data) for maxNumPrepareWrites
    gattservapp.o(i.GATTServApp_Init) refers to gattservapp.o(i.GATTServApp_InitCharCfg) for GATTServApp_InitCharCfg
    gattservapp.o(i.GATTServApp_Init) refers to gattservapp.o(i.gattServApp_SetNumPrepareWrites) for gattServApp_SetNumPrepareWrites
    gattservapp.o(i.GATTServApp_Init) refers to gatt_server.o(i.GATT_RegisterForReq) for GATT_RegisterForReq
    gattservapp.o(i.GATTServApp_Init) refers to linkdb.o(i.linkDB_Register) for linkDB_Register
    gattservapp.o(i.GATTServApp_Init) refers to gattservapp.o(.data) for GATTServApp_TaskID
[...]
    0x1fff3f34   0x1fff3f34   0x00000018   Code   RO         3506    i.efuse_init        rf.lib(phy_sec_ext.o)
    0x1fff3f4c   0x1fff3f4c   0x0000008c   Code   RO         3507    i.finidv            rf.lib(phy_sec_ext.o)
    0x1fff3fd8   0x1fff3fd8   0x00000034   Code   RO         2994    i.get_key_matrix    kscan.o
    0x1fff400c   0x1fff400c   0x00000100   Code   RO         2856    i.hal_ADC_IRQHandler  voice.o
    0x1fff410c   0x1fff410c   0x0000001c   Code   RO         2136    i.hal_GPIO_IRQHandler  gpio.o
    0x1fff4128   0x1fff4128   0x00000088   Code   RO         2995    i.hal_KSCAN_IRQHandler  kscan.o
    0x1fff41b0   0x1fff41b0   0x0000003a   Code   RO         2735    i.hal_cache_init    flash.o
    0x1fff41ea   COMPRESSED   0x00000002   PAD
    0x1fff41ec   0x1fff41ec   0x0000005c   Code   RO         2736    i.hal_cache_tag_flush  flash.o
    0x1fff4248   0x1fff4248   0x00000050   Code   RO         2644    i.hal_clk_gate_disable  clock.o
    0x1fff4298   0x1fff4298   0x00000050   Code   RO         2645    i.hal_clk_gate_enable  clock.o
    0x1fff42e8   0x1fff42e8   0x000000d8   Code   RO         2648    i.hal_clk_reset     clock.o
    0x1fff43c0   0x1fff43c0   0x000000f4   Code   RO         2739    i.hal_flash_erase_sector  flash.o
    0x1fff44b4   0x1fff44b4   0x000000d4   Code   RO         2740    i.hal_flash_read    flash.o
    0x1fff4588   0x1fff4588   0x000000ec   Code   RO         2741    i.hal_flash_write   flash.o
    0x1fff4674   0x1fff4674   0x00000124   Code   RO         2743    i.hal_get_flash_info  flash.o
    0x1fff4798   0x1fff4798   0x00000048   Code   RO         2137    i.hal_gpio_cfg_analog_io  gpio.o
    0x1fff47e0   0x1fff47e0   0x00000028   Code   RO         2141    i.hal_gpio_fmux     gpio.o
    0x1fff4808   0x1fff4808   0x00000068   Code   RO         2142    i.hal_gpio_fmux_set  gpio.o
    0x1fff4870   0x1fff4870   0x0000005c   Code   RO         2143    i.hal_gpio_init     gpio.o
    0x1fff48cc   0x1fff48cc   0x0000005c   Code   RO         2145    i.hal_gpio_interrupt_enable  gpio.o
    0x1fff4928   0x1fff4928   0x00000030   Code   RO         2146    i.hal_gpio_pin2pin3_control  gpio.o
    0x1fff4958   0x1fff4958   0x0000006c   Code   RO         2147    i.hal_gpio_pin_init  gpio.o
    0x1fff49c4   0x1fff49c4   0x00000070   Code   RO         2148    i.hal_gpio_pull_set  gpio.o
    0x1fff4a34   0x1fff4a34   0x0000002c   Code   RO         2149    i.hal_gpio_read     gpio.o
    0x1fff4a60   0x1fff4a60   0x000000ac   Code   RO         2150    i.hal_gpio_retention_enable  gpio.o
    0x1fff4b0c   0x1fff4b0c   0x00000050   Code   RO         2151    i.hal_gpio_sleep_handler  gpio.o
    0x1fff4b5c   0x1fff4b5c   0x0000006c   Code   RO         2152    i.hal_gpio_wakeup_control  gpio.o
    0x1fff4bc8   0x1fff4bc8   0x0000006c   Code   RO         2153    i.hal_gpio_wakeup_handler  gpio.o
    0x1fff4c34   0x1fff4c34   0x000000a8   Code   RO         2154    i.hal_gpio_wakeup_set  gpio.o
    0x1fff4cdc   0x1fff4cdc   0x00000038   Code   RO         2155    i.hal_gpio_write    gpio.o
    0x1fff4d14   0x1fff4d14   0x0000009c   Code   RO         2157    i.hal_gpioin_enable  gpio.o
    0x1fff4db0   0x1fff4db0   0x00000098   Code   RO         2158    i.hal_gpioin_event  gpio.o
    0x1fff4e48   0x1fff4e48   0x0000004c   Code   RO         2159    i.hal_gpioin_event_pin  gpio.o
    0x1fff4e94   0x1fff4e94   0x0000000c   Code   RO         2161    i.hal_gpioin_set_flag  gpio.o
    0x1fff4ea0   0x1fff4ea0   0x00000034   Code   RO         2163    i.hal_gpioin_wakeup_trigger  gpio.o
    0x1fff4ed4   0x1fff4ed4   0x0000004c   Code   RO            5    i.hal_init          main.o
    0x1fff4f20   0x1fff4f20   0x0000006c   Code   RO         2064    i.hal_keyboard_matrix_task_ProcessEvent  hal_keyboard_matrix.o
    0x1fff4f8c   0x1fff4f8c   0x00000008   Code   RO         2065    i.hal_keyboard_matrix_task_ProcessOSALMsg  hal_keyboard_matrix.o
    0x1fff4f94   0x1fff4f94   0x00000094   Code   RO         2066    i.hal_keyboard_matrix_task_init  hal_keyboard_matrix.o
    0x1fff5028   0x1fff5028   0x0000003c   Code   RO         2996    i.hal_kscan_clear_config  kscan.o
    0x1fff5064   0x1fff5064   0x00000068   Code   RO         2997    i.hal_kscan_config_col  kscan.o
    0x1fff50cc   0x1fff50cc   0x00000064   Code   RO         2998    i.hal_kscan_config_row  kscan.o
    0x1fff5130   0x1fff5130   0x00000064   Code   RO         2999    i.hal_kscan_init    kscan.o
    0x1fff5194   0x1fff5194   0x000000a0   Code   RO         3000    i.hal_kscan_timeout_handler  kscan.o
    0x1fff5234   0x1fff5234   0x0000006c   Code   RO            6    i.hal_low_power_io_init  main.o
    0x1fff52a0   0x1fff52a0   0x00000004   Code   RO         2519    i.hal_pwrmgr_LowCurrentLdo_enable  pwrmgr.o
    0x1fff52a4   0x1fff52a4   0x00000020   Code   RO         2520    i.hal_pwrmgr_RAM_retention  pwrmgr.o
    0x1fff52c4   0x1fff52c4   0x00000018   Code   RO         2521    i.hal_pwrmgr_RAM_retention_clr  pwrmgr.o
    0x1fff52dc   0x1fff52dc   0x00000024   Code   RO         2522    i.hal_pwrmgr_RAM_retention_set  pwrmgr.o
    0x1fff5300   0x1fff5300   0x00000058   Code   RO         2524    i.hal_pwrmgr_init   pwrmgr.o
    0x1fff5358   0x1fff5358   0x0000006c   Code   RO         2526    i.hal_pwrmgr_lock   pwrmgr.o
    0x1fff53c4   0x1fff53c4   0x00000054   Code   RO         2528    i.hal_pwrmgr_register  pwrmgr.o
    0x1fff5418   0x1fff5418   0x00000044   Code   RO         2529    i.hal_pwrmgr_sleep_process  pwrmgr.o
    0x1fff545c   0x1fff545c   0x00000084   Code   RO         2530    i.hal_pwrmgr_unlock  pwrmgr.o
    0x1fff54e0   0x1fff54e0   0x0000009c   Code   RO         2532    i.hal_pwrmgr_wakeup_process  pwrmgr.o
    0x1fff557c   0x1fff557c   0x0000006c   Code   RO            7    i.hal_rfphy_init    main.o
    0x1fff55e8   0x1fff55e8   0x00000008   Code   RO         3315    i.hal_rom_boot_init  rf.lib(patch.o)
    0x1fff55f0   0x1fff55f0   0x000000a8   Code   RO         2650    i.hal_rtc_clock_config  clock.o
    0x1fff5698   0x1fff5698   0x0000002c   Code   RO         2744    i.hal_spif_cache_init  flash.o
    0x1fff56c4   0x1fff56c4   0x00000074   Code   RO         2405    i.hal_uart_init     uart.o
    0x1fff5738   0x1fff5738   0x00000030   Code   RO         2406    i.hal_uart_send_buff  uart.o
    0x1fff5768   0x1fff5768   0x0000001c   Code   RO         2857    i.hal_voice_amic_gain  voice.o
    0x1fff5784   0x1fff5784   0x0000004c   Code   RO         2858    i.hal_voice_amic_mode  voice.o
    0x1fff57d0   0x1fff57d0   0x00000014   Code   RO         2859    i.hal_voice_amute_off  voice.o
    0x1fff57e4   0x1fff57e4   0x00000014   Code   RO         2860    i.hal_voice_amute_on  voice.o
    0x1fff57f8   0x1fff57f8   0x00000134   Code   RO         2862    i.hal_voice_config  voice.o
    0x1fff592c   0x1fff592c   0x0000001c   Code   RO         2863    i.hal_voice_disable  voice.o
    0x1fff5948   0x1fff5948   0x00000014   Code   RO         2864    i.hal_voice_dmic_mode  voice.o
    0x1fff595c   0x1fff595c   0x00000018   Code   RO         2865    i.hal_voice_dmic_open  voice.o
    0x1fff5974   0x1fff5974   0x0000001c   Code   RO         2866    i.hal_voice_enable  voice.o
    0x1fff5990   0x1fff5990   0x00000018   Code   RO         2867    i.hal_voice_encode  voice.o
    0x1fff59a8   0x1fff59a8   0x00000018   Code   RO         2868    i.hal_voice_gain    voice.o
    0x1fff59c0   0x1fff59c0   0x00000018   Code   RO         2870    i.hal_voice_rate    voice.o
    0x1fff59d8   0x1fff59d8   0x000000b0   Code   RO         2871    i.hal_voice_start   voice.o
    0x1fff5a88   0x1fff5a88   0x00000054   Code   RO         2872    i.hal_voice_stop    voice.o
    0x1fff5adc   0x1fff5adc   0x00000058   Code   RO         2745    i.hw_spif_cache_config  flash.o
    0x1fff5b34   0x1fff5b34   0x0000009c   Code   RO         3001    i.kscan_compare_key  kscan.o
    0x1fff5bd0   0x1fff5bd0   0x0000042c   Code   RO         2067    i.kscan_evt_handler  hal_keyboard_matrix.o
    0x1fff5ffc   0x1fff5ffc   0x000000b4   Code   RO         3002    i.kscan_hw_config   kscan.o
    0x1fff60b0   0x1fff60b0   0x000000ec   Code   RO         3003    i.kscan_sleep_handler  kscan.o
    0x1fff619c   0x1fff619c   0x0000014c   Code   RO         3004    i.kscan_wakeup_handler  kscan.o
    0x1fff62e8   0x1fff62e8   0x00000040   Code   RO         3318    i.llCalcMaxScanTime1  rf.lib(patch.o)
    0x1fff6328   0x1fff6328   0x00000044   Code   RO         3319    i.llConnTerminate1  rf.lib(patch.o)
    0x1fff636c   0x1fff636c   0x0000000c   Code   RO         3323    i.llProcessTxData1  rf.lib(patch.o)
    0x1fff6378   0x1fff6378   0x00000050   Code   RO         3324    i.llSecAdvAllow1    rf.lib(patch.o)
    0x1fff63c8   0x1fff63c8   0x0000002c   Code   RO         3325    i.llSetupNextSlaveEvent1  rf.lib(patch.o)
    0x1fff63f4   0x1fff63f4   0x00000098   Code   RO         3326    i.llSetupSecAdvEvt1  rf.lib(patch.o)
    0x1fff648c   0x1fff648c   0x000000bc   Code   RO         3329    i.ll_adptive_adj_next_time1  rf.lib(patch.o)
    0x1fff6548   0x1fff6548   0x000001ac   Code   RO         3330    i.ll_generateTxBuffer1  rf.lib(patch.o)
    0x1fff66f4   0x1fff66f4   0x0000019c   Code   RO         3331    i.ll_hw_go1         rf.lib(patch.o)
    0x1fff6890   0x1fff6890   0x0000004c   Code   RO         3335    i.ll_patch_slave    rf.lib(patch.o)
    0x1fff68dc   0x1fff68dc   0x00000018   Code   RO         3336    i.ll_processBasicIRQ_SRX  rf.lib(patch.o)
    0x1fff68f4   0x1fff68f4   0x00000018   Code   RO         3338    i.ll_processBasicIRQ_ScanTRX  rf.lib(patch.o)
    0x1fff690c   0x1fff690c   0x00000018   Code   RO         3340    i.ll_processBasicIRQ_secondaryAdvTRX  rf.lib(patch.o)
    0x1fff6924   0x1fff6924   0x00000018   Code   RO         3342    i.ll_processBasicIRQ_secondaryInitSRX  rf.lib(patch.o)
    0x1fff693c   0x1fff693c   0x00000018   Code   RO         3344    i.ll_processBasicIRQ_secondaryScanSRX  rf.lib(patch.o)
    0x1fff6954   0x1fff6954   0x00000048   Code   RO         3347    i.ll_scheduler2     rf.lib(patch.o)
    0x1fff699c   0x1fff699c   0x00000140   Code   RO            8    i.main              main.o
    0x1fff6adc   0x1fff6adc   0x0000006c   Code   RO         4619    i.malloc            mc_p.l(malloc.o)
    0x1fff6b48   0x1fff6b48   0x0000009c   Code   RO         1708    i.osalInitTasks     osal_hidkbd.o
    0x1fff6be4   0x1fff6be4   0x00000080   Code   RO         3441    i.rc32k_calibration  rf.lib(rf_phy_driver.o)
    0x1fff6c64   0x1fff6c64   0x0000002c   Code   RO         3350    i.read_LL_remainder_time1  rf.lib(patch.o)
    0x1fff6c90   0x1fff6c90   0x0000001c   Code   RO         3442    i.rf_calibrate1     rf.lib(rf_phy_driver.o)
    0x1fff6cac   0x1fff6cac   0x00000118   Code   RO         3443    i.rf_phy_ana_cfg    rf.lib(rf_phy_driver.o)
    0x1fff6dc4   0x1fff6dc4   0x000001a4   Code   RO         3444    i.rf_phy_bb_cfg     rf.lib(rf_phy_driver.o)
    0x1fff6f68   0x1fff6f68   0x000000a8   Code   RO         3445    i.rf_phy_change_cfg0  rf.lib(rf_phy_driver.o)
    0x1fff7010   0x1fff7010   0x0000003c   Code   RO         3461    i.rf_phy_ini        rf.lib(rf_phy_driver.o)
    0x1fff704c   0x1fff704c   0x00000074   Code   RO         3462    i.rf_phy_set_txPower  rf.lib(rf_phy_driver.o)
    0x1fff70c0   0x1fff70c0   0x00000120   Code   RO         3463    i.rf_rxDcoc_cfg     rf.lib(rf_phy_driver.o)
    0x1fff71e0   0x1fff71e0   0x0000004c   Code   RO         3466    i.rf_tpCal_gen_cap_arrary  rf.lib(rf_phy_driver.o)
    0x1fff722c   0x1fff722c   0x0000011c   Code   RO         3467    i.rf_tp_cal         rf.lib(rf_phy_driver.o)
    0x1fff7348   0x1fff7348   0x00000056   Code   RO         3005    i.rmv_ghost_key     kscan.o
    0x1fff739e   COMPRESSED   0x00000002   PAD
    0x1fff73a0   0x1fff73a0   0x000000bc   Code   RO         2873    i.set_voice_amute_cfg  voice.o
    0x1fff745c   0x1fff745c   0x00000018   Code   RO         2874    i.set_voice_notch   voice.o
    0x1fff7474   0x1fff7474   0x00000018   Code   RO         2875    i.set_voice_polarity  voice.o
    0x1fff748c   0x1fff748c   0x00000090   Code   RO         2409    i.txmit_buf_polling  uart.o
    0x1fff751c   0x1fff751c   0x000000e0   Code   RO         2410    i.txmit_buf_use_tx_buf  uart.o
    0x1fff75fc   0x1fff75fc   0x00000094   Code   RO         2411    i.uart_hw_deinit    uart.o
    0x1fff7690   0x1fff7690   0x00000150   Code   RO         2412    i.uart_hw_init      uart.o
    0x1fff77e0   0x1fff77e0   0x0000000a   Code   RO         2413    i.uart_wakeup_process_0  uart.o
    0x1fff77ea   0x1fff77ea   0x0000000a   Code   RO         2414    i.uart_wakeup_process_1  uart.o
    0x1fff77f4   0x1fff77f4   0x000000a8   Code   RO         1751    i.voiceCaptureInit  voice_task.o
    0x1fff789c   0x1fff789c   0x00000028   Code   RO         1752    i.voiceCaptureStart  voice_task.o
    0x1fff78c4   0x1fff78c4   0x00000024   Code   RO         1753    i.voiceCaptureStop  voice_task.o
    0x1fff78e8   0x1fff78e8   0x00000008   Code   RO         1754    i.voice_ProcessOSALMsg  voice_task.o
    0x1fff78f0   0x1fff78f0   0x000000a8   Code   RO         1755    i.voice_evt_handler_adpcm  voice_task.o
    0x1fff7998   0x1fff7998   0x00000038   Code   RO         1756    i.voice_requeset_data  voice_task.o
    0x1fff79d0   0x1fff79d0   0x0000001c   Code   RO         1757    i.voice_task_Init   voice_task.o
    0x1fff79ec   0x1fff79ec   0x00000108   Code   RO         1758    i.voice_task_ProcessEvent  voice_task.o
    0x1fff7af4   0x1fff7af4   0x000001dc   Code   RO         3352    i.wakeupProcess1    rf.lib(patch.o)
    0x1fff7cd0   0x1fff7cd0   0x00000140   Code   RO         3353    i.wakeup_init1      rf.lib(patch.o)
    0x1fff7e10   0x1fff7e10   0x00000038   Data   RO           10    .constdata          main.o
    0x1fff7e48   0x1fff7e48   0x0000009c   Data   RO          186    .constdata          devinfoservice.o
    0x1fff7ee4   0x1fff7ee4   0x00000044   Data   RO         1165    .constdata          audiogattprofile.o
    0x1fff7f28   0x1fff7f28   0x00000051   Data   RO         1709    .constdata          osal_hidkbd.o
    0x1fff7f79   COMPRESSED   0x00000001   PAD
    0x1fff7f7a   0x1fff7f7a   0x00000040   Data   RO         2069    .constdata          hal_keyboard_matrix.o
    0x1fff7fba   0x1fff7fba   0x0000008a   Data   RO         2167    .constdata          gpio.o
    0x1fff8044   0x1fff8044   0x0000000c   Data   RO         2416    .constdata          uart.o
    0x1fff8050   0x1fff8050   0x00000017   Data   RO         3007    .constdata          kscan.o
    0x1fff8067   COMPRESSED   0x00000001   PAD
    0x1fff8068   0x1fff8068   0x00000054   Data   RO           11    .conststring        main.o
    0x1fff80bc   0x1fff80bc   0x00000011   Data   RO         3511    .conststring        rf.lib(phy_sec_ext.o)
    0x1fff80cd   COMPRESSED   0x00000003   PAD
    0x1fff80d0   0x1fff80d0   0x00000050   Data   RO         4692    Region$$Table       anon$$obj.o
    0x1fff8120   COMPRESSED   0x00000002   Data   RW           12    .data               main.o
    0x1fff8122   COMPRESSED   0x00000002   PAD
    0x1fff8124   COMPRESSED   0x00000148   Data   RW          187    .data               devinfoservice.o
    0x1fff826c   COMPRESSED   0x00000034   Data   RW          300    .data               gattservapp.o
    0x1fff82a0   COMPRESSED   0x0000002a   Data   RW          595    .data               gapbondmgr.o
    0x1fff82ca   COMPRESSED   0x00000002   PAD
    0x1fff82cc   COMPRESSED   0x00000084   Data   RW          801    .data               gapgattserver.o
    0x1fff8350   COMPRESSED   0x00000068   Data   RW          879    .data               peripheral.o
    0x1fff83b8   COMPRESSED   0x0000007c   Data   RW          982    .data               battservice.o
    0x1fff8434   COMPRESSED   0x0000008c   Data   RW         1166    .data               audiogattprofile.o
    0x1fff84c0   COMPRESSED   0x00000074   Data   RW         1246    .data               scanparamservice.o
    0x1fff8534   COMPRESSED   0x00000024   Data   RW         1340    .data               hiddev.o
    0x1fff8558   COMPRESSED   0x000001e4   Data   RW         1515    .data               hidkbdservice.o
    0x1fff873c   COMPRESSED   0x00000004   Data   RW         1552    .data               jump_table.o
    0x1fff8740   COMPRESSED   0x00000068   Data   RW         1602    .data               hidkbd.o
    0x1fff87a8   COMPRESSED   0x00000004   Data   RW         1710    .data               osal_hidkbd.o
    0x1fff87ac   COMPRESSED   0x00000006   Data   RW         1760    .data               voice_task.o
    0x1fff87b2   COMPRESSED   0x00000002   PAD
    0x1fff87b4   COMPRESSED   0x000001a8   Data   RW         1833    .data               adpcm.o
    0x1fff895c   COMPRESSED   0x00000004   Data   RW         1960    .data               voice_data.o
    0x1fff8960   COMPRESSED   0x00001195   Data   RW         1980    .data               voice_queue.o
    0x1fff9af5   COMPRESSED   0x00000001   Data   RW         2031    .data               hal_drivers.o
    0x1fff9af6   COMPRESSED   0x00000002   PAD
    0x1fff9af8   COMPRESSED   0x00000036   Data   RW         2070    .data               hal_keyboard_matrix.o
    0x1fff9b2e   COMPRESSED   0x00000002   PAD
    0x1fff9b30   COMPRESSED   0x00000008   Data   RW         2347    .data               my_printf.o
    0x1fff9b38   COMPRESSED   0x00000018   Data   RW         2534    .data               pwrmgr.o
    0x1fff9b50   COMPRESSED   0x0000001c   Data   RW         2747    .data               flash.o
    0x1fff9b6c   COMPRESSED   0x00000001   Data   RW         3008    .data               kscan.o
    0x1fff9b6d   COMPRESSED   0x00000003   PAD
    0x1fff9b70   COMPRESSED   0x00000009   Data   RW         3101    .data               fs.o
    0x1fff9b79   COMPRESSED   0x00000003   PAD
    0x1fff9b7c   COMPRESSED   0x00000004   Data   RW         3246    .data               system_armcm0.o
    0x1fff9b80   COMPRESSED   0x00000020   Data   RW         3357    .data               rf.lib(patch.o)
    0x1fff9ba0   COMPRESSED   0x00000004   Data   RW         3512    .data               rf.lib(phy_sec_ext.o)
    0x1fff9ba4   COMPRESSED   0x00000001   Data   RW         3513    .data               rf.lib(phy_sec_ext.o)
    0x1fff9ba5   COMPRESSED   0x00000001   PAD
    0x1fff9ba6   COMPRESSED   0x00000008   Data   RW         3616    .data               ble_host.lib(att_util.o)
    0x1fff9bae   COMPRESSED   0x00000004   Data   RW         3617    .data               ble_host.lib(att_util.o)
    0x1fff9bb2   COMPRESSED   0x0000005a   Data   RW         3699    .data               ble_host.lib(gap_configmgr.o)
    0x1fff9c0c   COMPRESSED   0x00000008   Data   RW         3729    .data               ble_host.lib(gap_devmgr.o)
    0x1fff9c14   COMPRESSED   0x00000010   Data   RW         3761    .data               ble_host.lib(gap_linkmgr.o)
    0x1fff9c24   COMPRESSED   0x0000001c   Data   RW         3811    .data               ble_host.lib(gap_peridevmgr.o)
    0x1fff9c40   COMPRESSED   0x0000000c   Data   RW         3853    .data               ble_host.lib(gap_task.o)
    0x1fff9c4c   COMPRESSED   0x00000010   Data   RW         3897    .data               ble_host.lib(gatt_server.o)
    0x1fff9c5c   COMPRESSED   0x0000000c   Data   RW         3942    .data               ble_host.lib(gatt_task.o)
    0x1fff9c68   COMPRESSED   0x00000001   Data   RW         3974    .data               ble_host.lib(l2cap_if.o)
    0x1fff9c69   COMPRESSED   0x00000001   Data   RW         3995    .data               ble_host.lib(l2cap_task.o)
    0x1fff9c6a   COMPRESSED   0x00000002   PAD
    0x1fff9c6c   COMPRESSED   0x0000000c   Data   RW         4047    .data               ble_host.lib(sm_rsppairing.o)
    0x1fff9c78   COMPRESSED   0x00000001   Data   RW         4069    .data               ble_host.lib(sm_task.o)
    0x1fff9c79   COMPRESSED   0x00000001   PAD
    0x1fff9c7a   COMPRESSED   0x00000004   Data   RW         4150    .data               ble_host.lib(l2cap_util.o)
    0x1fff9c7e   COMPRESSED   0x00000002   PAD
    0x1fff9c80   COMPRESSED   0x00000004   Data   RW         4216    .data               ble_host.lib(sm_mgr.o)
    0x1fff9c84   COMPRESSED   0x0000000c   Data   RW         4274    .data               ble_host.lib(sm_pairing.o)
    0x1fff9c90   COMPRESSED   0x00000004   Data   RW         4665    .data               mc_p.l(mvars.o)
    0x1fff9c94   COMPRESSED   0x00000004   Data   RW         4666    .data               mc_p.l(mvars.o)
    0x1fff9c98   COMPRESSED   0x0000000d   Data   RW         2535    _section_standby_code_  pwrmgr.o
    0x1fff9ca5   COMPRESSED   0x00000003   PAD
    0x1fff9ca8        -       0x00002020   Zero   RW            9    .bss                main.o
    0x1fffbcc8        -       0x000002e8   Zero   RW          298    .bss                gattservapp.o
    0x1fffbfb0        -       0x000000a6   Zero   RW          594    .bss                gapbondmgr.o
    0x1fffc056        -       0x00000016   Zero   RW          799    .bss                gapgattserver.o
    0x1fffc06c        -       0x0000003f   Zero   RW          878    .bss                peripheral.o
    0x1fffc0ab        -       0x00000028   Zero   RW         1164    .bss                audiogattprofile.o
    0x1fffc0d3   COMPRESSED   0x00000001   PAD
    0x1fffc0d4        -       0x00000172   Zero   RW         1338    .bss                hiddev.o
    0x1fffc246        -       0x00000028   Zero   RW         1513    .bss                hidkbdservice.o
    0x1fffc26e        -       0x000003c8   Zero   RW         1600    .bss                hidkbd.o
    0x1fffc636        -       0x00001770   Zero   RW         1759    .bss                voice_task.o
    0x1fffdda6   COMPRESSED   0x00000002   PAD
    0x1fffdda8        -       0x00000018   Zero   RW         1979    .bss                voice_queue.o
    0x1fffddc0        -       0x00000090   Zero   RW         2068    .bss                hal_keyboard_matrix.o
    0x1fffde50        -       0x0000012c   Zero   RW         2166    .bss                gpio.o
    0x1fffdf7c        -       0x00000040   Zero   RW         2415    .bss                uart.o
    0x1fffdfbc        -       0x00000078   Zero   RW         2533    .bss                pwrmgr.o
    0x1fffe034        -       0x00000210   Zero   RW         2876    .bss                voice.o
    0x1fffe244        -       0x00000056   Zero   RW         3006    .bss                kscan.o
    0x1fffe29a   COMPRESSED   0x00000002   PAD
    0x1fffe29c        -       0x00000014   Zero   RW         3100    .bss                fs.o
    0x1fffe2b0        -       0x00000020   Zero   RW         3354    .bss                rf.lib(patch.o)
    0x1fffe2d0        -       0x00000010   Zero   RW         3509    .bss                rf.lib(phy_sec_ext.o)
    0x1fffe2e0        -       0x0000001c   Zero   RW         3698    .bss                ble_host.lib(gap_configmgr.o)
    0x1fffe2fc        -       0x0000002e   Zero   RW         3994    .bss                ble_host.lib(l2cap_task.o)
    0x1fffe32a   COMPRESSED   0x00000002   PAD
    0x1fffe32c        -       0x0000003c   Zero   RW         4017    .bss                ble_host.lib(linkdb.o)
    0x1fffe368        -       0x0000000f   Zero   RW         4046    .bss                ble_host.lib(sm_rsppairing.o)
    0x1fffe377   COMPRESSED   0x00000001   PAD
    0x1fffe378        -       0x000000a0   Zero   RW         4149    .bss                ble_host.lib(l2cap_util.o)
    0x1fffe418        -       0x0000000f   Zero   RW         4214    .bss                ble_host.lib(sm_mgr.o)
    0x1fffe427   COMPRESSED   0x00000001   PAD
    0x1fffe428        -       0x00000c00   Zero   RW         3236    HEAP                startup_armcm0.o
    0x1ffff028        -       0x00000400   Zero   RW         3235    STACK               startup_armcm0.o



  Load Region LR_ROM_JT_GC (Base: 0x1fff0000, Size: 0x00000800, Max: 0x00000800, ABSOLUTE, COMPRESSED[0x0000040c])

    Execution Region JUMP_TABLE (Exec base: 0x1fff0000, Load base: 0x1fff0000, Size: 0x00000400, Max: 0x00000400, ABSOLUTE)

    Exec Addr    Load Addr    Size         Type   Attr      Idx    E Section Name        Object

    0x1fff0000   0x1fff0000   0x00000400   Data   RO         1554    jump_table_mem_area  jump_table.o


    Execution Region GOLBAL_CONFIG (Exec base: 0x1fff0400, Load base: 0x1fff0400, Size: 0x00000400, Max: 0x00000400, ABSOLUTE, COMPRESSED[0x0000000c])

    Exec Addr    Load Addr    Size         Type   Attr      Idx    E Section Name        Object

    0x1fff0400   COMPRESSED   0x00000400   Data   RW         1553    global_config_area  jump_table.o



  Load Region LR_ROM_XIP (Base: 0x11020000, Size: 0x0000b304, Max: 0x00020000, ABSOLUTE)

    Execution Region ER_ROM_XIP (Exec base: 0x11020000, Load base: 0x11020000, Size: 0x0000b304, Max: 0x00020000, ABSOLUTE)

    Exec Addr    Load Addr    Size         Type   Attr      Idx    E Section Name        Object

    0x11020000   0x11020000   0x0000000c   Ven    RO         4823    Veneer$$Code        anon$$obj.o
    0x1102000c   0x1102000c   0x0000000c   Ven    RO         4824    Veneer$$Code        anon$$obj.o
    0x11020018   0x11020018   0x0000000c   Ven    RO         4825    Veneer$$Code        anon$$obj.o
    0x11020024   0x11020024   0x0000000c   Ven    RO         4826    Veneer$$Code        anon$$obj.o
    0x11020030   0x11020030   0x0000000c   Ven    RO         4827    Veneer$$Code        anon$$obj.o
    0x1102003c   0x1102003c   0x0000000c   Ven    RO         4828    Veneer$$Code        anon$$obj.o
    0x11020048   0x11020048   0x0000000c   Ven    RO         4829    Veneer$$Code        anon$$obj.o
    0x11020054   0x11020054   0x0000000c   Ven    RO         4830    Veneer$$Code        anon$$obj.o
    0x11020060   0x11020060   0x0000000c   Ven    RO         4831    Veneer$$Code        anon$$obj.o
    0x1102006c   0x1102006c   0x0000000c   Ven    RO         4832    Veneer$$Code        anon$$obj.o
    0x11020078   0x11020078   0x0000000c   Ven    RO         4833    Veneer$$Code        anon$$obj.o
    0x11020084   0x11020084   0x0000000c   Ven    RO         4834    Veneer$$Code        anon$$obj.o
    0x11020090   0x11020090   0x0000000c   Ven    RO         4835    Veneer$$Code        anon$$obj.o
    0x1102009c   0x1102009c   0x0000000c   Ven    RO         4836    Veneer$$Code        anon$$obj.o
    0x110200a8   0x110200a8   0x0000000c   Ven    RO         4837    Veneer$$Code        anon$$obj.o
    0x110200b4   0x110200b4   0x0000000c   Ven    RO         4838    Veneer$$Code        anon$$obj.o
    0x110200c0   0x110200c0   0x0000000c   Ven    RO         4839    Veneer$$Code        anon$$obj.o
    0x110200cc   0x110200cc   0x0000000c   Ven    RO         4840    Veneer$$Code        anon$$obj.o
    0x110200d8   0x110200d8   0x0000000c   Ven    RO         4841    Veneer$$Code        anon$$obj.o
    0x110200e4   0x110200e4   0x0000000c   Ven    RO         4842    Veneer$$Code        anon$$obj.o
    0x110200f0   0x110200f0   0x0000000c   Ven    RO         4843    Veneer$$Code        anon$$obj.o
    0x110200fc   0x110200fc   0x0000000c   Ven    RO         4844    Veneer$$Code        anon$$obj.o
    0x11020108   0x11020108   0x0000000c   Ven    RO         4845    Veneer$$Code        anon$$obj.o
    0x11020114   0x11020114   0x0000000c   Ven    RO         4846    Veneer$$Code        anon$$obj.o
    0x11020120   0x11020120   0x0000000c   Ven    RO         4847    Veneer$$Code        anon$$obj.o
    0x1102012c   0x1102012c   0x0000000c   Ven    RO         4848    Veneer$$Code        anon$$obj.o
    0x11020138   0x11020138   0x0000000c   Ven    RO         4849    Veneer$$Code        anon$$obj.o
    0x11020144   0x11020144   0x0000000c   Ven    RO         4850    Veneer$$Code        anon$$obj.o
    0x11020150   0x11020150   0x0000000c   Ven    RO         4851    Veneer$$Code        anon$$obj.o
    0x1102015c   0x1102015c   0x0000000c   Ven    RO         4852    Veneer$$Code        anon$$obj.o
    0x11020168   0x11020168   0x0000000c   Ven    RO         4853    Veneer$$Code        anon$$obj.o
    0x11020174   0x11020174   0x0000000c   Ven    RO         4854    Veneer$$Code        anon$$obj.o
    0x11020180   0x11020180   0x0000000c   Ven    RO         4855    Veneer$$Code        anon$$obj.o
    0x1102018c   0x1102018c   0x0000000c   Ven    RO         4856    Veneer$$Code        anon$$obj.o
    0x11020198   0x11020198   0x0000000c   Ven    RO         4857    Veneer$$Code        anon$$obj.o
    0x110201a4   0x110201a4   0x0000000c   Ven    RO         4858    Veneer$$Code        anon$$obj.o
    0x110201b0   0x110201b0   0x0000000c   Ven    RO         4859    Veneer$$Code        anon$$obj.o
    0x110201bc   0x110201bc   0x0000000c   Ven    RO         4860    Veneer$$Code        anon$$obj.o
    0x110201c8   0x110201c8   0x0000000c   Ven    RO         4861    Veneer$$Code        anon$$obj.o
    0x110201d4   0x110201d4   0x0000000c   Ven    RO         4862    Veneer$$Code        anon$$obj.o
    0x110201e0   0x110201e0   0x0000000c   Ven    RO         4863    Veneer$$Code        anon$$obj.o
    0x110201ec   0x110201ec   0x0000000c   Ven    RO         4864    Veneer$$Code        anon$$obj.o
    0x110201f8   0x110201f8   0x0000000c   Ven    RO         4865    Veneer$$Code        anon$$obj.o
    0x11020204   0x11020204   0x0000000c   Ven    RO         4866    Veneer$$Code        anon$$obj.o
    0x11020210   0x11020210   0x0000000c   Ven    RO         4867    Veneer$$Code        anon$$obj.o
    0x1102021c   0x1102021c   0x0000000c   Ven    RO         4868    Veneer$$Code        anon$$obj.o
    0x11020228   0x11020228   0x0000000c   Ven    RO         4869    Veneer$$Code        anon$$obj.o
    0x11020234   0x11020234   0x0000000c   Ven    RO         4870    Veneer$$Code        anon$$obj.o
    0x11020240   0x11020240   0x0000000c   Ven    RO         4871    Veneer$$Code        anon$$obj.o
    0x1102024c   0x1102024c   0x0000000c   Ven    RO         4872    Veneer$$Code        anon$$obj.o
    0x11020258   0x11020258   0x0000000c   Ven    RO         4873    Veneer$$Code        anon$$obj.o
    0x11020264   0x11020264   0x0000000c   Ven    RO         4874    Veneer$$Code        anon$$obj.o
    0x11020270   0x11020270   0x0000000c   Ven    RO         4875    Veneer$$Code        anon$$obj.o
    0x1102027c   0x1102027c   0x0000000c   Ven    RO         4876    Veneer$$Code        anon$$obj.o
    0x11020288   0x11020288   0x0000000c   Ven    RO         4877    Veneer$$Code        anon$$obj.o
    0x11020294   0x11020294   0x0000000c   Ven    RO         4878    Veneer$$Code        anon$$obj.o
    0x110202a0   0x110202a0   0x0000000c   Ven    RO         4879    Veneer$$Code        anon$$obj.o
    0x110202ac   0x110202ac   0x0000000c   Ven    RO         4880    Veneer$$Code        anon$$obj.o
    0x110202b8   0x110202b8   0x0000000c   Ven    RO         4881    Veneer$$Code        anon$$obj.o
    0x110202c4   0x110202c4   0x0000000c   Ven    RO         4882    Veneer$$Code        anon$$obj.o
    0x110202d0   0x110202d0   0x0000000c   Ven    RO         4883    Veneer$$Code        anon$$obj.o
    0x110202dc   0x110202dc   0x0000000c   Ven    RO         4884    Veneer$$Code        anon$$obj.o
    0x110202e8   0x110202e8   0x0000000c   Ven    RO         4885    Veneer$$Code        anon$$obj.o
    0x110202f4   0x110202f4   0x0000000c   Ven    RO         4886    Veneer$$Code        anon$$obj.o
    0x11020300   0x11020300   0x0000000c   Ven    RO         4887    Veneer$$Code        anon$$obj.o
    0x1102030c   0x1102030c   0x0000000c   Ven    RO         4888    Veneer$$Code        anon$$obj.o
    0x11020318   0x11020318   0x0000000c   Ven    RO         4889    Veneer$$Code        anon$$obj.o
    0x11020324   0x11020324   0x0000000c   Ven    RO         4890    Veneer$$Code        anon$$obj.o
    0x11020330   0x11020330   0x0000000c   Ven    RO         4891    Veneer$$Code        anon$$obj.o
    0x1102033c   0x1102033c   0x0000000c   Ven    RO         4892    Veneer$$Code        anon$$obj.o
    0x11020348   0x11020348   0x0000000c   Ven    RO         4893    Veneer$$Code        anon$$obj.o
    0x11020354   0x11020354   0x0000000c   Ven    RO         4894    Veneer$$Code        anon$$obj.o
    0x11020360   0x11020360   0x0000000c   Ven    RO         4895    Veneer$$Code        anon$$obj.o
    0x1102036c   0x1102036c   0x000003f0   Code   RO         3282    _section_xip_code_  rf.lib(patch.o)
    0x1102075c   0x1102075c   0x00000016   Code   RO         3559    i.ATT_BuildErrorRsp  ble_host.lib(att_util.o)
    0x11020772   0x11020772   0x0000000e   Code   RO         3561    i.ATT_BuildExchangeMTURsp  ble_host.lib(att_util.o)
    0x11020780   0x11020780   0x00000030   Code   RO         3564    i.ATT_BuildFindByTypeValueRsp  ble_host.lib(att_util.o)
    0x110207b0   0x110207b0   0x0000006c   Code   RO         3566    i.ATT_BuildFindInfoRsp  ble_host.lib(att_util.o)
    0x1102081c   0x1102081c   0x00000020   Code   RO         3567    i.ATT_BuildHandleValueInd  ble_host.lib(att_util.o)
    0x1102083c   0x1102083c   0x0000002a   Code   RO         3569    i.ATT_BuildPrepareWriteRsp  ble_host.lib(att_util.o)
    0x11020866   0x11020866   0x00000010   Code   RO         3571    i.ATT_BuildReadBlobRsp  ble_host.lib(att_util.o)
    0x11020876   0x11020876   0x0000001a   Code   RO         3572    i.ATT_BuildReadByGrpTypeRsp  ble_host.lib(att_util.o)
    0x11020890   0x11020890   0x0000001a   Code   RO         3574    i.ATT_BuildReadByTypeRsp  ble_host.lib(att_util.o)
    0x110208aa   0x110208aa   0x00000010   Code   RO         3576    i.ATT_BuildReadMultiRsp  ble_host.lib(att_util.o)
    0x110208ba   0x110208ba   0x00000010   Code   RO         3578    i.ATT_BuildReadRsp  ble_host.lib(att_util.o)
    0x110208ca   0x110208ca   0x0000004a   Code   RO         3580    i.ATT_CompareUUID   ble_host.lib(att_util.o)
    0x11020914   0x11020914   0x0000002c   Code   RO         3581    i.ATT_ConvertUUIDto128  ble_host.lib(att_util.o)
    0x11020940   0x11020940   0x00000014   Code   RO         3527    i.ATT_ErrorRsp      ble_host.lib(att_server.o)
    0x11020954   0x11020954   0x00000040   Code   RO         3528    i.ATT_ExchangeMTURsp  ble_host.lib(att_server.o)
    0x11020994   0x11020994   0x0000000e   Code   RO         3529    i.ATT_ExecuteWriteRsp  ble_host.lib(att_server.o)
    0x110209a2   0x110209a2   0x00000002   PAD
    0x110209a4   0x110209a4   0x0000001c   Code   RO         3530    i.ATT_FindByTypeValueRsp  ble_host.lib(att_server.o)
    0x110209c0   0x110209c0   0x00000028   Code   RO         3531    i.ATT_FindInfoRsp   ble_host.lib(att_server.o)
    0x110209e8   0x110209e8   0x0000000c   Code   RO         3583    i.ATT_GetCurrentMTUSize  ble_host.lib(att_util.o)
    0x110209f4   0x110209f4   0x00000014   Code   RO         3532    i.ATT_HandleValueInd  ble_host.lib(att_server.o)
    0x11020a08   0x11020a08   0x00000014   Code   RO         3533    i.ATT_HandleValueNoti  ble_host.lib(att_server.o)
    0x11020a1c   0x11020a1c   0x0000000c   Code   RO         3585    i.ATT_InitMtuSize   ble_host.lib(att_util.o)
    0x11020a28   0x11020a28   0x00000018   Code   RO         3587    i.ATT_ParseExchangeMTUReq  ble_host.lib(att_util.o)
    0x11020a40   0x11020a40   0x00000012   Code   RO         3589    i.ATT_ParseExecuteWriteReq  ble_host.lib(att_util.o)
    0x11020a52   0x11020a52   0x00000048   Code   RO         3591    i.ATT_ParseFindByTypeValueReq  ble_host.lib(att_util.o)
    0x11020a9a   0x11020a9a   0x00000022   Code   RO         3593    i.ATT_ParseFindInfoReq  ble_host.lib(att_util.o)
    0x11020abc   0x11020abc   0x0000005e   Code   RO         3597    i.ATT_ParsePacket   ble_host.lib(att_util.o)
    0x11020b1a   0x11020b1a   0x00000038   Code   RO         3598    i.ATT_ParsePrepareWriteReq  ble_host.lib(att_util.o)
    0x11020b52   0x11020b52   0x00000022   Code   RO         3600    i.ATT_ParseReadBlobReq  ble_host.lib(att_util.o)
    0x11020b74   0x11020b74   0x0000003c   Code   RO         3603    i.ATT_ParseReadByTypeReq  ble_host.lib(att_util.o)
    0x11020bb0   0x11020bb0   0x00000044   Code   RO         3605    i.ATT_ParseReadMultiReq  ble_host.lib(att_util.o)
    0x11020bf4   0x11020bf4   0x00000018   Code   RO         3607    i.ATT_ParseReadReq  ble_host.lib(att_util.o)
    0x11020c0c   0x11020c0c   0x00000042   Code   RO         3609    i.ATT_ParseWriteReq  ble_host.lib(att_util.o)
    0x11020c4e   0x11020c4e   0x00000002   PAD
    0x11020c50   0x11020c50   0x00000014   Code   RO         3534    i.ATT_PrepareWriteRsp  ble_host.lib(att_server.o)
    0x11020c64   0x11020c64   0x00000014   Code   RO         3535    i.ATT_ReadBlobRsp   ble_host.lib(att_server.o)
    0x11020c78   0x11020c78   0x0000001c   Code   RO         3536    i.ATT_ReadByGrpTypeRsp  ble_host.lib(att_server.o)
    0x11020c94   0x11020c94   0x0000001c   Code   RO         3537    i.ATT_ReadByTypeRsp  ble_host.lib(att_server.o)
    0x11020cb0   0x11020cb0   0x00000014   Code   RO         3538    i.ATT_ReadMultiRsp  ble_host.lib(att_server.o)
    0x11020cc4   0x11020cc4   0x00000014   Code   RO         3539    i.ATT_ReadRsp       ble_host.lib(att_server.o)
    0x11020cd8   0x11020cd8   0x00000018   Code   RO         3613    i.ATT_UpdateMtuSize  ble_host.lib(att_util.o)
    0x11020cf0   0x11020cf0   0x0000000e   Code   RO         3540    i.ATT_WriteRsp      ble_host.lib(att_server.o)
    0x11020cfe   0x11020cfe   0x00000008   Code   RO         1587    i.AudioProfileChangeCB  hidkbd.o
    0x11020d06   0x11020d06   0x00000002   PAD
    0x11020d08   0x11020d08   0x0000002c   Code   RO          970    i.Batt_AddService   battservice.o
    0x11020d34   0x11020d34   0x0000006c   Code   RO          971    i.Batt_GetParameter  battservice.o
    0x11020da0   0x11020da0   0x00000034   Code   RO          972    i.Batt_HandleConnStatusCB  battservice.o
    0x11020dd4   0x11020dd4   0x00000020   Code   RO          973    i.Batt_MeasLevel    battservice.o
    0x11020df4   0x11020df4   0x0000000c   Code   RO          974    i.Batt_Register     battservice.o
    0x11020e00   0x11020e00   0x000000dc   Code   RO          556    i.GAPBondMgr_GetParameter  gapbondmgr.o
    0x11020edc   0x11020edc   0x00000014   Code   RO          557    i.GAPBondMgr_Init   gapbondmgr.o
    0x11020ef0   0x11020ef0   0x00000108   Code   RO          558    i.GAPBondMgr_LinkEst  gapbondmgr.o
    0x11020ff8   0x11020ff8   0x00000040   Code   RO          559    i.GAPBondMgr_PasscodeRsp  gapbondmgr.o
    0x11021038   0x11021038   0x00000040   Code   RO          560    i.GAPBondMgr_ProcessEvent  gapbondmgr.o
    0x11021078   0x11021078   0x0000026c   Code   RO          561    i.GAPBondMgr_ProcessGAPMsg  gapbondmgr.o
    0x110212e4   0x110212e4   0x0000002c   Code   RO          562    i.GAPBondMgr_Register  gapbondmgr.o
    0x11021310   0x11021310   0x00000076   Code   RO          563    i.GAPBondMgr_ResolveAddr  gapbondmgr.o
    0x11021386   0x11021386   0x00000002   PAD
    0x11021388   0x11021388   0x00000084   Code   RO          564    i.GAPBondMgr_ServiceChangeInd  gapbondmgr.o
    0x1102140c   0x1102140c   0x00000248   Code   RO          565    i.GAPBondMgr_SetParameter  gapbondmgr.o
    0x11021654   0x11021654   0x00000070   Code   RO          566    i.GAPBondMgr_UpdateCharCfg  gapbondmgr.o
    0x110216c4   0x110216c4   0x000001c4   Code   RO          865    i.GAPRole_GetParameter  peripheral.o
    0x11021888   0x11021888   0x00000080   Code   RO          866    i.GAPRole_Init      peripheral.o
    0x11021908   0x11021908   0x00000160   Code   RO          867    i.GAPRole_ProcessEvent  peripheral.o
    0x11021a68   0x11021a68   0x00000080   Code   RO          869    i.GAPRole_SendUpdateParam  peripheral.o
    0x11021ae8   0x11021ae8   0x00000354   Code   RO          870    i.GAPRole_SetParameter  peripheral.o
    0x11021e3c   0x11021e3c   0x00000028   Code   RO          871    i.GAPRole_StartDevice  peripheral.o
    0x11021e64   0x11021e64   0x0000002c   Code   RO          872    i.GAPRole_TerminateConnection  peripheral.o
    0x11021e90   0x11021e90   0x000000c4   Code   RO         3739    i.GAP_Authenticate  ble_host.lib(gap_linkmgr.o)
    0x11021f54   0x11021f54   0x00000088   Code   RO         3740    i.GAP_Bond          ble_host.lib(gap_linkmgr.o)
    0x11021fdc   0x11021fdc   0x000000ac   Code   RO          529    i.GAP_DeviceInit    gap.o
    0x11022088   0x11022088   0x00000054   Code   RO         3788    i.GAP_EndDiscoverable  ble_host.lib(gap_peridevmgr.o)
    0x110220dc   0x110220dc   0x00000018   Code   RO         3679    i.GAP_GetParamValue  ble_host.lib(gap_configmgr.o)
    0x110220f4   0x110220f4   0x00000020   Code   RO         3845    i.GAP_Init          ble_host.lib(gap_task.o)
    0x11022114   0x11022114   0x000000c0   Code   RO         3790    i.GAP_MakeDiscoverable  ble_host.lib(gap_peridevmgr.o)
    0x110221d4   0x110221d4   0x00000008   Code   RO         3846    i.GAP_NumActiveConnections  ble_host.lib(gap_task.o)
    0x110221dc   0x110221dc   0x00000038   Code   RO         3680    i.GAP_ParamsInit    ble_host.lib(gap_configmgr.o)
    0x11022214   0x11022214   0x00000048   Code   RO         3741    i.GAP_PasscodeUpdate  ble_host.lib(gap_linkmgr.o)
    0x1102225c   0x1102225c   0x00000048   Code   RO         3791    i.GAP_PeriDevMgrInit  ble_host.lib(gap_peridevmgr.o)
    0x110222a4   0x110222a4   0x000000e0   Code   RO         3847    i.GAP_ProcessEvent  ble_host.lib(gap_task.o)
    0x11022384   0x11022384   0x0000000c   Code   RO         3848    i.GAP_RegisterForHCIMsgs  ble_host.lib(gap_task.o)
    0x11022390   0x11022390   0x00000008   Code   RO         3724    i.GAP_ResolvePrivateAddr  ble_host.lib(gap_devmgr.o)
    0x11022398   0x11022398   0x00000040   Code   RO         3681    i.GAP_SecParamsInit  ble_host.lib(gap_configmgr.o)
    0x110223d8   0x110223d8   0x00000050   Code   RO         3839    i.GAP_SendSlaveSecurityRequest  ble_host.lib(gap_perilinkmgr.o)
    0x11022428   0x11022428   0x00000020   Code   RO         3682    i.GAP_SetParamValue  ble_host.lib(gap_configmgr.o)
    0x11022448   0x11022448   0x0000004c   Code   RO         3743    i.GAP_Signable      ble_host.lib(gap_linkmgr.o)
    0x11022494   0x11022494   0x00000020   Code   RO         3744    i.GAP_TerminateAuth  ble_host.lib(gap_linkmgr.o)
    0x110224b4   0x110224b4   0x00000080   Code   RO         3745    i.GAP_TerminateLinkReq  ble_host.lib(gap_linkmgr.o)
    0x11022534   0x11022534   0x00000074   Code   RO         3795    i.GAP_UpdateAdvertisingData  ble_host.lib(gap_peridevmgr.o)
    0x110225a8   0x110225a8   0x00000028   Code   RO          251    i.GATTServApp_AddService  gattservapp.o
    0x110225d0   0x110225d0   0x00000026   Code   RO          254    i.GATTServApp_FindAttr  gattservapp.o
    0x110225f6   0x110225f6   0x00000002   PAD
    0x110225f8   0x110225f8   0x00000058   Code   RO          257    i.GATTServApp_Init  gattservapp.o
    0x11022650   0x11022650   0x0000004c   Code   RO          258    i.GATTServApp_InitCharCfg  gattservapp.o
    0x1102269c   0x1102269c   0x0000006c   Code   RO          259    i.GATTServApp_ProcessCCCWriteReq  gattservapp.o
    0x11022708   0x11022708   0x000000a0   Code   RO          260    i.GATTServApp_ProcessCharCfg  gattservapp.o
    0x110227a8   0x110227a8   0x00000048   Code   RO          261    i.GATTServApp_ProcessEvent  gattservapp.o
    0x110227f0   0x110227f0   0x000002a4   Code   RO          262    i.GATTServApp_ReadAttr  gattservapp.o
    0x11022a94   0x11022a94   0x0000001c   Code   RO          263    i.GATTServApp_ReadCharCfg  gattservapp.o
    0x11022ab0   0x11022ab0   0x0000000c   Code   RO          264    i.GATTServApp_RegisterForMsg  gattservapp.o
    0x11022abc   0x11022abc   0x00000032   Code   RO          265    i.GATTServApp_RegisterService  gattservapp.o
    0x11022aee   0x11022aee   0x00000002   PAD
    0x11022af0   0x11022af0   0x00000040   Code   RO          266    i.GATTServApp_SendCCCUpdatedEvent  gattservapp.o
    0x11022b30   0x11022b30   0x0000002c   Code   RO          267    i.GATTServApp_SendServiceChangedInd  gattservapp.o
    0x11022b5c   0x11022b5c   0x00000026   Code   RO          270    i.GATTServApp_UpdateCharCfg  gattservapp.o
    0x11022b82   0x11022b82   0x00000040   Code   RO          271    i.GATTServApp_WriteAttr  gattservapp.o
    0x11022bc2   0x11022bc2   0x00000002   PAD
    0x11022bc4   0x11022bc4   0x00000034   Code   RO          272    i.GATTServApp_WriteCharCfg  gattservapp.o
    0x11022bf8   0x11022bf8   0x0000002e   Code   RO         3932    i.GATT_AppCompletedMsg  ble_host.lib(gatt_task.o)
    0x11022c26   0x11022c26   0x00000002   PAD
    0x11022c28   0x11022c28   0x0000004c   Code   RO         3867    i.GATT_FindHandle   ble_host.lib(gatt_server.o)
    0x11022c74   0x11022c74   0x00000064   Code   RO         3868    i.GATT_FindHandleUUID  ble_host.lib(gatt_server.o)
    0x11022cd8   0x11022cd8   0x00000094   Code   RO         3869    i.GATT_FindNextAttr  ble_host.lib(gatt_server.o)
    0x11022d6c   0x11022d6c   0x00000054   Code   RO         3870    i.GATT_Indication   ble_host.lib(gatt_server.o)
    0x11022dc0   0x11022dc0   0x0000001c   Code   RO         3933    i.GATT_Init         ble_host.lib(gatt_task.o)
    0x11022ddc   0x11022ddc   0x00000048   Code   RO         3871    i.GATT_InitServer   ble_host.lib(gatt_server.o)
    0x11022e24   0x11022e24   0x0000002e   Code   RO         3872    i.GATT_Notification  ble_host.lib(gatt_server.o)
    0x11022e52   0x11022e52   0x00000002   PAD
    0x11022e54   0x11022e54   0x00000034   Code   RO         3934    i.GATT_ProcessEvent  ble_host.lib(gatt_task.o)
    0x11022e88   0x11022e88   0x0000000c   Code   RO         3873    i.GATT_RegisterForReq  ble_host.lib(gatt_server.o)
    0x11022e94   0x11022e94   0x000000a8   Code   RO         3874    i.GATT_RegisterService  ble_host.lib(gatt_server.o)
    0x11022f3c   0x11022f3c   0x00000050   Code   RO         3875    i.GATT_ServiceChangedInd  ble_host.lib(gatt_server.o)
    0x11022f8c   0x11022f8c   0x00000020   Code   RO         3876    i.GATT_ServiceNumAttrs  ble_host.lib(gatt_server.o)
    0x11022fac   0x11022fac   0x00000026   Code   RO         3878    i.GATT_VerifyReadPermissions  ble_host.lib(gatt_server.o)
    0x11022fd2   0x11022fd2   0x00000042   Code   RO         3879    i.GATT_VerifyWritePermissions  ble_host.lib(gatt_server.o)
    0x11023014   0x11023014   0x00000028   Code   RO          789    i.GGS_AddService    gapgattserver.o
    0x1102303c   0x1102303c   0x000000a4   Code   RO          795    i.GGS_SetParameter  gapgattserver.o
    0x110230e0   0x110230e0   0x00000058   Code   RO         1306    i.HidDev_Init       hiddev.o
    0x11023138   0x11023138   0x00000168   Code   RO         1308    i.HidDev_ProcessEvent  hiddev.o
    0x110232a0   0x110232a0   0x00000138   Code   RO         1309    i.HidDev_ReadAttrCB  hiddev.o
    0x110233d8   0x110233d8   0x00000014   Code   RO         1310    i.HidDev_Register   hiddev.o
    0x110233ec   0x110233ec   0x00000014   Code   RO         1311    i.HidDev_RegisterReports  hiddev.o
    0x11023400   0x11023400   0x00000088   Code   RO         1312    i.HidDev_Report     hiddev.o
    0x11023488   0x11023488   0x00000188   Code   RO         1314    i.HidDev_WriteAttrCB  hiddev.o
    0x11023610   0x11023610   0x00000002   Code   RO         1315    i.HidDev_scanParamCB  hiddev.o
    0x11023612   0x11023612   0x00000002   PAD
    0x11023614   0x11023614   0x00000130   Code   RO         1510    i.HidKbd_AddService  hidkbdservice.o
    0x11023744   0x11023744   0x00000050   Code   RO         1511    i.HidKbd_GetParameter  hidkbdservice.o
    0x11023794   0x11023794   0x000001bc   Code   RO         1588    i.HidKbd_Init       hidkbd.o
    0x11023950   0x11023950   0x000003cc   Code   RO         1589    i.HidKbd_ProcessEvent  hidkbd.o
    0x11023d1c   0x11023d1c   0x0000005c   Code   RO         1512    i.HidKbd_SetParameter  hidkbdservice.o
    0x11023d78   0x11023d78   0x00000042   Code   RO         4116    i.L2CAP_BuildCmdReject  ble_host.lib(l2cap_util.o)
    0x11023dba   0x11023dba   0x00000002   PAD
    0x11023dbc   0x11023dbc   0x00000018   Code   RO         3964    i.L2CAP_CmdReject   ble_host.lib(l2cap_if.o)
    0x11023dd4   0x11023dd4   0x00000018   Code   RO         3965    i.L2CAP_ConnParamUpdateReq  ble_host.lib(l2cap_if.o)
    0x11023dec   0x11023dec   0x00000008   Code   RO         4120    i.L2CAP_Fragment_bm_alloc  ble_host.lib(l2cap_util.o)
    0x11023df4   0x11023df4   0x00000018   Code   RO         3968    i.L2CAP_HostNumCompletedPkts  ble_host.lib(l2cap_if.o)
    0x11023e0c   0x11023e0c   0x00000048   Code   RO         3989    i.L2CAP_Init        ble_host.lib(l2cap_task.o)
    0x11023e54   0x11023e54   0x00000034   Code   RO         4122    i.L2CAP_ParseParamUpdateReq  ble_host.lib(l2cap_util.o)
    0x11023e88   0x11023e88   0x00000034   Code   RO         3990    i.L2CAP_ProcessEvent  ble_host.lib(l2cap_task.o)
    0x11023ebc   0x11023ebc   0x00000024   Code   RO         4123    i.L2CAP_ReassemblePkt_Reset  ble_host.lib(l2cap_util.o)
    0x11023ee0   0x11023ee0   0x0000002c   Code   RO         3970    i.L2CAP_RegisterApp  ble_host.lib(l2cap_if.o)
    0x11023f0c   0x11023f0c   0x00000044   Code   RO         4124    i.L2CAP_SegmentPkt_Reset  ble_host.lib(l2cap_util.o)
    0x11023f50   0x11023f50   0x00000034   Code   RO         3971    i.L2CAP_SendData    ble_host.lib(l2cap_if.o)
    0x11023f84   0x11023f84   0x00000018   Code   RO         4125    i.L2CAP_bm_alloc    ble_host.lib(l2cap_util.o)
    0x11023f9c   0x11023f9c   0x00000044   Code   RO         4189    i.SM_CalcRandomAddr  ble_host.lib(sm_mgr.o)
    0x11023fe0   0x11023fe0   0x0000009a   Code   RO         4191    i.SM_GenerateAuthenSig  ble_host.lib(sm_mgr.o)
    0x1102407a   0x1102407a   0x00000002   PAD
    0x1102407c   0x1102407c   0x00000024   Code   RO         4064    i.SM_Init           ble_host.lib(sm_task.o)
    0x110240a0   0x110240a0   0x00000088   Code   RO         4246    i.SM_PasskeyUpdate  ble_host.lib(sm_pairing.o)
    0x11024128   0x11024128   0x00000048   Code   RO         4065    i.SM_ProcessEvent   ble_host.lib(sm_task.o)
    0x11024170   0x11024170   0x0000004c   Code   RO         4193    i.SM_ResolveRandomAddrs  ble_host.lib(sm_mgr.o)
    0x110241bc   0x110241bc   0x00000020   Code   RO         4034    i.SM_ResponderInit  ble_host.lib(sm_rsppairing.o)
    0x110241dc   0x110241dc   0x000000a8   Code   RO         4247    i.SM_StartPairing   ble_host.lib(sm_pairing.o)
    0x11024284   0x11024284   0x000000ce   Code   RO         4194    i.SM_VerifyAuthenSig  ble_host.lib(sm_mgr.o)
    0x11024352   0x11024352   0x00000002   PAD
    0x11024354   0x11024354   0x0000002c   Code   RO         1237    i.ScanParam_AddService  scanparamservice.o
    0x11024380   0x11024380   0x0000000c   Code   RO         1241    i.ScanParam_Register  scanparamservice.o
    0x1102438c   0x1102438c   0x0000001e   Code   RO         2337    i._strnlen          my_printf.o
    0x110243aa   0x110243aa   0x00000012   Code   RO         2338    i._uart_putc        my_printf.o
    0x110243bc   0x110243bc   0x0000007c   Code   RO         3614    i.attSendMsg        ble_host.lib(att_util.o)
    0x11024438   0x11024438   0x00000004   Code   RO          976    i.battMeasure       battservice.o
    0x1102443c   0x1102443c   0x00000054   Code   RO          977    i.battNotifyCB      battservice.o
    0x11024490   0x11024490   0x00000010   Code   RO          978    i.battNotifyLevel   battservice.o
    0x110244a0   0x110244a0   0x00000078   Code   RO          979    i.battReadAttrCB    battservice.o
    0x11024518   0x11024518   0x00000080   Code   RO          980    i.battWriteAttrCB   battservice.o
    0x11024598   0x11024598   0x00000030   Code   RO         3082    i.check_addr        fs.o
    0x110245c8   0x110245c8   0x00000024   Code   RO         2339    i.dbg_printf        my_printf.o
    0x110245ec   0x110245ec   0x00000024   Code   RO         2340    i.dbg_printf_init   my_printf.o
    0x11024610   0x11024610   0x0000001a   Code   RO         3746    i.disconnectNext    ble_host.lib(gap_linkmgr.o)
    0x1102462a   0x1102462a   0x00000002   PAD
    0x1102462c   0x1102462c   0x00000014   Code   RO         3084    i.fs_erase_ucds_one_sector  fs.o
    0x11024640   0x11024640   0x00000044   Code   RO         3085    i.fs_get_free_item  fs.o
    0x11024684   0x11024684   0x00000194   Code   RO         3086    i.fs_init           fs.o
    0x11024818   0x11024818   0x00000270   Code   RO         3087    i.fs_search_items   fs.o
    0x11024a88   0x11024a88   0x00000040   Code   RO         3088    i.fs_spif_read      fs.o
    0x11024ac8   0x11024ac8   0x00000050   Code   RO         3089    i.fs_spif_write     fs.o
    0x11024b18   0x11024b18   0x00000032   Code   RO         3683    i.gapAddAddrAdj     ble_host.lib(gap_configmgr.o)
    0x11024b4a   0x11024b4a   0x00000002   PAD
    0x11024b4c   0x11024b4c   0x00000054   Code   RO         3797    i.gapAllocAdvRecs   ble_host.lib(gap_peridevmgr.o)
    0x11024ba0   0x11024ba0   0x00000030   Code   RO          567    i.gapBondFreeAuthEvt  gapbondmgr.o
    0x11024bd0   0x11024bd0   0x000001e8   Code   RO          568    i.gapBondMgrAddBond  gapbondmgr.o
    0x11024db8   0x11024db8   0x00000198   Code   RO          569    i.gapBondMgrAuthenticate  gapbondmgr.o
    0x11024f50   0x11024f50   0x00000062   Code   RO          570    i.gapBondMgrBondReq  gapbondmgr.o
    0x11024fb2   0x11024fb2   0x00000002   PAD
    0x11024fb4   0x11024fb4   0x00000030   Code   RO          571    i.gapBondMgrBondTotal  gapbondmgr.o
    0x11024fe4   0x11024fe4   0x0000006e   Code   RO          572    i.gapBondMgrChangeState  gapbondmgr.o
    0x11025052   0x11025052   0x00000020   Code   RO          573    i.gapBondMgrEraseAllBondings  gapbondmgr.o
    0x11025072   0x11025072   0x000000da   Code   RO          574    i.gapBondMgrEraseBonding  gapbondmgr.o
    0x1102514c   0x1102514c   0x00000030   Code   RO          575    i.gapBondMgrFindAddr  gapbondmgr.o
    0x1102517c   0x1102517c   0x00000022   Code   RO          576    i.gapBondMgrFindCharCfgItem  gapbondmgr.o
    0x1102519e   0x1102519e   0x00000002   PAD
    0x110251a0   0x110251a0   0x00000030   Code   RO          577    i.gapBondMgrFindEmpty  gapbondmgr.o
    0x110251d0   0x110251d0   0x00000034   Code   RO          578    i.gapBondMgrFindReconnectAddr  gapbondmgr.o
    0x11025204   0x11025204   0x0000003a   Code   RO          579    i.gapBondMgrGetPublicAddr  gapbondmgr.o
    0x1102523e   0x1102523e   0x00000028   Code   RO          580    i.gapBondMgrGetStateFlags  gapbondmgr.o
    0x11025266   0x11025266   0x00000028   Code   RO          581    i.gapBondMgrInvertCharCfgItem  gapbondmgr.o
    0x1102528e   0x1102528e   0x00000002   PAD
    0x11025290   0x11025290   0x00000074   Code   RO          582    i.gapBondMgrReadBonds  gapbondmgr.o
    0x11025304   0x11025304   0x0000004a   Code   RO          583    i.gapBondMgrResolvePrivateAddr  gapbondmgr.o
    0x1102534e   0x1102534e   0x00000002   PAD
    0x11025350   0x11025350   0x00000014   Code   RO          584    i.gapBondMgrSendServiceChange  gapbondmgr.o
    0x11025364   0x11025364   0x00000074   Code   RO          585    i.gapBondMgrSlaveSecurityReq  gapbondmgr.o
    0x110253d8   0x110253d8   0x000000c8   Code   RO          586    i.gapBondMgrUpdateCharCfg  gapbondmgr.o
    0x110254a0   0x110254a0   0x0000001a   Code   RO          587    i.gapBondMgr_ProcessGATTMsg  gapbondmgr.o
    0x110254ba   0x110254ba   0x0000001e   Code   RO          588    i.gapBondMgr_ProcessGATTServMsg  gapbondmgr.o
    0x110254d8   0x110254d8   0x00000036   Code   RO          589    i.gapBondMgr_ProcessOSALMsg  gapbondmgr.o
    0x1102550e   0x1102550e   0x00000002   PAD
    0x11025510   0x11025510   0x000000a4   Code   RO          590    i.gapBondMgr_SyncCharCfg  gapbondmgr.o
    0x110255b4   0x110255b4   0x0000003c   Code   RO          591    i.gapBondMgr_SyncWhiteList  gapbondmgr.o
    0x110255f0   0x110255f0   0x0000005c   Code   RO          592    i.gapBondRecvEvt    gapbondmgr.o
    0x1102564c   0x1102564c   0x00000020   Code   RO          593    i.gapBondSetupPrivFlag  gapbondmgr.o
    0x1102566c   0x1102566c   0x0000001e   Code   RO         3684    i.gapDetermineAddrType  ble_host.lib(gap_configmgr.o)
    0x1102568a   0x1102568a   0x00000048   Code   RO         3725    i.gapFindADType     ble_host.lib(gap_devmgr.o)
    0x110256d2   0x110256d2   0x00000002   PAD
    0x110256d4   0x110256d4   0x00000018   Code   RO         3802    i.gapFreeAdvertState  ble_host.lib(gap_peridevmgr.o)
    0x110256ec   0x110256ec   0x00000040   Code   RO         3747    i.gapFreeAuthLink   ble_host.lib(gap_linkmgr.o)
    0x1102572c   0x1102572c   0x00000018   Code   RO         3748    i.gapFreeEstLink    ble_host.lib(gap_linkmgr.o)
    0x11025744   0x11025744   0x0000001c   Code   RO         3685    i.gapGetDevAddress  ble_host.lib(gap_configmgr.o)
    0x11025760   0x11025760   0x0000000c   Code   RO         3686    i.gapGetDevAddressMode  ble_host.lib(gap_configmgr.o)
    0x1102576c   0x1102576c   0x0000000c   Code   RO         3687    i.gapGetIRK         ble_host.lib(gap_configmgr.o)
    0x11025778   0x11025778   0x0000000c   Code   RO         3688    i.gapGetSRK         ble_host.lib(gap_configmgr.o)
    0x11025784   0x11025784   0x0000000c   Code   RO         3689    i.gapGetSignCounter  ble_host.lib(gap_configmgr.o)
    0x11025790   0x11025790   0x00000028   Code   RO         3690    i.gapIncSignCounter  ble_host.lib(gap_configmgr.o)
    0x110257b8   0x110257b8   0x00000010   Code   RO         3726    i.gapIsAdvertising  ble_host.lib(gap_devmgr.o)
    0x110257c8   0x110257c8   0x0000012c   Code   RO         3749    i.gapPairingCompleteCB  ble_host.lib(gap_linkmgr.o)
    0x110258f4   0x110258f4   0x00000064   Code   RO         3750    i.gapPasskeyNeededCB  ble_host.lib(gap_linkmgr.o)
    0x11025958   0x11025958   0x00000090   Code   RO         3803    i.gapPeriProcessHCICmdCompleteEvt  ble_host.lib(gap_peridevmgr.o)
    0x110259e8   0x110259e8   0x00000080   Code   RO         3804    i.gapProcessAdvertisingEvt  ble_host.lib(gap_peridevmgr.o)
    0x11025a68   0x11025a68   0x00000014   Code   RO         3751    i.gapProcessConnUpdateCompleteEvt  ble_host.lib(gap_linkmgr.o)
    0x11025a7c   0x11025a7c   0x000000e0   Code   RO         3752    i.gapProcessConnectionCompleteEvt  ble_host.lib(gap_linkmgr.o)
    0x11025b5c   0x11025b5c   0x00000070   Code   RO         3753    i.gapProcessDisconnectCompleteEvt  ble_host.lib(gap_linkmgr.o)
    0x11025bcc   0x11025bcc   0x000000c0   Code   RO         3849    i.gapProcessHCICmdCompleteEvt  ble_host.lib(gap_task.o)
    0x11025c8c   0x11025c8c   0x0000002c   Code   RO         3691    i.gapProcessNewAddr  ble_host.lib(gap_configmgr.o)
    0x11025cb8   0x11025cb8   0x000000d4   Code   RO         3850    i.gapProcessOSALMsg  ble_host.lib(gap_task.o)
    0x11025d8c   0x11025d8c   0x0000006c   Code   RO         3692    i.gapProcessRandomAddrComplete  ble_host.lib(gap_configmgr.o)
    0x11025df8   0x11025df8   0x00000044   Code   RO         3693    i.gapReadBD_ADDRStatus  ble_host.lib(gap_configmgr.o)
    0x11025e3c   0x11025e3c   0x0000003c   Code   RO         3694    i.gapReadBufSizeCmdStatus  ble_host.lib(gap_configmgr.o)
    0x11025e78   0x11025e78   0x0000000c   Code   RO         3852    i.gapRegisterPeripheral  ble_host.lib(gap_task.o)
    0x11025e84   0x11025e84   0x00000050   Code   RO          873    i.gapRole_HandleParamUpdateNoSuccess  peripheral.o
    0x11025ed4   0x11025ed4   0x00000314   Code   RO          874    i.gapRole_ProcessGAPMsg  peripheral.o
    0x110261e8   0x110261e8   0x00000108   Code   RO          875    i.gapRole_ProcessOSALMsg  peripheral.o
    0x110262f0   0x110262f0   0x00000030   Code   RO          876    i.gapRole_SetupGAP  peripheral.o
    0x11026320   0x11026320   0x000000a8   Code   RO          877    i.gapRole_startConnUpdate  peripheral.o
    0x110263c8   0x110263c8   0x00000044   Code   RO         3755    i.gapSendBondCompleteEvent  ble_host.lib(gap_linkmgr.o)
    0x1102640c   0x1102640c   0x00000048   Code   RO         3695    i.gapSendDeviceInitDoneEvent  ble_host.lib(gap_configmgr.o)
    0x11026454   0x11026454   0x00000048   Code   RO         3756    i.gapSendLinkUpdateEvent  ble_host.lib(gap_linkmgr.o)
    0x1102649c   0x1102649c   0x0000003c   Code   RO         3805    i.gapSendMakeDiscEvent  ble_host.lib(gap_peridevmgr.o)
    0x110264d8   0x110264d8   0x0000005c   Code   RO         3757    i.gapSendPairingReqEvent  ble_host.lib(gap_linkmgr.o)
    0x11026534   0x11026534   0x00000088   Code   RO         3806    i.gapSetAdvParams   ble_host.lib(gap_peridevmgr.o)
    0x110265bc   0x110265bc   0x0000002c   Code   RO         3807    i.gapSetAdvParamsStatus  ble_host.lib(gap_peridevmgr.o)
    0x110265e8   0x110265e8   0x00000052   Code   RO         3697    i.gapUpdateConnSignCounter  ble_host.lib(gap_configmgr.o)
    0x1102663a   0x1102663a   0x00000012   Code   RO         3728    i.gapValidADType    ble_host.lib(gap_devmgr.o)
    0x1102664c   0x1102664c   0x00000030   Code   RO         3808    i.gapWriteAdvDataStatus  ble_host.lib(gap_peridevmgr.o)
    0x1102667c   0x1102667c   0x000000b8   Code   RO         3809    i.gapWriteAdvEnableStatus  ble_host.lib(gap_peridevmgr.o)
    0x11026734   0x11026734   0x00000024   Code   RO         3880    i.gattFindServerInfo  ble_host.lib(gatt_server.o)
    0x11026758   0x11026758   0x0000002c   Code   RO         3881    i.gattGetServerStatus  ble_host.lib(gatt_server.o)
    0x11026784   0x11026784   0x00000052   Code   RO         3936    i.gattNotifyEvent   ble_host.lib(gatt_task.o)
    0x110267d6   0x110267d6   0x00000002   PAD
    0x110267d8   0x110267d8   0x0000001c   Code   RO         3882    i.gattProcessExchangeMTUReq  ble_host.lib(gatt_server.o)
    0x110267f4   0x110267f4   0x00000004   Code   RO         3883    i.gattProcessExecuteWriteReq  ble_host.lib(gatt_server.o)
    0x110267f8   0x110267f8   0x0000002c   Code   RO         3884    i.gattProcessFindByTypeValueReq  ble_host.lib(gatt_server.o)
    0x11026824   0x11026824   0x000000e8   Code   RO         3885    i.gattProcessFindInfoReq  ble_host.lib(gatt_server.o)
    0x1102690c   0x1102690c   0x00000048   Code   RO         3886    i.gattProcessReadByGrpTypeReq  ble_host.lib(gatt_server.o)
    0x11026954   0x11026954   0x0000002c   Code   RO         3887    i.gattProcessReadByTypeReq  ble_host.lib(gatt_server.o)
    0x11026980   0x11026980   0x00000048   Code   RO         3888    i.gattProcessReadMultiReq  ble_host.lib(gatt_server.o)
    0x110269c8   0x110269c8   0x0000001e   Code   RO         3889    i.gattProcessReadReq  ble_host.lib(gatt_server.o)
    0x110269e6   0x110269e6   0x00000002   PAD
    0x110269e8   0x110269e8   0x00000094   Code   RO         3937    i.gattProcessRxData  ble_host.lib(gatt_task.o)
    0x11026a7c   0x11026a7c   0x00000022   Code   RO         3890    i.gattProcessWriteReq  ble_host.lib(gatt_server.o)
    0x11026a9e   0x11026a9e   0x00000002   PAD
    0x11026aa0   0x11026aa0   0x0000000c   Code   RO         3939    i.gattRegisterServer  ble_host.lib(gatt_task.o)
    0x11026aac   0x11026aac   0x00000010   Code   RO         3891    i.gattResetServerInfo  ble_host.lib(gatt_server.o)
    0x11026abc   0x11026abc   0x00000060   Code   RO          274    i.gattServApp_EnqueuePrepareWriteReq  gattservapp.o
    0x11026b1c   0x11026b1c   0x00000016   Code   RO          275    i.gattServApp_FindAuthorizeAttrCB  gattservapp.o
    0x11026b32   0x11026b32   0x00000022   Code   RO          276    i.gattServApp_FindCharCfgItem  gattservapp.o
    0x11026b54   0x11026b54   0x00000028   Code   RO          277    i.gattServApp_FindPrepareWriteQ  gattservapp.o
    0x11026b7c   0x11026b7c   0x00000016   Code   RO          278    i.gattServApp_FindReadAttrCB  gattservapp.o
    0x11026b92   0x11026b92   0x00000002   PAD
    0x11026b94   0x11026b94   0x00000020   Code   RO          279    i.gattServApp_FindServiceCBs  gattservapp.o
    0x11026bb4   0x11026bb4   0x00000016   Code   RO          280    i.gattServApp_FindWriteAttrCB  gattservapp.o
    0x11026bca   0x11026bca   0x00000002   PAD
    0x11026bcc   0x11026bcc   0x0000006c   Code   RO          281    i.gattServApp_HandleConnStatusCB  gattservapp.o
    0x11026c38   0x11026c38   0x00000020   Code   RO          283    i.gattServApp_ProcessExchangeMTUReq  gattservapp.o
    0x11026c58   0x11026c58   0x0000009c   Code   RO          284    i.gattServApp_ProcessExecuteWriteReq  gattservapp.o
    0x11026cf4   0x11026cf4   0x00000104   Code   RO          285    i.gattServApp_ProcessFindByTypeValueReq  gattservapp.o
    0x11026df8   0x11026df8   0x000000fc   Code   RO          286    i.gattServApp_ProcessMsg  gattservapp.o
    0x11026ef4   0x11026ef4   0x00000074   Code   RO          287    i.gattServApp_ProcessPrepareWriteReq  gattservapp.o
    0x11026f68   0x11026f68   0x0000006c   Code   RO          288    i.gattServApp_ProcessReadBlobReq  gattservapp.o
    0x11026fd4   0x11026fd4   0x0000017c   Code   RO          289    i.gattServApp_ProcessReadByGrpTypeReq  gattservapp.o
    0x11027150   0x11027150   0x00000148   Code   RO          290    i.gattServApp_ProcessReadByTypeReq  gattservapp.o
    0x11027298   0x11027298   0x000000f4   Code   RO          291    i.gattServApp_ProcessReadMultiReq  gattservapp.o
    0x1102738c   0x1102738c   0x00000074   Code   RO          292    i.gattServApp_ProcessReadReq  gattservapp.o
    0x11027400   0x11027400   0x00000092   Code   RO          293    i.gattServApp_ProcessWriteReq  gattservapp.o
    0x11027492   0x11027492   0x00000002   PAD
    0x11027494   0x11027494   0x00000050   Code   RO          295    i.gattServApp_RegisterServiceCBs  gattservapp.o
    0x110274e4   0x110274e4   0x00000094   Code   RO          296    i.gattServApp_SetNumPrepareWrites  gattservapp.o
    0x11027578   0x11027578   0x00000060   Code   RO          297    i.gattServApp_WriteAttrCB  gattservapp.o
    0x110275d8   0x110275d8   0x00000080   Code   RO         3892    i.gattServerHandleConnStatusCB  ble_host.lib(gatt_server.o)
    0x11027658   0x11027658   0x0000002a   Code   RO         3893    i.gattServerHandleTimerCB  ble_host.lib(gatt_server.o)
    0x11027682   0x11027682   0x00000002   PAD
    0x11027684   0x11027684   0x000000d0   Code   RO         3894    i.gattServerProcessMsgCB  ble_host.lib(gatt_server.o)
    0x11027754   0x11027754   0x00000018   Code   RO         3895    i.gattServiceLastHandle  ble_host.lib(gatt_server.o)
    0x1102776c   0x1102776c   0x0000000e   Code   RO         3940    i.gattStartTimer    ble_host.lib(gatt_task.o)
    0x1102777a   0x1102777a   0x0000001a   Code   RO         3941    i.gattStopTimer     ble_host.lib(gatt_task.o)
    0x11027794   0x11027794   0x00000098   Code   RO         4195    i.generate_subkey   ble_host.lib(sm_mgr.o)
    0x1102782c   0x1102782c   0x000000e0   Code   RO          796    i.ggs_ReadAttrCB    gapgattserver.o
    0x1102790c   0x1102790c   0x00000080   Code   RO          797    i.ggs_SetAttrWPermit  gapgattserver.o
    0x1102798c   0x1102798c   0x00000154   Code   RO          798    i.ggs_WriteAttrCB   gapgattserver.o
    0x11027ae0   0x11027ae0   0x00000138   Code   RO         3091    i.hal_fs_garbage_collect  fs.o
    0x11027c18   0x11027c18   0x0000005c   Code   RO         3092    i.hal_fs_get_free_size  fs.o
    0x11027c74   0x11027c74   0x0000003c   Code   RO         3093    i.hal_fs_get_garbage_size  fs.o
    0x11027cb0   0x11027cb0   0x0000003c   Code   RO         3094    i.hal_fs_init       fs.o
    0x11027cec   0x11027cec   0x000000c4   Code   RO         3096    i.hal_fs_item_del   fs.o
    0x11027db0   0x11027db0   0x00000030   Code   RO         3097    i.hal_fs_item_find_id  fs.o
    0x11027de0   0x11027de0   0x000000c0   Code   RO         3098    i.hal_fs_item_read  fs.o
    0x11027ea0   0x11027ea0   0x00000194   Code   RO         3099    i.hal_fs_item_write  fs.o
    0x11028034   0x11028034   0x00000024   Code   RO         1590    i.hidCCSendReportKey  hidkbd.o
    0x11028058   0x11028058   0x00000028   Code   RO         1317    i.hidDevBattPeriodicTask  hiddev.o
    0x11028080   0x11028080   0x00000018   Code   RO         1318    i.hidDevBondCount   hiddev.o
    0x11028098   0x11028098   0x00000040   Code   RO         1319    i.hidDevDequeueReport  hiddev.o
    0x110280d8   0x110280d8   0x0000006c   Code   RO         1320    i.hidDevDisconnected  hiddev.o
    0x11028144   0x11028144   0x000000a8   Code   RO         1321    i.hidDevEnqueueReport  hiddev.o
    0x110281ec   0x110281ec   0x000000e4   Code   RO         1322    i.hidDevGapStateCB  hiddev.o
    0x110282d0   0x110282d0   0x00000060   Code   RO         1323    i.hidDevHandleConnStatusCB  hiddev.o
    0x11028330   0x11028330   0x0000003c   Code   RO         1324    i.hidDevHighAdvertising  hiddev.o
    0x1102836c   0x1102836c   0x0000003c   Code   RO         1325    i.hidDevInitialAdvertising  hiddev.o
    0x110283a8   0x110283a8   0x00000040   Code   RO         1326    i.hidDevLowAdvertising  hiddev.o
    0x110283e8   0x110283e8   0x000000bc   Code   RO         1327    i.hidDevPairStateCB  hiddev.o
    0x110284a4   0x110284a4   0x00000040   Code   RO         1328    i.hidDevPasscodeCB  hiddev.o
    0x110284e4   0x110284e4   0x00000002   Code   RO         1329    i.hidDevProcessGattMsg  hiddev.o
    0x110284e6   0x110284e6   0x00000002   PAD
    0x110284e8   0x110284e8   0x00000054   Code   RO         1330    i.hidDevRptByCccdHandle  hiddev.o
    0x1102853c   0x1102853c   0x0000003c   Code   RO         1331    i.hidDevRptByHandle  hiddev.o
    0x11028578   0x11028578   0x00000044   Code   RO         1332    i.hidDevRptById     hiddev.o
    0x110285bc   0x110285bc   0x000000b0   Code   RO         1334    i.hidDevSendReport  hiddev.o
    0x1102866c   0x1102866c   0x00000028   Code   RO         1335    i.hidDevStartIdleTimer  hiddev.o
    0x11028694   0x11028694   0x00000014   Code   RO         1336    i.hidDevStopIdleTimer  hiddev.o
    0x110286a8   0x110286a8   0x00000018   Code   RO         1337    i.hidDev_ProcessOSALMsg  hiddev.o
    0x110286c0   0x110286c0   0x00000002   Code   RO         1591    i.hidKbdEvtCB       hidkbd.o
    0x110286c2   0x110286c2   0x0000000e   Code   RO         1592    i.hidKbdRcvReport   hidkbd.o
    0x110286d0   0x110286d0   0x00000090   Code   RO         1593    i.hidKbdRptCB       hidkbd.o
    0x11028760   0x11028760   0x00000016   Code   RO         1596    i.hidKbdSendVoiceCMDtReport  hidkbd.o
    0x11028776   0x11028776   0x00000002   Code   RO         1597    i.hidKbd_ProcessGattMsg  hidkbd.o
    0x11028778   0x11028778   0x00000018   Code   RO         1598    i.hidKbd_ProcessOSALMsg  hidkbd.o
    0x11028790   0x11028790   0x0000002c   Code   RO         3810    i.isLimitedDiscoverableMode  ble_host.lib(gap_peridevmgr.o)
    0x110287bc   0x110287bc   0x00000038   Code   RO         4126    i.l2capAllocChannel  ble_host.lib(l2cap_util.o)
    0x110287f4   0x110287f4   0x0000002c   Code   RO         4130    i.l2capBuildParamUpdateReq  ble_host.lib(l2cap_util.o)
    0x11028820   0x11028820   0x000000b0   Code   RO         4131    i.l2capEncapSendData  ble_host.lib(l2cap_util.o)
    0x110288d0   0x110288d0   0x00000030   Code   RO         4132    i.l2capFindLocalId  ble_host.lib(l2cap_util.o)
    0x11028900   0x11028900   0x00000008   Code   RO         4133    i.l2capFreeChannel  ble_host.lib(l2cap_util.o)
    0x11028908   0x11028908   0x00000002   Code   RO         4134    i.l2capHandleRxError  ble_host.lib(l2cap_util.o)
    0x1102890a   0x1102890a   0x00000028   Code   RO         4135    i.l2capHandleTimerCB  ble_host.lib(l2cap_util.o)
    0x11028932   0x11028932   0x00000046   Code   RO         4136    i.l2capNotifyData   ble_host.lib(l2cap_util.o)
    0x11028978   0x11028978   0x0000004e   Code   RO         4137    i.l2capNotifySignal  ble_host.lib(l2cap_util.o)
    0x110289c6   0x110289c6   0x00000042   Code   RO         4138    i.l2capParseCmdReject  ble_host.lib(l2cap_util.o)
    0x11028a08   0x11028a08   0x000001a0   Code   RO         4141    i.l2capParsePacket  ble_host.lib(l2cap_util.o)
    0x11028ba8   0x11028ba8   0x00000016   Code   RO         4142    i.l2capParseParamUpdateRsp  ble_host.lib(l2cap_util.o)
    0x11028bbe   0x11028bbe   0x00000014   Code   RO         4143    i.l2capParseSignalHdr  ble_host.lib(l2cap_util.o)
    0x11028bd2   0x11028bd2   0x00000002   PAD
    0x11028bd4   0x11028bd4   0x00000104   Code   RO         4144    i.l2capPktToSegmentBuff  ble_host.lib(l2cap_util.o)
    0x11028cd8   0x11028cd8   0x00000068   Code   RO         3991    i.l2capProcessRsp   ble_host.lib(l2cap_task.o)
    0x11028d40   0x11028d40   0x00000094   Code   RO         3992    i.l2capProcessRxData  ble_host.lib(l2cap_task.o)
    0x11028dd4   0x11028dd4   0x000000a8   Code   RO         3993    i.l2capProcessSignal  ble_host.lib(l2cap_task.o)
    0x11028e7c   0x11028e7c   0x00000058   Code   RO         4145    i.l2capSarBufReset  ble_host.lib(l2cap_util.o)
    0x11028ed4   0x11028ed4   0x00000060   Code   RO         4146    i.l2capSendCmd      ble_host.lib(l2cap_util.o)
    0x11028f34   0x11028f34   0x0000007c   Code   RO         4147    i.l2capSendReq      ble_host.lib(l2cap_util.o)
    0x11028fb0   0x11028fb0   0x00000010   Code   RO         4148    i.l2capStopTimer    ble_host.lib(l2cap_util.o)
    0x11028fc0   0x11028fc0   0x0000001c   Code   RO         4196    i.leftshift_onebit  ble_host.lib(sm_mgr.o)
    0x11028fdc   0x11028fdc   0x00000058   Code   RO         4005    i.linkDB_Add        ble_host.lib(linkdb.o)
    0x11029034   0x11029034   0x0000004c   Code   RO         4006    i.linkDB_Authen     ble_host.lib(linkdb.o)
    0x11029080   0x11029080   0x00000028   Code   RO         4007    i.linkDB_Find       ble_host.lib(linkdb.o)
    0x110290a8   0x110290a8   0x00000038   Code   RO         4008    i.linkDB_FindFirst  ble_host.lib(linkdb.o)
    0x110290e0   0x110290e0   0x0000003c   Code   RO         4009    i.linkDB_Init       ble_host.lib(linkdb.o)
    0x1102911c   0x1102911c   0x00000024   Code   RO         4010    i.linkDB_NumActive  ble_host.lib(linkdb.o)
    0x11029140   0x11029140   0x0000002c   Code   RO         4011    i.linkDB_PerformFunc  ble_host.lib(linkdb.o)
    0x1102916c   0x1102916c   0x00000024   Code   RO         4012    i.linkDB_Register   ble_host.lib(linkdb.o)
    0x11029190   0x11029190   0x00000036   Code   RO         4013    i.linkDB_Remove     ble_host.lib(linkdb.o)
    0x110291c6   0x110291c6   0x00000002   PAD
    0x110291c8   0x110291c8   0x00000024   Code   RO         4014    i.linkDB_State      ble_host.lib(linkdb.o)
    0x110291ec   0x110291ec   0x00000340   Code   RO         2341    i.log_vsprintf      my_printf.o
    0x1102952c   0x1102952c   0x0000002c   Code   RO         2342    i.my_dump_byte      my_printf.o
    0x11029558   0x11029558   0x000001b8   Code   RO         2343    i.number            my_printf.o
    0x11029710   0x11029710   0x00000006   Code   RO         1599    i.osal_memory_statics  hidkbd.o
    0x11029716   0x11029716   0x00000006   Code   RO         3199    i.osal_snv_compact  osal_snv.o
    0x1102971c   0x1102971c   0x0000005c   Code   RO         3201    i.osal_snv_read     osal_snv.o
    0x11029778   0x11029778   0x00000084   Code   RO         3202    i.osal_snv_write    osal_snv.o
    0x110297fc   0x110297fc   0x00000028   Code   RO         4016    i.reportStatusChange  ble_host.lib(linkdb.o)
    0x11029824   0x11029824   0x0000000c   Code   RO         1243    i.scanParamReadAttrCB  scanparamservice.o
    0x11029830   0x11029830   0x000000a4   Code   RO         1244    i.scanParamWriteAttrCB  scanparamservice.o
    0x110298d4   0x110298d4   0x000000ec   Code   RO         3758    i.sendAuthEvent     ble_host.lib(gap_linkmgr.o)
    0x110299c0   0x110299c0   0x0000005a   Code   RO         3759    i.sendEstLinkEvent  ble_host.lib(gap_linkmgr.o)
    0x11029a1a   0x11029a1a   0x0000002a   Code   RO         3760    i.sendTerminateEvent  ble_host.lib(gap_linkmgr.o)
    0x11029a44   0x11029a44   0x0000002a   Code   RO         2344    i.skip_atoi         my_printf.o
    0x11029a6e   0x11029a6e   0x00000018   Code   RO         4197    i.smAuthReqToUint8  ble_host.lib(sm_mgr.o)
    0x11029a86   0x11029a86   0x00000002   PAD
    0x11029a88   0x11029a88   0x0000002c   Code   RO         4248    i.smDetermineKeySize  ble_host.lib(sm_pairing.o)
    0x11029ab4   0x11029ab4   0x00000010   Code   RO         4198    i.smEncrypt         ble_host.lib(sm_mgr.o)
    0x11029ac4   0x11029ac4   0x00000008   Code   RO         4199    i.smEncryptLocal    ble_host.lib(sm_mgr.o)
    0x11029acc   0x11029acc   0x00000034   Code   RO         4249    i.smEndPairing      ble_host.lib(sm_pairing.o)
    0x11029b00   0x11029b00   0x0000005c   Code   RO         4250    i.smFreePairingParams  ble_host.lib(sm_pairing.o)
    0x11029b5c   0x11029b5c   0x0000002c   Code   RO         4251    i.smGenerateConfirm  ble_host.lib(sm_pairing.o)
    0x11029b88   0x11029b88   0x00000040   Code   RO         4252    i.smGeneratePairingReqRsp  ble_host.lib(sm_pairing.o)
    0x11029bc8   0x11029bc8   0x00000026   Code   RO         4200    i.smGenerateRandBuf  ble_host.lib(sm_mgr.o)
    0x11029bee   0x11029bee   0x00000002   PAD
    0x11029bf0   0x11029bf0   0x0000002c   Code   RO         4253    i.smGenerateRandMsg  ble_host.lib(sm_pairing.o)
    0x11029c1c   0x11029c1c   0x00000020   Code   RO         4254    i.smLinkCheck       ble_host.lib(sm_pairing.o)
    0x11029c3c   0x11029c3c   0x00000040   Code   RO         4255    i.smNextPairingState  ble_host.lib(sm_pairing.o)
    0x11029c7c   0x11029c7c   0x00000014   Code   RO         4256    i.smPairingSendEncInfo  ble_host.lib(sm_pairing.o)
    0x11029c90   0x11029c90   0x00000028   Code   RO         4257    i.smPairingSendIdentityAddrInfo  ble_host.lib(sm_pairing.o)
    0x11029cb8   0x11029cb8   0x00000014   Code   RO         4258    i.smPairingSendIdentityInfo  ble_host.lib(sm_pairing.o)
    0x11029ccc   0x11029ccc   0x0000002c   Code   RO         4259    i.smPairingSendMasterID  ble_host.lib(sm_pairing.o)
    0x11029cf8   0x11029cf8   0x00000014   Code   RO         4260    i.smPairingSendSingingInfo  ble_host.lib(sm_pairing.o)
    0x11029d0c   0x11029d0c   0x0000009c   Code   RO         4261    i.smProcessDataMsg  ble_host.lib(sm_pairing.o)
    0x11029da8   0x11029da8   0x000000b4   Code   RO         4262    i.smProcessEncryptChange  ble_host.lib(sm_pairing.o)
    0x11029e5c   0x11029e5c   0x00000094   Code   RO         4066    i.smProcessOSALMsg  ble_host.lib(sm_task.o)
    0x11029ef0   0x11029ef0   0x00000058   Code   RO         4263    i.smProcessPairingReq  ble_host.lib(sm_pairing.o)
    0x11029f48   0x11029f48   0x0000007c   Code   RO         4202    i.smProcessRandComplete  ble_host.lib(sm_mgr.o)
    0x11029fc4   0x11029fc4   0x0000000c   Code   RO         4265    i.smRegisterResponder  ble_host.lib(sm_pairing.o)
    0x11029fd0   0x11029fd0   0x000000e4   Code   RO         4035    i.smResponderProcessLTKReq  ble_host.lib(sm_rsppairing.o)
    0x1102a0b4   0x1102a0b4   0x000001b8   Code   RO         4036    i.smResponderSendNextKeyInfo  ble_host.lib(sm_rsppairing.o)
    0x1102a26c   0x1102a26c   0x0000016c   Code   RO         4266    i.smSavePairInfo    ble_host.lib(sm_pairing.o)
    0x1102a3d8   0x1102a3d8   0x00000024   Code   RO         4267    i.smSendFailAndEnd  ble_host.lib(sm_pairing.o)
    0x1102a3fc   0x1102a3fc   0x00000046   Code   RO         4306    i.smSendSMMsg       ble_host.lib(smp.o)
    0x1102a442   0x1102a442   0x00000002   PAD
    0x1102a444   0x1102a444   0x00000040   Code   RO         4268    i.smSetPairingReqRsp  ble_host.lib(sm_pairing.o)
    0x1102a484   0x1102a484   0x00000020   Code   RO         4269    i.smStartEncryption  ble_host.lib(sm_pairing.o)
    0x1102a4a4   0x1102a4a4   0x0000004c   Code   RO         4203    i.smStartRspTimer   ble_host.lib(sm_mgr.o)
    0x1102a4f0   0x1102a4f0   0x0000000a   Code   RO         4067    i.smState_timerCB   ble_host.lib(sm_task.o)
    0x1102a4fa   0x1102a4fa   0x00000002   PAD
    0x1102a4fc   0x1102a4fc   0x00000020   Code   RO         4204    i.smStopRspTimer    ble_host.lib(sm_mgr.o)
    0x1102a51c   0x1102a51c   0x0000000a   Code   RO         4270    i.smTimedOut        ble_host.lib(sm_pairing.o)
    0x1102a526   0x1102a526   0x0000000a   Code   RO         4068    i.smTo_timerCB      ble_host.lib(sm_task.o)
    0x1102a530   0x1102a530   0x0000002c   Code   RO         4205    i.smUint8ToAuthReq  ble_host.lib(sm_mgr.o)
    0x1102a55c   0x1102a55c   0x00000154   Code   RO         4206    i.sm_CMAC           ble_host.lib(sm_mgr.o)
    0x1102a6b0   0x1102a6b0   0x00000044   Code   RO         4207    i.sm_ah             ble_host.lib(sm_mgr.o)
    0x1102a6f4   0x1102a6f4   0x00000098   Code   RO         4271    i.sm_c1             ble_host.lib(sm_pairing.o)
    0x1102a78c   0x1102a78c   0x000000c2   Code   RO         4208    i.sm_c1new          ble_host.lib(sm_mgr.o)
    0x1102a84e   0x1102a84e   0x00000040   Code   RO         4211    i.sm_s1             ble_host.lib(sm_mgr.o)
    0x1102a88e   0x1102a88e   0x0000001a   Code   RO         4212    i.sm_xor            ble_host.lib(sm_mgr.o)
    0x1102a8a8   0x1102a8a8   0x00000022   Code   RO         4307    i.smpBuildEncInfo   ble_host.lib(smp.o)
    0x1102a8ca   0x1102a8ca   0x00000026   Code   RO         4308    i.smpBuildIdentityAddrInfo  ble_host.lib(smp.o)
    0x1102a8f0   0x1102a8f0   0x00000022   Code   RO         4309    i.smpBuildIdentityInfo  ble_host.lib(smp.o)
    0x1102a912   0x1102a912   0x0000002e   Code   RO         4310    i.smpBuildMasterID  ble_host.lib(smp.o)
    0x1102a940   0x1102a940   0x00000022   Code   RO         4311    i.smpBuildPairingConfirm  ble_host.lib(smp.o)
    0x1102a962   0x1102a962   0x00000018   Code   RO         4312    i.smpBuildPairingFailed  ble_host.lib(smp.o)
    0x1102a97a   0x1102a97a   0x00000022   Code   RO         4313    i.smpBuildPairingRandom  ble_host.lib(smp.o)
    0x1102a99c   0x1102a99c   0x0000000e   Code   RO         4314    i.smpBuildPairingReq  ble_host.lib(smp.o)
    0x1102a9aa   0x1102a9aa   0x00000084   Code   RO         4315    i.smpBuildPairingReqRsp  ble_host.lib(smp.o)
    0x1102aa2e   0x1102aa2e   0x0000000e   Code   RO         4316    i.smpBuildPairingRsp  ble_host.lib(smp.o)
    0x1102aa3c   0x1102aa3c   0x0000001e   Code   RO         4317    i.smpBuildSecurityReq  ble_host.lib(smp.o)
    0x1102aa5a   0x1102aa5a   0x00000022   Code   RO         4318    i.smpBuildSigningInfo  ble_host.lib(smp.o)
    0x1102aa7c   0x1102aa7c   0x0000001e   Code   RO         4319    i.smpParseEncInfo   ble_host.lib(smp.o)
    0x1102aa9a   0x1102aa9a   0x00000022   Code   RO         4320    i.smpParseIdentityAddrInfo  ble_host.lib(smp.o)
    0x1102aabc   0x1102aabc   0x0000001e   Code   RO         4321    i.smpParseIdentityInfo  ble_host.lib(smp.o)
    0x1102aada   0x1102aada   0x00000028   Code   RO         4322    i.smpParseMasterID  ble_host.lib(smp.o)
    0x1102ab02   0x1102ab02   0x0000001e   Code   RO         4323    i.smpParsePairingConfirm  ble_host.lib(smp.o)
    0x1102ab20   0x1102ab20   0x00000020   Code   RO         4324    i.smpParsePairingFailed  ble_host.lib(smp.o)
    0x1102ab40   0x1102ab40   0x0000001e   Code   RO         4325    i.smpParsePairingRandom  ble_host.lib(smp.o)
    0x1102ab5e   0x1102ab5e   0x00000002   PAD
    0x1102ab60   0x1102ab60   0x000000d4   Code   RO         4326    i.smpParsePairingReq  ble_host.lib(smp.o)
    0x1102ac34   0x1102ac34   0x0000001c   Code   RO         4327    i.smpParseSecurityReq  ble_host.lib(smp.o)
    0x1102ac50   0x1102ac50   0x0000001e   Code   RO         4328    i.smpParseSigningInfo  ble_host.lib(smp.o)
    0x1102ac6e   0x1102ac6e   0x00000002   PAD
    0x1102ac70   0x1102ac70   0x00000050   Code   RO         4272    i.smpProcessIncoming  ble_host.lib(sm_pairing.o)
    0x1102acc0   0x1102acc0   0x00000050   Code   RO         4037    i.smpResponderProcessEncryptionInformation  ble_host.lib(sm_rsppairing.o)
    0x1102ad10   0x1102ad10   0x00000048   Code   RO         4038    i.smpResponderProcessIdentityAddrInfo  ble_host.lib(sm_rsppairing.o)
    0x1102ad58   0x1102ad58   0x00000044   Code   RO         4039    i.smpResponderProcessIdentityInfo  ble_host.lib(sm_rsppairing.o)
    0x1102ad9c   0x1102ad9c   0x000000b4   Code   RO         4040    i.smpResponderProcessIncoming  ble_host.lib(sm_rsppairing.o)
    0x1102ae50   0x1102ae50   0x00000064   Code   RO         4041    i.smpResponderProcessMasterID  ble_host.lib(sm_rsppairing.o)
    0x1102aeb4   0x1102aeb4   0x0000004c   Code   RO         4042    i.smpResponderProcessPairingConfirm  ble_host.lib(sm_rsppairing.o)
    0x1102af00   0x1102af00   0x00000058   Code   RO         4043    i.smpResponderProcessPairingRandom  ble_host.lib(sm_rsppairing.o)
    0x1102af58   0x1102af58   0x000000b8   Code   RO         4044    i.smpResponderProcessPairingReq  ble_host.lib(sm_rsppairing.o)
    0x1102b010   0x1102b010   0x00000054   Code   RO         4045    i.smpResponderProcessSigningInfo  ble_host.lib(sm_rsppairing.o)
    0x1102b064   0x1102b064   0x00000016   Code   RO         4213    i.xor_128           ble_host.lib(sm_mgr.o)
    0x1102b07a   0x1102b07a   0x00000002   PAD
    0x1102b07c   0x1102b07c   0x00000014   Data   RO          299    .constdata          gattservapp.o
    0x1102b090   0x1102b090   0x00000014   Data   RO          800    .constdata          gapgattserver.o
    0x1102b0a4   0x1102b0a4   0x00000018   Data   RO          981    .constdata          battservice.o
    0x1102b0bc   0x1102b0bc   0x0000001c   Data   RO         1245    .constdata          scanparamservice.o
    0x1102b0d8   0x1102b0d8   0x0000003e   Data   RO         1339    .constdata          hiddev.o
    0x1102b116   0x1102b116   0x00000002   PAD
    0x1102b118   0x1102b118   0x000000bc   Data   RO         1514    .constdata          hidkbdservice.o
    0x1102b1d4   0x1102b1d4   0x0000000c   Data   RO         1601    .constdata          hidkbd.o
    0x1102b1e0   0x1102b1e0   0x00000010   Data   RO         2345    .constdata          my_printf.o
    0x1102b1f0   0x1102b1f0   0x00000010   Data   RO         3615    .constdata          ble_host.lib(att_util.o)
    0x1102b200   0x1102b200   0x00000060   Data   RO         3896    .constdata          ble_host.lib(gatt_server.o)
    0x1102b260   0x1102b260   0x0000002a   Data   RO         3958    .constdata          ble_host.lib(gatt_uuid.o)
    0x1102b28a   0x1102b28a   0x00000010   Data   RO         4215    .constdata          ble_host.lib(sm_mgr.o)
    0x1102b29a   0x1102b29a   0x00000019   Data   RO         4273    .constdata          ble_host.lib(sm_pairing.o)
    0x1102b2b3   0x1102b2b3   0x00000001   PAD
    0x1102b2b4   0x1102b2b4   0x0000004d   Data   RO         2346    .conststring        my_printf.o


==============================================================================

Image component sizes


      Code (inc. data)   RO Data    RW Data    ZI Data      Debug   Object Name

       336         14          0        424          0       2201   adpcm.o
       874        190         68        140         40       8529   audiogattprofile.o
       600         94         24        124          0      13884   battservice.o
       544         12          0          0          0       2264   clock.o
       556         54        156        328          0      16973   devinfoservice.o
      1582        112          0         28          0      17807   flash.o
      2672        136          0          9         20      14043   fs.o
       172         82          0          0          0      11205   gap.o
      4996        404          0         42        166      34483   gapbondmgr.o
       896         52         20        132         22       5672   gapgattserver.o
      4448        252         20         52        744      33215   gattservapp.o
      2032        162        138          0        300      23629   gpio.o
       456         70          0          1          0       2420   hal_drivers.o
      1332        220         64         54        144      10142   hal_keyboard_matrix.o
      2968        610         62         36        370      20876   hiddev.o
      1674        270         12        104        968      10037   hidkbd.o
        20          0          0          0          0        471   hidkbd_main.o
       476         70        188        484         40      10004   hidkbdservice.o
       544        332       1024       1028          0       2086   jump_table.o
      1822        154         23          1         86      18436   kscan.o
       780        264        140          2       8224      83359   main.o
      1478         42         93          8          0       7886   my_printf.o
       156          6         81          4          0       3868   osal_hidkbd.o
       230         70          0          0          0       2052   osal_snv.o
      3344        630          0        104         63      14572   peripheral.o
       924        114          0         37        120       9242   pwrmgr.o
       232         34         28        116          0       5221   scanparamservice.o
        28          8        192          0       4096        632   startup_armcm0.o
        16          8          0          4          0        699   system_armcm0.o
      1624        122         12          0         64      17357   uart.o
      1496        160          0          0        528      11858   voice.o
       372          0          0          0          0       6582   voice_circ_buff.o
         0          0          0          4          0        633   voice_data.o
       232         66          0       4501         24       2918   voice_queue.o
       768        254          0          6       6000       8598   voice_task.o

    ----------------------------------------------------------------------
     43060       5848       2432       7792      22024     433854   Object Totals
      2340        780         80          0          0          0   (incl. Generated)
        40          0          7         19          5          0   (incl. Padding)

    ----------------------------------------------------------------------

      Code (inc. data)   RO Data    RW Data    ZI Data      Debug   Library Member Name

       356         70          0          0          0        956   att_server.o
      1206         32         16         12          0       1880   att_util.o
       806        110          0         90         28       1184   gap_configmgr.o
       114          4          0          8          0        268   gap_devmgr.o
      2110         80          0         16          0       1520   gap_linkmgr.o
      1360        168          0         28          0       1012   gap_peridevmgr.o
        80         12          0          0          0         72   gap_perilinkmgr.o
       692         74          0         12          0        472   gap_task.o
      1980        122         96         16          0       2000   gatt_server.o
       408         22          0         12          0        568   gatt_task.o
         0          0         42          0          0          0   gatt_uuid.o
       168         18          0          1          0        336   l2cap_if.o
       544         22          0          1         46        384   l2cap_task.o
      2052         74          0          4        160       1788   l2cap_util.o
       566         58          0          0         60        764   linkdb.o
      1760         30         16          4         15       1476   sm_mgr.o
      2058        158         25         12          0       1896   sm_pairing.o
      1632         88          0         12         15        908   sm_rsppairing.o
       276         32          0          1          0        348   sm_task.o
      1034          6          0          0          0       1564   smp.o
        86          0          0          0          0          0   __dczerorl2.o
         0          0          0          0          0          0   entry.o
         0          0          0          0          0          0   entry10a.o
         0          0          0          0          0          0   entry11a.o
         8          4          0          0          0          0   entry2.o
         4          0          0          0          0          0   entry5.o
         0          0          0          0          0          0   entry7b.o
         0          0          0          0          0          0   entry8b.o
         8          4          0          0          0          0   entry9a.o
        30          0          0          0          0          0   handlers.o
        36          8          0          0          0         68   init.o
       108         16          0          0          0         76   malloc.o
         0          0          0          8          0          0   mvars.o
      6396        864          0         32         32       2876   patch.o
       224         36         17          5         16        276   phy_sec_ext.o
      1848        368          0          0          0        732   rf_phy_driver.o

    ----------------------------------------------------------------------
     28000       2480        216        280        376      23424   Library Totals
        50          0          4          6          4          0   (incl. Padding)

    ----------------------------------------------------------------------

      Code (inc. data)   RO Data    RW Data    ZI Data      Debug   Library Name

     19202       1180        195        229        324      19396   ble_host.lib
       280         32          0          8          0        144   mc_p.l
      8468       1268         17         37         48       3884   rf.lib

    ----------------------------------------------------------------------
     28000       2480        216        280        376      23424   Library Totals

    ----------------------------------------------------------------------

==============================================================================


      Code (inc. data)   RO Data    RW Data    ZI Data      Debug   

     71060       8328       2648       8072      22400     429554   Grand Totals
     71060       8328       2648       1024      22400     429554   ELF Image Totals (compressed)
     71060       8328       2648       1024          0          0   ROM Totals

==============================================================================

    Total RO  Size (Code + RO Data)                73708 (  71.98kB)
    Total RW  Size (RW Data + ZI Data)             30472 (  29.76kB)
    Total ROM Size (Code + RO Data + RW Data)      74732 (  72.98kB)

==============================================================================

