<html>
<body>
<pre>
<h1>µVision Build Log</h1>
<h2>Tool Versions:</h2>
IDE-Version: ¦ÌVision V5.25.2.0
Copyright (C) 2018 ARM Ltd and ARM Germany GmbH. All rights reserved.
License Information: ruanjian Microsoft, Microsoft, LIC=GE7DL-0Q0WK-243SS-LDPLJ-95MI2-D4TLA
 
Tool Versions:
Toolchain:       MDK-ARM Professional  Version: 5.25.2.0
Toolchain Path:  C:\Keil_v5\ARM\ARMCC\Bin
C Compiler:      Armcc.exe V5.06 update 6 (build 750)
Assembler:       Armasm.exe V5.06 update 6 (build 750)
Linker/Locator:  ArmLink.exe V5.06 update 6 (build 750)
Library Manager: ArmAr.exe V5.06 update 6 (build 750)
Hex Converter:   FromElf.exe V5.06 update 6 (build 750)
CPU DLL:         SARMCM3.DLL V5.25.2.0
Dialog DLL:      DARMCM1.DLL V1.19.1.0
Target DLL:      Segger\JL2CM3.dll V2.99.29.0
Dialog DLL:      TARMCM1.DLL V1.14.0.0
 
<h2>Project:</h2>
C:\Dfile\Git\BBB_SDK_G\bbb_sdk_2\example\ble_mesh\mesh_light\mesh_light.uvprojx
Project File Date:  09/17/2021

<h2>Output:</h2>
*** Using Compiler 'V5.06 update 6 (build 750)', folder: 'C:\Keil_v5\ARM\ARMCC\Bin'
Rebuild target 'Target 1'
compiling flash.c...
compiling pwm.c...
compiling main.c...
compiling clock.c...
compiling my_printf.c...
compiling uart.c...
compiling gpio.c...
compiling pwrmgr.c...
compiling crc16.c...
compiling devinfoservice.c...
compiling gap.c...
compiling gapgattserver.c...
compiling central.c...
compiling observer.c...
compiling peripheral.c...
compiling gattservapp.c...
compiling gapbondmgr.c...
compiling bleMesh_Main.c...
compiling osal_snv.c...
compiling ota_app_service.c...
compiling jump_table.c...
compiling OSAL_bleMesh.c...
compiling led_light.c...
compiling sha256.c...
compiling bleMesh.c...
compiling aes.c...
compiling cli_model.c...
compiling EM_debug.c...
compiling aes-ccm.c...
compiling EM_platform.c...
compiling EM_os.c...
compiling EM_timer.c...
compiling blebrr_gatt.c...
compiling prov_pl.c...
compiling MS_common_pl.c...
compiling cry.c...
compiling blebrr.c...
compiling blebrr_pl.c...
assembling startup_ARMCM0.s...
compiling vendormodel_server.c...
compiling appl_prov.c...
compiling mesh_services.c...
compiling model_state_handler_pl.c...
compiling system_ARMCM0.c...
compiling appl_sample_example_phylight.c...
linking...
Program Size: Code=119486 RO-data=5662 RW-data=3452 ZI-data=27740  
FromELF: creating hex file...
After Build - User command #1: fromelf.exe --bin -o  ./mesh_light.bin  ./Objects/mesh_light.axf
After Build - User command #2: fromelf -c -a -d -e -v -o mesh_light.asm ./Objects/mesh_light.axf
".\Objects\mesh_light.axf" - 0 Error(s), 0 Warning(s).

<h2>Software Packages used:</h2>

Package Vendor: ARM
                http://www.keil.com/pack/ARM.CMSIS.5.7.0.pack
                ARM.CMSIS.5.7.0
                CMSIS (Cortex Microcontroller Software Interface Standard)
   * Component: CORE Version: 5.4.0
   * Component: Startup Version: 1.2.2

<h2>Collection of Component include folders:</h2>
  .\RTE\_Target_1
  C:\Users\bingshuai.duanmu\AppData\Local\Arm\Packs\ARM\CMSIS\5.7.0\CMSIS\Core\Include
  C:\Users\bingshuai.duanmu\AppData\Local\Arm\Packs\ARM\CMSIS\5.7.0\Device\ARM\ARMCM0\Include

<h2>Collection of Component Files used:</h2>

   * Component: ARM::CMSIS:CORE:5.4.0

   * Component: ARM::Device:Startup:1.2.2
      Include file:  Device\ARM\ARMCM0\Include\ARMCM0.h
      Source file:   Device\ARM\ARMCM0\Source\ARM\startup_ARMCM0.s
      Source file:   Device\ARM\ARMCM0\Source\system_ARMCM0.c
Build Time Elapsed:  00:00:10
</pre>
</body>
</html>
