Component: ARM Compiler 5.06 update 6 (build 750) Tool: armlink [4d35ed]

==============================================================================

Section Cross References

    main.o(i.hal_low_power_io_init) refers to gpio.o(i.hal_gpio_pull_set) for hal_gpio_pull_set
    main.o(i.hal_low_power_io_init) refers to pwrmgr.o(i.hal_pwrmgr_RAM_retention) for hal_pwrmgr_RAM_retention
    main.o(i.hal_low_power_io_init) refers to pwrmgr.o(i.hal_pwrmgr_RAM_retention_set) for hal_pwrmgr_RAM_retention_set
    main.o(i.hal_low_power_io_init) refers to pwrmgr.o(i.hal_pwrmgr_LowCurrentLdo_enable) for hal_pwrmgr_LowCurrentLdo_enable
    main.o(i.hal_low_power_io_init) refers to main.o(.constdata) for .constdata
    main.o(i.hal_rfphy_init) refers to patch.o(i.hal_rom_boot_init) for hal_rom_boot_init
    main.o(i.hal_rfphy_init) refers to main.o(i.__NVIC_SetPriority) for __NVIC_SetPriority
    main.o(i.hal_rfphy_init) refers to main.o(.bss) for .bss
    main.o(i.main) refers to patch.o(_section_xip_code_) for init_config
    main.o(i.main) refers to main.o(i.hal_rfphy_init) for hal_rfphy_init
    main.o(i.main) refers to main.o(i.hal_low_power_io_init) for hal_low_power_io_init
    main.o(i.main) refers to clock.o(i.hal_rtc_clock_config) for hal_rtc_clock_config
    main.o(i.main) refers to pwrmgr.o(i.hal_pwrmgr_clk_gate_config) for hal_pwrmgr_clk_gate_config
    main.o(i.main) refers to pwrmgr.o(i.hal_pwrmgr_init) for hal_pwrmgr_init
    main.o(i.main) refers to flash.o(i.hal_spif_cache_init) for hal_spif_cache_init
    main.o(i.main) refers to gpio.o(i.hal_gpio_init) for hal_gpio_init
    main.o(i.main) refers to my_printf.o(i.dbg_printf_init) for dbg_printf_init
    main.o(i.main) refers to my_printf.o(i.dbg_printf) for dbg_printf
    main.o(i.main) refers to phy_plus_phy.o(i.app_main) for app_main
    main.o(i.main) refers to main.o(.data) for .data
    main.o(i.main) refers to main.o(.constdata) for .constdata
    main.o(i.main) refers to main.o(.conststring) for .conststring
    osal_phyplusphy.o(i.osalInitTasks) refers to phy_plus_phy.o(i.PhyPlusPhy_Init) for PhyPlusPhy_Init
    osal_phyplusphy.o(i.osalInitTasks) refers to osal_phyplusphy.o(.data) for .data
    osal_phyplusphy.o(.constdata) refers to phy_plus_phy.o(i.PhyPlusPhy_ProcessEvent) for PhyPlusPhy_ProcessEvent
    phy_plus_phy.o(i.PLUSPHY_IRQHandler) refers to rf_phy_driver.o(i.rf_phy_get_pktFoot) for rf_phy_get_pktFoot
    phy_plus_phy.o(i.PLUSPHY_IRQHandler) refers to rf_phy_driver.o(i.rf_phy_get_pktFoot_fromPkt) for rf_phy_get_pktFoot_fromPkt
    phy_plus_phy.o(i.PLUSPHY_IRQHandler) refers to phy_plus_phy.o(i.phy_rx_data_check) for phy_rx_data_check
    phy_plus_phy.o(i.PLUSPHY_IRQHandler) refers to phy_plus_phy.o(i.phy_hw_set_stx) for phy_hw_set_stx
    phy_plus_phy.o(i.PLUSPHY_IRQHandler) refers to phy_plus_phy.o(i.phy_hw_go) for phy_hw_go
    phy_plus_phy.o(i.PLUSPHY_IRQHandler) refers to phy_plus_phy.o(.data) for .data
    phy_plus_phy.o(i.PLUSPHY_IRQHandler) refers to phy_plus_phy.o(.bss) for .bss
    phy_plus_phy.o(i.PhyPlusPhy_Init) refers to phy_plus_phy.o(i.phy_tx_buf_updata) for phy_tx_buf_updata
    phy_plus_phy.o(i.PhyPlusPhy_Init) refers to phy_plus_phy.o(i.phy_hw_timing_setting) for phy_hw_timing_setting
    phy_plus_phy.o(i.PhyPlusPhy_Init) refers to phy_plus_phy.o(i.phy_hw_pktFmt_Config) for phy_hw_pktFmt_Config
    phy_plus_phy.o(i.PhyPlusPhy_Init) refers to gpio.o(i.hal_gpio_fmux_set) for hal_gpio_fmux_set
    phy_plus_phy.o(i.PhyPlusPhy_Init) refers to phy_plus_phy.o(i.phy_hw_cte_config) for phy_hw_cte_config
    phy_plus_phy.o(i.PhyPlusPhy_Init) refers to my_printf.o(i.dbg_printf) for dbg_printf
    phy_plus_phy.o(i.PhyPlusPhy_Init) refers to phy_plus_phy.o(.data) for .data
    phy_plus_phy.o(i.PhyPlusPhy_Init) refers to phy_plus_phy.o(i.PLUSPHY_IRQHandler) for PLUSPHY_IRQHandler
    phy_plus_phy.o(i.PhyPlusPhy_Init) refers to phy_plus_phy.o(.bss) for .bss
    phy_plus_phy.o(i.PhyPlusPhy_ProcessEvent) refers to phy_plus_phy.o(i.phy_rf_tx) for phy_rf_tx
    phy_plus_phy.o(i.PhyPlusPhy_ProcessEvent) refers to phy_plus_phy.o(i.phy_hw_stop) for phy_hw_stop
    phy_plus_phy.o(i.PhyPlusPhy_ProcessEvent) refers to phy_plus_phy.o(i.phy_rf_rx) for phy_rf_rx
    phy_plus_phy.o(i.PhyPlusPhy_ProcessEvent) refers to phy_plus_phy.o(i.phy_rx_data_process) for phy_rx_data_process
    phy_plus_phy.o(i.PhyPlusPhy_ProcessEvent) refers to phy_plus_phy.o(.bss) for .bss
    phy_plus_phy.o(i.PhyPlusPhy_ProcessEvent) refers to phy_plus_phy.o(.data) for .data
    phy_plus_phy.o(i.aoa_est_test) refers to dscalb.o(.text) for __ARM_scalbn
    phy_plus_phy.o(i.aoa_est_test) refers to dfixui.o(.text) for __aeabi_d2uiz
    phy_plus_phy.o(i.aoa_est_test) refers to aoacomfun.o(i.time_cost_dbg_tic) for time_cost_dbg_tic
    phy_plus_phy.o(i.aoa_est_test) refers to aoaestalgo.o(i.aoa_est_uxa) for aoa_est_uxa
    phy_plus_phy.o(i.aoa_est_test) refers to aoacomfun.o(i.time_cost_dbg_toc) for time_cost_dbg_toc
[...]
    set_whiten_seed                          0x00016cc9   Thumb Code     0  bb_rom_sym_m0.txt ABSOLUTE
    spif_cmd                                 0x00016d49   Thumb Code     0  bb_rom_sym_m0.txt ABSOLUTE
    spif_config                              0x00016dc5   Thumb Code     0  bb_rom_sym_m0.txt ABSOLUTE
    spif_erase_all                           0x00016ea1   Thumb Code     0  bb_rom_sym_m0.txt ABSOLUTE
    spif_erase_block64                       0x00016ed1   Thumb Code     0  bb_rom_sym_m0.txt ABSOLUTE
    spif_erase_chip                          0x00016f55   Thumb Code     0  bb_rom_sym_m0.txt ABSOLUTE
    spif_erase_sector                        0x00016fa9   Thumb Code     0  bb_rom_sym_m0.txt ABSOLUTE
    spif_flash_size                          0x00017029   Thumb Code     0  bb_rom_sym_m0.txt ABSOLUTE
    spif_flash_status_reg_0                  0x0001703d   Thumb Code     0  bb_rom_sym_m0.txt ABSOLUTE
    spif_flash_status_reg_1                  0x00017047   Thumb Code     0  bb_rom_sym_m0.txt ABSOLUTE
    spif_init                                0x00017051   Thumb Code     0  bb_rom_sym_m0.txt ABSOLUTE
    spif_rddata                              0x0001713d   Thumb Code     0  bb_rom_sym_m0.txt ABSOLUTE
    spif_read                                0x00017165   Thumb Code     0  bb_rom_sym_m0.txt ABSOLUTE
    spif_read_dma                            0x0001717d   Thumb Code     0  bb_rom_sym_m0.txt ABSOLUTE
    spif_release_deep_sleep                  0x000172cd   Thumb Code     0  bb_rom_sym_m0.txt ABSOLUTE
    spif_set_deep_sleep                      0x00017349   Thumb Code     0  bb_rom_sym_m0.txt ABSOLUTE
    spif_wrdata                              0x0001736d   Thumb Code     0  bb_rom_sym_m0.txt ABSOLUTE
    spif_write                               0x00017395   Thumb Code     0  bb_rom_sym_m0.txt ABSOLUTE
    spif_write_dma                           0x0001744d   Thumb Code     0  bb_rom_sym_m0.txt ABSOLUTE
    spif_write_protect                       0x000174f9   Thumb Code     0  bb_rom_sym_m0.txt ABSOLUTE
    sram_ret_patch                           0x00017591   Thumb Code     0  bb_rom_sym_m0.txt ABSOLUTE
    update_rx_read_ptr                       0x00017609   Thumb Code     0  bb_rom_sym_m0.txt ABSOLUTE
    update_rx_write_ptr                      0x00017635   Thumb Code     0  bb_rom_sym_m0.txt ABSOLUTE
    update_tx_read_ptr                       0x00017659   Thumb Code     0  bb_rom_sym_m0.txt ABSOLUTE
    update_tx_write_ptr                      0x00017685   Thumb Code     0  bb_rom_sym_m0.txt ABSOLUTE
    wakeupProcess                            0x000176a9   Thumb Code     0  bb_rom_sym_m0.txt ABSOLUTE
    wakeupProcess0                           0x000176c5   Thumb Code     0  bb_rom_sym_m0.txt ABSOLUTE
    wakeup_init                              0x000178a5   Thumb Code     0  bb_rom_sym_m0.txt ABSOLUTE
    wakeup_init0                             0x000178bd   Thumb Code     0  bb_rom_sym_m0.txt ABSOLUTE
    zigbee_crc16_gen                         0x0001798d   Thumb Code     0  bb_rom_sym_m0.txt ABSOLUTE
    supportedCmdsTable                       0x00017c00   Data           0  bb_rom_sym_m0.txt ABSOLUTE
    hciCmdTable                              0x00017c44   Data           0  bb_rom_sym_m0.txt ABSOLUTE
    SCA                                      0x00017c4c   Data           0  bb_rom_sym_m0.txt ABSOLUTE
    jump_table_base                          0x1fff0000   Data        1024  jump_table.o(jump_table_mem_area)
    global_config                            0x1fff0400   Data        1024  jump_table.o(global_config_area)
    hclk_per_us                              0x1fff0818   Data           0  bb_rom_sym_m0.txt ABSOLUTE
    hclk_per_us_shift                        0x1fff081c   Data           0  bb_rom_sym_m0.txt ABSOLUTE
    s_prog_time_save                         0x1fff0828   Data           0  bb_rom_sym_m0.txt ABSOLUTE
    s_prog_timeout                           0x1fff082c   Data           0  bb_rom_sym_m0.txt ABSOLUTE
    DFL_ENTRY_BASE                           0x1fff0830   Data           0  bb_rom_sym_m0.txt ABSOLUTE
    receive_timeout_flag                     0x1fff0850   Data           0  bb_rom_sym_m0.txt ABSOLUTE
    osal_sys_tick                            0x1fff0860   Data           0  bb_rom_sym_m0.txt ABSOLUTE
    g_timer4_irq_pending_time                0x1fff0864   Data           0  bb_rom_sym_m0.txt ABSOLUTE
    g_hclk                                   0x1fff0874   Data           0  bb_rom_sym_m0.txt ABSOLUTE
    m_in_critical_region                     0x1fff0878   Data           0  bb_rom_sym_m0.txt ABSOLUTE
    s_rom_debug_level                        0x1fff0888   Data           0  bb_rom_sym_m0.txt ABSOLUTE
    s_spif_ctx                               0x1fff0894   Data           0  bb_rom_sym_m0.txt ABSOLUTE
    osal_qHead                               0x1fff08b8   Data           0  bb_rom_sym_m0.txt ABSOLUTE
    baseTaskID                               0x1fff08c0   Data           0  bb_rom_sym_m0.txt ABSOLUTE
    OSAL_timeSeconds                         0x1fff08cc   Data           0  bb_rom_sym_m0.txt ABSOLUTE
    ll_remain_time                           0x1fff08e4   Data           0  bb_rom_sym_m0.txt ABSOLUTE
    pwrmgr_attribute                         0x1fff08e8   Data           0  bb_rom_sym_m0.txt ABSOLUTE
    timerHead                                0x1fff08f0   Data           0  bb_rom_sym_m0.txt ABSOLUTE
    hciPTMenabled                            0x1fff08f8   Data           0  bb_rom_sym_m0.txt ABSOLUTE
    ctrlToHostEnable                         0x1fff08f9   Data           0  bb_rom_sym_m0.txt ABSOLUTE
    numHostBufs                              0x1fff08fa   Data           0  bb_rom_sym_m0.txt ABSOLUTE
    hciCtrlCmdToken                          0x1fff08fc   Data           0  bb_rom_sym_m0.txt ABSOLUTE
    bleEvtMask                               0x1fff0900   Data           0  bb_rom_sym_m0.txt ABSOLUTE
    pHciEvtMask                              0x1fff0904   Data           0  bb_rom_sym_m0.txt ABSOLUTE
    hciTaskID                                0x1fff090c   Data           0  bb_rom_sym_m0.txt ABSOLUTE
    hciTestTaskID                            0x1fff090d   Data           0  bb_rom_sym_m0.txt ABSOLUTE
    hciGapTaskID                             0x1fff090e   Data           0  bb_rom_sym_m0.txt ABSOLUTE
    hciL2capTaskID                           0x1fff090f   Data           0  bb_rom_sym_m0.txt ABSOLUTE
    hciSmpTaskID                             0x1fff0910   Data           0  bb_rom_sym_m0.txt ABSOLUTE
    hciExtTaskID                             0x1fff0911   Data           0  bb_rom_sym_m0.txt ABSOLUTE
    g_maxConnNum                             0x1fff0914   Data           0  bb_rom_sym_m0.txt ABSOLUTE
    g_maxPktPerEventTx                       0x1fff0915   Data           0  bb_rom_sym_m0.txt ABSOLUTE
    g_maxPktPerEventRx                       0x1fff0916   Data           0  bb_rom_sym_m0.txt ABSOLUTE
    g_blePktVersion                          0x1fff0917   Data           0  bb_rom_sym_m0.txt ABSOLUTE
    g_llRlEnable                             0x1fff0918   Data           0  bb_rom_sym_m0.txt ABSOLUTE
    g_llScanMode                             0x1fff0919   Data           0  bb_rom_sym_m0.txt ABSOLUTE
    g_llAdvMode                              0x1fff091a   Data           0  bb_rom_sym_m0.txt ABSOLUTE
    LL_TaskID                                0x1fff091b   Data           0  bb_rom_sym_m0.txt ABSOLUTE
    llState                                  0x1fff091c   Data           0  bb_rom_sym_m0.txt ABSOLUTE
    numComplPkts                             0x1fff091d   Data           0  bb_rom_sym_m0.txt ABSOLUTE
    numComplPktsLimit                        0x1fff091e   Data           0  bb_rom_sym_m0.txt ABSOLUTE
    fastTxRespTime                           0x1fff091f   Data           0  bb_rom_sym_m0.txt ABSOLUTE
    g_llWlDeviceNum                          0x1fff0920   Data           0  bb_rom_sym_m0.txt ABSOLUTE
    g_llRlDeviceNum                          0x1fff0921   Data           0  bb_rom_sym_m0.txt ABSOLUTE
    rxFifoFlowCtrl                           0x1fff0922   Data           0  bb_rom_sym_m0.txt ABSOLUTE
    llSecondaryState                         0x1fff0923   Data           0  bb_rom_sym_m0.txt ABSOLUTE
    g_extAdvNumber                           0x1fff0924   Data           0  bb_rom_sym_m0.txt ABSOLUTE
    g_perioAdvNumber                         0x1fff0925   Data           0  bb_rom_sym_m0.txt ABSOLUTE
    g_schExtAdvNum                           0x1fff0926   Data           0  bb_rom_sym_m0.txt ABSOLUTE
    g_currentExtAdv                          0x1fff0927   Data           0  bb_rom_sym_m0.txt ABSOLUTE
    g_schExtAdvNum_periodic                  0x1fff0928   Data           0  bb_rom_sym_m0.txt ABSOLUTE
    g_currentExtAdv_periodic                 0x1fff0929   Data           0  bb_rom_sym_m0.txt ABSOLUTE
    g_llRlTimeout                            0x1fff092c   Data           0  bb_rom_sym_m0.txt ABSOLUTE
    g_advSetMaximumLen                       0x1fff0930   Data           0  bb_rom_sym_m0.txt ABSOLUTE
    conn_param                               0x1fff0934   Data           0  bb_rom_sym_m0.txt ABSOLUTE
    g_pExtendedAdvInfo                       0x1fff0938   Data           0  bb_rom_sym_m0.txt ABSOLUTE
    g_pPeriodicAdvInfo                       0x1fff093c   Data           0  bb_rom_sym_m0.txt ABSOLUTE
    g_pLLcteISample                          0x1fff0940   Data           0  bb_rom_sym_m0.txt ABSOLUTE
    g_pLLcteQSample                          0x1fff0944   Data           0  bb_rom_sym_m0.txt ABSOLUTE
    g_llHdcDirAdvTime                        0x1fff0948   Data           0  bb_rom_sym_m0.txt ABSOLUTE
    g_pAdvSchInfo                            0x1fff094c   Data           0  bb_rom_sym_m0.txt ABSOLUTE
    g_advPerSlotTick                         0x1fff0950   Data           0  bb_rom_sym_m0.txt ABSOLUTE
    g_advSlotPeriodic                        0x1fff0954   Data           0  bb_rom_sym_m0.txt ABSOLUTE
    g_pAdvSchInfo_periodic                   0x1fff0958   Data           0  bb_rom_sym_m0.txt ABSOLUTE
    g_timerExpiryTick                        0x1fff095c   Data           0  bb_rom_sym_m0.txt ABSOLUTE
    chanMapUpdate                            0x1fff0960   Data           0  bb_rom_sym_m0.txt ABSOLUTE
    ownPublicAddr                            0x1fff0965   Data           0  bb_rom_sym_m0.txt ABSOLUTE
    ownRandomAddr                            0x1fff096b   Data           0  bb_rom_sym_m0.txt ABSOLUTE
    verInfo                                  0x1fff0972   Data           0  bb_rom_sym_m0.txt ABSOLUTE
    peerInfo                                 0x1fff0978   Data           0  bb_rom_sym_m0.txt ABSOLUTE
    g_currentAdvTimer                        0x1fff0980   Data           0  bb_rom_sym_m0.txt ABSOLUTE
    g_currentTimerTask                       0x1fff0984   Data           0  bb_rom_sym_m0.txt ABSOLUTE
    g_adv_taskID                             0x1fff0988   Data           0  bb_rom_sym_m0.txt ABSOLUTE
    g_conn_taskID                            0x1fff0989   Data           0  bb_rom_sym_m0.txt ABSOLUTE
    g_smartWindowRTOCnt                      0x1fff098a   Data           0  bb_rom_sym_m0.txt ABSOLUTE
    isPeerRpaStore                           0x1fff098b   Data           0  bb_rom_sym_m0.txt ABSOLUTE
    g_same_rf_channel_flag                   0x1fff098c   Data           0  bb_rom_sym_m0.txt ABSOLUTE
    g_currentPeerAddrType                    0x1fff098d   Data           0  bb_rom_sym_m0.txt ABSOLUTE
    g_currentLocalAddrType                   0x1fff098e   Data           0  bb_rom_sym_m0.txt ABSOLUTE
    storeRpaListIndex                        0x1fff098f   Data           0  bb_rom_sym_m0.txt ABSOLUTE
    llTaskState                              0x1fff0990   Data           0  bb_rom_sym_m0.txt ABSOLUTE
    g_adv_taskEvent                          0x1fff0992   Data           0  bb_rom_sym_m0.txt ABSOLUTE
    g_conn_taskEvent                         0x1fff0994   Data           0  bb_rom_sym_m0.txt ABSOLUTE
    llWaitingIrq                             0x1fff0998   Data           0  bb_rom_sym_m0.txt ABSOLUTE
    ISR_entry_time                           0x1fff099c   Data           0  bb_rom_sym_m0.txt ABSOLUTE
    slave_conn_event_recv_delay              0x1fff09a0   Data           0  bb_rom_sym_m0.txt ABSOLUTE
    g_smartWindowLater                       0x1fff09a4   Data           0  bb_rom_sym_m0.txt ABSOLUTE
    g_smartWindowActiveCnt                   0x1fff09a8   Data           0  bb_rom_sym_m0.txt ABSOLUTE
    g_smartWindowPreAnchPoint                0x1fff09ac   Data           0  bb_rom_sym_m0.txt ABSOLUTE
    g_getPn23_cnt                            0x1fff09b0   Data           0  bb_rom_sym_m0.txt ABSOLUTE
    g_getPn23_seed                           0x1fff09b4   Data           0  bb_rom_sym_m0.txt ABSOLUTE
    llScanTime                               0x1fff09b8   Data           0  bb_rom_sym_m0.txt ABSOLUTE
    p_perStatsByChan                         0x1fff09bc   Data           0  bb_rom_sym_m0.txt ABSOLUTE
    LL_PLUS_AdvDataFilterCBack               0x1fff09c0   Data           0  bb_rom_sym_m0.txt ABSOLUTE
    LL_PLUS_ScanRequestFilterCBack           0x1fff09c4   Data           0  bb_rom_sym_m0.txt ABSOLUTE
    g_new_master_delta                       0x1fff09c8   Data           0  bb_rom_sym_m0.txt ABSOLUTE
    llScanT1                                 0x1fff09cc   Data           0  bb_rom_sym_m0.txt ABSOLUTE
    llCurrentScanChn                         0x1fff09d0   Data           0  bb_rom_sym_m0.txt ABSOLUTE
    g_currentLocalRpa                        0x1fff09d4   Data           0  bb_rom_sym_m0.txt ABSOLUTE
    g_currentPeerRpa                         0x1fff09da   Data           0  bb_rom_sym_m0.txt ABSOLUTE
    currentPeerRpa                           0x1fff09e0   Data           0  bb_rom_sym_m0.txt ABSOLUTE
    g_dle_taskID                             0x1fff09e6   Data           0  bb_rom_sym_m0.txt ABSOLUTE
    g_dle_taskEvent                          0x1fff09e8   Data           0  bb_rom_sym_m0.txt ABSOLUTE
    g_phyChg_taskID                          0x1fff09ea   Data           0  bb_rom_sym_m0.txt ABSOLUTE
    g_phyChg_taskEvent                       0x1fff09ec   Data           0  bb_rom_sym_m0.txt ABSOLUTE
    g_smartWindowSize                        0x1fff09f0   Data           0  bb_rom_sym_m0.txt ABSOLUTE
    g_smartWindowSizeNew                     0x1fff09f4   Data           0  bb_rom_sym_m0.txt ABSOLUTE
    g_smartWindowActive                      0x1fff09f8   Data           0  bb_rom_sym_m0.txt ABSOLUTE
    g_interAuxPduDuration                    0x1fff09fc   Data           0  bb_rom_sym_m0.txt ABSOLUTE
    connUpdateTimer                          0x1fff0a04   Data           0  bb_rom_sym_m0.txt ABSOLUTE
    sleep_flag                               0x1fff0a0c   Data           0  bb_rom_sym_m0.txt ABSOLUTE
    g_wakeup_rtc_tick                        0x1fff0a10   Data           0  bb_rom_sym_m0.txt ABSOLUTE
    g_counter_traking_avg                    0x1fff0a14   Data           0  bb_rom_sym_m0.txt ABSOLUTE
    g_TIM2_IRQ_TIM3_CurrCount                0x1fff0a18   Data           0  bb_rom_sym_m0.txt ABSOLUTE
    g_TIM2_IRQ_to_Sleep_DeltTick             0x1fff0a1c   Data           0  bb_rom_sym_m0.txt ABSOLUTE
    g_TIM2_IRQ_PendingTick                   0x1fff0a20   Data           0  bb_rom_sym_m0.txt ABSOLUTE
    g_osal_tick_trim                         0x1fff0a24   Data           0  bb_rom_sym_m0.txt ABSOLUTE
    g_osalTickTrim_mod                       0x1fff0a28   Data           0  bb_rom_sym_m0.txt ABSOLUTE
    rtc_mod_value                            0x1fff0a2c   Data           0  bb_rom_sym_m0.txt ABSOLUTE
    g_counter_traking_cnt                    0x1fff0a30   Data           0  bb_rom_sym_m0.txt ABSOLUTE
    sleep_tick                               0x1fff0a34   Data           0  bb_rom_sym_m0.txt ABSOLUTE
    counter_tracking                         0x1fff0a38   Data           0  bb_rom_sym_m0.txt ABSOLUTE
    forever_write                            0x1fff0a3c   Data           0  bb_rom_sym_m0.txt ABSOLUTE
    g_TIM2_wakeup_delay                      0x1fff0a40   Data           0  bb_rom_sym_m0.txt ABSOLUTE
    g_rfPhyTpCal0                            0x1fff0a44   Data           0  bb_rom_sym_m0.txt ABSOLUTE
    g_rfPhyTpCal1                            0x1fff0a45   Data           0  bb_rom_sym_m0.txt ABSOLUTE
    g_rfPhyTpCal0_2Mbps                      0x1fff0a46   Data           0  bb_rom_sym_m0.txt ABSOLUTE
    g_rfPhyTpCal1_2Mbps                      0x1fff0a47   Data           0  bb_rom_sym_m0.txt ABSOLUTE
    g_rfPhyTxPower                           0x1fff0a48   Data           0  bb_rom_sym_m0.txt ABSOLUTE
    g_rfPhyPktFmt                            0x1fff0a49   Data           0  bb_rom_sym_m0.txt ABSOLUTE
    g_system_clk                             0x1fff0a4a   Data           0  bb_rom_sym_m0.txt ABSOLUTE
    g_rfPhyClkSel                            0x1fff0a4b   Data           0  bb_rom_sym_m0.txt ABSOLUTE
    g_rxAdcClkSel                            0x1fff0a4c   Data           0  bb_rom_sym_m0.txt ABSOLUTE
    g_dtmModeType                            0x1fff0a4d   Data           0  bb_rom_sym_m0.txt ABSOLUTE
    g_dtmLength                              0x1fff0a4e   Data           0  bb_rom_sym_m0.txt ABSOLUTE
    g_dtmExtLen                              0x1fff0a4f   Data           0  bb_rom_sym_m0.txt ABSOLUTE
    g_dtmPKT                                 0x1fff0a50   Data           0  bb_rom_sym_m0.txt ABSOLUTE
    g_dtmTxPower                             0x1fff0a51   Data           0  bb_rom_sym_m0.txt ABSOLUTE
    g_dtmRssi                                0x1fff0a52   Data           0  bb_rom_sym_m0.txt ABSOLUTE
    g_dtmCarrSens                            0x1fff0a53   Data           0  bb_rom_sym_m0.txt ABSOLUTE
    g_dtmPktIntv                             0x1fff0a54   Data           0  bb_rom_sym_m0.txt ABSOLUTE
    g_dtmPktCount                            0x1fff0a56   Data           0  bb_rom_sym_m0.txt ABSOLUTE
    g_dtmRxCrcNum                            0x1fff0a58   Data           0  bb_rom_sym_m0.txt ABSOLUTE
    g_dtmRxTONum                             0x1fff0a5a   Data           0  bb_rom_sym_m0.txt ABSOLUTE
    g_dtmRsp                                 0x1fff0a5c   Data           0  bb_rom_sym_m0.txt ABSOLUTE
    g_dtmFoff                                0x1fff0a5e   Data           0  bb_rom_sym_m0.txt ABSOLUTE
    g_rfPhyRxDcIQ                            0x1fff0a60   Data           0  bb_rom_sym_m0.txt ABSOLUTE
    g_dtmTick                                0x1fff0a64   Data           0  bb_rom_sym_m0.txt ABSOLUTE
    g_rfPhyFreqOffSet                        0x1fff0a68   Data           0  bb_rom_sym_m0.txt ABSOLUTE
    g_rfPhyDtmCmd                            0x1fff0a69   Data           0  bb_rom_sym_m0.txt ABSOLUTE
    g_rfPhyDtmEvt                            0x1fff0a6b   Data           0  bb_rom_sym_m0.txt ABSOLUTE
    g_dtmCmd                                 0x1fff0a6d   Data           0  bb_rom_sym_m0.txt ABSOLUTE
    g_dtmFreq                                0x1fff0a6e   Data           0  bb_rom_sym_m0.txt ABSOLUTE
    g_dtmCtrl                                0x1fff0a6f   Data           0  bb_rom_sym_m0.txt ABSOLUTE
    g_dtmPara                                0x1fff0a70   Data           0  bb_rom_sym_m0.txt ABSOLUTE
    g_dtmEvt                                 0x1fff0a71   Data           0  bb_rom_sym_m0.txt ABSOLUTE
    g_dtmStatus                              0x1fff0a72   Data           0  bb_rom_sym_m0.txt ABSOLUTE
    g_dtmTpCalEnable                         0x1fff0a73   Data           0  bb_rom_sym_m0.txt ABSOLUTE
    g_dtmPerAutoIntv                         0x1fff0a74   Data           0  bb_rom_sym_m0.txt ABSOLUTE
    g_dtmAccessCode                          0x1fff0a78   Data           0  bb_rom_sym_m0.txt ABSOLUTE
    g_system_reset_cause                     0x1fff0a80   Data           0  bb_rom_sym_m0.txt ABSOLUTE
    cbTimers                                 0x1fff0afc   Data           0  bb_rom_sym_m0.txt ABSOLUTE
    g_llSleepContext                         0x1fff0b74   Data           0  bb_rom_sym_m0.txt ABSOLUTE
    syncInfo                                 0x1fff0b84   Data           0  bb_rom_sym_m0.txt ABSOLUTE
    scanSyncInfo                             0x1fff0b96   Data           0  bb_rom_sym_m0.txt ABSOLUTE
    adv_param                                0x1fff0ba6   Data           0  bb_rom_sym_m0.txt ABSOLUTE
    scanInfo                                 0x1fff0bbc   Data           0  bb_rom_sym_m0.txt ABSOLUTE
    initInfo                                 0x1fff0bd4   Data           0  bb_rom_sym_m0.txt ABSOLUTE
    extScanInfo                              0x1fff0be8   Data           0  bb_rom_sym_m0.txt ABSOLUTE
    extInitInfo                              0x1fff0c10   Data           0  bb_rom_sym_m0.txt ABSOLUTE
    g_llPeriodAdvSyncInfo                    0x1fff0c50   Data           0  bb_rom_sym_m0.txt ABSOLUTE
    g_ll_conn_ctx                            0x1fff0d30   Data           0  bb_rom_sym_m0.txt ABSOLUTE
    deviceFeatureSet                         0x1fff0e48   Data           0  bb_rom_sym_m0.txt ABSOLUTE
    g_llWhitelist                            0x1fff0e51   Data           0  bb_rom_sym_m0.txt ABSOLUTE
    g_llResolvinglist                        0x1fff0e89   Data           0  bb_rom_sym_m0.txt ABSOLUTE
    g_pmCounters                             0x1fff0ffc   Data           0  bb_rom_sym_m0.txt ABSOLUTE
    g_llPduLen                               0x1fff1084   Data           0  bb_rom_sym_m0.txt ABSOLUTE
    rfCounters                               0x1fff10e0   Data           0  bb_rom_sym_m0.txt ABSOLUTE
    ext_adv_hdr                              0x1fff10ec   Data           0  bb_rom_sym_m0.txt ABSOLUTE
    dataPkt                                  0x1fff1118   Data           0  bb_rom_sym_m0.txt ABSOLUTE
    cachedTRNGdata                           0x1fff1138   Data           0  bb_rom_sym_m0.txt ABSOLUTE
    whiten_seed                              0x1fff1144   Data           0  bb_rom_sym_m0.txt ABSOLUTE
    g_tx_adv_buf                             0x1fff116c   Data           0  bb_rom_sym_m0.txt ABSOLUTE
    g_tx_ext_adv_buf                         0x1fff1278   Data           0  bb_rom_sym_m0.txt ABSOLUTE
    tx_scanRsp_desc                          0x1fff1384   Data           0  bb_rom_sym_m0.txt ABSOLUTE
    g_rx_adv_buf                             0x1fff1490   Data           0  bb_rom_sym_m0.txt ABSOLUTE
    __Vectors                                0x1fff2000   Data           4  startup_armcm0.o(RESET)
    __Vectors_End                            0x1fff2008   Data           0  startup_armcm0.o(RESET)
    __main                                   0x1fff2009   Thumb Code     0  entry.o(.ARM.Collect$$$$00000000)
    _main_stk                                0x1fff2009   Thumb Code     0  entry2.o(.ARM.Collect$$$$00000001)
    _main_scatterload                        0x1fff200d   Thumb Code     0  entry5.o(.ARM.Collect$$$$00000004)
    __main_after_scatterload                 0x1fff2011   Thumb Code     0  entry5.o(.ARM.Collect$$$$00000004)
    _main_clock                              0x1fff2011   Thumb Code     0  entry7b.o(.ARM.Collect$$$$00000008)
    _main_cpp_init                           0x1fff2011   Thumb Code     0  entry8b.o(.ARM.Collect$$$$0000000A)
    _main_init                               0x1fff2011   Thumb Code     0  entry9a.o(.ARM.Collect$$$$0000000B)
    __rt_final_cpp                           0x1fff2019   Thumb Code     0  entry10a.o(.ARM.Collect$$$$0000000D)
    __rt_final_exit                          0x1fff2019   Thumb Code     0  entry11a.o(.ARM.Collect$$$$0000000F)
    hard_fault                               0x1fff201d   Thumb Code    40  jump_table.o(.emb_text)
    Reset_Handler                            0x1fff204d   Thumb Code     8  startup_armcm0.o(.text)
    __ARM_scalbn                             0x1fff2061   Thumb Code    44  dscalb.o(.text)
    scalbn                                   0x1fff2061   Thumb Code     0  dscalb.o(.text)
    __aeabi_d2uiz                            0x1fff208d   Thumb Code    50  dfixui.o(.text)
    __aeabi_llsr                             0x1fff20c9   Thumb Code    34  llushr.o(.text)
    _ll_ushift_r                             0x1fff20c9   Thumb Code     0  llushr.o(.text)
    __I$use$fp                               0x1fff20eb   Thumb Code     0  iusefp.o(.text)
    __scatterload                            0x1fff20ed   Thumb Code    28  init.o(.text)
    __scatterload_rt2                        0x1fff20ed   Thumb Code     0  init.o(.text)
    __decompress                             0x1fff2111   Thumb Code     0  __dczerorl2.o(.text)
    __decompress1                            0x1fff2111   Thumb Code    86  __dczerorl2.o(.text)
    Long Thumb to Thumb Veneer to osal_pwrmgr_powerconserve0 0x1fff2169   Thumb Code    12  anon$$obj.o(Veneer$$Code)
    Long Thumb to Thumb Veneer to drv_disable_irq 0x1fff2175   Thumb Code    12  anon$$obj.o(Veneer$$Code)
    Long Thumb to Thumb Veneer to config_RTC 0x1fff2181   Thumb Code    12  anon$$obj.o(Veneer$$Code)
    Long Thumb to Thumb Veneer to enter_sleep_off_mode 0x1fff218d   Thumb Code    12  anon$$obj.o(Veneer$$Code)
    Long Thumb to Thumb Veneer to drv_enable_irq 0x1fff2199   Thumb Code    12  anon$$obj.o(Veneer$$Code)
    Long Thumb to Thumb Veneer to enableSleep 0x1fff21a5   Thumb Code    12  anon$$obj.o(Veneer$$Code)
    Long Thumb to Thumb Veneer to setSleepMode 0x1fff21b1   Thumb Code    12  anon$$obj.o(Veneer$$Code)
    Long Thumb to Thumb Veneer to WaitRTCCount 0x1fff21bd   Thumb Code    12  anon$$obj.o(Veneer$$Code)
    Long Thumb to Thumb Veneer to LL_ENC_AES128_Encrypt 0x1fff21c9   Thumb Code    12  anon$$obj.o(Veneer$$Code)
    Long Thumb to Thumb Veneer to osal_memcpy 0x1fff21d5   Thumb Code    12  anon$$obj.o(Veneer$$Code)
    Long Thumb to Thumb Veneer to read_current_fine_time 0x1fff21e1   Thumb Code    12  anon$$obj.o(Veneer$$Code)
    Long Thumb to Thumb Veneer to LL_ENC_AES128_Encrypt0 0x1fff21ed   Thumb Code    12  anon$$obj.o(Veneer$$Code)
    Long Thumb to Thumb Veneer to LL_ENC_LoadKey 0x1fff21f9   Thumb Code    12  anon$$obj.o(Veneer$$Code)
    Long Thumb to Thumb Veneer to LL_ENC_GenerateNonce 0x1fff2205   Thumb Code    12  anon$$obj.o(Veneer$$Code)
    Long Thumb to Thumb Veneer to __aeabi_uread4 0x1fff2211   Thumb Code    12  anon$$obj.o(Veneer$$Code)
    Long Thumb to Thumb Veneer to ll_debug_output 0x1fff221d   Thumb Code    12  anon$$obj.o(Veneer$$Code)
    Long Thumb to Thumb Veneer to ll_hw_get_irq_status 0x1fff2229   Thumb Code    12  anon$$obj.o(Veneer$$Code)
    Long Thumb to Thumb Veneer to ll_hw_get_tr_mode 0x1fff2235   Thumb Code    12  anon$$obj.o(Veneer$$Code)
    Long Thumb to Thumb Veneer to ll_hw_clr_irq 0x1fff2241   Thumb Code    12  anon$$obj.o(Veneer$$Code)
    Long Thumb to Thumb Veneer to ll_processExtAdvIRQ 0x1fff224d   Thumb Code    12  anon$$obj.o(Veneer$$Code)
    Long Thumb to Thumb Veneer to ll_processExtScanIRQ 0x1fff2259   Thumb Code    12  anon$$obj.o(Veneer$$Code)
    Long Thumb to Thumb Veneer to ll_processExtInitIRQ 0x1fff2265   Thumb Code    12  anon$$obj.o(Veneer$$Code)
    Long Thumb to Thumb Veneer to ll_processPrdAdvIRQ 0x1fff2271   Thumb Code    12  anon$$obj.o(Veneer$$Code)
    Long Thumb to Thumb Veneer to ll_processPrdScanIRQ 0x1fff227d   Thumb Code    12  anon$$obj.o(Veneer$$Code)
    Long Thumb to Thumb Veneer to ll_processBasicIRQ 0x1fff2289   Thumb Code    12  anon$$obj.o(Veneer$$Code)
    Long Thumb to Thumb Veneer to ll_schedule_next_event 0x1fff2295   Thumb Code    12  anon$$obj.o(Veneer$$Code)
    Long Thumb to Thumb Veneer to llSecAdvAllow 0x1fff22a1   Thumb Code    12  anon$$obj.o(Veneer$$Code)
    Long Thumb to Thumb Veneer to llSetupSecAdvEvt 0x1fff22ad   Thumb Code    12  anon$$obj.o(Veneer$$Code)
    Long Thumb to Thumb Veneer to ll_hw_set_rx_timeout 0x1fff22b9   Thumb Code    12  anon$$obj.o(Veneer$$Code)
    Long Thumb to Thumb Veneer to llSetupSecScan 0x1fff22c5   Thumb Code    12  anon$$obj.o(Veneer$$Code)
    Long Thumb to Thumb Veneer to llSetupSecInit 0x1fff22d1   Thumb Code    12  anon$$obj.o(Veneer$$Code)
    Long Thumb to Thumb Veneer to LL_SetDataLengh0 0x1fff22dd   Thumb Code    12  anon$$obj.o(Veneer$$Code)
    Long Thumb to Thumb Veneer to LL_set_default_conn_params0 0x1fff22e9   Thumb Code    12  anon$$obj.o(Veneer$$Code)
    Long Thumb to Thumb Veneer to gpio_write 0x1fff22f5   Thumb Code    12  anon$$obj.o(Veneer$$Code)
    Long Thumb to Thumb Veneer to ll_hw_read_rfifo 0x1fff2301   Thumb Code    12  anon$$obj.o(Veneer$$Code)
    Long Thumb to Thumb Veneer to ll_hw_read_rfifo_pplus 0x1fff230d   Thumb Code    12  anon$$obj.o(Veneer$$Code)
    Long Thumb to Thumb Veneer to ll_hw_set_trx_settle 0x1fff2319   Thumb Code    12  anon$$obj.o(Veneer$$Code)
    Long Thumb to Thumb Veneer to ll_hw_rst_rfifo 0x1fff2325   Thumb Code    12  anon$$obj.o(Veneer$$Code)
    Long Thumb to Thumb Veneer to ll_hw_rst_tfifo 0x1fff2331   Thumb Code    12  anon$$obj.o(Veneer$$Code)
    Long Thumb to Thumb Veneer to ll_hw_write_tfifo 0x1fff233d   Thumb Code    12  anon$$obj.o(Veneer$$Code)
    Long Thumb to Thumb Veneer to osal_start_timerEx 0x1fff2349   Thumb Code    12  anon$$obj.o(Veneer$$Code)
    Long Thumb to Thumb Veneer to __aeabi_idivmod 0x1fff2355   Thumb Code    12  anon$$obj.o(Veneer$$Code)
    Long Thumb to Thumb Veneer to efuse_read 0x1fff2361   Thumb Code    12  anon$$obj.o(Veneer$$Code)
    Long Thumb to Thumb Veneer to log_printf 0x1fff236d   Thumb Code    12  anon$$obj.o(Veneer$$Code)
    Long Thumb to Thumb Veneer to spif_cmd   0x1fff2379   Thumb Code    12  anon$$obj.o(Veneer$$Code)
    Long Thumb to Thumb Veneer to spif_rddata 0x1fff2385   Thumb Code    12  anon$$obj.o(Veneer$$Code)
    Long Thumb to Thumb Veneer to __aeabi_uidivmod 0x1fff2391   Thumb Code    12  anon$$obj.o(Veneer$$Code)
    Long Thumb to Thumb Veneer to osal_init_system 0x1fff239d   Thumb Code    12  anon$$obj.o(Veneer$$Code)
    Long Thumb to Thumb Veneer to osal_pwrmgr_device 0x1fff23a9   Thumb Code    12  anon$$obj.o(Veneer$$Code)
    Long Thumb to Thumb Veneer to osal_start_system 0x1fff23b5   Thumb Code    12  anon$$obj.o(Veneer$$Code)
    Long Thumb to Thumb Veneer to rtc_get_counter 0x1fff23c1   Thumb Code    12  anon$$obj.o(Veneer$$Code)
    Long Thumb to Thumb Veneer to set_sleep_flag 0x1fff23cd   Thumb Code    12  anon$$obj.o(Veneer$$Code)
    Long Thumb to Thumb Veneer to read_LL_remainder_time 0x1fff23d9   Thumb Code    12  anon$$obj.o(Veneer$$Code)
    Long Thumb to Thumb Veneer to __aeabi_memcpy4 0x1fff23e5   Thumb Code    12  anon$$obj.o(Veneer$$Code)
    Long Thumb to Thumb Veneer to osal_memcmp 0x1fff23f1   Thumb Code    12  anon$$obj.o(Veneer$$Code)
    Long Thumb to Thumb Veneer to __aeabi_memclr4 0x1fff23fd   Thumb Code    12  anon$$obj.o(Veneer$$Code)
    Long Thumb to Thumb Veneer to disableSleep 0x1fff2409   Thumb Code    12  anon$$obj.o(Veneer$$Code)
    Long Thumb to Thumb Veneer to osal_mem_set_heap 0x1fff2415   Thumb Code    12  anon$$obj.o(Veneer$$Code)
    Long Thumb to Thumb Veneer to LL_InitConnectContext 0x1fff2421   Thumb Code    12  anon$$obj.o(Veneer$$Code)
    Long Thumb to Thumb Veneer to spif_config 0x1fff242d   Thumb Code    12  anon$$obj.o(Veneer$$Code)
    Long Thumb to Thumb Veneer to llConnTerminate0 0x1fff2439   Thumb Code    12  anon$$obj.o(Veneer$$Code)
    Long Thumb to Thumb Veneer to llProcessChanMap 0x1fff2445   Thumb Code    12  anon$$obj.o(Veneer$$Code)
    Long Thumb to Thumb Veneer to llProcessTxData0 0x1fff2451   Thumb Code    12  anon$$obj.o(Veneer$$Code)
    Long Thumb to Thumb Veneer to ll_hw_get_loop_cycle 0x1fff245d   Thumb Code    12  anon$$obj.o(Veneer$$Code)
    Long Thumb to Thumb Veneer to ll_hw_get_anchor 0x1fff2469   Thumb Code    12  anon$$obj.o(Veneer$$Code)
    Long Thumb to Thumb Veneer to ll_hw_get_tfifo_wrptr 0x1fff2475   Thumb Code    12  anon$$obj.o(Veneer$$Code)
    Long Thumb to Thumb Veneer to getTxBufferSize 0x1fff2481   Thumb Code    12  anon$$obj.o(Veneer$$Code)
    Long Thumb to Thumb Veneer to get_tx_read_ptr 0x1fff248d   Thumb Code    12  anon$$obj.o(Veneer$$Code)
    Long Thumb to Thumb Veneer to update_tx_read_ptr 0x1fff2499   Thumb Code    12  anon$$obj.o(Veneer$$Code)
    Long Thumb to Thumb Veneer to llEnqueueCtrlPkt 0x1fff24a5   Thumb Code    12  anon$$obj.o(Veneer$$Code)
    Long Thumb to Thumb Veneer to set_max_length 0x1fff24b1   Thumb Code    12  anon$$obj.o(Veneer$$Code)
    Long Thumb to Thumb Veneer to drv_irq_init 0x1fff24bd   Thumb Code    12  anon$$obj.o(Veneer$$Code)
    Long Thumb to Thumb Veneer to clk_init   0x1fff24c9   Thumb Code    12  anon$$obj.o(Veneer$$Code)
    Long Thumb to Thumb Veneer to __aeabi_memcpy 0x1fff24d5   Thumb Code    12  anon$$obj.o(Veneer$$Code)
    Long Thumb to Thumb Veneer to osal_mem_alloc 0x1fff24e1   Thumb Code    12  anon$$obj.o(Veneer$$Code)
    Long Thumb to Thumb Veneer to osal_memset 0x1fff24ed   Thumb Code    12  anon$$obj.o(Veneer$$Code)
    Long Thumb to Thumb Veneer to ll_hw_set_ant_pattern 0x1fff24f9   Thumb Code    12  anon$$obj.o(Veneer$$Code)
    Long Thumb to Thumb Veneer to ll_hw_set_ant_switch_timing 0x1fff2505   Thumb Code    12  anon$$obj.o(Veneer$$Code)
    Long Thumb to Thumb Veneer to ll_hw_set_ant_switch_mode 0x1fff2511   Thumb Code    12  anon$$obj.o(Veneer$$Code)
    Long Thumb to Thumb Veneer to ll_hw_set_cte_txSupp 0x1fff251d   Thumb Code    12  anon$$obj.o(Veneer$$Code)
    Long Thumb to Thumb Veneer to ll_hw_set_cte_rxSupp 0x1fff2529   Thumb Code    12  anon$$obj.o(Veneer$$Code)
    Long Thumb to Thumb Veneer to ll_hw_set_crc_fmt 0x1fff2535   Thumb Code    12  anon$$obj.o(Veneer$$Code)
    Long Thumb to Thumb Veneer to ll_hw_ign_rfifo 0x1fff2541   Thumb Code    12  anon$$obj.o(Veneer$$Code)
    Long Thumb to Thumb Veneer to ll_hw_set_pplus_pktfmt 0x1fff254d   Thumb Code    12  anon$$obj.o(Veneer$$Code)
    Long Thumb to Thumb Veneer to ll_hw_set_srx 0x1fff2559   Thumb Code    12  anon$$obj.o(Veneer$$Code)
    Long Thumb to Thumb Veneer to ll_hw_set_stx 0x1fff2565   Thumb Code    12  anon$$obj.o(Veneer$$Code)
    Long Thumb to Thumb Veneer to ll_hw_set_trx 0x1fff2571   Thumb Code    12  anon$$obj.o(Veneer$$Code)
    Long Thumb to Thumb Veneer to ll_hw_set_tx_rx_release 0x1fff257d   Thumb Code    12  anon$$obj.o(Veneer$$Code)
    Long Thumb to Thumb Veneer to ll_hw_set_rx_tx_interval 0x1fff2589   Thumb Code    12  anon$$obj.o(Veneer$$Code)
    Long Thumb to Thumb Veneer to ll_hw_set_tx_rx_interval 0x1fff2595   Thumb Code    12  anon$$obj.o(Veneer$$Code)
    Long Thumb to Thumb Veneer to osal_set_event 0x1fff25a1   Thumb Code    12  anon$$obj.o(Veneer$$Code)
    Long Thumb to Thumb Veneer to ll_hw_get_iq_RawSample 0x1fff25ad   Thumb Code    12  anon$$obj.o(Veneer$$Code)
    Long Thumb to Thumb Veneer to ll_hw_tx2rx_timing_config 0x1fff25b9   Thumb Code    12  anon$$obj.o(Veneer$$Code)
    Long Thumb to Thumb Veneer to __ARM_common_switch8 0x1fff25c5   Thumb Code    12  anon$$obj.o(Veneer$$Code)
    Long Thumb to Thumb Veneer to clk_get_pclk 0x1fff25d1   Thumb Code    12  anon$$obj.o(Veneer$$Code)
    Long Thumb to Thumb Veneer to osalTimeUpdate 0x1fff25dd   Thumb Code    12  anon$$obj.o(Veneer$$Code)
    Long Thumb to Thumb Veneer to set_timer  0x1fff25e9   Thumb Code    12  anon$$obj.o(Veneer$$Code)
    Long Thumb to Thumb Veneer to app_wakeup_process 0x1fff25f5   Thumb Code    12  anon$$obj.o(Veneer$$Code)
    Long Thumb to Thumb Veneer to ll_hw_set_empty_head 0x1fff2601   Thumb Code    12  anon$$obj.o(Veneer$$Code)
    Long Thumb to Thumb Veneer to ll_hw_set_rx_timeout_1st 0x1fff260d   Thumb Code    12  anon$$obj.o(Veneer$$Code)
    Long Thumb to Thumb Veneer to ll_hw_set_loop_timeout 0x1fff2619   Thumb Code    12  anon$$obj.o(Veneer$$Code)
    Long Thumb to Thumb Veneer to ll_hw_set_timing 0x1fff2625   Thumb Code    12  anon$$obj.o(Veneer$$Code)
    hal_UART1_IRQHandler                     0x1fff2705   Thumb Code    52  uart.o(_section_sram_code_)
    hal_UART0_IRQHandler                     0x1fff2739   Thumb Code    52  uart.o(_section_sram_code_)
    osal_idle_task                           0x1fff277d   Thumb Code    14  pwrmgr.o(_section_sram_code_)
    hal_pwrmgr_enter_sleep_rtc_reset         0x1fff278b   Thumb Code    42  pwrmgr.o(_section_sram_code_)
    init_config                              0x1fff27f5   Thumb Code   586  patch.o(_section_xip_code_)
    TRNG_INIT                                0x1fff2a87   Thumb Code    34  patch.o(_section_xip_code_)
    TRNG_Rand                                0x1fff2aa9   Thumb Code   152  patch.o(_section_xip_code_)
    LL_ENC_AES128_Encrypt1                   0x1fff2be5   Thumb Code    26  patch.o(i.LL_ENC_AES128_Encrypt1)
    LL_ENC_Decrypt1                          0x1fff2c01   Thumb Code   364  patch.o(i.LL_ENC_Decrypt1)
    LL_ENC_Encrypt1                          0x1fff2d79   Thumb Code   342  patch.o(i.LL_ENC_Encrypt1)
    LL_IRQHandler1                           0x1fff2ed9   Thumb Code   350  patch.o(i.LL_IRQHandler1)
    LL_SetDataLengh1                         0x1fff3059   Thumb Code    40  patch.o(i.LL_SetDataLengh1)
    LL_set_default_conn_params1              0x1fff3089   Thumb Code    14  patch.o(i.LL_set_default_conn_params1)
    PLUSPHY_IRQHandler                       0x1fff30b1   Thumb Code   328  phy_plus_phy.o(i.PLUSPHY_IRQHandler)
    PhyPlusPhy_Init                          0x1fff320d   Thumb Code   198  phy_plus_phy.o(i.PhyPlusPhy_Init)
    PhyPlusPhy_ProcessEvent                  0x1fff3339   Thumb Code    74  phy_plus_phy.o(i.PhyPlusPhy_ProcessEvent)
    SystemInit                               0x1fff338d   Thumb Code     8  system_armcm0.o(i.SystemInit)
    TqaCOS                                   0x1fff339d   Thumb Code    16  aoacomfun.o(i.TqaCOS)
    TqaLut                                   0x1fff33ad   Thumb Code     8  aoacomfun.o(i.TqaLut)
    TqaNCO                                   0x1fff33b9   Thumb Code   304  aoacomfun.o(i.TqaNCO)
    TqaSIN                                   0x1fff34ed   Thumb Code    16  aoacomfun.o(i.TqaSIN)
    __scatterload_copy                       0x1fff35e1   Thumb Code    14  handlers.o(i.__scatterload_copy)
    __scatterload_null                       0x1fff35ef   Thumb Code     2  handlers.o(i.__scatterload_null)
    __scatterload_zeroinit                   0x1fff35f1   Thumb Code    14  handlers.o(i.__scatterload_zeroinit)
    __wdt_init                               0x1fff3601   Thumb Code    12  patch.o(i.__wdt_init)
    _efuse_chip_version_check                0x1fff3611   Thumb Code    26  phy_sec_ext.o(i._efuse_chip_version_check)
    _hard_fault                              0x1fff3631   Thumb Code   166  jump_table.o(i._hard_fault)
    _rom_sec_boot_init                       0x1fff3819   Thumb Code    22  phy_sec_ext.o(i._rom_sec_boot_init)
    absHWCodic                               0x1fff38ab   Thumb Code    22  aoacomfun.o(i.absHWCodic)
    angle_mf_gen                             0x1fff38c1   Thumb Code   338  aoaestalgo.o(i.angle_mf_gen)
    aoa_est_uxa                              0x1fff3aad   Thumb Code   392  aoaestalgo.o(i.aoa_est_uxa)
    app_main                                 0x1fff3c3d   Thumb Code    20  phy_plus_phy.o(i.app_main)
    atan_Codic                               0x1fff3c51   Thumb Code   412  aoacomfun.o(i.atan_Codic)
    bROUND                                   0x1fff3e79   Thumb Code    16  aoacomfun.o(i.bROUND)
    config_RTC1                              0x1fff40f1   Thumb Code   110  patch.o(i.config_RTC1)
    cplxDot                                  0x1fff4181   Thumb Code   148  aoacomfun.o(i.cplxDot)
    cplxMatch                                0x1fff4215   Thumb Code   104  aoacomfun.o(i.cplxMatch)
    cte_ref_freq_est                         0x1fff427d   Thumb Code   142  aoaestalgo.o(i.cte_ref_freq_est)
    cte_ura_rmtrx_fine_search                0x1fff4311   Thumb Code   502  aoaestalgo.o(i.cte_ura_rmtrx_fine_search)
    cte_uxa_fine_freq_est                    0x1fff4519   Thumb Code   152  aoaestalgo.o(i.cte_uxa_fine_freq_est)
    dbg_printf                               0x1fff45b1   Thumb Code    22  my_printf.o(i.dbg_printf)
    dbg_printf_init                          0x1fff45cd   Thumb Code    16  my_printf.o(i.dbg_printf_init)
    efuse_init                               0x1fff45e1   Thumb Code    14  phy_sec_ext.o(i.efuse_init)
    finidv                                   0x1fff45f9   Thumb Code   126  phy_sec_ext.o(i.finidv)
    free                                     0x1fff4685   Thumb Code    80  malloc.o(i.free)
    hal_GPIO_IRQHandler                      0x1fff46d9   Thumb Code    20  gpio.o(i.hal_GPIO_IRQHandler)
    hal_TIMER5_IRQHandler                    0x1fff46f1   Thumb Code    28  timer.o(i.hal_TIMER5_IRQHandler)
    hal_TIMER6_IRQHandler                    0x1fff4715   Thumb Code    28  timer.o(i.hal_TIMER6_IRQHandler)
    hal_clk_gate_disable                     0x1fff4781   Thumb Code    52  clock.o(i.hal_clk_gate_disable)
    hal_clk_gate_enable                      0x1fff47b5   Thumb Code    52  clock.o(i.hal_clk_gate_enable)
    hal_clk_reset                            0x1fff47e9   Thumb Code   122  clock.o(i.hal_clk_reset)
    hal_get_flash_info                       0x1fff4865   Thumb Code   180  flash.o(i.hal_get_flash_info)
    hal_gpio_cfg_analog_io                   0x1fff4929   Thumb Code    44  gpio.o(i.hal_gpio_cfg_analog_io)
    hal_gpio_fmux                            0x1fff4959   Thumb Code    22  gpio.o(i.hal_gpio_fmux)
    hal_gpio_fmux_set                        0x1fff4975   Thumb Code    50  gpio.o(i.hal_gpio_fmux_set)
    hal_gpio_init                            0x1fff49ad   Thumb Code    70  gpio.o(i.hal_gpio_init)
    hal_gpio_pin2pin3_control                0x1fff4a49   Thumb Code    24  gpio.o(i.hal_gpio_pin2pin3_control)
    hal_gpio_pin_init                        0x1fff4a65   Thumb Code    88  gpio.o(i.hal_gpio_pin_init)
    hal_gpio_pull_set                        0x1fff4ac5   Thumb Code    60  gpio.o(i.hal_gpio_pull_set)
    hal_gpio_read                            0x1fff4b09   Thumb Code    30  gpio.o(i.hal_gpio_read)
    hal_gpio_wakeup_set                      0x1fff4c9d   Thumb Code   104  gpio.o(i.hal_gpio_wakeup_set)
    hal_gpio_write                           0x1fff4d15   Thumb Code    30  gpio.o(i.hal_gpio_write)
    hal_gpioin_enable                        0x1fff4d39   Thumb Code    94  gpio.o(i.hal_gpioin_enable)
    hal_pwrmgr_LowCurrentLdo_enable          0x1fff4e95   Thumb Code     4  pwrmgr.o(i.hal_pwrmgr_LowCurrentLdo_enable)
    hal_pwrmgr_RAM_retention                 0x1fff4e99   Thumb Code    20  pwrmgr.o(i.hal_pwrmgr_RAM_retention)
    hal_pwrmgr_RAM_retention_clr             0x1fff4eb1   Thumb Code    16  pwrmgr.o(i.hal_pwrmgr_RAM_retention_clr)
    hal_pwrmgr_RAM_retention_set             0x1fff4ec5   Thumb Code    24  pwrmgr.o(i.hal_pwrmgr_RAM_retention_set)
    hal_pwrmgr_clk_gate_config               0x1fff4ee5   Thumb Code    36  pwrmgr.o(i.hal_pwrmgr_clk_gate_config)
    hal_pwrmgr_init                          0x1fff4f0d   Thumb Code    54  pwrmgr.o(i.hal_pwrmgr_init)
    hal_pwrmgr_lock                          0x1fff4f59   Thumb Code    80  pwrmgr.o(i.hal_pwrmgr_lock)
    hal_pwrmgr_register                      0x1fff4fb1   Thumb Code    56  pwrmgr.o(i.hal_pwrmgr_register)
    hal_pwrmgr_sleep_process                 0x1fff4fed   Thumb Code    42  pwrmgr.o(i.hal_pwrmgr_sleep_process)
    hal_pwrmgr_unlock                        0x1fff501d   Thumb Code    94  pwrmgr.o(i.hal_pwrmgr_unlock)
    hal_pwrmgr_wakeup_process                0x1fff5085   Thumb Code   102  pwrmgr.o(i.hal_pwrmgr_wakeup_process)
    hal_rom_boot_init                        0x1fff5181   Thumb Code     8  patch.o(i.hal_rom_boot_init)
    hal_rtc_clock_config                     0x1fff5189   Thumb Code   118  clock.o(i.hal_rtc_clock_config)
    hal_spif_cache_init                      0x1fff520d   Thumb Code    26  flash.o(i.hal_spif_cache_init)
    hal_uart_init                            0x1fff5231   Thumb Code    88  uart.o(i.hal_uart_init)
    hal_uart_send_buff                       0x1fff5295   Thumb Code    26  uart.o(i.hal_uart_send_buff)
    l2capPocessFragmentTxData                0x1fff5331   Thumb Code     2  patch.o(i.l2capPocessFragmentTxData)
    llConnTerminate1                         0x1fff5335   Thumb Code    64  patch.o(i.llConnTerminate1)
    llProcessTxData1                         0x1fff5379   Thumb Code    12  patch.o(i.llProcessTxData1)
    ll_adptive_adj_next_time1                0x1fff5385   Thumb Code   154  patch.o(i.ll_adptive_adj_next_time1)
    ll_generateTxBuffer1                     0x1fff5441   Thumb Code   410  patch.o(i.ll_generateTxBuffer1)
    ll_hw_go1                                0x1fff55ed   Thumb Code   314  patch.o(i.ll_hw_go1)
    ll_processBasicIRQ_SRX                   0x1fff5789   Thumb Code    20  patch.o(i.ll_processBasicIRQ_SRX)
    ll_processBasicIRQ_ScanTRX               0x1fff57a1   Thumb Code    20  patch.o(i.ll_processBasicIRQ_ScanTRX)
    ll_processBasicIRQ_secondaryAdvTRX       0x1fff57b9   Thumb Code    20  patch.o(i.ll_processBasicIRQ_secondaryAdvTRX)
    ll_processBasicIRQ_secondaryInitSRX      0x1fff57d1   Thumb Code    20  patch.o(i.ll_processBasicIRQ_secondaryInitSRX)
    ll_processBasicIRQ_secondaryScanSRX      0x1fff57e9   Thumb Code    20  patch.o(i.ll_processBasicIRQ_secondaryScanSRX)
    main                                     0x1fff5a69   Thumb Code   140  main.o(i.main)
    malloc                                   0x1fff5b8d   Thumb Code    92  malloc.o(i.malloc)
    mf_corase_serach_peak_finding            0x1fff5bf9   Thumb Code   288  aoaestalgo.o(i.mf_corase_serach_peak_finding)
    mf_cplx_match                            0x1fff5d19   Thumb Code   242  aoaestalgo.o(i.mf_cplx_match)
    mf_matrix_fine_search                    0x1fff5e11   Thumb Code   146  aoaestalgo.o(i.mf_matrix_fine_search)
    osalInitTasks                            0x1fff600d   Thumb Code    30  osal_phyplusphy.o(i.osalInitTasks)
    phyWrap                                  0x1fff6031   Thumb Code    26  aoacomfun.o(i.phyWrap)
    phy_hw_cte_config                        0x1fff604b   Thumb Code    54  phy_plus_phy.o(i.phy_hw_cte_config)
    phy_hw_go                                0x1fff6081   Thumb Code   130  phy_plus_phy.o(i.phy_hw_go)
    phy_hw_pktFmt_Config                     0x1fff6139   Thumb Code    78  phy_plus_phy.o(i.phy_hw_pktFmt_Config)
    phy_hw_set_srx                           0x1fff618d   Thumb Code    22  phy_plus_phy.o(i.phy_hw_set_srx)
    phy_hw_set_stx                           0x1fff61a3   Thumb Code    18  phy_plus_phy.o(i.phy_hw_set_stx)
    phy_hw_set_trx                           0x1fff61b5   Thumb Code    22  phy_plus_phy.o(i.phy_hw_set_trx)
    phy_hw_stop                              0x1fff61cd   Thumb Code    44  phy_plus_phy.o(i.phy_hw_stop)
    phy_hw_timing_setting                    0x1fff620d   Thumb Code    34  phy_plus_phy.o(i.phy_hw_timing_setting)
    phy_rf_rx                                0x1fff6231   Thumb Code    44  phy_plus_phy.o(i.phy_rf_rx)
    phy_rf_tx                                0x1fff6265   Thumb Code    66  phy_plus_phy.o(i.phy_rf_tx)
    phy_rx_data_process                      0x1fff62d9   Thumb Code   230  phy_plus_phy.o(i.phy_rx_data_process)
    phy_set_channel                          0x1fff6431   Thumb Code    54  phy_plus_phy.o(i.phy_set_channel)
    phy_tx_buf_updata                        0x1fff6479   Thumb Code   194  phy_plus_phy.o(i.phy_tx_buf_updata)
    rc32k_calibration                        0x1fff6595   Thumb Code   122  rf_phy_driver.o(i.rc32k_calibration)
    rf_calibrate1                            0x1fff6615   Thumb Code    22  rf_phy_driver.o(i.rf_calibrate1)
    rf_phy_ana_cfg                           0x1fff6631   Thumb Code   228  rf_phy_driver.o(i.rf_phy_ana_cfg)
    rf_phy_bb_cfg                            0x1fff6749   Thumb Code   304  rf_phy_driver.o(i.rf_phy_bb_cfg)
    rf_phy_change_cfg0                       0x1fff68ed   Thumb Code   138  rf_phy_driver.o(i.rf_phy_change_cfg0)
    rf_phy_get_pktFoot                       0x1fff6995   Thumb Code    42  rf_phy_driver.o(i.rf_phy_get_pktFoot)
    rf_phy_get_pktFoot_fromPkt               0x1fff69c5   Thumb Code    38  rf_phy_driver.o(i.rf_phy_get_pktFoot_fromPkt)
    rf_phy_ini                               0x1fff69ed   Thumb Code    42  rf_phy_driver.o(i.rf_phy_ini)
    rf_phy_set_txPower                       0x1fff6a29   Thumb Code   108  rf_phy_driver.o(i.rf_phy_set_txPower)
    rf_rxDcoc_cfg                            0x1fff6a9d   Thumb Code   236  rf_phy_driver.o(i.rf_rxDcoc_cfg)
    rf_tpCal_gen_cap_arrary                  0x1fff6bbd   Thumb Code    60  rf_phy_driver.o(i.rf_tpCal_gen_cap_arrary)
    rf_tp_cal                                0x1fff6c09   Thumb Code   236  rf_phy_driver.o(i.rf_tp_cal)
    time_cost_dbg_tic                        0x1fff6d45   Thumb Code    12  aoacomfun.o(i.time_cost_dbg_tic)
    time_cost_dbg_toc                        0x1fff6d55   Thumb Code    64  aoacomfun.o(i.time_cost_dbg_toc)
    wakeupProcess1                           0x1fff70c9   Thumb Code   392  patch.o(i.wakeupProcess1)
    wakeup_init1                             0x1fff72a5   Thumb Code   270  patch.o(i.wakeup_init1)
    tasksArr                                 0x1fff741c   Data           4  osal_phyplusphy.o(.constdata)
    tasksCnt                                 0x1fff7420   Data           1  osal_phyplusphy.o(.constdata)
    c_gpio_index                             0x1fff7430   Data          23  gpio.o(.constdata)
    c_gpio_pull                              0x1fff7447   Data          69  gpio.o(.constdata)
    retention_reg                            0x1fff748c   Data          46  gpio.o(.constdata)
    COMFUN_CODIC_LUT                         0x1fff74cc   Data          60  aoacomfun.o(.constdata)
    PHASE_LUT_TQA_LUT                        0x1fff7508   Data        8194  aoacomfun.o(.constdata)
    Region$$Table$$Base                      0x1fff9604   Number         0  anon$$obj.o(Region$$Table)
    Region$$Table$$Limit                     0x1fff9634   Number         0  anon$$obj.o(Region$$Table)
    g_clk32K_config                          0x1fff9634   Data           1  main.o(.data)
    tasksEvents                              0x1fff9638   Data           4  osal_phyplusphy.o(.data)
    phyRssi                                  0x1fff963c   Data           1  phy_plus_phy.o(.data)
    phyCarrSens                              0x1fff963d   Data           1  phy_plus_phy.o(.data)
    PhyPlusPhy_TaskID                        0x1fff963e   Data           1  phy_plus_phy.o(.data)
    phyFoff                                  0x1fff9640   Data           2  phy_plus_phy.o(.data)
    phyWaitingIrq                            0x1fff9644   Data           4  phy_plus_phy.o(.data)
    PHY_ISR_entry_time                       0x1fff9648   Data           4  phy_plus_phy.o(.data)
    s_config_swClk1                          0x1fff9658   Data           4  pwrmgr.o(.data)
    s_gpio_wakeup_src_group1                 0x1fff9660   Data           4  pwrmgr.o(.data)
    s_gpio_wakeup_src_group2                 0x1fff9664   Data           4  pwrmgr.o(.data)
    g_chipMAddr                              0x1fff9670   Data           7  flash.o(.data)
    phy_flash                                0x1fff9680   Data          12  flash.o(.data)
    trap_c_callback                          0x1fff968c   Data           4  jump_table.o(.data)
    SystemCoreClock                          0x1fff9690   Data           4  system_armcm0.o(.data)
    CreateConn_Flag                          0x1fff9694   Data           1  patch.o(.data)
    g_lastSlaveLatency                       0x1fff9696   Data           2  patch.o(.data)
    pGlobal_config                           0x1fff9698   Data           4  patch.o(.data)
    g_t_llhwgo                               0x1fff969c   Data           4  patch.o(.data)
    g_xtal16M_tmp                            0x1fff96a0   Data           4  patch.o(.data)
    g_xtal96M_temp                           0x1fff96a4   Data           4  patch.o(.data)
    DLL_enable_num                           0x1fff96a8   Data           4  patch.o(.data)
    tracking_cnt                             0x1fff96ac   Data           4  patch.o(.data)
    sleep_total                              0x1fff96b0   Data           4  patch.o(.data)
    g_tcTicTick0                             0x1fff96c4   Data           4  aoacomfun.o(.data)
    g_tcTicTick1                             0x1fff96c8   Data           4  aoacomfun.o(.data)
    s_company_id                             0x1fff96d0   Data           4  phy_sec_ext.o(.data)
    g_ota_sec_key_valid                      0x1fff96d4   Data           1  phy_sec_ext.o(.data)
    __microlib_freelist                      0x1fff96d8   Data           4  mvars.o(.data)
    __microlib_freelist_initialised          0x1fff96dc   Data           4  mvars.o(.data)
    pwroff_register_number                   0x1fff96e0   Data           1  pwrmgr.o(_section_standby_code_)
    s_pwroff_cfg                             0x1fff96e2   Data          12  pwrmgr.o(_section_standby_code_)
    g_pConnectionBuffer                      0x1fff96f0   Data         480  main.o(.bss)
    pConnContext                             0x1fff98d0   Data         644  main.o(.bss)
    g_largeHeap                              0x1fff9b54   Data        3072  main.o(.bss)
    phyBufRx                                 0x1fffa754   Data         256  phy_plus_phy.o(.bss)
    phyBufTx                                 0x1fffa854   Data         256  phy_plus_phy.o(.bss)
    cte_i                                    0x1fffa954   Data         512  phy_plus_phy.o(.bss)
    cte_q                                    0x1fffab54   Data         512  phy_plus_phy.o(.bss)
    AOA_buffer                               0x1fffad8c   Data          32  phy_plus_phy.o(.bss)
    g_ota_sec_key                            0x1fffb204   Data          16  phy_sec_ext.o(.bss)
    __heap_base                              0x1fffb218   Data           0  startup_armcm0.o(HEAP)
    __heap_limit                             0x1fffbe18   Data           0  startup_armcm0.o(HEAP)
    __initial_sp                             0x1fffc218   Data           0  startup_armcm0.o(STACK)



==============================================================================

Memory Map of the image

  Image Entry point : 0x1fff2009

  Load Region LR_IROM1 (Base: 0x1fff2000, Size: 0x000076f0, Max: 0x0000e000, ABSOLUTE)

    Execution Region ER_IROM1 (Exec base: 0x1fff2000, Load base: 0x1fff2000, Size: 0x0000a218, Max: 0x0000e000, ABSOLUTE)

    Exec Addr    Load Addr    Size         Type   Attr      Idx    E Section Name        Object

    0x1fff2000   0x1fff2000   0x00000008   Data   RO         1278    RESET               startup_armcm0.o
    0x1fff2008   0x1fff2008   0x00000000   Code   RO         1672  * .ARM.Collect$$$$00000000  mc_p.l(entry.o)
    0x1fff2008   0x1fff2008   0x00000004   Code   RO         1707    .ARM.Collect$$$$00000001  mc_p.l(entry2.o)
    0x1fff200c   0x1fff200c   0x00000004   Code   RO         1710    .ARM.Collect$$$$00000004  mc_p.l(entry5.o)
    0x1fff2010   0x1fff2010   0x00000000   Code   RO         1712    .ARM.Collect$$$$00000008  mc_p.l(entry7b.o)
    0x1fff2010   0x1fff2010   0x00000000   Code   RO         1714    .ARM.Collect$$$$0000000A  mc_p.l(entry8b.o)
    0x1fff2010   0x1fff2010   0x00000008   Code   RO         1715    .ARM.Collect$$$$0000000B  mc_p.l(entry9a.o)
    0x1fff2018   0x1fff2018   0x00000000   Code   RO         1717    .ARM.Collect$$$$0000000D  mc_p.l(entry10a.o)
    0x1fff2018   0x1fff2018   0x00000000   Code   RO         1719    .ARM.Collect$$$$0000000F  mc_p.l(entry11a.o)
    0x1fff2018   0x1fff2018   0x00000004   Code   RO         1708    .ARM.Collect$$$$00002712  mc_p.l(entry2.o)
    0x1fff201c   0x1fff201c   0x00000030   Code   RO         1245    .emb_text           jump_table.o
    0x1fff204c   0x1fff204c   0x00000014   Code   RO         1279    .text               startup_armcm0.o
    0x1fff2060   0x1fff2060   0x0000002c   Code   RO         1703    .text               mf_p.l(dscalb.o)
    0x1fff208c   0x1fff208c   0x0000003c   Code   RO         1705    .text               mf_p.l(dfixui.o)
    0x1fff20c8   0x1fff20c8   0x00000022   Code   RO         1721    .text               mc_p.l(llushr.o)
    0x1fff20ea   0x1fff20ea   0x00000000   Code   RO         1725    .text               mc_p.l(iusefp.o)
    0x1fff20ea   0x1fff20ea   0x00000002   PAD
    0x1fff20ec   0x1fff20ec   0x00000024   Code   RO         1726    .text               mc_p.l(init.o)
    0x1fff2110   0x1fff2110   0x00000056   Code   RO         1736    .text               mc_p.l(__dczerorl2.o)
    0x1fff2166   0x1fff2166   0x00000002   PAD
    0x1fff2168   0x1fff2168   0x0000000c   Ven    RO         1738    Veneer$$Code        anon$$obj.o
    0x1fff2174   0x1fff2174   0x0000000c   Ven    RO         1739    Veneer$$Code        anon$$obj.o
    0x1fff2180   0x1fff2180   0x0000000c   Ven    RO         1740    Veneer$$Code        anon$$obj.o
    0x1fff218c   0x1fff218c   0x0000000c   Ven    RO         1741    Veneer$$Code        anon$$obj.o
    0x1fff2198   0x1fff2198   0x0000000c   Ven    RO         1742    Veneer$$Code        anon$$obj.o
    0x1fff21a4   0x1fff21a4   0x0000000c   Ven    RO         1743    Veneer$$Code        anon$$obj.o
    0x1fff21b0   0x1fff21b0   0x0000000c   Ven    RO         1744    Veneer$$Code        anon$$obj.o
    0x1fff21bc   0x1fff21bc   0x0000000c   Ven    RO         1745    Veneer$$Code        anon$$obj.o
    0x1fff21c8   0x1fff21c8   0x0000000c   Ven    RO         1746    Veneer$$Code        anon$$obj.o
    0x1fff21d4   0x1fff21d4   0x0000000c   Ven    RO         1747    Veneer$$Code        anon$$obj.o
    0x1fff21e0   0x1fff21e0   0x0000000c   Ven    RO         1748    Veneer$$Code        anon$$obj.o
    0x1fff21ec   0x1fff21ec   0x0000000c   Ven    RO         1749    Veneer$$Code        anon$$obj.o
    0x1fff21f8   0x1fff21f8   0x0000000c   Ven    RO         1750    Veneer$$Code        anon$$obj.o
    0x1fff2204   0x1fff2204   0x0000000c   Ven    RO         1751    Veneer$$Code        anon$$obj.o
    0x1fff2210   0x1fff2210   0x0000000c   Ven    RO         1752    Veneer$$Code        anon$$obj.o
    0x1fff221c   0x1fff221c   0x0000000c   Ven    RO         1753    Veneer$$Code        anon$$obj.o
    0x1fff2228   0x1fff2228   0x0000000c   Ven    RO         1754    Veneer$$Code        anon$$obj.o
    0x1fff2234   0x1fff2234   0x0000000c   Ven    RO         1755    Veneer$$Code        anon$$obj.o
    0x1fff2240   0x1fff2240   0x0000000c   Ven    RO         1756    Veneer$$Code        anon$$obj.o
    0x1fff224c   0x1fff224c   0x0000000c   Ven    RO         1757    Veneer$$Code        anon$$obj.o
    0x1fff2258   0x1fff2258   0x0000000c   Ven    RO         1758    Veneer$$Code        anon$$obj.o
    0x1fff2264   0x1fff2264   0x0000000c   Ven    RO         1759    Veneer$$Code        anon$$obj.o
    0x1fff2270   0x1fff2270   0x0000000c   Ven    RO         1760    Veneer$$Code        anon$$obj.o
    0x1fff227c   0x1fff227c   0x0000000c   Ven    RO         1761    Veneer$$Code        anon$$obj.o
    0x1fff2288   0x1fff2288   0x0000000c   Ven    RO         1762    Veneer$$Code        anon$$obj.o
    0x1fff2294   0x1fff2294   0x0000000c   Ven    RO         1763    Veneer$$Code        anon$$obj.o
    0x1fff22a0   0x1fff22a0   0x0000000c   Ven    RO         1764    Veneer$$Code        anon$$obj.o
    0x1fff22ac   0x1fff22ac   0x0000000c   Ven    RO         1765    Veneer$$Code        anon$$obj.o
    0x1fff22b8   0x1fff22b8   0x0000000c   Ven    RO         1766    Veneer$$Code        anon$$obj.o
    0x1fff22c4   0x1fff22c4   0x0000000c   Ven    RO         1767    Veneer$$Code        anon$$obj.o
    0x1fff22d0   0x1fff22d0   0x0000000c   Ven    RO         1768    Veneer$$Code        anon$$obj.o
    0x1fff22dc   0x1fff22dc   0x0000000c   Ven    RO         1769    Veneer$$Code        anon$$obj.o
    0x1fff22e8   0x1fff22e8   0x0000000c   Ven    RO         1770    Veneer$$Code        anon$$obj.o
    0x1fff22f4   0x1fff22f4   0x0000000c   Ven    RO         1771    Veneer$$Code        anon$$obj.o
    0x1fff2300   0x1fff2300   0x0000000c   Ven    RO         1772    Veneer$$Code        anon$$obj.o
    0x1fff230c   0x1fff230c   0x0000000c   Ven    RO         1773    Veneer$$Code        anon$$obj.o
    0x1fff2318   0x1fff2318   0x0000000c   Ven    RO         1774    Veneer$$Code        anon$$obj.o
    0x1fff2324   0x1fff2324   0x0000000c   Ven    RO         1775    Veneer$$Code        anon$$obj.o
    0x1fff2330   0x1fff2330   0x0000000c   Ven    RO         1776    Veneer$$Code        anon$$obj.o
    0x1fff233c   0x1fff233c   0x0000000c   Ven    RO         1777    Veneer$$Code        anon$$obj.o
    0x1fff2348   0x1fff2348   0x0000000c   Ven    RO         1778    Veneer$$Code        anon$$obj.o
    0x1fff2354   0x1fff2354   0x0000000c   Ven    RO         1779    Veneer$$Code        anon$$obj.o
    0x1fff2360   0x1fff2360   0x0000000c   Ven    RO         1780    Veneer$$Code        anon$$obj.o
    0x1fff236c   0x1fff236c   0x0000000c   Ven    RO         1781    Veneer$$Code        anon$$obj.o
    0x1fff2378   0x1fff2378   0x0000000c   Ven    RO         1782    Veneer$$Code        anon$$obj.o
    0x1fff2384   0x1fff2384   0x0000000c   Ven    RO         1783    Veneer$$Code        anon$$obj.o
    0x1fff2390   0x1fff2390   0x0000000c   Ven    RO         1784    Veneer$$Code        anon$$obj.o
    0x1fff239c   0x1fff239c   0x0000000c   Ven    RO         1785    Veneer$$Code        anon$$obj.o
    0x1fff23a8   0x1fff23a8   0x0000000c   Ven    RO         1786    Veneer$$Code        anon$$obj.o
    0x1fff23b4   0x1fff23b4   0x0000000c   Ven    RO         1787    Veneer$$Code        anon$$obj.o
    0x1fff23c0   0x1fff23c0   0x0000000c   Ven    RO         1788    Veneer$$Code        anon$$obj.o
    0x1fff23cc   0x1fff23cc   0x0000000c   Ven    RO         1789    Veneer$$Code        anon$$obj.o
    0x1fff23d8   0x1fff23d8   0x0000000c   Ven    RO         1790    Veneer$$Code        anon$$obj.o
    0x1fff23e4   0x1fff23e4   0x0000000c   Ven    RO         1791    Veneer$$Code        anon$$obj.o
    0x1fff23f0   0x1fff23f0   0x0000000c   Ven    RO         1792    Veneer$$Code        anon$$obj.o
    0x1fff23fc   0x1fff23fc   0x0000000c   Ven    RO         1793    Veneer$$Code        anon$$obj.o
    0x1fff2408   0x1fff2408   0x0000000c   Ven    RO         1794    Veneer$$Code        anon$$obj.o
    0x1fff2414   0x1fff2414   0x0000000c   Ven    RO         1795    Veneer$$Code        anon$$obj.o
    0x1fff2420   0x1fff2420   0x0000000c   Ven    RO         1796    Veneer$$Code        anon$$obj.o
    0x1fff242c   0x1fff242c   0x0000000c   Ven    RO         1797    Veneer$$Code        anon$$obj.o
    0x1fff2438   0x1fff2438   0x0000000c   Ven    RO         1798    Veneer$$Code        anon$$obj.o
    0x1fff2444   0x1fff2444   0x0000000c   Ven    RO         1799    Veneer$$Code        anon$$obj.o
    0x1fff2450   0x1fff2450   0x0000000c   Ven    RO         1800    Veneer$$Code        anon$$obj.o
    0x1fff245c   0x1fff245c   0x0000000c   Ven    RO         1801    Veneer$$Code        anon$$obj.o
    0x1fff2468   0x1fff2468   0x0000000c   Ven    RO         1802    Veneer$$Code        anon$$obj.o
    0x1fff2474   0x1fff2474   0x0000000c   Ven    RO         1803    Veneer$$Code        anon$$obj.o
    0x1fff2480   0x1fff2480   0x0000000c   Ven    RO         1804    Veneer$$Code        anon$$obj.o
    0x1fff248c   0x1fff248c   0x0000000c   Ven    RO         1805    Veneer$$Code        anon$$obj.o
    0x1fff2498   0x1fff2498   0x0000000c   Ven    RO         1806    Veneer$$Code        anon$$obj.o
    0x1fff24a4   0x1fff24a4   0x0000000c   Ven    RO         1807    Veneer$$Code        anon$$obj.o
    0x1fff24b0   0x1fff24b0   0x0000000c   Ven    RO         1808    Veneer$$Code        anon$$obj.o
    0x1fff24bc   0x1fff24bc   0x0000000c   Ven    RO         1809    Veneer$$Code        anon$$obj.o
    0x1fff24c8   0x1fff24c8   0x0000000c   Ven    RO         1810    Veneer$$Code        anon$$obj.o
    0x1fff24d4   0x1fff24d4   0x0000000c   Ven    RO         1811    Veneer$$Code        anon$$obj.o
    0x1fff24e0   0x1fff24e0   0x0000000c   Ven    RO         1812    Veneer$$Code        anon$$obj.o
    0x1fff24ec   0x1fff24ec   0x0000000c   Ven    RO         1813    Veneer$$Code        anon$$obj.o
    0x1fff24f8   0x1fff24f8   0x0000000c   Ven    RO         1814    Veneer$$Code        anon$$obj.o
    0x1fff2504   0x1fff2504   0x0000000c   Ven    RO         1815    Veneer$$Code        anon$$obj.o
    0x1fff2510   0x1fff2510   0x0000000c   Ven    RO         1816    Veneer$$Code        anon$$obj.o
    0x1fff251c   0x1fff251c   0x0000000c   Ven    RO         1817    Veneer$$Code        anon$$obj.o
    0x1fff2528   0x1fff2528   0x0000000c   Ven    RO         1818    Veneer$$Code        anon$$obj.o
    0x1fff2534   0x1fff2534   0x0000000c   Ven    RO         1819    Veneer$$Code        anon$$obj.o
    0x1fff2540   0x1fff2540   0x0000000c   Ven    RO         1820    Veneer$$Code        anon$$obj.o
    0x1fff254c   0x1fff254c   0x0000000c   Ven    RO         1821    Veneer$$Code        anon$$obj.o
    0x1fff2558   0x1fff2558   0x0000000c   Ven    RO         1822    Veneer$$Code        anon$$obj.o
    0x1fff2564   0x1fff2564   0x0000000c   Ven    RO         1823    Veneer$$Code        anon$$obj.o
    0x1fff2570   0x1fff2570   0x0000000c   Ven    RO         1824    Veneer$$Code        anon$$obj.o
    0x1fff257c   0x1fff257c   0x0000000c   Ven    RO         1825    Veneer$$Code        anon$$obj.o
    0x1fff2588   0x1fff2588   0x0000000c   Ven    RO         1826    Veneer$$Code        anon$$obj.o
    0x1fff2594   0x1fff2594   0x0000000c   Ven    RO         1827    Veneer$$Code        anon$$obj.o
    0x1fff25a0   0x1fff25a0   0x0000000c   Ven    RO         1828    Veneer$$Code        anon$$obj.o
    0x1fff25ac   0x1fff25ac   0x0000000c   Ven    RO         1829    Veneer$$Code        anon$$obj.o
    0x1fff25b8   0x1fff25b8   0x0000000c   Ven    RO         1830    Veneer$$Code        anon$$obj.o
    0x1fff25c4   0x1fff25c4   0x0000000c   Ven    RO         1831    Veneer$$Code        anon$$obj.o
    0x1fff25d0   0x1fff25d0   0x0000000c   Ven    RO         1832    Veneer$$Code        anon$$obj.o
    0x1fff25dc   0x1fff25dc   0x0000000c   Ven    RO         1833    Veneer$$Code        anon$$obj.o
    0x1fff25e8   0x1fff25e8   0x0000000c   Ven    RO         1834    Veneer$$Code        anon$$obj.o
    0x1fff25f4   0x1fff25f4   0x0000000c   Ven    RO         1835    Veneer$$Code        anon$$obj.o
    0x1fff2600   0x1fff2600   0x0000000c   Ven    RO         1836    Veneer$$Code        anon$$obj.o
    0x1fff260c   0x1fff260c   0x0000000c   Ven    RO         1837    Veneer$$Code        anon$$obj.o
    0x1fff2618   0x1fff2618   0x0000000c   Ven    RO         1838    Veneer$$Code        anon$$obj.o
    0x1fff2624   0x1fff2624   0x0000000c   Ven    RO         1839    Veneer$$Code        anon$$obj.o
    0x1fff2630   0x1fff2630   0x0000014c   Code   RO          333    _section_sram_code_  uart.o
    0x1fff277c   0x1fff277c   0x00000040   Code   RO          841    _section_sram_code_  pwrmgr.o
    0x1fff27bc   0x1fff27bc   0x00000038   Code   RO         1025    _section_sram_code_  flash.o
    0x1fff27f4   0x1fff27f4   0x000003f0   Code   RO         1323    _section_xip_code_  rf.lib(patch.o)
    0x1fff2be4   0x1fff2be4   0x0000001a   Code   RO         1330    i.LL_ENC_AES128_Encrypt1  rf.lib(patch.o)
    0x1fff2bfe   0x1fff2bfe   0x00000002   PAD
    0x1fff2c00   0x1fff2c00   0x00000178   Code   RO         1331    i.LL_ENC_Decrypt1   rf.lib(patch.o)
    0x1fff2d78   0x1fff2d78   0x00000160   Code   RO         1332    i.LL_ENC_Encrypt1   rf.lib(patch.o)
    0x1fff2ed8   0x1fff2ed8   0x00000180   Code   RO         1335    i.LL_IRQHandler1    rf.lib(patch.o)
    0x1fff3058   0x1fff3058   0x00000030   Code   RO         1342    i.LL_SetDataLengh1  rf.lib(patch.o)
    0x1fff3088   0x1fff3088   0x00000014   Code   RO         1346    i.LL_set_default_conn_params1  rf.lib(patch.o)
    0x1fff309c   0x1fff309c   0x00000014   Code   RO         1348    i.NVIC_EnableIRQ    rf.lib(patch.o)
    0x1fff30b0   0x1fff30b0   0x0000015c   Code   RO          193    i.PLUSPHY_IRQHandler  phy_plus_phy.o
    0x1fff320c   0x1fff320c   0x0000012c   Code   RO          194    i.PhyPlusPhy_Init   phy_plus_phy.o
    0x1fff3338   0x1fff3338   0x00000054   Code   RO          195    i.PhyPlusPhy_ProcessEvent  phy_plus_phy.o
    0x1fff338c   0x1fff338c   0x00000010   Code   RO         1286    i.SystemInit        system_armcm0.o
    0x1fff339c   0x1fff339c   0x00000010   Code   RO         1545    i.TqaCOS            aoxEst.lib(aoacomfun.o)
    0x1fff33ac   0x1fff33ac   0x0000000c   Code   RO         1546    i.TqaLut            aoxEst.lib(aoacomfun.o)
    0x1fff33b8   0x1fff33b8   0x00000134   Code   RO         1547    i.TqaNCO            aoxEst.lib(aoacomfun.o)
    0x1fff34ec   0x1fff34ec   0x00000010   Code   RO         1548    i.TqaSIN            aoxEst.lib(aoacomfun.o)
    0x1fff34fc   0x1fff34fc   0x00000018   Code   RO          551    i.__NVIC_EnableIRQ  gpio.o
    0x1fff3514   0x1fff3514   0x00000044   Code   RO            3    i.__NVIC_SetPriority  main.o
    0x1fff3558   0x1fff3558   0x00000044   Code   RO          552    i.__NVIC_SetPriority  gpio.o
    0x1fff359c   0x1fff359c   0x00000044   Code   RO          843    i.__NVIC_SetPriority  pwrmgr.o
    0x1fff35e0   0x1fff35e0   0x0000000e   Code   RO         1730    i.__scatterload_copy  mc_p.l(handlers.o)
    0x1fff35ee   0x1fff35ee   0x00000002   Code   RO         1731    i.__scatterload_null  mc_p.l(handlers.o)
    0x1fff35f0   0x1fff35f0   0x0000000e   Code   RO         1732    i.__scatterload_zeroinit  mc_p.l(handlers.o)
    0x1fff35fe   0x1fff35fe   0x00000002   PAD
    0x1fff3600   0x1fff3600   0x00000010   Code   RO         1349    i.__wdt_init        rf.lib(patch.o)
    0x1fff3610   0x1fff3610   0x00000020   Code   RO         1615    i._efuse_chip_version_check  rf.lib(phy_sec_ext.o)
    0x1fff3630   0x1fff3630   0x000001e8   Code   RO         1246    i._hard_fault       jump_table.o
    0x1fff3818   0x1fff3818   0x0000001c   Code   RO         1616    i._rom_sec_boot_init  rf.lib(phy_sec_ext.o)
    0x1fff3834   0x1fff3834   0x00000068   Code   RO         1027    i._spif_wait_nobusy_x  flash.o
    0x1fff389c   0x1fff389c   0x0000000e   Code   RO          966    i._uart_putc        my_printf.o
    0x1fff38aa   0x1fff38aa   0x00000016   Code   RO         1550    i.absHWCodic        aoxEst.lib(aoacomfun.o)
    0x1fff38c0   0x1fff38c0   0x00000152   Code   RO         1587    i.angle_mf_gen      aoxEst.lib(aoaestalgo.o)
    0x1fff3a12   0x1fff3a12   0x00000002   PAD
    0x1fff3a14   0x1fff3a14   0x00000098   Code   RO          196    i.aoa_est_test      phy_plus_phy.o
    0x1fff3aac   0x1fff3aac   0x00000190   Code   RO         1588    i.aoa_est_uxa       aoxEst.lib(aoaestalgo.o)
    0x1fff3c3c   0x1fff3c3c   0x00000014   Code   RO          197    i.app_main          phy_plus_phy.o
    0x1fff3c50   0x1fff3c50   0x00000228   Code   RO         1552    i.atan_Codic        aoxEst.lib(aoacomfun.o)
    0x1fff3e78   0x1fff3e78   0x00000010   Code   RO         1553    i.bROUND            aoxEst.lib(aoacomfun.o)
    0x1fff3e88   0x1fff3e88   0x00000158   Code   RO         1350    i.check_16MXtal_by_rcTracking  rf.lib(patch.o)
    0x1fff3fe0   0x1fff3fe0   0x00000110   Code   RO         1351    i.check_96MXtal_by_rcTracking  rf.lib(patch.o)
    0x1fff40f0   0x1fff40f0   0x00000090   Code   RO         1353    i.config_RTC1       rf.lib(patch.o)
    0x1fff4180   0x1fff4180   0x00000094   Code   RO         1554    i.cplxDot           aoxEst.lib(aoacomfun.o)
    0x1fff4214   0x1fff4214   0x00000068   Code   RO         1555    i.cplxMatch         aoxEst.lib(aoacomfun.o)
    0x1fff427c   0x1fff427c   0x00000094   Code   RO         1589    i.cte_ref_freq_est  aoxEst.lib(aoaestalgo.o)
    0x1fff4310   0x1fff4310   0x00000208   Code   RO         1592    i.cte_ura_rmtrx_fine_search  aoxEst.lib(aoaestalgo.o)
    0x1fff4518   0x1fff4518   0x00000098   Code   RO         1593    i.cte_uxa_fine_freq_est  aoxEst.lib(aoaestalgo.o)
    0x1fff45b0   0x1fff45b0   0x0000001c   Code   RO          967    i.dbg_printf        my_printf.o
    0x1fff45cc   0x1fff45cc   0x00000014   Code   RO          968    i.dbg_printf_init   my_printf.o
    0x1fff45e0   0x1fff45e0   0x00000018   Code   RO         1617    i.efuse_init        rf.lib(phy_sec_ext.o)
    0x1fff45f8   0x1fff45f8   0x0000008c   Code   RO         1618    i.finidv            rf.lib(phy_sec_ext.o)
    0x1fff4684   0x1fff4684   0x00000054   Code   RO         1675    i.free              mc_p.l(malloc.o)
    0x1fff46d8   0x1fff46d8   0x00000018   Code   RO          553    i.hal_GPIO_IRQHandler  gpio.o
    0x1fff46f0   0x1fff46f0   0x00000024   Code   RO          745    i.hal_TIMER5_IRQHandler  timer.o
    0x1fff4714   0x1fff4714   0x00000024   Code   RO          746    i.hal_TIMER6_IRQHandler  timer.o
    0x1fff4738   0x1fff4738   0x00000048   Code   RO         1030    i.hal_cache_tag_flush  flash.o
    0x1fff4780   0x1fff4780   0x00000034   Code   RO          467    i.hal_clk_gate_disable  clock.o
    0x1fff47b4   0x1fff47b4   0x00000034   Code   RO          468    i.hal_clk_gate_enable  clock.o
    0x1fff47e8   0x1fff47e8   0x0000007a   Code   RO          471    i.hal_clk_reset     clock.o
    0x1fff4862   0x1fff4862   0x00000002   PAD
    0x1fff4864   0x1fff4864   0x000000c4   Code   RO         1037    i.hal_get_flash_info  flash.o
    0x1fff4928   0x1fff4928   0x00000030   Code   RO          554    i.hal_gpio_cfg_analog_io  gpio.o
    0x1fff4958   0x1fff4958   0x0000001c   Code   RO          558    i.hal_gpio_fmux     gpio.o
    0x1fff4974   0x1fff4974   0x00000038   Code   RO          559    i.hal_gpio_fmux_set  gpio.o
    0x1fff49ac   0x1fff49ac   0x0000005c   Code   RO          560    i.hal_gpio_init     gpio.o
    0x1fff4a08   0x1fff4a08   0x00000040   Code   RO          561    i.hal_gpio_interrupt_enable  gpio.o
    0x1fff4a48   0x1fff4a48   0x0000001c   Code   RO          562    i.hal_gpio_pin2pin3_control  gpio.o
    0x1fff4a64   0x1fff4a64   0x00000060   Code   RO          563    i.hal_gpio_pin_init  gpio.o
    0x1fff4ac4   0x1fff4ac4   0x00000044   Code   RO          564    i.hal_gpio_pull_set  gpio.o
    0x1fff4b08   0x1fff4b08   0x00000024   Code   RO          565    i.hal_gpio_read     gpio.o
    0x1fff4b2c   0x1fff4b2c   0x0000005c   Code   RO          566    i.hal_gpio_retention_enable  gpio.o
    0x1fff4b88   0x1fff4b88   0x00000048   Code   RO          567    i.hal_gpio_sleep_handler  gpio.o
    0x1fff4bd0   0x1fff4bd0   0x00000044   Code   RO          568    i.hal_gpio_wakeup_control  gpio.o
    0x1fff4c14   0x1fff4c14   0x00000088   Code   RO          569    i.hal_gpio_wakeup_handler  gpio.o
    0x1fff4c9c   0x1fff4c9c   0x00000078   Code   RO          570    i.hal_gpio_wakeup_set  gpio.o
    0x1fff4d14   0x1fff4d14   0x00000024   Code   RO          571    i.hal_gpio_write    gpio.o
    0x1fff4d38   0x1fff4d38   0x00000064   Code   RO          573    i.hal_gpioin_enable  gpio.o
    0x1fff4d9c   0x1fff4d9c   0x00000068   Code   RO          574    i.hal_gpioin_event  gpio.o
    0x1fff4e04   0x1fff4e04   0x00000024   Code   RO          575    i.hal_gpioin_event_pin  gpio.o
    0x1fff4e28   0x1fff4e28   0x0000006c   Code   RO            4    i.hal_low_power_io_init  main.o
    0x1fff4e94   0x1fff4e94   0x00000004   Code   RO          845    i.hal_pwrmgr_LowCurrentLdo_enable  pwrmgr.o
    0x1fff4e98   0x1fff4e98   0x00000018   Code   RO          846    i.hal_pwrmgr_RAM_retention  pwrmgr.o
    0x1fff4eb0   0x1fff4eb0   0x00000014   Code   RO          847    i.hal_pwrmgr_RAM_retention_clr  pwrmgr.o
    0x1fff4ec4   0x1fff4ec4   0x00000020   Code   RO          848    i.hal_pwrmgr_RAM_retention_set  pwrmgr.o
    0x1fff4ee4   0x1fff4ee4   0x00000028   Code   RO          849    i.hal_pwrmgr_clk_gate_config  pwrmgr.o
    0x1fff4f0c   0x1fff4f0c   0x0000004c   Code   RO          850    i.hal_pwrmgr_init   pwrmgr.o
    0x1fff4f58   0x1fff4f58   0x00000058   Code   RO          852    i.hal_pwrmgr_lock   pwrmgr.o
    0x1fff4fb0   0x1fff4fb0   0x0000003c   Code   RO          854    i.hal_pwrmgr_register  pwrmgr.o
    0x1fff4fec   0x1fff4fec   0x00000030   Code   RO          855    i.hal_pwrmgr_sleep_process  pwrmgr.o
    0x1fff501c   0x1fff501c   0x00000068   Code   RO          856    i.hal_pwrmgr_unlock  pwrmgr.o
    0x1fff5084   0x1fff5084   0x00000074   Code   RO          858    i.hal_pwrmgr_wakeup_process  pwrmgr.o
    0x1fff50f8   0x1fff50f8   0x00000088   Code   RO            5    i.hal_rfphy_init    main.o
    0x1fff5180   0x1fff5180   0x00000008   Code   RO         1356    i.hal_rom_boot_init  rf.lib(patch.o)
    0x1fff5188   0x1fff5188   0x00000084   Code   RO          473    i.hal_rtc_clock_config  clock.o
    0x1fff520c   0x1fff520c   0x00000024   Code   RO         1038    i.hal_spif_cache_init  flash.o
    0x1fff5230   0x1fff5230   0x00000064   Code   RO          336    i.hal_uart_init     uart.o
    0x1fff5294   0x1fff5294   0x00000020   Code   RO          337    i.hal_uart_send_buff  uart.o
    0x1fff52b4   0x1fff52b4   0x0000007c   Code   RO         1039    i.hw_spif_cache_config  flash.o
    0x1fff5330   0x1fff5330   0x00000002   Code   RO         1357    i.l2capPocessFragmentTxData  rf.lib(patch.o)
    0x1fff5332   0x1fff5332   0x00000002   PAD
    0x1fff5334   0x1fff5334   0x00000044   Code   RO         1360    i.llConnTerminate1  rf.lib(patch.o)
    0x1fff5378   0x1fff5378   0x0000000c   Code   RO         1364    i.llProcessTxData1  rf.lib(patch.o)
    0x1fff5384   0x1fff5384   0x000000bc   Code   RO         1370    i.ll_adptive_adj_next_time1  rf.lib(patch.o)
    0x1fff5440   0x1fff5440   0x000001ac   Code   RO         1371    i.ll_generateTxBuffer1  rf.lib(patch.o)
    0x1fff55ec   0x1fff55ec   0x0000019c   Code   RO         1372    i.ll_hw_go1         rf.lib(patch.o)
    0x1fff5788   0x1fff5788   0x00000018   Code   RO         1377    i.ll_processBasicIRQ_SRX  rf.lib(patch.o)
    0x1fff57a0   0x1fff57a0   0x00000018   Code   RO         1379    i.ll_processBasicIRQ_ScanTRX  rf.lib(patch.o)
    0x1fff57b8   0x1fff57b8   0x00000018   Code   RO         1381    i.ll_processBasicIRQ_secondaryAdvTRX  rf.lib(patch.o)
    0x1fff57d0   0x1fff57d0   0x00000018   Code   RO         1383    i.ll_processBasicIRQ_secondaryInitSRX  rf.lib(patch.o)
    0x1fff57e8   0x1fff57e8   0x00000018   Code   RO         1385    i.ll_processBasicIRQ_secondaryScanSRX  rf.lib(patch.o)
    0x1fff5800   0x1fff5800   0x00000268   Code   RO          969    i.log_vsprintf      my_printf.o
    0x1fff5a68   0x1fff5a68   0x00000124   Code   RO            6    i.main              main.o
    0x1fff5b8c   0x1fff5b8c   0x0000006c   Code   RO         1676    i.malloc            mc_p.l(malloc.o)
    0x1fff5bf8   0x1fff5bf8   0x00000120   Code   RO         1594    i.mf_corase_serach_peak_finding  aoxEst.lib(aoaestalgo.o)
    0x1fff5d18   0x1fff5d18   0x000000f8   Code   RO         1595    i.mf_cplx_match     aoxEst.lib(aoaestalgo.o)
    0x1fff5e10   0x1fff5e10   0x00000092   Code   RO         1596    i.mf_matrix_fine_search  aoxEst.lib(aoaestalgo.o)
    0x1fff5ea2   0x1fff5ea2   0x00000002   PAD
    0x1fff5ea4   0x1fff5ea4   0x00000168   Code   RO          971    i.number            my_printf.o
    0x1fff600c   0x1fff600c   0x00000024   Code   RO          168    i.osalInitTasks     osal_phyplusphy.o
    0x1fff6030   0x1fff6030   0x0000001a   Code   RO         1559    i.phyWrap           aoxEst.lib(aoacomfun.o)
    0x1fff604a   0x1fff604a   0x00000036   Code   RO          198    i.phy_hw_cte_config  phy_plus_phy.o
    0x1fff6080   0x1fff6080   0x000000b8   Code   RO          199    i.phy_hw_go         phy_plus_phy.o
    0x1fff6138   0x1fff6138   0x00000054   Code   RO          200    i.phy_hw_pktFmt_Config  phy_plus_phy.o
    0x1fff618c   0x1fff618c   0x00000016   Code   RO          201    i.phy_hw_set_srx    phy_plus_phy.o
    0x1fff61a2   0x1fff61a2   0x00000012   Code   RO          202    i.phy_hw_set_stx    phy_plus_phy.o
    0x1fff61b4   0x1fff61b4   0x00000016   Code   RO          203    i.phy_hw_set_trx    phy_plus_phy.o
    0x1fff61ca   0x1fff61ca   0x00000002   PAD
    0x1fff61cc   0x1fff61cc   0x00000040   Code   RO          204    i.phy_hw_stop       phy_plus_phy.o
    0x1fff620c   0x1fff620c   0x00000022   Code   RO          205    i.phy_hw_timing_setting  phy_plus_phy.o
    0x1fff622e   0x1fff622e   0x00000002   PAD
    0x1fff6230   0x1fff6230   0x00000034   Code   RO          206    i.phy_rf_rx         phy_plus_phy.o
    0x1fff6264   0x1fff6264   0x00000050   Code   RO          207    i.phy_rf_tx         phy_plus_phy.o
    0x1fff62b4   0x1fff62b4   0x00000024   Code   RO          208    i.phy_rx_data_check  phy_plus_phy.o
    0x1fff62d8   0x1fff62d8   0x00000158   Code   RO          209    i.phy_rx_data_process  phy_plus_phy.o
    0x1fff6430   0x1fff6430   0x00000048   Code   RO          210    i.phy_set_channel   phy_plus_phy.o
    0x1fff6478   0x1fff6478   0x0000011c   Code   RO          211    i.phy_tx_buf_updata  phy_plus_phy.o
    0x1fff6594   0x1fff6594   0x00000080   Code   RO         1481    i.rc32k_calibration  rf.lib(rf_phy_driver.o)
    0x1fff6614   0x1fff6614   0x0000001c   Code   RO         1482    i.rf_calibrate1     rf.lib(rf_phy_driver.o)
    0x1fff6630   0x1fff6630   0x00000118   Code   RO         1483    i.rf_phy_ana_cfg    rf.lib(rf_phy_driver.o)
    0x1fff6748   0x1fff6748   0x000001a4   Code   RO         1484    i.rf_phy_bb_cfg     rf.lib(rf_phy_driver.o)
    0x1fff68ec   0x1fff68ec   0x000000a8   Code   RO         1485    i.rf_phy_change_cfg0  rf.lib(rf_phy_driver.o)
    0x1fff6994   0x1fff6994   0x00000030   Code   RO         1499    i.rf_phy_get_pktFoot  rf.lib(rf_phy_driver.o)
    0x1fff69c4   0x1fff69c4   0x00000026   Code   RO         1500    i.rf_phy_get_pktFoot_fromPkt  rf.lib(rf_phy_driver.o)
    0x1fff69ea   0x1fff69ea   0x00000002   PAD
    0x1fff69ec   0x1fff69ec   0x0000003c   Code   RO         1501    i.rf_phy_ini        rf.lib(rf_phy_driver.o)
    0x1fff6a28   0x1fff6a28   0x00000074   Code   RO         1502    i.rf_phy_set_txPower  rf.lib(rf_phy_driver.o)
    0x1fff6a9c   0x1fff6a9c   0x00000120   Code   RO         1503    i.rf_rxDcoc_cfg     rf.lib(rf_phy_driver.o)
    0x1fff6bbc   0x1fff6bbc   0x0000004c   Code   RO         1506    i.rf_tpCal_gen_cap_arrary  rf.lib(rf_phy_driver.o)
    0x1fff6c08   0x1fff6c08   0x0000011c   Code   RO         1507    i.rf_tp_cal         rf.lib(rf_phy_driver.o)
    0x1fff6d24   0x1fff6d24   0x00000020   Code   RO          972    i.skip_atoi         my_printf.o
    0x1fff6d44   0x1fff6d44   0x00000010   Code   RO         1560    i.time_cost_dbg_tic  aoxEst.lib(aoacomfun.o)
    0x1fff6d54   0x1fff6d54   0x00000060   Code   RO         1561    i.time_cost_dbg_toc  aoxEst.lib(aoacomfun.o)
    0x1fff6db4   0x1fff6db4   0x0000006c   Code   RO          340    i.txmit_buf_polling  uart.o
    0x1fff6e20   0x1fff6e20   0x000000bc   Code   RO          341    i.txmit_buf_use_tx_buf  uart.o
    0x1fff6edc   0x1fff6edc   0x00000080   Code   RO          342    i.uart_hw_deinit    uart.o
    0x1fff6f5c   0x1fff6f5c   0x00000158   Code   RO          343    i.uart_hw_init      uart.o
    0x1fff70b4   0x1fff70b4   0x0000000a   Code   RO          344    i.uart_wakeup_process_0  uart.o
    0x1fff70be   0x1fff70be   0x0000000a   Code   RO          345    i.uart_wakeup_process_1  uart.o
    0x1fff70c8   0x1fff70c8   0x000001dc   Code   RO         1393    i.wakeupProcess1    rf.lib(patch.o)
    0x1fff72a4   0x1fff72a4   0x00000140   Code   RO         1394    i.wakeup_init1      rf.lib(patch.o)
    0x1fff73e4   0x1fff73e4   0x00000036   Data   RO            8    .constdata          main.o
    0x1fff741a   0x1fff741a   0x00000002   PAD
    0x1fff741c   0x1fff741c   0x00000004   Data   RO          169    .constdata          osal_phyplusphy.o
    0x1fff7420   0x1fff7420   0x00000001   Data   RO          170    .constdata          osal_phyplusphy.o
    0x1fff7421   0x1fff7421   0x00000003   PAD
    0x1fff7424   0x1fff7424   0x0000000c   Data   RO          347    .constdata          uart.o
    0x1fff7430   0x1fff7430   0x0000008a   Data   RO          582    .constdata          gpio.o
    0x1fff74ba   0x1fff74ba   0x00000002   PAD
    0x1fff74bc   0x1fff74bc   0x00000010   Data   RO          973    .constdata          my_printf.o
    0x1fff74cc   0x1fff74cc   0x0000203e   Data   RO         1562    .constdata          aoxEst.lib(aoacomfun.o)
    0x1fff950a   0x1fff950a   0x00000002   PAD
    0x1fff950c   0x1fff950c   0x00000040   Data   RO         1598    .constdata          aoxEst.lib(aoaestalgo.o)
    0x1fff954c   0x1fff954c   0x00000054   Data   RO            9    .conststring        main.o
    0x1fff95a0   0x1fff95a0   0x0000004d   Data   RO          974    .conststring        my_printf.o
    0x1fff95ed   0x1fff95ed   0x00000003   PAD
    0x1fff95f0   0x1fff95f0   0x00000011   Data   RO         1622    .conststring        rf.lib(phy_sec_ext.o)
    0x1fff9601   0x1fff9601   0x00000003   PAD
    0x1fff9604   0x1fff9604   0x00000030   Data   RO         1728    Region$$Table       anon$$obj.o
    0x1fff9634   0x1fff9634   0x00000001   Data   RW           10    .data               main.o
    0x1fff9635   0x1fff9635   0x00000003   PAD
    0x1fff9638   0x1fff9638   0x00000004   Data   RW          171    .data               osal_phyplusphy.o
    0x1fff963c   0x1fff963c   0x00000010   Data   RW          213    .data               phy_plus_phy.o
    0x1fff964c   0x1fff964c   0x00000004   Data   RW          757    .data               timer.o
    0x1fff9650   0x1fff9650   0x00000018   Data   RW          860    .data               pwrmgr.o
    0x1fff9668   0x1fff9668   0x00000008   Data   RW          975    .data               my_printf.o
    0x1fff9670   0x1fff9670   0x0000001c   Data   RW         1041    .data               flash.o
    0x1fff968c   0x1fff968c   0x00000004   Data   RW         1247    .data               jump_table.o
    0x1fff9690   0x1fff9690   0x00000004   Data   RW         1287    .data               system_armcm0.o
    0x1fff9694   0x1fff9694   0x00000020   Data   RW         1398    .data               rf.lib(patch.o)
    0x1fff96b4   0x1fff96b4   0x00000018   Data   RW         1563    .data               aoxEst.lib(aoacomfun.o)
    0x1fff96cc   0x1fff96cc   0x00000003   Data   RW         1599    .data               aoxEst.lib(aoaestalgo.o)
    0x1fff96cf   0x1fff96cf   0x00000001   PAD
    0x1fff96d0   0x1fff96d0   0x00000004   Data   RW         1623    .data               rf.lib(phy_sec_ext.o)
    0x1fff96d4   0x1fff96d4   0x00000001   Data   RW         1624    .data               rf.lib(phy_sec_ext.o)
    0x1fff96d5   0x1fff96d5   0x00000003   PAD
    0x1fff96d8   0x1fff96d8   0x00000004   Data   RW         1723    .data               mc_p.l(mvars.o)
    0x1fff96dc   0x1fff96dc   0x00000004   Data   RW         1724    .data               mc_p.l(mvars.o)
    0x1fff96e0   0x1fff96e0   0x0000000e   Data   RW          861    _section_standby_code_  pwrmgr.o
    0x1fff96ee   0x1fff96ee   0x00000002   PAD
    0x1fff96f0        -       0x00001064   Zero   RW            7    .bss                main.o
    0x1fffa754        -       0x00000658   Zero   RW          212    .bss                phy_plus_phy.o
    0x1fffadac        -       0x00000040   Zero   RW          346    .bss                uart.o
    0x1fffadec        -       0x0000012c   Zero   RW          581    .bss                gpio.o
    0x1fffaf18        -       0x00000078   Zero   RW          859    .bss                pwrmgr.o
    0x1fffaf90        -       0x00000020   Zero   RW         1395    .bss                rf.lib(patch.o)
    0x1fffafb0        -       0x00000254   Zero   RW         1597    .bss                aoxEst.lib(aoaestalgo.o)
    0x1fffb204        -       0x00000010   Zero   RW         1620    .bss                rf.lib(phy_sec_ext.o)
    0x1fffb214   0x1fff96ee   0x00000004   PAD
    0x1fffb218        -       0x00000c00   Zero   RW         1277    HEAP                startup_armcm0.o
    0x1fffbe18        -       0x00000400   Zero   RW         1276    STACK               startup_armcm0.o



  Load Region LR_ROM_JT_GC (Base: 0x1fff0000, Size: 0x00000800, Max: 0x00000800, ABSOLUTE, COMPRESSED[0x0000040c])

    Execution Region JUMP_TABLE (Exec base: 0x1fff0000, Load base: 0x1fff0000, Size: 0x00000400, Max: 0x00000400, ABSOLUTE)

    Exec Addr    Load Addr    Size         Type   Attr      Idx    E Section Name        Object

    0x1fff0000   0x1fff0000   0x00000400   Data   RO         1249    jump_table_mem_area  jump_table.o


    Execution Region GOLBAL_CONFIG (Exec base: 0x1fff0400, Load base: 0x1fff0400, Size: 0x00000400, Max: 0x00000400, ABSOLUTE, COMPRESSED[0x0000000c])

    Exec Addr    Load Addr    Size         Type   Attr      Idx    E Section Name        Object

    0x1fff0400   COMPRESSED   0x00000400   Data   RW         1248    global_config_area  jump_table.o


==============================================================================

Image component sizes


      Code (inc. data)   RO Data    RW Data    ZI Data      Debug   Object Name

       358         14          0          0          0       2420   clock.o
       588         66          0         28          0      13727   flash.o
      1396        152        138          0        300      22683   gpio.o
       536        332       1024       1028          0       2010   jump_table.o
       604        198        138          1       4196      61811   main.o
      1070         22         93          8          0       7275   my_printf.o
        36          6          5          4          0       1604   osal_phyplusphy.o
      2254        490          0         16       1624      14784   phy_plus_phy.o
       744        100          0         38        120       9789   pwrmgr.o
        20         10          8          0       4096        416   startup_armcm0.o
        16          8          0          4          0        683   system_armcm0.o
        72         16          0          4          0       2057   timer.o
      1252        116         12          0         64      17293   uart.o

    ----------------------------------------------------------------------
     10176       1938       1476       1136      10400     156552   Object Totals
      1224        408         48          0          0          0   (incl. Generated)
         6          0         10          5          0          0   (incl. Padding)

    ----------------------------------------------------------------------

      Code (inc. data)   RO Data    RW Data    ZI Data      Debug   Library Member Name

      1332        184       8254         24          0        848   aoacomfun.o
      2240         38         64          3        596        764   aoaestalgo.o
        86          0          0          0          0          0   __dczerorl2.o
         0          0          0          0          0          0   entry.o
         0          0          0          0          0          0   entry10a.o
         0          0          0          0          0          0   entry11a.o
         8          4          0          0          0          0   entry2.o
         4          0          0          0          0          0   entry5.o
         0          0          0          0          0          0   entry7b.o
         0          0          0          0          0          0   entry8b.o
         8          4          0          0          0          0   entry9a.o
        30          0          0          0          0          0   handlers.o
        36          8          0          0          0         68   init.o
         0          0          0          0          0          0   iusefp.o
        34          0          0          0          0         68   llushr.o
       192         20          0          0          0        144   malloc.o
         0          0          0          8          0          0   mvars.o
        60         10          0          0          0         68   dfixui.o
        44          0          0          0          0         72   dscalb.o
      5044        646          0         32         32       1956   patch.o
       224         36         17          5         16        276   phy_sec_ext.o
      1934        374          0          0          0        876   rf_phy_driver.o

    ----------------------------------------------------------------------
     11292       1324       8340         76        648       5140   Library Totals
        16          0          5          4          4          0   (incl. Padding)

    ----------------------------------------------------------------------

      Code (inc. data)   RO Data    RW Data    ZI Data      Debug   Library Name

      3572        222       8318         27        596       1612   aoxEst.lib
       398         36          0          8          0        280   mc_p.l
       104         10          0          0          0        140   mf_p.l
      7202       1056         17         37         48       3108   rf.lib

    ----------------------------------------------------------------------
     11292       1324       8340         76        648       5140   Library Totals

    ----------------------------------------------------------------------

==============================================================================


      Code (inc. data)   RO Data    RW Data    ZI Data      Debug   

     21468       3262       9816       1212      11048     155308   Grand Totals
     21468       3262       9816        200      11048     155308   ELF Image Totals (compressed)
     21468       3262       9816        200          0          0   ROM Totals

==============================================================================

    Total RO  Size (Code + RO Data)                31284 (  30.55kB)
    Total RW  Size (RW Data + ZI Data)             12260 (  11.97kB)
    Total ROM Size (Code + RO Data + RW Data)      31484 (  30.75kB)

==============================================================================

