<!doctype html public "-//w3c//dtd html 4.0 transitional//en">
<html><head>
<title>Static Call Graph - [.\Objects\pwmLight.axf]</title></head>
<body><HR>
<H1>Static Call Graph for image .\Objects\pwmLight.axf</H1><HR>
<BR><P>#&#060CALLGRAPH&#062# ARM Linker, 5060750: Last Updated: Mon Dec 20 18:37:55 2021
<BR><P>
<H3>Maximum Stack Usage =        772 bytes + Unknown(Untraceable Function Pointers)</H3><H3>
Call chain for Maximum Stack Depth:</H3>
GAPRole_ProcessEvent &rArr; gapRole_ProcessOSALMsg &rArr; gapRole_ProcessGAPMsg &rArr; GAPBondMgr_LinkEst &rArr; GATTServApp_SendServiceChangedInd &rArr; GATT_ServiceChangedInd &rArr; GATT_Indication &rArr; ATT_HandleValueInd &rArr; attSendMsg &rArr; SM_GenerateAuthenSig &rArr; sm_CMAC &rArr; generate_subkey &rArr; xor_128
<P>
<H3>
Function Pointers
</H3><UL>
 <LI><a href="#[17]">AACI_IRQHandler</a> from startup_armcm0.o(.text) referenced from startup_armcm0.o(RESET)
 <LI><a href="#[52]">ATT_BuildErrorRsp</a> from att_util.o(i.ATT_BuildErrorRsp) referenced from att_server.o(i.ATT_ErrorRsp)
 <LI><a href="#[53]">ATT_BuildExchangeMTURsp</a> from att_util.o(i.ATT_BuildExchangeMTURsp) referenced from att_server.o(i.ATT_ExchangeMTURsp)
 <LI><a href="#[54]">ATT_BuildFindByTypeValueRsp</a> from att_util.o(i.ATT_BuildFindByTypeValueRsp) referenced from att_server.o(i.ATT_FindByTypeValueRsp)
 <LI><a href="#[55]">ATT_BuildFindInfoRsp</a> from att_util.o(i.ATT_BuildFindInfoRsp) referenced from att_server.o(i.ATT_FindInfoRsp)
 <LI><a href="#[56]">ATT_BuildHandleValueInd</a> from att_util.o(i.ATT_BuildHandleValueInd) referenced from att_server.o(i.ATT_HandleValueInd)
 <LI><a href="#[56]">ATT_BuildHandleValueInd</a> from att_util.o(i.ATT_BuildHandleValueInd) referenced from att_server.o(i.ATT_HandleValueNoti)
 <LI><a href="#[57]">ATT_BuildPrepareWriteRsp</a> from att_util.o(i.ATT_BuildPrepareWriteRsp) referenced from att_server.o(i.ATT_PrepareWriteRsp)
 <LI><a href="#[58]">ATT_BuildReadBlobRsp</a> from att_util.o(i.ATT_BuildReadBlobRsp) referenced from att_server.o(i.ATT_ReadBlobRsp)
 <LI><a href="#[59]">ATT_BuildReadByGrpTypeRsp</a> from att_util.o(i.ATT_BuildReadByGrpTypeRsp) referenced from att_server.o(i.ATT_ReadByGrpTypeRsp)
 <LI><a href="#[5a]">ATT_BuildReadByTypeRsp</a> from att_util.o(i.ATT_BuildReadByTypeRsp) referenced from att_server.o(i.ATT_ReadByTypeRsp)
 <LI><a href="#[5b]">ATT_BuildReadMultiRsp</a> from att_util.o(i.ATT_BuildReadMultiRsp) referenced from att_server.o(i.ATT_ReadMultiRsp)
 <LI><a href="#[5c]">ATT_BuildReadRsp</a> from att_util.o(i.ATT_BuildReadRsp) referenced from att_server.o(i.ATT_ReadRsp)
 <LI><a href="#[82]">ATT_ParseExchangeMTUReq</a> from att_util.o(i.ATT_ParseExchangeMTUReq) referenced from gatt_server.o(.constdata)
 <LI><a href="#[93]">ATT_ParseExecuteWriteReq</a> from att_util.o(i.ATT_ParseExecuteWriteReq) referenced from gatt_server.o(.constdata)
 <LI><a href="#[86]">ATT_ParseFindByTypeValueReq</a> from att_util.o(i.ATT_ParseFindByTypeValueReq) referenced from gatt_server.o(.constdata)
 <LI><a href="#[84]">ATT_ParseFindInfoReq</a> from att_util.o(i.ATT_ParseFindInfoReq) referenced from gatt_server.o(.constdata)
 <LI><a href="#[92]">ATT_ParsePrepareWriteReq</a> from att_util.o(i.ATT_ParsePrepareWriteReq) referenced from gatt_server.o(.constdata)
 <LI><a href="#[8c]">ATT_ParseReadBlobReq</a> from att_util.o(i.ATT_ParseReadBlobReq) referenced from gatt_server.o(.constdata)
 <LI><a href="#[88]">ATT_ParseReadByTypeReq</a> from att_util.o(i.ATT_ParseReadByTypeReq) referenced 2 times from gatt_server.o(.constdata)
 <LI><a href="#[8d]">ATT_ParseReadMultiReq</a> from att_util.o(i.ATT_ParseReadMultiReq) referenced from gatt_server.o(.constdata)
 <LI><a href="#[8a]">ATT_ParseReadReq</a> from att_util.o(i.ATT_ParseReadReq) referenced from gatt_server.o(.constdata)
 <LI><a href="#[90]">ATT_ParseWriteReq</a> from att_util.o(i.ATT_ParseWriteReq) referenced from gatt_server.o(.constdata)
 <LI><a href="#[1e]">CAN_IRQHandler</a> from startup_armcm0.o(.text) referenced from startup_armcm0.o(RESET)
 <LI><a href="#[1c]">CHLCD_IRQHandler</a> from startup_armcm0.o(.text) referenced from startup_armcm0.o(RESET)
 <LI><a href="#[18]">CLCD_IRQHandler</a> from startup_armcm0.o(.text) referenced from startup_armcm0.o(RESET)
 <LI><a href="#[21]">CPU_CLCD_IRQHandler</a> from startup_armcm0.o(.text) referenced from startup_armcm0.o(RESET)
 <LI><a href="#[19]">ENET_IRQHandler</a> from startup_armcm0.o(.text) referenced from startup_armcm0.o(RESET)
 <LI><a href="#[1d]">FLEXRAY_IRQHandler</a> from startup_armcm0.o(.text) referenced from startup_armcm0.o(RESET)
 <LI><a href="#[38]">GAPRole_ProcessEvent</a> from peripheral.o(i.GAPRole_ProcessEvent) referenced from osal_wrist.o(.constdata)
 <LI><a href="#[36]">GAP_ProcessEvent</a> from gap_task.o(i.GAP_ProcessEvent) referenced from osal_wrist.o(.constdata)
 <LI><a href="#[39]">GATTServApp_ProcessEvent</a> from gattservapp.o(i.GATTServApp_ProcessEvent) referenced from osal_wrist.o(.constdata)
 <LI><a href="#[37]">GATT_ProcessEvent</a> from gatt_task.o(i.GATT_ProcessEvent) referenced from osal_wrist.o(.constdata)
 <LI><a href="#[33]">HCI_ProcessEvent</a> from bb_rom_sym_m0.txt(ABSOLUTE) referenced from osal_wrist.o(.constdata)
 <LI><a href="#[9]">HardFault_Handler</a> from bb_rom_sym_m0.txt(ABSOLUTE) referenced from startup_armcm0.o(RESET)
 <LI><a href="#[20]">I2C_IRQHandler</a> from startup_armcm0.o(.text) referenced from startup_armcm0.o(RESET)
 <LI><a href="#[62]">L2CAP_BuildCmdReject</a> from l2cap_util.o(i.L2CAP_BuildCmdReject) referenced from l2cap_if.o(i.L2CAP_CmdReject)
 <LI><a href="#[34]">L2CAP_ProcessEvent</a> from l2cap_task.o(i.L2CAP_ProcessEvent) referenced from osal_wrist.o(.constdata)
 <LI><a href="#[1f]">LIN_IRQHandler</a> from startup_armcm0.o(.text) referenced from startup_armcm0.o(RESET)
 <LI><a href="#[45]">LL_ENC_AES128_Encrypt1</a> from patch.o(i.LL_ENC_AES128_Encrypt1) referenced from patch.o(_section_xip_code_)
 <LI><a href="#[47]">LL_ENC_Decrypt1</a> from patch.o(i.LL_ENC_Decrypt1) referenced from patch.o(_section_xip_code_)
 <LI><a href="#[46]">LL_ENC_Encrypt1</a> from patch.o(i.LL_ENC_Encrypt1) referenced from patch.o(_section_xip_code_)
 <LI><a href="#[42]">LL_IRQHandler1</a> from patch.o(i.LL_IRQHandler1) referenced from patch.o(_section_xip_code_)
 <LI><a href="#[32]">LL_ProcessEvent</a> from bb_rom_sym_m0.txt(ABSOLUTE) referenced from osal_wrist.o(.constdata)
 <LI><a href="#[2e]">LL_SetAdvControl1</a> from patch.o(i.LL_SetAdvControl1) referenced from patch.o(i.ll_patch_slave)
 <LI><a href="#[2b]">LL_SetAdvParam1</a> from patch.o(i.LL_SetAdvParam1) referenced from patch.o(i.ll_patch_slave)
 <LI><a href="#[4c]">LL_SetDataLengh1</a> from patch.o(i.LL_SetDataLengh1) referenced from patch.o(_section_xip_code_)
 <LI><a href="#[51]">LL_set_default_conn_params1</a> from patch.o(i.LL_set_default_conn_params1) referenced from patch.o(_section_xip_code_)
 <LI><a href="#[11]">MCIA_IRQHandler</a> from startup_armcm0.o(.text) referenced from startup_armcm0.o(RESET)
 <LI><a href="#[12]">MCIB_IRQHandler</a> from startup_armcm0.o(.text) referenced from startup_armcm0.o(RESET)
 <LI><a href="#[8]">NMI_Handler</a> from bb_rom_sym_m0.txt(ABSOLUTE) referenced from startup_armcm0.o(RESET)
 <LI><a href="#[b]">PendSV_Handler</a> from bb_rom_sym_m0.txt(ABSOLUTE) referenced from startup_armcm0.o(RESET)
 <LI><a href="#[e]">RTC_IRQHandler</a> from startup_armcm0.o(.text) referenced from startup_armcm0.o(RESET)
 <LI><a href="#[7]">Reset_Handler</a> from startup_armcm0.o(.text) referenced from startup_armcm0.o(RESET)
 <LI><a href="#[35]">SM_ProcessEvent</a> from sm_task.o(i.SM_ProcessEvent) referenced from osal_wrist.o(.constdata)
 <LI><a href="#[23]">SPI_IRQHandler</a> from startup_armcm0.o(.text) referenced from startup_armcm0.o(RESET)
 <LI><a href="#[a]">SVC_Handler</a> from startup_armcm0.o(.text) referenced from startup_armcm0.o(RESET)
 <LI><a href="#[c]">SysTick_Handler</a> from startup_armcm0.o(.text) referenced from startup_armcm0.o(RESET)
 <LI><a href="#[26]">SystemInit</a> from system_armcm0.o(i.SystemInit) referenced from startup_armcm0.o(.text)
 <LI><a href="#[f]">TIM0_IRQHandler</a> from startup_armcm0.o(.text) referenced from startup_armcm0.o(RESET)
 <LI><a href="#[10]">TIM2_IRQHandler</a> from startup_armcm0.o(.text) referenced from startup_armcm0.o(RESET)
 <LI><a href="#[13]">UART0_IRQHandler</a> from startup_armcm0.o(.text) referenced from startup_armcm0.o(RESET)
 <LI><a href="#[14]">UART1_IRQHandler</a> from startup_armcm0.o(.text) referenced from startup_armcm0.o(RESET)
 <LI><a href="#[15]">UART2_IRQHandler</a> from startup_armcm0.o(.text) referenced from startup_armcm0.o(RESET)
 <LI><a href="#[22]">UART3_IRQHandler</a> from startup_armcm0.o(.text) referenced from startup_armcm0.o(RESET)
 <LI><a href="#[16]">UART4_IRQHandler</a> from startup_armcm0.o(.text) referenced from startup_armcm0.o(RESET)
 <LI><a href="#[1a]">USBDC_IRQHandler</a> from startup_armcm0.o(.text) referenced from startup_armcm0.o(RESET)
 <LI><a href="#[1b]">USBHC_IRQHandler</a> from startup_armcm0.o(.text) referenced from startup_armcm0.o(RESET)
 <LI><a href="#[d]">WDT_IRQHandler</a> from startup_armcm0.o(.text) referenced from startup_armcm0.o(RESET)
 <LI><a href="#[0]">WristGapStateCB</a> from app_wrist.o(i.WristGapStateCB) referenced 2 times from app_wrist.o(.data)
 <LI><a href="#[27]">__main</a> from entry.o(.ARM.Collect$$$$00000000) referenced from startup_armcm0.o(.text)
 <LI><a href="#[25]">_hard_fault</a> from jump_table.o(i._hard_fault) referenced from jump_table.o(.emb_text)
 <LI><a href="#[28]">_sputc</a> from printf3.o(i._sputc) referenced from printf3.o(i.__0sprintf$3)
 <LI><a href="#[66]">_uart_putc</a> from my_printf.o(i._uart_putc) referenced from my_printf.o(i.dbg_printf)
 <LI><a href="#[3a]">appWristProcEvt</a> from app_wrist.o(i.appWristProcEvt) referenced from osal_wrist.o(.constdata)
 <LI><a href="#[48]">config_RTC1</a> from patch.o(i.config_RTC1) referenced from patch.o(_section_xip_code_)
 <LI><a href="#[7a]">devInfo_ReadAttrCB</a> from devinfoservice.o(i.devInfo_ReadAttrCB) referenced from devinfoservice.o(.constdata)
 <LI><a href="#[1]">gapPeriProcessHCICmdCompleteEvt</a> from gap_peridevmgr.o(i.gapPeriProcessHCICmdCompleteEvt) referenced 2 times from gap_peridevmgr.o(.data)
 <LI><a href="#[2]">gapProcessAdvertisingEvt</a> from gap_peridevmgr.o(i.gapProcessAdvertisingEvt) referenced 2 times from gap_peridevmgr.o(.data)
 <LI><a href="#[3]">gapSetAdvParams</a> from gap_peridevmgr.o(i.gapSetAdvParams) referenced 2 times from gap_peridevmgr.o(.data)
 <LI><a href="#[83]">gattProcessExchangeMTUReq</a> from gatt_server.o(i.gattProcessExchangeMTUReq) referenced from gatt_server.o(.constdata)
 <LI><a href="#[94]">gattProcessExecuteWriteReq</a> from gatt_server.o(i.gattProcessExecuteWriteReq) referenced from gatt_server.o(.constdata)
 <LI><a href="#[87]">gattProcessFindByTypeValueReq</a> from gatt_server.o(i.gattProcessFindByTypeValueReq) referenced from gatt_server.o(.constdata)
 <LI><a href="#[85]">gattProcessFindInfoReq</a> from gatt_server.o(i.gattProcessFindInfoReq) referenced from gatt_server.o(.constdata)
 <LI><a href="#[8f]">gattProcessReadByGrpTypeReq</a> from gatt_server.o(i.gattProcessReadByGrpTypeReq) referenced from gatt_server.o(.constdata)
 <LI><a href="#[89]">gattProcessReadByTypeReq</a> from gatt_server.o(i.gattProcessReadByTypeReq) referenced from gatt_server.o(.constdata)
 <LI><a href="#[8e]">gattProcessReadMultiReq</a> from gatt_server.o(i.gattProcessReadMultiReq) referenced from gatt_server.o(.constdata)
 <LI><a href="#[8b]">gattProcessReadReq</a> from gatt_server.o(i.gattProcessReadReq) referenced 2 times from gatt_server.o(.constdata)
 <LI><a href="#[91]">gattProcessWriteReq</a> from gatt_server.o(i.gattProcessWriteReq) referenced 2 times from gatt_server.o(.constdata)
 <LI><a href="#[5e]">gattServApp_HandleConnStatusCB</a> from gattservapp.o(i.gattServApp_HandleConnStatusCB) referenced from gattservapp.o(i.GATTServApp_Init)
 <LI><a href="#[7b]">gattServApp_WriteAttrCB</a> from gattservapp.o(i.gattServApp_WriteAttrCB) referenced from gattservapp.o(.constdata)
 <LI><a href="#[61]">gattServerHandleConnStatusCB</a> from gatt_server.o(i.gattServerHandleConnStatusCB) referenced from gatt_server.o(i.GATT_InitServer)
 <LI><a href="#[5f]">gattServerHandleTimerCB</a> from gatt_server.o(i.gattServerHandleTimerCB) referenced from gatt_server.o(i.GATT_Indication)
 <LI><a href="#[60]">gattServerProcessMsgCB</a> from gatt_server.o(i.gattServerProcessMsgCB) referenced from gatt_server.o(i.GATT_InitServer)
 <LI><a href="#[7c]">ggs_ReadAttrCB</a> from gapgattserver.o(i.ggs_ReadAttrCB) referenced from gapgattserver.o(.constdata)
 <LI><a href="#[7d]">ggs_WriteAttrCB</a> from gapgattserver.o(i.ggs_WriteAttrCB) referenced from gapgattserver.o(.constdata)
 <LI><a href="#[40]">hal_UART0_IRQHandler</a> from uart.o(_section_sram_code_) referenced from uart.o(i.uart_hw_init)
 <LI><a href="#[40]">hal_UART0_IRQHandler</a> from uart.o(_section_sram_code_) referenced from jump_table.o(jump_table_mem_area)
 <LI><a href="#[79]">hal_UART1_IRQHandler</a> from uart.o(_section_sram_code_) referenced from uart.o(i.uart_hw_init)
 <LI><a href="#[68]">hal_gpio_sleep_handler</a> from gpio.o(i.hal_gpio_sleep_handler) referenced from gpio.o(i.hal_gpio_init)
 <LI><a href="#[67]">hal_gpio_wakeup_handler</a> from gpio.o(i.hal_gpio_wakeup_handler) referenced from gpio.o(i.hal_gpio_init)
 <LI><a href="#[3c]">hal_pwrmgr_sleep_process</a> from pwrmgr.o(i.hal_pwrmgr_sleep_process) referenced from jump_table.o(jump_table_mem_area)
 <LI><a href="#[3d]">hal_pwrmgr_wakeup_process</a> from pwrmgr.o(i.hal_pwrmgr_wakeup_process) referenced from jump_table.o(jump_table_mem_area)
 <LI><a href="#[6c]">handleConnStatusCB</a> from ota_app_service.o(i.handleConnStatusCB) referenced from ota_app_service.o(i.ota_app_AddService)
 <LI><a href="#[3f]">hard_fault</a> from jump_table.o(.emb_text) referenced from jump_table.o(jump_table_mem_area)
 <LI><a href="#[2a]">hw_spif_cache_config</a> from flash.o(i.hw_spif_cache_config) referenced from flash.o(i.hal_spif_cache_init)
 <LI><a href="#[63]">l2capBuildParamUpdateReq</a> from l2cap_util.o(i.l2capBuildParamUpdateReq) referenced from l2cap_if.o(i.L2CAP_ConnParamUpdateReq)
 <LI><a href="#[6b]">l2capHandleTimerCB</a> from l2cap_util.o(i.l2capHandleTimerCB) referenced from l2cap_util.o(i.l2capSendReq)
 <LI><a href="#[4b]">l2capPocessFragmentTxData</a> from l2cap_util.o(_section_sram_code_) referenced from patch.o(_section_xip_code_)
 <LI><a href="#[2c]">llCalcMaxScanTime1</a> from patch.o(i.llCalcMaxScanTime1) referenced from patch.o(i.ll_patch_slave)
 <LI><a href="#[50]">llConnTerminate1</a> from patch.o(i.llConnTerminate1) referenced from patch.o(_section_xip_code_)
 <LI><a href="#[4d]">llProcessTxData1</a> from patch.o(i.llProcessTxData1) referenced from patch.o(_section_xip_code_)
 <LI><a href="#[2d]">llSecAdvAllow1</a> from patch.o(i.llSecAdvAllow1) referenced from patch.o(i.ll_patch_slave)
 <LI><a href="#[31]">llSetupNextSlaveEvent1</a> from patch.o(i.llSetupNextSlaveEvent1) referenced from patch.o(i.ll_patch_slave)
 <LI><a href="#[2f]">llSetupSecAdvEvt1</a> from patch.o(i.llSetupSecAdvEvt1) referenced from patch.o(i.ll_patch_slave)
 <LI><a href="#[4f]">ll_adptive_adj_next_time1</a> from patch.o(i.ll_adptive_adj_next_time1) referenced from patch.o(_section_xip_code_)
 <LI><a href="#[4e]">ll_generateTxBuffer1</a> from patch.o(i.ll_generateTxBuffer1) referenced from patch.o(_section_xip_code_)
 <LI><a href="#[41]">ll_hw_go1</a> from patch.o(i.ll_hw_go1) referenced from patch.o(_section_xip_code_)
 <LI><a href="#[30]">ll_scheduler2</a> from patch.o(i.ll_scheduler2) referenced from patch.o(i.ll_patch_slave)
 <LI><a href="#[24]">main</a> from main.o(i.main) referenced from entry9a.o(.ARM.Collect$$$$0000000B)
 <LI><a href="#[3b]">osalInitTasks</a> from osal_wrist.o(i.osalInitTasks) referenced from jump_table.o(jump_table_mem_area)
 <LI><a href="#[29]">osal_idle_task</a> from pwrmgr.o(_section_sram_code_) referenced from pwrmgr.o(i.hal_pwrmgr_init)
 <LI><a href="#[7e]">ota_ReadAttrCB</a> from ota_app_service.o(i.ota_ReadAttrCB) referenced from ota_app_service.o(.constdata)
 <LI><a href="#[7f]">ota_WriteAttrCB</a> from ota_app_service.o(i.ota_WriteAttrCB) referenced from ota_app_service.o(.constdata)
 <LI><a href="#[43]">rf_calibrate1</a> from rf_phy_driver.o(i.rf_calibrate1) referenced from patch.o(_section_xip_code_)
 <LI><a href="#[44]">rf_phy_change_cfg0</a> from rf_phy_driver.o(i.rf_phy_change_cfg0) referenced from patch.o(_section_xip_code_)
 <LI><a href="#[3e]">rf_phy_ini</a> from rf_phy_driver.o(i.rf_phy_ini) referenced from jump_table.o(jump_table_mem_area)
 <LI><a href="#[64]">smLinkCheck</a> from sm_pairing.o(i.smLinkCheck) referenced from sm_task.o(i.SM_Init)
 <LI><a href="#[6]">smResponderProcessLTKReq</a> from sm_rsppairing.o(i.smResponderProcessLTKReq) referenced 2 times from sm_rsppairing.o(.data)
 <LI><a href="#[5]">smResponderSendNextKeyInfo</a> from sm_rsppairing.o(i.smResponderSendNextKeyInfo) referenced 2 times from sm_rsppairing.o(.data)
 <LI><a href="#[76]">smState_timerCB</a> from sm_task.o(i.smState_timerCB) referenced from sm_rsppairing.o(i.smResponderSendNextKeyInfo)
 <LI><a href="#[78]">smTo_timerCB</a> from sm_task.o(i.smTo_timerCB) referenced from sm_mgr.o(i.smStartRspTimer)
 <LI><a href="#[71]">smpBuildEncInfo</a> from smp.o(i.smpBuildEncInfo) referenced from sm_pairing.o(i.smPairingSendEncInfo)
 <LI><a href="#[72]">smpBuildIdentityAddrInfo</a> from smp.o(i.smpBuildIdentityAddrInfo) referenced from sm_pairing.o(i.smPairingSendIdentityAddrInfo)
 <LI><a href="#[73]">smpBuildIdentityInfo</a> from smp.o(i.smpBuildIdentityInfo) referenced from sm_pairing.o(i.smPairingSendIdentityInfo)
 <LI><a href="#[74]">smpBuildMasterID</a> from smp.o(i.smpBuildMasterID) referenced from sm_pairing.o(i.smPairingSendMasterID)
 <LI><a href="#[6d]">smpBuildPairingConfirm</a> from smp.o(i.smpBuildPairingConfirm) referenced from sm_pairing.o(i.smGenerateConfirm)
 <LI><a href="#[77]">smpBuildPairingFailed</a> from smp.o(i.smpBuildPairingFailed) referenced from sm_pairing.o(i.smSendFailAndEnd)
 <LI><a href="#[70]">smpBuildPairingRandom</a> from smp.o(i.smpBuildPairingRandom) referenced from sm_pairing.o(i.smGenerateRandMsg)
 <LI><a href="#[6e]">smpBuildPairingReq</a> from smp.o(i.smpBuildPairingReq) referenced from sm_pairing.o(i.smGeneratePairingReqRsp)
 <LI><a href="#[6f]">smpBuildPairingRsp</a> from smp.o(i.smpBuildPairingRsp) referenced from sm_pairing.o(i.smGeneratePairingReqRsp)
 <LI><a href="#[5d]">smpBuildSecurityReq</a> from smp.o(i.smpBuildSecurityReq) referenced from gap_perilinkmgr.o(i.GAP_SendSlaveSecurityRequest)
 <LI><a href="#[75]">smpBuildSigningInfo</a> from smp.o(i.smpBuildSigningInfo) referenced from sm_pairing.o(i.smPairingSendSingingInfo)
 <LI><a href="#[4]">smpResponderProcessIncoming</a> from sm_rsppairing.o(i.smpResponderProcessIncoming) referenced 2 times from sm_rsppairing.o(.data)
 <LI><a href="#[6a]">uart_wakeup_process_0</a> from uart.o(i.uart_wakeup_process_0) referenced from uart.o(i.hal_uart_init)
 <LI><a href="#[69]">uart_wakeup_process_1</a> from uart.o(i.uart_wakeup_process_1) referenced from uart.o(i.hal_uart_init)
 <LI><a href="#[4a]">wakeupProcess1</a> from patch.o(i.wakeupProcess1) referenced from patch.o(_section_xip_code_)
 <LI><a href="#[49]">wakeup_init1</a> from patch.o(i.wakeup_init1) referenced from patch.o(_section_xip_code_)
 <LI><a href="#[65]">wristCB</a> from app_wrist.o(i.wristCB) referenced from app_wrist.o(i.appWristInit)
 <LI><a href="#[80]">wristProfile_ReadAttrCB</a> from wristservice.o(i.wristProfile_ReadAttrCB) referenced from wristservice.o(.constdata)
 <LI><a href="#[81]">wristProfile_WriteAttrCB</a> from wristservice.o(i.wristProfile_WriteAttrCB) referenced from wristservice.o(.constdata)
</UL>
<P>
<H3>
Global Symbols
</H3>
<P><STRONG><a name="[a9]"></a>__aeabi_uidivmod</STRONG> (Thumb, 0 bytes, Stack size 0 bytes, bb_rom_sym_m0.txt(ABSOLUTE))
<BR><BR>[Called By]<UL><LI><a href="#[23b]">&gt;&gt;</a>&nbsp;&nbsp;&nbsp;gattServApp_ProcessReadByTypeReq (via Veneer)
<LI><a href="#[23d]">&gt;&gt;</a>&nbsp;&nbsp;&nbsp;gattServApp_ProcessReadByGrpTypeReq (via Veneer)
<LI><a href="#[202]">&gt;&gt;</a>&nbsp;&nbsp;&nbsp;app_datetime (via Veneer)
<LI><a href="#[e4]">&gt;&gt;</a>&nbsp;&nbsp;&nbsp;WaitMs (via Veneer)
<LI><a href="#[263]">&gt;&gt;</a>&nbsp;&nbsp;&nbsp;uart_hw_init (via Veneer)
<LI><a href="#[27d]">&gt;&gt;</a>&nbsp;&nbsp;&nbsp;number (via Veneer)
<LI><a href="#[211]">&gt;&gt;</a>&nbsp;&nbsp;&nbsp;fs_search_items (via Veneer)
<LI><a href="#[e7]">&gt;&gt;</a>&nbsp;&nbsp;&nbsp;_printf_core (via Veneer)
<LI><a href="#[267]">&gt;&gt;</a>&nbsp;&nbsp;&nbsp;l2capPktToSegmentBuff (via Veneer)
<LI><a href="#[4a]">&gt;&gt;</a>&nbsp;&nbsp;&nbsp;wakeupProcess1 (via Veneer)
<LI><a href="#[4f]">&gt;&gt;</a>&nbsp;&nbsp;&nbsp;ll_adptive_adj_next_time1 (via Veneer)
<LI><a href="#[a4]">&gt;&gt;</a>&nbsp;&nbsp;&nbsp;_localtime (via Veneer)
</UL>

<P><STRONG><a name="[a3]"></a>__aeabi_idivmod</STRONG> (Thumb, 0 bytes, Stack size 0 bytes, bb_rom_sym_m0.txt(ABSOLUTE))
<BR><BR>[Called By]<UL><LI><a href="#[a2]">&gt;&gt;</a>&nbsp;&nbsp;&nbsp;mktime (via Veneer)
</UL>

<P><STRONG><a name="[11d]"></a>__aeabi_memcpy</STRONG> (Thumb, 0 bytes, Stack size 0 bytes, bb_rom_sym_m0.txt(ABSOLUTE))
<BR><BR>[Called By]<UL><LI><a href="#[1d9]">&gt;&gt;</a>&nbsp;&nbsp;&nbsp;GGS_SetParameter (via Veneer)
<LI><a href="#[264]">&gt;&gt;</a>&nbsp;&nbsp;&nbsp;txmit_buf_use_tx_buf (via Veneer)
<LI><a href="#[278]">&gt;&gt;</a>&nbsp;&nbsp;&nbsp;light_reflash (via Veneer)
<LI><a href="#[ff]">&gt;&gt;</a>&nbsp;&nbsp;&nbsp;kscan_compare_key (via Veneer)
</UL>

<P><STRONG><a name="[100]"></a>__aeabi_memcpy4</STRONG> (Thumb, 0 bytes, Stack size 0 bytes, bb_rom_sym_m0.txt(ABSOLUTE))
<BR><BR>[Called By]<UL><LI><a href="#[10a]">&gt;&gt;</a>&nbsp;&nbsp;&nbsp;hal_low_power_io_init (via Veneer)
<LI><a href="#[1fa]">&gt;&gt;</a>&nbsp;&nbsp;&nbsp;bdAddr2Str (via Veneer)
<LI><a href="#[9b]">&gt;&gt;</a>&nbsp;&nbsp;&nbsp;hal_KSCAN_IRQHandler (via Veneer)
</UL>

<P><STRONG><a name="[fa]"></a>__aeabi_memclr4</STRONG> (Thumb, 0 bytes, Stack size 0 bytes, bb_rom_sym_m0.txt(ABSOLUTE))
<BR><BR>[Called By]<UL><LI><a href="#[10e]">&gt;&gt;</a>&nbsp;&nbsp;&nbsp;hal_pwrmgr_init (via Veneer)
<LI><a href="#[135]">&gt;&gt;</a>&nbsp;&nbsp;&nbsp;hal_gpio_init (via Veneer)
<LI><a href="#[208]">&gt;&gt;</a>&nbsp;&nbsp;&nbsp;app_datetime_set (via Veneer)
<LI><a href="#[20b]">&gt;&gt;</a>&nbsp;&nbsp;&nbsp;cmd_response_err (via Veneer)
<LI><a href="#[209]">&gt;&gt;</a>&nbsp;&nbsp;&nbsp;cmd_response (via Veneer)
<LI><a href="#[f9]">&gt;&gt;</a>&nbsp;&nbsp;&nbsp;clear_adcc_cfg (via Veneer)
<LI><a href="#[101]">&gt;&gt;</a>&nbsp;&nbsp;&nbsp;spis_int_handle (via Veneer)
<LI><a href="#[20f]">&gt;&gt;</a>&nbsp;&nbsp;&nbsp;hal_uart_init (via Veneer)
</UL>

<P><STRONG><a name="[286]"></a>strlen</STRONG> (Thumb, 0 bytes, Stack size 0 bytes, bb_rom_sym_m0.txt(ABSOLUTE))
<BR><BR>[Called By]<UL><LI><a href="#[280]">&gt;&gt;</a>&nbsp;&nbsp;&nbsp;process_cmd (via Veneer)
</UL>

<P><STRONG><a name="[249]"></a>strcmp</STRONG> (Thumb, 0 bytes, Stack size 0 bytes, bb_rom_sym_m0.txt(ABSOLUTE))
<BR><BR>[Called By]<UL><LI><a href="#[206]">&gt;&gt;</a>&nbsp;&nbsp;&nbsp;get_default_tm (via Veneer)
</UL>

<P><STRONG><a name="[248]"></a>strtok</STRONG> (Thumb, 0 bytes, Stack size 0 bytes, bb_rom_sym_m0.txt(ABSOLUTE))
<BR><BR>[Called By]<UL><LI><a href="#[206]">&gt;&gt;</a>&nbsp;&nbsp;&nbsp;get_default_tm (via Veneer)
</UL>

<P><STRONG><a name="[c2]"></a>__aeabi_uread4</STRONG> (Thumb, 0 bytes, Stack size 0 bytes, bb_rom_sym_m0.txt(ABSOLUTE))
<BR><BR>[Called By]<UL><LI><a href="#[46]">&gt;&gt;</a>&nbsp;&nbsp;&nbsp;LL_ENC_Encrypt1 (via Veneer)
<LI><a href="#[47]">&gt;&gt;</a>&nbsp;&nbsp;&nbsp;LL_ENC_Decrypt1 (via Veneer)
</UL>

<P><STRONG><a name="[aa]"></a>__rt_ctype_table</STRONG> (Thumb, 0 bytes, Stack size 0 bytes, bb_rom_sym_m0.txt(ABSOLUTE))
<BR><BR>[Called By]<UL><LI><a href="#[a7]">&gt;&gt;</a>&nbsp;&nbsp;&nbsp;strtol (via Veneer)
</UL>

<P><STRONG><a name="[ab]"></a>_strtoul</STRONG> (Thumb, 0 bytes, Stack size 0 bytes, bb_rom_sym_m0.txt(ABSOLUTE))
<BR><BR>[Called By]<UL><LI><a href="#[a7]">&gt;&gt;</a>&nbsp;&nbsp;&nbsp;strtol (via Veneer)
</UL>

<P><STRONG><a name="[bc]"></a>HCI_CommandCompleteEvent</STRONG> (Thumb, 0 bytes, Stack size 0 bytes, bb_rom_sym_m0.txt(ABSOLUTE))
<BR><BR>[Called By]<UL><LI><a href="#[bd]">&gt;&gt;</a>&nbsp;&nbsp;&nbsp;HCI_LE_LtkReqReplyCmd (via Veneer)
<LI><a href="#[ba]">&gt;&gt;</a>&nbsp;&nbsp;&nbsp;HCI_LE_LtkReqNegReplyCmd (via Veneer)
</UL>

<P><STRONG><a name="[1b1]"></a>HCI_DisconnectCmd</STRONG> (Thumb, 0 bytes, Stack size 0 bytes, bb_rom_sym_m0.txt(ABSOLUTE))
<BR><BR>[Called By]<UL><LI><a href="#[191]">&gt;&gt;</a>&nbsp;&nbsp;&nbsp;GAP_TerminateLinkReq (via Veneer)
<LI><a href="#[1b0]">&gt;&gt;</a>&nbsp;&nbsp;&nbsp;disconnectNext (via Veneer)
</UL>

<P><STRONG><a name="[19c]"></a>HCI_GAPTaskRegister</STRONG> (Thumb, 0 bytes, Stack size 0 bytes, bb_rom_sym_m0.txt(ABSOLUTE))
<BR><BR>[Called By]<UL><LI><a href="#[13d]">&gt;&gt;</a>&nbsp;&nbsp;&nbsp;GAP_Init (via Veneer)
</UL>

<P><STRONG><a name="[1e1]"></a>HCI_HostNumCompletedPktCmd</STRONG> (Thumb, 0 bytes, Stack size 0 bytes, bb_rom_sym_m0.txt(ABSOLUTE))
<BR><BR>[Called By]<UL><LI><a href="#[1ca]">&gt;&gt;</a>&nbsp;&nbsp;&nbsp;L2CAP_HostNumCompletedPkts (via Veneer)
</UL>

<P><STRONG><a name="[13a]"></a>HCI_Init</STRONG> (Thumb, 0 bytes, Stack size 0 bytes, bb_rom_sym_m0.txt(ABSOLUTE))
<BR><BR>[Called By]<UL><LI><a href="#[3b]">&gt;&gt;</a>&nbsp;&nbsp;&nbsp;osalInitTasks (via Veneer)
</UL>

<P><STRONG><a name="[1e2]"></a>HCI_L2CAPTaskRegister</STRONG> (Thumb, 0 bytes, Stack size 0 bytes, bb_rom_sym_m0.txt(ABSOLUTE))
<BR><BR>[Called By]<UL><LI><a href="#[13b]">&gt;&gt;</a>&nbsp;&nbsp;&nbsp;L2CAP_Init (via Veneer)
</UL>

<P><STRONG><a name="[2aa]"></a>HCI_LE_RandCmd</STRONG> (Thumb, 0 bytes, Stack size 0 bytes, bb_rom_sym_m0.txt(ABSOLUTE))
<BR><BR>[Called By]<UL><LI><a href="#[2a9]">&gt;&gt;</a>&nbsp;&nbsp;&nbsp;smProcessRandComplete (via Veneer)
</UL>

<P><STRONG><a name="[22d]"></a>HCI_LE_ReadBufSizeCmd</STRONG> (Thumb, 0 bytes, Stack size 0 bytes, bb_rom_sym_m0.txt(ABSOLUTE))
<BR><BR>[Called By]<UL><LI><a href="#[229]">&gt;&gt;</a>&nbsp;&nbsp;&nbsp;gapReadBD_ADDRStatus (via Veneer)
</UL>

<P><STRONG><a name="[1b2]"></a>HCI_LE_SetAdvDataCmd</STRONG> (Thumb, 0 bytes, Stack size 0 bytes, bb_rom_sym_m0.txt(ABSOLUTE))
<BR><BR>[Called By]<UL><LI><a href="#[18c]">&gt;&gt;</a>&nbsp;&nbsp;&nbsp;GAP_UpdateAdvertisingData (via Veneer)
</UL>

<P><STRONG><a name="[19a]"></a>HCI_LE_SetAdvEnableCmd</STRONG> (Thumb, 0 bytes, Stack size 0 bytes, bb_rom_sym_m0.txt(ABSOLUTE))
<BR><BR>[Called By]<UL><LI><a href="#[18b]">&gt;&gt;</a>&nbsp;&nbsp;&nbsp;GAP_EndDiscoverable (via Veneer)
<LI><a href="#[21a]">&gt;&gt;</a>&nbsp;&nbsp;&nbsp;gapSetAdvParamsStatus (via Veneer)
</UL>

<P><STRONG><a name="[233]"></a>HCI_LE_SetAdvParamCmd</STRONG> (Thumb, 0 bytes, Stack size 0 bytes, bb_rom_sym_m0.txt(ABSOLUTE))
<BR><BR>[Called By]<UL><LI><a href="#[3]">&gt;&gt;</a>&nbsp;&nbsp;&nbsp;gapSetAdvParams (via Veneer)
</UL>

<P><STRONG><a name="[22b]"></a>HCI_LE_SetRandomAddressCmd</STRONG> (Thumb, 0 bytes, Stack size 0 bytes, bb_rom_sym_m0.txt(ABSOLUTE))
<BR><BR>[Called By]<UL><LI><a href="#[1aa]">&gt;&gt;</a>&nbsp;&nbsp;&nbsp;gapProcessNewAddr (via Veneer)
</UL>

<P><STRONG><a name="[1b3]"></a>HCI_LE_SetScanRspDataCmd</STRONG> (Thumb, 0 bytes, Stack size 0 bytes, bb_rom_sym_m0.txt(ABSOLUTE))
<BR><BR>[Called By]<UL><LI><a href="#[18c]">&gt;&gt;</a>&nbsp;&nbsp;&nbsp;GAP_UpdateAdvertisingData (via Veneer)
</UL>

<P><STRONG><a name="[33]"></a>HCI_ProcessEvent</STRONG> (Thumb, 0 bytes, Stack size 0 bytes, bb_rom_sym_m0.txt(ABSOLUTE), UNUSED)
<BR>[Address Reference Count : 1]<UL><LI> osal_wrist.o(.constdata)
</UL>
<P><STRONG><a name="[1a2]"></a>HCI_ReadBDADDRCmd</STRONG> (Thumb, 0 bytes, Stack size 0 bytes, bb_rom_sym_m0.txt(ABSOLUTE))
<BR><BR>[Called By]<UL><LI><a href="#[196]">&gt;&gt;</a>&nbsp;&nbsp;&nbsp;GAP_ParamsInit (via Veneer)
</UL>

<P><STRONG><a name="[186]"></a>HCI_ReadRssiCmd</STRONG> (Thumb, 0 bytes, Stack size 0 bytes, bb_rom_sym_m0.txt(ABSOLUTE))
<BR><BR>[Called By]<UL><LI><a href="#[38]">&gt;&gt;</a>&nbsp;&nbsp;&nbsp;GAPRole_ProcessEvent (via Veneer)
</UL>

<P><STRONG><a name="[1f5]"></a>HCI_SMPTaskRegister</STRONG> (Thumb, 0 bytes, Stack size 0 bytes, bb_rom_sym_m0.txt(ABSOLUTE))
<BR><BR>[Called By]<UL><LI><a href="#[13c]">&gt;&gt;</a>&nbsp;&nbsp;&nbsp;SM_Init (via Veneer)
</UL>

<P><STRONG><a name="[b8]"></a>HCI_SendDataPkt</STRONG> (Thumb, 0 bytes, Stack size 0 bytes, bb_rom_sym_m0.txt(ABSOLUTE))
<BR><BR>[Called By]<UL><LI><a href="#[b7]">&gt;&gt;</a>&nbsp;&nbsp;&nbsp;L2CAP_Fragment_SendDataPkt (via Veneer)
</UL>

<P><STRONG><a name="[1ec]"></a>HCI_bm_alloc</STRONG> (Thumb, 0 bytes, Stack size 0 bytes, bb_rom_sym_m0.txt(ABSOLUTE))
<BR><BR>[Called By]<UL><LI><a href="#[1eb]">&gt;&gt;</a>&nbsp;&nbsp;&nbsp;L2CAP_bm_alloc (via Veneer)
</UL>

<P><STRONG><a name="[9]"></a>HardFault_Handler</STRONG> (Thumb, 0 bytes, Stack size 0 bytes, bb_rom_sym_m0.txt(ABSOLUTE), UNUSED)
<BR>[Address Reference Count : 1]<UL><LI> startup_armcm0.o(RESET)
</UL>
<P><STRONG><a name="[c3]"></a>LL_ConnActive</STRONG> (Thumb, 0 bytes, Stack size 0 bytes, bb_rom_sym_m0.txt(ABSOLUTE))
<BR><BR>[Called By]<UL><LI><a href="#[be]">&gt;&gt;</a>&nbsp;&nbsp;&nbsp;LL_EncLtkReply (via Veneer)
<LI><a href="#[bb]">&gt;&gt;</a>&nbsp;&nbsp;&nbsp;LL_EncLtkNegReply (via Veneer)
</UL>

<P><STRONG><a name="[282]"></a>LL_Disconnect</STRONG> (Thumb, 0 bytes, Stack size 0 bytes, bb_rom_sym_m0.txt(ABSOLUTE))
<BR><BR>[Called By]<UL><LI><a href="#[281]">&gt;&gt;</a>&nbsp;&nbsp;&nbsp;ota_disconnect_link (via Veneer)
</UL>

<P><STRONG><a name="[15a]"></a>LL_ENC_AES128_Encrypt</STRONG> (Thumb, 0 bytes, Stack size 0 bytes, bb_rom_sym_m0.txt(ABSOLUTE))
<BR><BR>[Called By]<UL><LI><a href="#[280]">&gt;&gt;</a>&nbsp;&nbsp;&nbsp;process_cmd (via Veneer)
<LI><a href="#[159]">&gt;&gt;</a>&nbsp;&nbsp;&nbsp;TRNG_Rand (via Veneer)
</UL>

<P><STRONG><a name="[bf]"></a>LL_ENC_AES128_Encrypt0</STRONG> (Thumb, 0 bytes, Stack size 0 bytes, bb_rom_sym_m0.txt(ABSOLUTE))
<BR><BR>[Called By]<UL><LI><a href="#[ea]">&gt;&gt;</a>&nbsp;&nbsp;&nbsp;finidv (via Veneer)
<LI><a href="#[45]">&gt;&gt;</a>&nbsp;&nbsp;&nbsp;LL_ENC_AES128_Encrypt1 (via Veneer)
</UL>

<P><STRONG><a name="[c1]"></a>LL_ENC_GenerateNonce</STRONG> (Thumb, 0 bytes, Stack size 0 bytes, bb_rom_sym_m0.txt(ABSOLUTE))
<BR><BR>[Called By]<UL><LI><a href="#[46]">&gt;&gt;</a>&nbsp;&nbsp;&nbsp;LL_ENC_Encrypt1 (via Veneer)
<LI><a href="#[47]">&gt;&gt;</a>&nbsp;&nbsp;&nbsp;LL_ENC_Decrypt1 (via Veneer)
</UL>

<P><STRONG><a name="[c0]"></a>LL_ENC_LoadKey</STRONG> (Thumb, 0 bytes, Stack size 0 bytes, bb_rom_sym_m0.txt(ABSOLUTE))
<BR><BR>[Called By]<UL><LI><a href="#[46]">&gt;&gt;</a>&nbsp;&nbsp;&nbsp;LL_ENC_Encrypt1 (via Veneer)
<LI><a href="#[47]">&gt;&gt;</a>&nbsp;&nbsp;&nbsp;LL_ENC_Decrypt1 (via Veneer)
</UL>

<P><STRONG><a name="[28b]"></a>LL_Encrypt</STRONG> (Thumb, 0 bytes, Stack size 0 bytes, bb_rom_sym_m0.txt(ABSOLUTE))
<BR><BR>[Called By]<UL><LI><a href="#[244]">&gt;&gt;</a>&nbsp;&nbsp;&nbsp;smEncryptLocal (via Veneer)
<LI><a href="#[28a]">&gt;&gt;</a>&nbsp;&nbsp;&nbsp;smEncrypt (via Veneer)
</UL>

<P><STRONG><a name="[139]"></a>LL_Init</STRONG> (Thumb, 0 bytes, Stack size 0 bytes, bb_rom_sym_m0.txt(ABSOLUTE))
<BR><BR>[Called By]<UL><LI><a href="#[3b]">&gt;&gt;</a>&nbsp;&nbsp;&nbsp;osalInitTasks (via Veneer)
</UL>

<P><STRONG><a name="[117]"></a>LL_InitConnectContext</STRONG> (Thumb, 0 bytes, Stack size 0 bytes, bb_rom_sym_m0.txt(ABSOLUTE))
<BR><BR>[Called By]<UL><LI><a href="#[113]">&gt;&gt;</a>&nbsp;&nbsp;&nbsp;hal_rfphy_init (via Veneer)
</UL>

<P><STRONG><a name="[32]"></a>LL_ProcessEvent</STRONG> (Thumb, 0 bytes, Stack size 0 bytes, bb_rom_sym_m0.txt(ABSOLUTE), UNUSED)
<BR>[Address Reference Count : 1]<UL><LI> osal_wrist.o(.constdata)
</UL>
<P><STRONG><a name="[287]"></a>LL_Rand</STRONG> (Thumb, 0 bytes, Stack size 0 bytes, bb_rom_sym_m0.txt(ABSOLUTE))
<BR><BR>[Called By]<UL><LI><a href="#[280]">&gt;&gt;</a>&nbsp;&nbsp;&nbsp;process_cmd (via Veneer)
</UL>

<P><STRONG><a name="[e1]"></a>LL_SetAdvParam0</STRONG> (Thumb, 0 bytes, Stack size 0 bytes, bb_rom_sym_m0.txt(ABSOLUTE))
<BR><BR>[Called By]<UL><LI><a href="#[2b]">&gt;&gt;</a>&nbsp;&nbsp;&nbsp;LL_SetAdvParam1 (via Veneer)
</UL>

<P><STRONG><a name="[e2]"></a>LL_SetDataLengh0</STRONG> (Thumb, 0 bytes, Stack size 0 bytes, bb_rom_sym_m0.txt(ABSOLUTE))
<BR><BR>[Called By]<UL><LI><a href="#[4c]">&gt;&gt;</a>&nbsp;&nbsp;&nbsp;LL_SetDataLengh1 (via Veneer)
</UL>

<P><STRONG><a name="[1e0]"></a>LL_TX_bm_alloc</STRONG> (Thumb, 0 bytes, Stack size 0 bytes, bb_rom_sym_m0.txt(ABSOLUTE))
<BR><BR>[Called By]<UL><LI><a href="#[1df]">&gt;&gt;</a>&nbsp;&nbsp;&nbsp;L2CAP_Fragment_bm_alloc (via Veneer)
</UL>

<P><STRONG><a name="[e3]"></a>LL_set_default_conn_params0</STRONG> (Thumb, 0 bytes, Stack size 0 bytes, bb_rom_sym_m0.txt(ABSOLUTE))
<BR><BR>[Called By]<UL><LI><a href="#[51]">&gt;&gt;</a>&nbsp;&nbsp;&nbsp;LL_set_default_conn_params1 (via Veneer)
</UL>

<P><STRONG><a name="[8]"></a>NMI_Handler</STRONG> (Thumb, 0 bytes, Stack size 0 bytes, bb_rom_sym_m0.txt(ABSOLUTE), UNUSED)
<BR>[Address Reference Count : 1]<UL><LI> startup_armcm0.o(RESET)
</UL>
<P><STRONG><a name="[b]"></a>PendSV_Handler</STRONG> (Thumb, 0 bytes, Stack size 0 bytes, bb_rom_sym_m0.txt(ABSOLUTE), UNUSED)
<BR>[Address Reference Count : 1]<UL><LI> startup_armcm0.o(RESET)
</UL>
<P><STRONG><a name="[e5]"></a>WaitRTCCount</STRONG> (Thumb, 0 bytes, Stack size 0 bytes, bb_rom_sym_m0.txt(ABSOLUTE))
<BR><BR>[Called By]<UL><LI><a href="#[e4]">&gt;&gt;</a>&nbsp;&nbsp;&nbsp;WaitMs (via Veneer)
<LI><a href="#[ee]">&gt;&gt;</a>&nbsp;&nbsp;&nbsp;_spif_wait_nobusy_x (via Veneer)
<LI><a href="#[f8]">&gt;&gt;</a>&nbsp;&nbsp;&nbsp;check_96MXtal_by_rcTracking (via Veneer)
<LI><a href="#[f5]">&gt;&gt;</a>&nbsp;&nbsp;&nbsp;check_16MXtal_by_rcTracking (via Veneer)
<LI><a href="#[157]">&gt;&gt;</a>&nbsp;&nbsp;&nbsp;TRNG_Output (via Veneer)
<LI><a href="#[142]">&gt;&gt;</a>&nbsp;&nbsp;&nbsp;rc32k_calibration (via Veneer)
<LI><a href="#[49]">&gt;&gt;</a>&nbsp;&nbsp;&nbsp;wakeup_init1 (via Veneer)
<LI><a href="#[4a]">&gt;&gt;</a>&nbsp;&nbsp;&nbsp;wakeupProcess1 (via Veneer)
<LI><a href="#[48]">&gt;&gt;</a>&nbsp;&nbsp;&nbsp;config_RTC1 (via Veneer)
</UL>

<P><STRONG><a name="[db]"></a>__ARM_common_switch8</STRONG> (Thumb, 0 bytes, Stack size 0 bytes, bb_rom_sym_m0.txt(ABSOLUTE))
<BR><BR>[Called By]<UL><LI><a href="#[22e]">&gt;&gt;</a>&nbsp;&nbsp;&nbsp;gapRole_ProcessGAPMsg (via Veneer)
<LI><a href="#[1d9]">&gt;&gt;</a>&nbsp;&nbsp;&nbsp;GGS_SetParameter (via Veneer)
<LI><a href="#[7c]">&gt;&gt;</a>&nbsp;&nbsp;&nbsp;ggs_ReadAttrCB (via Veneer)
<LI><a href="#[190]">&gt;&gt;</a>&nbsp;&nbsp;&nbsp;GAP_DeviceInit (via Veneer)
<LI><a href="#[280]">&gt;&gt;</a>&nbsp;&nbsp;&nbsp;process_cmd (via Veneer)
<LI><a href="#[18a]">&gt;&gt;</a>&nbsp;&nbsp;&nbsp;GAPRole_SetParameter (via Veneer)
<LI><a href="#[17f]">&gt;&gt;</a>&nbsp;&nbsp;&nbsp;GAPRole_GetParameter (via Veneer)
<LI><a href="#[29a]">&gt;&gt;</a>&nbsp;&nbsp;&nbsp;smProcessDataMsg (via Veneer)
<LI><a href="#[4]">&gt;&gt;</a>&nbsp;&nbsp;&nbsp;smpResponderProcessIncoming (via Veneer)
<LI><a href="#[5]">&gt;&gt;</a>&nbsp;&nbsp;&nbsp;smResponderSendNextKeyInfo (via Veneer)
<LI><a href="#[1]">&gt;&gt;</a>&nbsp;&nbsp;&nbsp;gapPeriProcessHCICmdCompleteEvt (via Veneer)
<LI><a href="#[14a]">&gt;&gt;</a>&nbsp;&nbsp;&nbsp;rf_tp_cal (via Veneer)
<LI><a href="#[144]">&gt;&gt;</a>&nbsp;&nbsp;&nbsp;rf_rxDcoc_cfg (via Veneer)
<LI><a href="#[2e]">&gt;&gt;</a>&nbsp;&nbsp;&nbsp;LL_SetAdvControl1 (via Veneer)
</UL>

<P><STRONG><a name="[14e]"></a>app_wakeup_process</STRONG> (Thumb, 0 bytes, Stack size 0 bytes, bb_rom_sym_m0.txt(ABSOLUTE))
<BR><BR>[Called By]<UL><LI><a href="#[4a]">&gt;&gt;</a>&nbsp;&nbsp;&nbsp;wakeupProcess1 (via Veneer)
</UL>

<P><STRONG><a name="[e0]"></a>clear_timer</STRONG> (Thumb, 0 bytes, Stack size 0 bytes, bb_rom_sym_m0.txt(ABSOLUTE))
<BR><BR>[Called By]<UL><LI><a href="#[2e]">&gt;&gt;</a>&nbsp;&nbsp;&nbsp;LL_SetAdvControl1 (via Veneer)
</UL>

<P><STRONG><a name="[2c1]"></a>clk_get_pclk</STRONG> (Thumb, 0 bytes, Stack size 0 bytes, bb_rom_sym_m0.txt(ABSOLUTE))
<BR><BR>[Called By]<UL><LI><a href="#[263]">&gt;&gt;</a>&nbsp;&nbsp;&nbsp;uart_hw_init (via Veneer)
</UL>

<P><STRONG><a name="[133]"></a>clk_init</STRONG> (Thumb, 0 bytes, Stack size 0 bytes, bb_rom_sym_m0.txt(ABSOLUTE))
<BR><BR>[Called By]<UL><LI><a href="#[24]">&gt;&gt;</a>&nbsp;&nbsp;&nbsp;main (via Veneer)
<LI><a href="#[49]">&gt;&gt;</a>&nbsp;&nbsp;&nbsp;wakeup_init1 (via Veneer)
</UL>

<P><STRONG><a name="[b1]"></a>config_RTC</STRONG> (Thumb, 0 bytes, Stack size 0 bytes, bb_rom_sym_m0.txt(ABSOLUTE))
<BR><BR>[Called By]<UL><LI><a href="#[af]">&gt;&gt;</a>&nbsp;&nbsp;&nbsp;hal_pwrmgr_enter_sleep_rtc_reset (via Veneer)
</UL>

<P><STRONG><a name="[10f]"></a>disableSleep</STRONG> (Thumb, 0 bytes, Stack size 0 bytes, bb_rom_sym_m0.txt(ABSOLUTE))
<BR><BR>[Called By]<UL><LI><a href="#[10e]">&gt;&gt;</a>&nbsp;&nbsp;&nbsp;hal_pwrmgr_init (via Veneer)
<LI><a href="#[ad]">&gt;&gt;</a>&nbsp;&nbsp;&nbsp;hal_pwrmgr_unlock (via Veneer)
<LI><a href="#[111]">&gt;&gt;</a>&nbsp;&nbsp;&nbsp;hal_pwrmgr_lock (via Veneer)
</UL>

<P><STRONG><a name="[b0]"></a>drv_disable_irq</STRONG> (Thumb, 0 bytes, Stack size 0 bytes, bb_rom_sym_m0.txt(ABSOLUTE))
<BR><BR>[Called By]<UL><LI><a href="#[264]">&gt;&gt;</a>&nbsp;&nbsp;&nbsp;txmit_buf_use_tx_buf (via Veneer)
<LI><a href="#[ad]">&gt;&gt;</a>&nbsp;&nbsp;&nbsp;hal_pwrmgr_unlock (via Veneer)
<LI><a href="#[111]">&gt;&gt;</a>&nbsp;&nbsp;&nbsp;hal_pwrmgr_lock (via Veneer)
<LI><a href="#[108]">&gt;&gt;</a>&nbsp;&nbsp;&nbsp;hal_flash_read (via Veneer)
<LI><a href="#[107]">&gt;&gt;</a>&nbsp;&nbsp;&nbsp;hal_cache_tag_flush (via Veneer)
<LI><a href="#[b6]">&gt;&gt;</a>&nbsp;&nbsp;&nbsp;spif_unlock (via Veneer)
<LI><a href="#[b4]">&gt;&gt;</a>&nbsp;&nbsp;&nbsp;spif_lock (via Veneer)
<LI><a href="#[af]">&gt;&gt;</a>&nbsp;&nbsp;&nbsp;hal_pwrmgr_enter_sleep_rtc_reset (via Veneer)
<LI><a href="#[2d]">&gt;&gt;</a>&nbsp;&nbsp;&nbsp;llSecAdvAllow1 (via Veneer)
<LI><a href="#[2c]">&gt;&gt;</a>&nbsp;&nbsp;&nbsp;llCalcMaxScanTime1 (via Veneer)
<LI><a href="#[2e]">&gt;&gt;</a>&nbsp;&nbsp;&nbsp;LL_SetAdvControl1 (via Veneer)
</UL>

<P><STRONG><a name="[b5]"></a>drv_enable_irq</STRONG> (Thumb, 0 bytes, Stack size 0 bytes, bb_rom_sym_m0.txt(ABSOLUTE))
<BR><BR>[Called By]<UL><LI><a href="#[264]">&gt;&gt;</a>&nbsp;&nbsp;&nbsp;txmit_buf_use_tx_buf (via Veneer)
<LI><a href="#[ad]">&gt;&gt;</a>&nbsp;&nbsp;&nbsp;hal_pwrmgr_unlock (via Veneer)
<LI><a href="#[111]">&gt;&gt;</a>&nbsp;&nbsp;&nbsp;hal_pwrmgr_lock (via Veneer)
<LI><a href="#[108]">&gt;&gt;</a>&nbsp;&nbsp;&nbsp;hal_flash_read (via Veneer)
<LI><a href="#[107]">&gt;&gt;</a>&nbsp;&nbsp;&nbsp;hal_cache_tag_flush (via Veneer)
<LI><a href="#[b6]">&gt;&gt;</a>&nbsp;&nbsp;&nbsp;spif_unlock (via Veneer)
<LI><a href="#[b4]">&gt;&gt;</a>&nbsp;&nbsp;&nbsp;spif_lock (via Veneer)
<LI><a href="#[2d]">&gt;&gt;</a>&nbsp;&nbsp;&nbsp;llSecAdvAllow1 (via Veneer)
<LI><a href="#[2c]">&gt;&gt;</a>&nbsp;&nbsp;&nbsp;llCalcMaxScanTime1 (via Veneer)
<LI><a href="#[2e]">&gt;&gt;</a>&nbsp;&nbsp;&nbsp;LL_SetAdvControl1 (via Veneer)
</UL>

<P><STRONG><a name="[130]"></a>drv_irq_init</STRONG> (Thumb, 0 bytes, Stack size 0 bytes, bb_rom_sym_m0.txt(ABSOLUTE))
<BR><BR>[Called By]<UL><LI><a href="#[24]">&gt;&gt;</a>&nbsp;&nbsp;&nbsp;main (via Veneer)
<LI><a href="#[4a]">&gt;&gt;</a>&nbsp;&nbsp;&nbsp;wakeupProcess1 (via Veneer)
</UL>

<P><STRONG><a name="[e9]"></a>efuse_read</STRONG> (Thumb, 0 bytes, Stack size 0 bytes, bb_rom_sym_m0.txt(ABSOLUTE))
<BR><BR>[Called By]<UL><LI><a href="#[ea]">&gt;&gt;</a>&nbsp;&nbsp;&nbsp;finidv (via Veneer)
<LI><a href="#[e8]">&gt;&gt;</a>&nbsp;&nbsp;&nbsp;_efuse_chip_version_check (via Veneer)
</UL>

<P><STRONG><a name="[110]"></a>enableSleep</STRONG> (Thumb, 0 bytes, Stack size 0 bytes, bb_rom_sym_m0.txt(ABSOLUTE))
<BR><BR>[Called By]<UL><LI><a href="#[131]">&gt;&gt;</a>&nbsp;&nbsp;&nbsp;init_config (via Veneer)
<LI><a href="#[10e]">&gt;&gt;</a>&nbsp;&nbsp;&nbsp;hal_pwrmgr_init (via Veneer)
<LI><a href="#[ad]">&gt;&gt;</a>&nbsp;&nbsp;&nbsp;hal_pwrmgr_unlock (via Veneer)
</UL>

<P><STRONG><a name="[b3]"></a>enter_sleep_off_mode</STRONG> (Thumb, 0 bytes, Stack size 0 bytes, bb_rom_sym_m0.txt(ABSOLUTE))
<BR><BR>[Called By]<UL><LI><a href="#[af]">&gt;&gt;</a>&nbsp;&nbsp;&nbsp;hal_pwrmgr_enter_sleep_rtc_reset (via Veneer)
</UL>

<P><STRONG><a name="[12a]"></a>getTxBufferSize</STRONG> (Thumb, 0 bytes, Stack size 0 bytes, bb_rom_sym_m0.txt(ABSOLUTE))
<BR><BR>[Called By]<UL><LI><a href="#[4e]">&gt;&gt;</a>&nbsp;&nbsp;&nbsp;ll_generateTxBuffer1 (via Veneer)
</UL>

<P><STRONG><a name="[12b]"></a>get_tx_read_ptr</STRONG> (Thumb, 0 bytes, Stack size 0 bytes, bb_rom_sym_m0.txt(ABSOLUTE))
<BR><BR>[Called By]<UL><LI><a href="#[4e]">&gt;&gt;</a>&nbsp;&nbsp;&nbsp;ll_generateTxBuffer1 (via Veneer)
</UL>

<P><STRONG><a name="[11f]"></a>llConnTerminate0</STRONG> (Thumb, 0 bytes, Stack size 0 bytes, bb_rom_sym_m0.txt(ABSOLUTE))
<BR><BR>[Called By]<UL><LI><a href="#[50]">&gt;&gt;</a>&nbsp;&nbsp;&nbsp;llConnTerminate1 (via Veneer)
</UL>

<P><STRONG><a name="[c4]"></a>llEnqueueCtrlPkt</STRONG> (Thumb, 0 bytes, Stack size 0 bytes, bb_rom_sym_m0.txt(ABSOLUTE))
<BR><BR>[Called By]<UL><LI><a href="#[4e]">&gt;&gt;</a>&nbsp;&nbsp;&nbsp;ll_generateTxBuffer1 (via Veneer)
<LI><a href="#[be]">&gt;&gt;</a>&nbsp;&nbsp;&nbsp;LL_EncLtkReply (via Veneer)
<LI><a href="#[bb]">&gt;&gt;</a>&nbsp;&nbsp;&nbsp;LL_EncLtkNegReply (via Veneer)
</UL>

<P><STRONG><a name="[120]"></a>llProcessChanMap</STRONG> (Thumb, 0 bytes, Stack size 0 bytes, bb_rom_sym_m0.txt(ABSOLUTE))
<BR><BR>[Called By]<UL><LI><a href="#[50]">&gt;&gt;</a>&nbsp;&nbsp;&nbsp;llConnTerminate1 (via Veneer)
</UL>

<P><STRONG><a name="[121]"></a>llProcessTxData0</STRONG> (Thumb, 0 bytes, Stack size 0 bytes, bb_rom_sym_m0.txt(ABSOLUTE))
<BR><BR>[Called By]<UL><LI><a href="#[4d]">&gt;&gt;</a>&nbsp;&nbsp;&nbsp;llProcessTxData1 (via Veneer)
</UL>

<P><STRONG><a name="[d6]"></a>llSecAdvAllow</STRONG> (Thumb, 0 bytes, Stack size 0 bytes, bb_rom_sym_m0.txt(ABSOLUTE))
<BR><BR>[Called By]<UL><LI><a href="#[42]">&gt;&gt;</a>&nbsp;&nbsp;&nbsp;LL_IRQHandler1 (via Veneer)
</UL>

<P><STRONG><a name="[dc]"></a>llSetupAdv</STRONG> (Thumb, 0 bytes, Stack size 0 bytes, bb_rom_sym_m0.txt(ABSOLUTE))
<BR><BR>[Called By]<UL><LI><a href="#[2f]">&gt;&gt;</a>&nbsp;&nbsp;&nbsp;llSetupSecAdvEvt1 (via Veneer)
<LI><a href="#[2e]">&gt;&gt;</a>&nbsp;&nbsp;&nbsp;LL_SetAdvControl1 (via Veneer)
</UL>

<P><STRONG><a name="[122]"></a>llSetupNextSlaveEvent0</STRONG> (Thumb, 0 bytes, Stack size 0 bytes, bb_rom_sym_m0.txt(ABSOLUTE))
<BR><BR>[Called By]<UL><LI><a href="#[31]">&gt;&gt;</a>&nbsp;&nbsp;&nbsp;llSetupNextSlaveEvent1 (via Veneer)
</UL>

<P><STRONG><a name="[d7]"></a>llSetupSecAdvEvt</STRONG> (Thumb, 0 bytes, Stack size 0 bytes, bb_rom_sym_m0.txt(ABSOLUTE))
<BR><BR>[Called By]<UL><LI><a href="#[42]">&gt;&gt;</a>&nbsp;&nbsp;&nbsp;LL_IRQHandler1 (via Veneer)
</UL>

<P><STRONG><a name="[123]"></a>llSetupSecConnectableAdvEvt</STRONG> (Thumb, 0 bytes, Stack size 0 bytes, bb_rom_sym_m0.txt(ABSOLUTE))
<BR><BR>[Called By]<UL><LI><a href="#[2f]">&gt;&gt;</a>&nbsp;&nbsp;&nbsp;llSetupSecAdvEvt1 (via Veneer)
</UL>

<P><STRONG><a name="[da]"></a>llSetupSecInit</STRONG> (Thumb, 0 bytes, Stack size 0 bytes, bb_rom_sym_m0.txt(ABSOLUTE))
<BR><BR>[Called By]<UL><LI><a href="#[42]">&gt;&gt;</a>&nbsp;&nbsp;&nbsp;LL_IRQHandler1 (via Veneer)
</UL>

<P><STRONG><a name="[124]"></a>llSetupSecNonConnectableAdvEvt</STRONG> (Thumb, 0 bytes, Stack size 0 bytes, bb_rom_sym_m0.txt(ABSOLUTE))
<BR><BR>[Called By]<UL><LI><a href="#[2f]">&gt;&gt;</a>&nbsp;&nbsp;&nbsp;llSetupSecAdvEvt1 (via Veneer)
</UL>

<P><STRONG><a name="[d9]"></a>llSetupSecScan</STRONG> (Thumb, 0 bytes, Stack size 0 bytes, bb_rom_sym_m0.txt(ABSOLUTE))
<BR><BR>[Called By]<UL><LI><a href="#[42]">&gt;&gt;</a>&nbsp;&nbsp;&nbsp;LL_IRQHandler1 (via Veneer)
</UL>

<P><STRONG><a name="[125]"></a>llSetupSecScannableAdvEvt</STRONG> (Thumb, 0 bytes, Stack size 0 bytes, bb_rom_sym_m0.txt(ABSOLUTE))
<BR><BR>[Called By]<UL><LI><a href="#[2f]">&gt;&gt;</a>&nbsp;&nbsp;&nbsp;llSetupSecAdvEvt1 (via Veneer)
</UL>

<P><STRONG><a name="[c6]"></a>ll_debug_output</STRONG> (Thumb, 0 bytes, Stack size 0 bytes, bb_rom_sym_m0.txt(ABSOLUTE))
<BR><BR>[Called By]<UL><LI><a href="#[4a]">&gt;&gt;</a>&nbsp;&nbsp;&nbsp;wakeupProcess1 (via Veneer)
<LI><a href="#[2e]">&gt;&gt;</a>&nbsp;&nbsp;&nbsp;LL_SetAdvControl1 (via Veneer)
<LI><a href="#[42]">&gt;&gt;</a>&nbsp;&nbsp;&nbsp;LL_IRQHandler1 (via Veneer)
</UL>

<P><STRONG><a name="[c9]"></a>ll_hw_clr_irq</STRONG> (Thumb, 0 bytes, Stack size 0 bytes, bb_rom_sym_m0.txt(ABSOLUTE))
<BR><BR>[Called By]<UL><LI><a href="#[42]">&gt;&gt;</a>&nbsp;&nbsp;&nbsp;LL_IRQHandler1 (via Veneer)
</UL>

<P><STRONG><a name="[127]"></a>ll_hw_get_anchor</STRONG> (Thumb, 0 bytes, Stack size 0 bytes, bb_rom_sym_m0.txt(ABSOLUTE))
<BR><BR>[Called By]<UL><LI><a href="#[4f]">&gt;&gt;</a>&nbsp;&nbsp;&nbsp;ll_adptive_adj_next_time1 (via Veneer)
</UL>

<P><STRONG><a name="[c7]"></a>ll_hw_get_irq_status</STRONG> (Thumb, 0 bytes, Stack size 0 bytes, bb_rom_sym_m0.txt(ABSOLUTE))
<BR><BR>[Called By]<UL><LI><a href="#[42]">&gt;&gt;</a>&nbsp;&nbsp;&nbsp;LL_IRQHandler1 (via Veneer)
</UL>

<P><STRONG><a name="[126]"></a>ll_hw_get_loop_cycle</STRONG> (Thumb, 0 bytes, Stack size 0 bytes, bb_rom_sym_m0.txt(ABSOLUTE))
<BR><BR>[Called By]<UL><LI><a href="#[4f]">&gt;&gt;</a>&nbsp;&nbsp;&nbsp;ll_adptive_adj_next_time1 (via Veneer)
</UL>

<P><STRONG><a name="[129]"></a>ll_hw_get_tfifo_wrptr</STRONG> (Thumb, 0 bytes, Stack size 0 bytes, bb_rom_sym_m0.txt(ABSOLUTE))
<BR><BR>[Called By]<UL><LI><a href="#[4e]">&gt;&gt;</a>&nbsp;&nbsp;&nbsp;ll_generateTxBuffer1 (via Veneer)
</UL>

<P><STRONG><a name="[c8]"></a>ll_hw_get_tr_mode</STRONG> (Thumb, 0 bytes, Stack size 0 bytes, bb_rom_sym_m0.txt(ABSOLUTE))
<BR><BR>[Called By]<UL><LI><a href="#[41]">&gt;&gt;</a>&nbsp;&nbsp;&nbsp;ll_hw_go1 (via Veneer)
<LI><a href="#[42]">&gt;&gt;</a>&nbsp;&nbsp;&nbsp;LL_IRQHandler1 (via Veneer)
</UL>

<P><STRONG><a name="[155]"></a>ll_hw_ign_rfifo</STRONG> (Thumb, 0 bytes, Stack size 0 bytes, bb_rom_sym_m0.txt(ABSOLUTE))
<BR><BR>[Called By]<UL><LI><a href="#[49]">&gt;&gt;</a>&nbsp;&nbsp;&nbsp;wakeup_init1 (via Veneer)
</UL>

<P><STRONG><a name="[146]"></a>ll_hw_set_crc_fmt</STRONG> (Thumb, 0 bytes, Stack size 0 bytes, bb_rom_sym_m0.txt(ABSOLUTE))
<BR><BR>[Called By]<UL><LI><a href="#[145]">&gt;&gt;</a>&nbsp;&nbsp;&nbsp;rf_phy_bb_cfg (via Veneer)
</UL>

<P><STRONG><a name="[151]"></a>ll_hw_set_empty_head</STRONG> (Thumb, 0 bytes, Stack size 0 bytes, bb_rom_sym_m0.txt(ABSOLUTE))
<BR><BR>[Called By]<UL><LI><a href="#[49]">&gt;&gt;</a>&nbsp;&nbsp;&nbsp;wakeup_init1 (via Veneer)
</UL>

<P><STRONG><a name="[153]"></a>ll_hw_set_loop_timeout</STRONG> (Thumb, 0 bytes, Stack size 0 bytes, bb_rom_sym_m0.txt(ABSOLUTE))
<BR><BR>[Called By]<UL><LI><a href="#[49]">&gt;&gt;</a>&nbsp;&nbsp;&nbsp;wakeup_init1 (via Veneer)
</UL>

<P><STRONG><a name="[d8]"></a>ll_hw_set_rx_timeout</STRONG> (Thumb, 0 bytes, Stack size 0 bytes, bb_rom_sym_m0.txt(ABSOLUTE))
<BR><BR>[Called By]<UL><LI><a href="#[49]">&gt;&gt;</a>&nbsp;&nbsp;&nbsp;wakeup_init1 (via Veneer)
<LI><a href="#[41]">&gt;&gt;</a>&nbsp;&nbsp;&nbsp;ll_hw_go1 (via Veneer)
<LI><a href="#[42]">&gt;&gt;</a>&nbsp;&nbsp;&nbsp;LL_IRQHandler1 (via Veneer)
</UL>

<P><STRONG><a name="[152]"></a>ll_hw_set_rx_timeout_1st</STRONG> (Thumb, 0 bytes, Stack size 0 bytes, bb_rom_sym_m0.txt(ABSOLUTE))
<BR><BR>[Called By]<UL><LI><a href="#[49]">&gt;&gt;</a>&nbsp;&nbsp;&nbsp;wakeup_init1 (via Veneer)
</UL>

<P><STRONG><a name="[154]"></a>ll_hw_set_timing</STRONG> (Thumb, 0 bytes, Stack size 0 bytes, bb_rom_sym_m0.txt(ABSOLUTE))
<BR><BR>[Called By]<UL><LI><a href="#[49]">&gt;&gt;</a>&nbsp;&nbsp;&nbsp;wakeup_init1 (via Veneer)
</UL>

<P><STRONG><a name="[149]"></a>ll_hw_tx2rx_timing_config</STRONG> (Thumb, 0 bytes, Stack size 0 bytes, bb_rom_sym_m0.txt(ABSOLUTE))
<BR><BR>[Called By]<UL><LI><a href="#[3e]">&gt;&gt;</a>&nbsp;&nbsp;&nbsp;rf_phy_ini (via Veneer)
<LI><a href="#[4a]">&gt;&gt;</a>&nbsp;&nbsp;&nbsp;wakeupProcess1 (via Veneer)
</UL>

<P><STRONG><a name="[128]"></a>ll_hw_write_tfifo</STRONG> (Thumb, 0 bytes, Stack size 0 bytes, bb_rom_sym_m0.txt(ABSOLUTE))
<BR><BR>[Called By]<UL><LI><a href="#[4e]">&gt;&gt;</a>&nbsp;&nbsp;&nbsp;ll_generateTxBuffer1 (via Veneer)
</UL>

<P><STRONG><a name="[d2]"></a>ll_processBasicIRQ</STRONG> (Thumb, 0 bytes, Stack size 0 bytes, bb_rom_sym_m0.txt(ABSOLUTE))
<BR><BR>[Called By]<UL><LI><a href="#[d3]">&gt;&gt;</a>&nbsp;&nbsp;&nbsp;ll_processBasicIRQ_secondaryScanSRX (via Veneer)
<LI><a href="#[d4]">&gt;&gt;</a>&nbsp;&nbsp;&nbsp;ll_processBasicIRQ_secondaryInitSRX (via Veneer)
<LI><a href="#[d0]">&gt;&gt;</a>&nbsp;&nbsp;&nbsp;ll_processBasicIRQ_secondaryAdvTRX (via Veneer)
<LI><a href="#[d1]">&gt;&gt;</a>&nbsp;&nbsp;&nbsp;ll_processBasicIRQ_ScanTRX (via Veneer)
<LI><a href="#[cf]">&gt;&gt;</a>&nbsp;&nbsp;&nbsp;ll_processBasicIRQ_SRX (via Veneer)
<LI><a href="#[42]">&gt;&gt;</a>&nbsp;&nbsp;&nbsp;LL_IRQHandler1 (via Veneer)
</UL>

<P><STRONG><a name="[ca]"></a>ll_processExtAdvIRQ</STRONG> (Thumb, 0 bytes, Stack size 0 bytes, bb_rom_sym_m0.txt(ABSOLUTE))
<BR><BR>[Called By]<UL><LI><a href="#[42]">&gt;&gt;</a>&nbsp;&nbsp;&nbsp;LL_IRQHandler1 (via Veneer)
</UL>

<P><STRONG><a name="[cc]"></a>ll_processExtInitIRQ</STRONG> (Thumb, 0 bytes, Stack size 0 bytes, bb_rom_sym_m0.txt(ABSOLUTE))
<BR><BR>[Called By]<UL><LI><a href="#[42]">&gt;&gt;</a>&nbsp;&nbsp;&nbsp;LL_IRQHandler1 (via Veneer)
</UL>

<P><STRONG><a name="[cb]"></a>ll_processExtScanIRQ</STRONG> (Thumb, 0 bytes, Stack size 0 bytes, bb_rom_sym_m0.txt(ABSOLUTE))
<BR><BR>[Called By]<UL><LI><a href="#[42]">&gt;&gt;</a>&nbsp;&nbsp;&nbsp;LL_IRQHandler1 (via Veneer)
</UL>

<P><STRONG><a name="[cd]"></a>ll_processPrdAdvIRQ</STRONG> (Thumb, 0 bytes, Stack size 0 bytes, bb_rom_sym_m0.txt(ABSOLUTE))
<BR><BR>[Called By]<UL><LI><a href="#[42]">&gt;&gt;</a>&nbsp;&nbsp;&nbsp;LL_IRQHandler1 (via Veneer)
</UL>

<P><STRONG><a name="[ce]"></a>ll_processPrdScanIRQ</STRONG> (Thumb, 0 bytes, Stack size 0 bytes, bb_rom_sym_m0.txt(ABSOLUTE))
<BR><BR>[Called By]<UL><LI><a href="#[42]">&gt;&gt;</a>&nbsp;&nbsp;&nbsp;LL_IRQHandler1 (via Veneer)
</UL>

<P><STRONG><a name="[d5]"></a>ll_schedule_next_event</STRONG> (Thumb, 0 bytes, Stack size 0 bytes, bb_rom_sym_m0.txt(ABSOLUTE))
<BR><BR>[Called By]<UL><LI><a href="#[42]">&gt;&gt;</a>&nbsp;&nbsp;&nbsp;LL_IRQHandler1 (via Veneer)
</UL>

<P><STRONG><a name="[12f]"></a>ll_scheduler0</STRONG> (Thumb, 0 bytes, Stack size 0 bytes, bb_rom_sym_m0.txt(ABSOLUTE))
<BR><BR>[Called By]<UL><LI><a href="#[30]">&gt;&gt;</a>&nbsp;&nbsp;&nbsp;ll_scheduler2 (via Veneer)
</UL>

<P><STRONG><a name="[eb]"></a>log_printf</STRONG> (Thumb, 0 bytes, Stack size 0 bytes, bb_rom_sym_m0.txt(ABSOLUTE))
<BR><BR>[Called By]<UL><LI><a href="#[25]">&gt;&gt;</a>&nbsp;&nbsp;&nbsp;_hard_fault (via Veneer)
</UL>

<P><STRONG><a name="[14c]"></a>osalTimeUpdate</STRONG> (Thumb, 0 bytes, Stack size 0 bytes, bb_rom_sym_m0.txt(ABSOLUTE))
<BR><BR>[Called By]<UL><LI><a href="#[4a]">&gt;&gt;</a>&nbsp;&nbsp;&nbsp;wakeupProcess1 (via Veneer)
</UL>

<P><STRONG><a name="[241]"></a>osal_CbTimerStart</STRONG> (Thumb, 0 bytes, Stack size 0 bytes, bb_rom_sym_m0.txt(ABSOLUTE))
<BR><BR>[Called By]<UL><LI><a href="#[5]">&gt;&gt;</a>&nbsp;&nbsp;&nbsp;smResponderSendNextKeyInfo (via Veneer)
<LI><a href="#[1de]">&gt;&gt;</a>&nbsp;&nbsp;&nbsp;l2capSendReq (via Veneer)
<LI><a href="#[1d0]">&gt;&gt;</a>&nbsp;&nbsp;&nbsp;gattStartTimer (via Veneer)
<LI><a href="#[2a7]">&gt;&gt;</a>&nbsp;&nbsp;&nbsp;smStartRspTimer (via Veneer)
</UL>

<P><STRONG><a name="[242]"></a>osal_CbTimerStop</STRONG> (Thumb, 0 bytes, Stack size 0 bytes, bb_rom_sym_m0.txt(ABSOLUTE))
<BR><BR>[Called By]<UL><LI><a href="#[270]">&gt;&gt;</a>&nbsp;&nbsp;&nbsp;l2capStopTimer (via Veneer)
<LI><a href="#[237]">&gt;&gt;</a>&nbsp;&nbsp;&nbsp;gattStopTimer (via Veneer)
<LI><a href="#[28e]">&gt;&gt;</a>&nbsp;&nbsp;&nbsp;smStopRspTimer (via Veneer)
</UL>

<P><STRONG><a name="[2b0]"></a>osal_CbTimerUpdate</STRONG> (Thumb, 0 bytes, Stack size 0 bytes, bb_rom_sym_m0.txt(ABSOLUTE))
<BR><BR>[Called By]<UL><LI><a href="#[2a7]">&gt;&gt;</a>&nbsp;&nbsp;&nbsp;smStartRspTimer (via Veneer)
</UL>

<P><STRONG><a name="[1ed]"></a>osal_bm_adjust_header</STRONG> (Thumb, 0 bytes, Stack size 0 bytes, bb_rom_sym_m0.txt(ABSOLUTE))
<BR><BR>[Called By]<UL><LI><a href="#[26a]">&gt;&gt;</a>&nbsp;&nbsp;&nbsp;l2capParsePacket (via Veneer)
<LI><a href="#[1ea]">&gt;&gt;</a>&nbsp;&nbsp;&nbsp;l2capEncapSendData (via Veneer)
<LI><a href="#[1eb]">&gt;&gt;</a>&nbsp;&nbsp;&nbsp;L2CAP_bm_alloc (via Veneer)
</UL>

<P><STRONG><a name="[1e6]"></a>osal_bm_free</STRONG> (Thumb, 0 bytes, Stack size 0 bytes, bb_rom_sym_m0.txt(ABSOLUTE))
<BR><BR>[Called By]<UL><LI><a href="#[1f6]">&gt;&gt;</a>&nbsp;&nbsp;&nbsp;smProcessOSALMsg (via Veneer)
<LI><a href="#[1e3]">&gt;&gt;</a>&nbsp;&nbsp;&nbsp;l2capSarBufReset (via Veneer)
<LI><a href="#[1e4]">&gt;&gt;</a>&nbsp;&nbsp;&nbsp;l2capProcessRxData (via Veneer)
<LI><a href="#[1dc]">&gt;&gt;</a>&nbsp;&nbsp;&nbsp;l2capSendCmd (via Veneer)
<LI><a href="#[1d5]">&gt;&gt;</a>&nbsp;&nbsp;&nbsp;gattProcessRxData (via Veneer)
<LI><a href="#[1af]">&gt;&gt;</a>&nbsp;&nbsp;&nbsp;smSendSMMsg (via Veneer)
<LI><a href="#[1e7]">&gt;&gt;</a>&nbsp;&nbsp;&nbsp;L2CAP_SegmentPkt_Reset (via Veneer)
<LI><a href="#[1e5]">&gt;&gt;</a>&nbsp;&nbsp;&nbsp;L2CAP_ReassemblePkt_Reset (via Veneer)
<LI><a href="#[15e]">&gt;&gt;</a>&nbsp;&nbsp;&nbsp;attSendMsg (via Veneer)
<LI><a href="#[267]">&gt;&gt;</a>&nbsp;&nbsp;&nbsp;l2capPktToSegmentBuff (via Veneer)
</UL>

<P><STRONG><a name="[18d]"></a>osal_get_timeoutEx</STRONG> (Thumb, 0 bytes, Stack size 0 bytes, bb_rom_sym_m0.txt(ABSOLUTE))
<BR><BR>[Called By]<UL><LI><a href="#[22e]">&gt;&gt;</a>&nbsp;&nbsp;&nbsp;gapRole_ProcessGAPMsg (via Veneer)
<LI><a href="#[18a]">&gt;&gt;</a>&nbsp;&nbsp;&nbsp;GAPRole_SetParameter (via Veneer)
</UL>

<P><STRONG><a name="[f2]"></a>osal_init_system</STRONG> (Thumb, 0 bytes, Stack size 0 bytes, bb_rom_sym_m0.txt(ABSOLUTE))
<BR><BR>[Called By]<UL><LI><a href="#[f1]">&gt;&gt;</a>&nbsp;&nbsp;&nbsp;app_main (via Veneer)
</UL>

<P><STRONG><a name="[176]"></a>osal_isbufset</STRONG> (Thumb, 0 bytes, Stack size 0 bytes, bb_rom_sym_m0.txt(ABSOLUTE))
<BR><BR>[Called By]<UL><LI><a href="#[197]">&gt;&gt;</a>&nbsp;&nbsp;&nbsp;GAP_SecParamsInit (via Veneer)
<LI><a href="#[173]">&gt;&gt;</a>&nbsp;&nbsp;&nbsp;GAPBondMgr_ResolveAddr (via Veneer)
<LI><a href="#[172]">&gt;&gt;</a>&nbsp;&nbsp;&nbsp;GAPBondMgr_LinkEst (via Veneer)
</UL>

<P><STRONG><a name="[137]"></a>osal_mem_alloc</STRONG> (Thumb, 0 bytes, Stack size 0 bytes, bb_rom_sym_m0.txt(ABSOLUTE))
<BR><BR>[Called By]<UL><LI><a href="#[1c5]">&gt;&gt;</a>&nbsp;&nbsp;&nbsp;GATT_RegisterService (via Veneer)
<LI><a href="#[170]">&gt;&gt;</a>&nbsp;&nbsp;&nbsp;GATTServApp_RegisterService (via Veneer)
<LI><a href="#[3b]">&gt;&gt;</a>&nbsp;&nbsp;&nbsp;osalInitTasks (via Veneer)
<LI><a href="#[185]">&gt;&gt;</a>&nbsp;&nbsp;&nbsp;GAP_MakeDiscoverable (via Veneer)
<LI><a href="#[2af]">&gt;&gt;</a>&nbsp;&nbsp;&nbsp;smSavePairInfo (via Veneer)
<LI><a href="#[2be]">&gt;&gt;</a>&nbsp;&nbsp;&nbsp;smpResponderProcessSigningInfo (via Veneer)
<LI><a href="#[2b9]">&gt;&gt;</a>&nbsp;&nbsp;&nbsp;smpResponderProcessIdentityInfo (via Veneer)
<LI><a href="#[2b7]">&gt;&gt;</a>&nbsp;&nbsp;&nbsp;smpResponderProcessEncryptionInformation (via Veneer)
<LI><a href="#[5]">&gt;&gt;</a>&nbsp;&nbsp;&nbsp;smResponderSendNextKeyInfo (via Veneer)
<LI><a href="#[1a4]">&gt;&gt;</a>&nbsp;&nbsp;&nbsp;gapAllocAdvRecs (via Veneer)
<LI><a href="#[217]">&gt;&gt;</a>&nbsp;&nbsp;&nbsp;gapPairingCompleteCB (via Veneer)
<LI><a href="#[167]">&gt;&gt;</a>&nbsp;&nbsp;&nbsp;SM_VerifyAuthenSig (via Veneer)
<LI><a href="#[1ef]">&gt;&gt;</a>&nbsp;&nbsp;&nbsp;SM_GenerateAuthenSig (via Veneer)
<LI><a href="#[1f3]">&gt;&gt;</a>&nbsp;&nbsp;&nbsp;sm_CMAC (via Veneer)
<LI><a href="#[243]">&gt;&gt;</a>&nbsp;&nbsp;&nbsp;generate_subkey (via Veneer)
</UL>

<P><STRONG><a name="[193]"></a>osal_mem_free</STRONG> (Thumb, 0 bytes, Stack size 0 bytes, bb_rom_sym_m0.txt(ABSOLUTE))
<BR><BR>[Called By]<UL><LI><a href="#[198]">&gt;&gt;</a>&nbsp;&nbsp;&nbsp;GAP_PeriDevMgrInit (via Veneer)
<LI><a href="#[175]">&gt;&gt;</a>&nbsp;&nbsp;&nbsp;GAP_Bond (via Veneer)
<LI><a href="#[2a9]">&gt;&gt;</a>&nbsp;&nbsp;&nbsp;smProcessRandComplete (via Veneer)
<LI><a href="#[19f]">&gt;&gt;</a>&nbsp;&nbsp;&nbsp;gapFreeAdvertState (via Veneer)
<LI><a href="#[1a4]">&gt;&gt;</a>&nbsp;&nbsp;&nbsp;gapAllocAdvRecs (via Veneer)
<LI><a href="#[225]">&gt;&gt;</a>&nbsp;&nbsp;&nbsp;linkDB_Remove (via Veneer)
<LI><a href="#[217]">&gt;&gt;</a>&nbsp;&nbsp;&nbsp;gapPairingCompleteCB (via Veneer)
<LI><a href="#[216]">&gt;&gt;</a>&nbsp;&nbsp;&nbsp;gapFreeEstLink (via Veneer)
<LI><a href="#[215]">&gt;&gt;</a>&nbsp;&nbsp;&nbsp;gapFreeAuthLink (via Veneer)
<LI><a href="#[167]">&gt;&gt;</a>&nbsp;&nbsp;&nbsp;SM_VerifyAuthenSig (via Veneer)
<LI><a href="#[1ef]">&gt;&gt;</a>&nbsp;&nbsp;&nbsp;SM_GenerateAuthenSig (via Veneer)
<LI><a href="#[28d]">&gt;&gt;</a>&nbsp;&nbsp;&nbsp;smFreePairingParams (via Veneer)
<LI><a href="#[1f3]">&gt;&gt;</a>&nbsp;&nbsp;&nbsp;sm_CMAC (via Veneer)
<LI><a href="#[243]">&gt;&gt;</a>&nbsp;&nbsp;&nbsp;generate_subkey (via Veneer)
</UL>

<P><STRONG><a name="[116]"></a>osal_mem_set_heap</STRONG> (Thumb, 0 bytes, Stack size 0 bytes, bb_rom_sym_m0.txt(ABSOLUTE))
<BR><BR>[Called By]<UL><LI><a href="#[113]">&gt;&gt;</a>&nbsp;&nbsp;&nbsp;hal_rfphy_init (via Veneer)
</UL>

<P><STRONG><a name="[fc]"></a>osal_memcmp</STRONG> (Thumb, 0 bytes, Stack size 0 bytes, bb_rom_sym_m0.txt(ABSOLUTE))
<BR><BR>[Called By]<UL><LI><a href="#[15b]">&gt;&gt;</a>&nbsp;&nbsp;&nbsp;ATT_CompareUUID (via Veneer)
<LI><a href="#[23a]">&gt;&gt;</a>&nbsp;&nbsp;&nbsp;gattServApp_ProcessFindByTypeValueReq (via Veneer)
<LI><a href="#[280]">&gt;&gt;</a>&nbsp;&nbsp;&nbsp;process_cmd (via Veneer)
<LI><a href="#[173]">&gt;&gt;</a>&nbsp;&nbsp;&nbsp;GAPBondMgr_ResolveAddr (via Veneer)
<LI><a href="#[17c]">&gt;&gt;</a>&nbsp;&nbsp;&nbsp;gapBondMgrFindAddr (via Veneer)
<LI><a href="#[2bc]">&gt;&gt;</a>&nbsp;&nbsp;&nbsp;smpResponderProcessPairingRandom (via Veneer)
<LI><a href="#[6]">&gt;&gt;</a>&nbsp;&nbsp;&nbsp;smResponderProcessLTKReq (via Veneer)
<LI><a href="#[1ab]">&gt;&gt;</a>&nbsp;&nbsp;&nbsp;SM_ResolveRandomAddrs (via Veneer)
<LI><a href="#[167]">&gt;&gt;</a>&nbsp;&nbsp;&nbsp;SM_VerifyAuthenSig (via Veneer)
<LI><a href="#[ea]">&gt;&gt;</a>&nbsp;&nbsp;&nbsp;finidv (via Veneer)
<LI><a href="#[50]">&gt;&gt;</a>&nbsp;&nbsp;&nbsp;llConnTerminate1 (via Veneer)
</UL>

<P><STRONG><a name="[12d]"></a>osal_memcpy</STRONG> (Thumb, 0 bytes, Stack size 0 bytes, bb_rom_sym_m0.txt(ABSOLUTE))
<BR><BR>[Called By]<UL><LI><a href="#[22e]">&gt;&gt;</a>&nbsp;&nbsp;&nbsp;gapRole_ProcessGAPMsg (via Veneer)
<LI><a href="#[1d9]">&gt;&gt;</a>&nbsp;&nbsp;&nbsp;GGS_SetParameter (via Veneer)
<LI><a href="#[7d]">&gt;&gt;</a>&nbsp;&nbsp;&nbsp;ggs_WriteAttrCB (via Veneer)
<LI><a href="#[7c]">&gt;&gt;</a>&nbsp;&nbsp;&nbsp;ggs_ReadAttrCB (via Veneer)
<LI><a href="#[1c5]">&gt;&gt;</a>&nbsp;&nbsp;&nbsp;GATT_RegisterService (via Veneer)
<LI><a href="#[1bf]">&gt;&gt;</a>&nbsp;&nbsp;&nbsp;GATTServApp_ReadAttr (via Veneer)
<LI><a href="#[23c]">&gt;&gt;</a>&nbsp;&nbsp;&nbsp;gattServApp_ProcessReadMultiReq (via Veneer)
<LI><a href="#[23b]">&gt;&gt;</a>&nbsp;&nbsp;&nbsp;gattServApp_ProcessReadByTypeReq (via Veneer)
<LI><a href="#[23d]">&gt;&gt;</a>&nbsp;&nbsp;&nbsp;gattServApp_ProcessReadByGrpTypeReq (via Veneer)
<LI><a href="#[23f]">&gt;&gt;</a>&nbsp;&nbsp;&nbsp;gattServApp_ProcessPrepareWriteReq (via Veneer)
<LI><a href="#[171]">&gt;&gt;</a>&nbsp;&nbsp;&nbsp;DevInfo_SetParameter (via Veneer)
<LI><a href="#[7a]">&gt;&gt;</a>&nbsp;&nbsp;&nbsp;devInfo_ReadAttrCB (via Veneer)
<LI><a href="#[0]">&gt;&gt;</a>&nbsp;&nbsp;&nbsp;WristGapStateCB (via Veneer)
<LI><a href="#[288]">&gt;&gt;</a>&nbsp;&nbsp;&nbsp;response_rsp (via Veneer)
<LI><a href="#[284]">&gt;&gt;</a>&nbsp;&nbsp;&nbsp;response (via Veneer)
<LI><a href="#[280]">&gt;&gt;</a>&nbsp;&nbsp;&nbsp;process_cmd (via Veneer)
<LI><a href="#[177]">&gt;&gt;</a>&nbsp;&nbsp;&nbsp;GAP_Signable (via Veneer)
<LI><a href="#[173]">&gt;&gt;</a>&nbsp;&nbsp;&nbsp;GAPBondMgr_ResolveAddr (via Veneer)
<LI><a href="#[17e]">&gt;&gt;</a>&nbsp;&nbsp;&nbsp;gapBondMgrGetPublicAddr (via Veneer)
<LI><a href="#[18c]">&gt;&gt;</a>&nbsp;&nbsp;&nbsp;GAP_UpdateAdvertisingData (via Veneer)
<LI><a href="#[185]">&gt;&gt;</a>&nbsp;&nbsp;&nbsp;GAP_MakeDiscoverable (via Veneer)
<LI><a href="#[18a]">&gt;&gt;</a>&nbsp;&nbsp;&nbsp;GAPRole_SetParameter (via Veneer)
<LI><a href="#[38]">&gt;&gt;</a>&nbsp;&nbsp;&nbsp;GAPRole_ProcessEvent (via Veneer)
<LI><a href="#[17f]">&gt;&gt;</a>&nbsp;&nbsp;&nbsp;GAPRole_GetParameter (via Veneer)
<LI><a href="#[2a9]">&gt;&gt;</a>&nbsp;&nbsp;&nbsp;smProcessRandComplete (via Veneer)
<LI><a href="#[2af]">&gt;&gt;</a>&nbsp;&nbsp;&nbsp;smSavePairInfo (via Veneer)
<LI><a href="#[298]">&gt;&gt;</a>&nbsp;&nbsp;&nbsp;smPairingSendMasterID (via Veneer)
<LI><a href="#[296]">&gt;&gt;</a>&nbsp;&nbsp;&nbsp;smPairingSendIdentityAddrInfo (via Veneer)
<LI><a href="#[293]">&gt;&gt;</a>&nbsp;&nbsp;&nbsp;smGenerateRandMsg (via Veneer)
<LI><a href="#[28f]">&gt;&gt;</a>&nbsp;&nbsp;&nbsp;smGenerateConfirm (via Veneer)
<LI><a href="#[2ba]">&gt;&gt;</a>&nbsp;&nbsp;&nbsp;smpResponderProcessPairingReq (via Veneer)
<LI><a href="#[2be]">&gt;&gt;</a>&nbsp;&nbsp;&nbsp;smpResponderProcessSigningInfo (via Veneer)
<LI><a href="#[2bc]">&gt;&gt;</a>&nbsp;&nbsp;&nbsp;smpResponderProcessPairingRandom (via Veneer)
<LI><a href="#[2bb]">&gt;&gt;</a>&nbsp;&nbsp;&nbsp;smpResponderProcessPairingConfirm (via Veneer)
<LI><a href="#[2bd]">&gt;&gt;</a>&nbsp;&nbsp;&nbsp;smpResponderProcessMasterID (via Veneer)
<LI><a href="#[2b9]">&gt;&gt;</a>&nbsp;&nbsp;&nbsp;smpResponderProcessIdentityInfo (via Veneer)
<LI><a href="#[2b8]">&gt;&gt;</a>&nbsp;&nbsp;&nbsp;smpResponderProcessIdentityAddrInfo (via Veneer)
<LI><a href="#[2b7]">&gt;&gt;</a>&nbsp;&nbsp;&nbsp;smpResponderProcessEncryptionInformation (via Veneer)
<LI><a href="#[6]">&gt;&gt;</a>&nbsp;&nbsp;&nbsp;smResponderProcessLTKReq (via Veneer)
<LI><a href="#[26a]">&gt;&gt;</a>&nbsp;&nbsp;&nbsp;l2capParsePacket (via Veneer)
<LI><a href="#[268]">&gt;&gt;</a>&nbsp;&nbsp;&nbsp;l2capNotifySignal (via Veneer)
<LI><a href="#[269]">&gt;&gt;</a>&nbsp;&nbsp;&nbsp;l2capNotifyData (via Veneer)
<LI><a href="#[235]">&gt;&gt;</a>&nbsp;&nbsp;&nbsp;gattNotifyEvent (via Veneer)
<LI><a href="#[85]">&gt;&gt;</a>&nbsp;&nbsp;&nbsp;gattProcessFindInfoReq (via Veneer)
<LI><a href="#[222]">&gt;&gt;</a>&nbsp;&nbsp;&nbsp;linkDB_Add (via Veneer)
<LI><a href="#[221]">&gt;&gt;</a>&nbsp;&nbsp;&nbsp;sendEstLinkEvent (via Veneer)
<LI><a href="#[219]">&gt;&gt;</a>&nbsp;&nbsp;&nbsp;gapPasskeyNeededCB (via Veneer)
<LI><a href="#[217]">&gt;&gt;</a>&nbsp;&nbsp;&nbsp;gapPairingCompleteCB (via Veneer)
<LI><a href="#[218]">&gt;&gt;</a>&nbsp;&nbsp;&nbsp;sendAuthEvent (via Veneer)
<LI><a href="#[1ab]">&gt;&gt;</a>&nbsp;&nbsp;&nbsp;SM_ResolveRandomAddrs (via Veneer)
<LI><a href="#[1a9]">&gt;&gt;</a>&nbsp;&nbsp;&nbsp;SM_CalcRandomAddr (via Veneer)
<LI><a href="#[1f8]">&gt;&gt;</a>&nbsp;&nbsp;&nbsp;gapUpdateConnSignCounter (via Veneer)
<LI><a href="#[229]">&gt;&gt;</a>&nbsp;&nbsp;&nbsp;gapReadBD_ADDRStatus (via Veneer)
<LI><a href="#[227]">&gt;&gt;</a>&nbsp;&nbsp;&nbsp;gapProcessRandomAddrComplete (via Veneer)
<LI><a href="#[1aa]">&gt;&gt;</a>&nbsp;&nbsp;&nbsp;gapProcessNewAddr (via Veneer)
<LI><a href="#[22c]">&gt;&gt;</a>&nbsp;&nbsp;&nbsp;gapSendDeviceInitDoneEvent (via Veneer)
<LI><a href="#[90]">&gt;&gt;</a>&nbsp;&nbsp;&nbsp;ATT_ParseWriteReq (via Veneer)
<LI><a href="#[88]">&gt;&gt;</a>&nbsp;&nbsp;&nbsp;ATT_ParseReadByTypeReq (via Veneer)
<LI><a href="#[92]">&gt;&gt;</a>&nbsp;&nbsp;&nbsp;ATT_ParsePrepareWriteReq (via Veneer)
<LI><a href="#[86]">&gt;&gt;</a>&nbsp;&nbsp;&nbsp;ATT_ParseFindByTypeValueReq (via Veneer)
<LI><a href="#[15c]">&gt;&gt;</a>&nbsp;&nbsp;&nbsp;ATT_ConvertUUIDto128 (via Veneer)
<LI><a href="#[5c]">&gt;&gt;</a>&nbsp;&nbsp;&nbsp;ATT_BuildReadRsp (via Veneer)
<LI><a href="#[5b]">&gt;&gt;</a>&nbsp;&nbsp;&nbsp;ATT_BuildReadMultiRsp (via Veneer)
<LI><a href="#[5a]">&gt;&gt;</a>&nbsp;&nbsp;&nbsp;ATT_BuildReadByTypeRsp (via Veneer)
<LI><a href="#[59]">&gt;&gt;</a>&nbsp;&nbsp;&nbsp;ATT_BuildReadByGrpTypeRsp (via Veneer)
<LI><a href="#[58]">&gt;&gt;</a>&nbsp;&nbsp;&nbsp;ATT_BuildReadBlobRsp (via Veneer)
<LI><a href="#[57]">&gt;&gt;</a>&nbsp;&nbsp;&nbsp;ATT_BuildPrepareWriteRsp (via Veneer)
<LI><a href="#[56]">&gt;&gt;</a>&nbsp;&nbsp;&nbsp;ATT_BuildHandleValueInd (via Veneer)
<LI><a href="#[55]">&gt;&gt;</a>&nbsp;&nbsp;&nbsp;ATT_BuildFindInfoRsp (via Veneer)
<LI><a href="#[2a3]">&gt;&gt;</a>&nbsp;&nbsp;&nbsp;smpParseSigningInfo (via Veneer)
<LI><a href="#[29d]">&gt;&gt;</a>&nbsp;&nbsp;&nbsp;smpParsePairingRandom (via Veneer)
<LI><a href="#[29c]">&gt;&gt;</a>&nbsp;&nbsp;&nbsp;smpParsePairingConfirm (via Veneer)
<LI><a href="#[2a0]">&gt;&gt;</a>&nbsp;&nbsp;&nbsp;smpParseMasterID (via Veneer)
<LI><a href="#[2a1]">&gt;&gt;</a>&nbsp;&nbsp;&nbsp;smpParseIdentityInfo (via Veneer)
<LI><a href="#[2a2]">&gt;&gt;</a>&nbsp;&nbsp;&nbsp;smpParseIdentityAddrInfo (via Veneer)
<LI><a href="#[29f]">&gt;&gt;</a>&nbsp;&nbsp;&nbsp;smpParseEncInfo (via Veneer)
<LI><a href="#[75]">&gt;&gt;</a>&nbsp;&nbsp;&nbsp;smpBuildSigningInfo (via Veneer)
<LI><a href="#[70]">&gt;&gt;</a>&nbsp;&nbsp;&nbsp;smpBuildPairingRandom (via Veneer)
<LI><a href="#[6d]">&gt;&gt;</a>&nbsp;&nbsp;&nbsp;smpBuildPairingConfirm (via Veneer)
<LI><a href="#[74]">&gt;&gt;</a>&nbsp;&nbsp;&nbsp;smpBuildMasterID (via Veneer)
<LI><a href="#[73]">&gt;&gt;</a>&nbsp;&nbsp;&nbsp;smpBuildIdentityInfo (via Veneer)
<LI><a href="#[72]">&gt;&gt;</a>&nbsp;&nbsp;&nbsp;smpBuildIdentityAddrInfo (via Veneer)
<LI><a href="#[71]">&gt;&gt;</a>&nbsp;&nbsp;&nbsp;smpBuildEncInfo (via Veneer)
<LI><a href="#[2b3]">&gt;&gt;</a>&nbsp;&nbsp;&nbsp;sm_c1new (via Veneer)
<LI><a href="#[1f3]">&gt;&gt;</a>&nbsp;&nbsp;&nbsp;sm_CMAC (via Veneer)
<LI><a href="#[267]">&gt;&gt;</a>&nbsp;&nbsp;&nbsp;l2capPktToSegmentBuff (via Veneer)
<LI><a href="#[41]">&gt;&gt;</a>&nbsp;&nbsp;&nbsp;ll_hw_go1 (via Veneer)
<LI><a href="#[159]">&gt;&gt;</a>&nbsp;&nbsp;&nbsp;TRNG_Rand (via Veneer)
</UL>

<P><STRONG><a name="[194]"></a>osal_memdup</STRONG> (Thumb, 0 bytes, Stack size 0 bytes, bb_rom_sym_m0.txt(ABSOLUTE))
<BR><BR>[Called By]<UL><LI><a href="#[175]">&gt;&gt;</a>&nbsp;&nbsp;&nbsp;GAP_Bond (via Veneer)
<LI><a href="#[217]">&gt;&gt;</a>&nbsp;&nbsp;&nbsp;gapPairingCompleteCB (via Veneer)
</UL>

<P><STRONG><a name="[138]"></a>osal_memset</STRONG> (Thumb, 0 bytes, Stack size 0 bytes, bb_rom_sym_m0.txt(ABSOLUTE))
<BR><BR>[Called By]<UL><LI><a href="#[22e]">&gt;&gt;</a>&nbsp;&nbsp;&nbsp;gapRole_ProcessGAPMsg (via Veneer)
<LI><a href="#[1d9]">&gt;&gt;</a>&nbsp;&nbsp;&nbsp;GGS_SetParameter (via Veneer)
<LI><a href="#[196]">&gt;&gt;</a>&nbsp;&nbsp;&nbsp;GAP_ParamsInit (via Veneer)
<LI><a href="#[1bf]">&gt;&gt;</a>&nbsp;&nbsp;&nbsp;GATTServApp_ReadAttr (via Veneer)
<LI><a href="#[1b6]">&gt;&gt;</a>&nbsp;&nbsp;&nbsp;gattServApp_SetNumPrepareWrites (via Veneer)
<LI><a href="#[23a]">&gt;&gt;</a>&nbsp;&nbsp;&nbsp;gattServApp_ProcessFindByTypeValueReq (via Veneer)
<LI><a href="#[239]">&gt;&gt;</a>&nbsp;&nbsp;&nbsp;gattServApp_ProcessExecuteWriteReq (via Veneer)
<LI><a href="#[5e]">&gt;&gt;</a>&nbsp;&nbsp;&nbsp;gattServApp_HandleConnStatusCB (via Veneer)
<LI><a href="#[1ff]">&gt;&gt;</a>&nbsp;&nbsp;&nbsp;light_init (via Veneer)
<LI><a href="#[3b]">&gt;&gt;</a>&nbsp;&nbsp;&nbsp;osalInitTasks (via Veneer)
<LI><a href="#[288]">&gt;&gt;</a>&nbsp;&nbsp;&nbsp;response_rsp (via Veneer)
<LI><a href="#[284]">&gt;&gt;</a>&nbsp;&nbsp;&nbsp;response (via Veneer)
<LI><a href="#[280]">&gt;&gt;</a>&nbsp;&nbsp;&nbsp;process_cmd (via Veneer)
<LI><a href="#[18c]">&gt;&gt;</a>&nbsp;&nbsp;&nbsp;GAP_UpdateAdvertisingData (via Veneer)
<LI><a href="#[172]">&gt;&gt;</a>&nbsp;&nbsp;&nbsp;GAPBondMgr_LinkEst (via Veneer)
<LI><a href="#[18a]">&gt;&gt;</a>&nbsp;&nbsp;&nbsp;GAPRole_SetParameter (via Veneer)
<LI><a href="#[13f]">&gt;&gt;</a>&nbsp;&nbsp;&nbsp;GAPRole_Init (via Veneer)
<LI><a href="#[2ba]">&gt;&gt;</a>&nbsp;&nbsp;&nbsp;smpResponderProcessPairingReq (via Veneer)
<LI><a href="#[5]">&gt;&gt;</a>&nbsp;&nbsp;&nbsp;smResponderSendNextKeyInfo (via Veneer)
<LI><a href="#[6]">&gt;&gt;</a>&nbsp;&nbsp;&nbsp;smResponderProcessLTKReq (via Veneer)
<LI><a href="#[268]">&gt;&gt;</a>&nbsp;&nbsp;&nbsp;l2capNotifySignal (via Veneer)
<LI><a href="#[269]">&gt;&gt;</a>&nbsp;&nbsp;&nbsp;l2capNotifyData (via Veneer)
<LI><a href="#[235]">&gt;&gt;</a>&nbsp;&nbsp;&nbsp;gattNotifyEvent (via Veneer)
<LI><a href="#[1a4]">&gt;&gt;</a>&nbsp;&nbsp;&nbsp;gapAllocAdvRecs (via Veneer)
<LI><a href="#[225]">&gt;&gt;</a>&nbsp;&nbsp;&nbsp;linkDB_Remove (via Veneer)
<LI><a href="#[221]">&gt;&gt;</a>&nbsp;&nbsp;&nbsp;sendEstLinkEvent (via Veneer)
<LI><a href="#[231]">&gt;&gt;</a>&nbsp;&nbsp;&nbsp;gapSendPairingReqEvent (via Veneer)
<LI><a href="#[22f]">&gt;&gt;</a>&nbsp;&nbsp;&nbsp;gapSendBondCompleteEvent (via Veneer)
<LI><a href="#[218]">&gt;&gt;</a>&nbsp;&nbsp;&nbsp;sendAuthEvent (via Veneer)
<LI><a href="#[167]">&gt;&gt;</a>&nbsp;&nbsp;&nbsp;SM_VerifyAuthenSig (via Veneer)
<LI><a href="#[291]">&gt;&gt;</a>&nbsp;&nbsp;&nbsp;smSetPairingReqRsp (via Veneer)
<LI><a href="#[2b3]">&gt;&gt;</a>&nbsp;&nbsp;&nbsp;sm_c1new (via Veneer)
<LI><a href="#[1ee]">&gt;&gt;</a>&nbsp;&nbsp;&nbsp;sm_ah (via Veneer)
<LI><a href="#[1f3]">&gt;&gt;</a>&nbsp;&nbsp;&nbsp;sm_CMAC (via Veneer)
<LI><a href="#[243]">&gt;&gt;</a>&nbsp;&nbsp;&nbsp;generate_subkey (via Veneer)
</UL>

<P><STRONG><a name="[1c6]"></a>osal_msg_allocate</STRONG> (Thumb, 0 bytes, Stack size 0 bytes, bb_rom_sym_m0.txt(ABSOLUTE))
<BR><BR>[Called By]<UL><LI><a href="#[1bd]">&gt;&gt;</a>&nbsp;&nbsp;&nbsp;GATTServApp_SendCCCUpdatedEvent (via Veneer)
<LI><a href="#[2a9]">&gt;&gt;</a>&nbsp;&nbsp;&nbsp;smProcessRandComplete (via Veneer)
<LI><a href="#[268]">&gt;&gt;</a>&nbsp;&nbsp;&nbsp;l2capNotifySignal (via Veneer)
<LI><a href="#[269]">&gt;&gt;</a>&nbsp;&nbsp;&nbsp;l2capNotifyData (via Veneer)
<LI><a href="#[1ea]">&gt;&gt;</a>&nbsp;&nbsp;&nbsp;l2capEncapSendData (via Veneer)
<LI><a href="#[235]">&gt;&gt;</a>&nbsp;&nbsp;&nbsp;gattNotifyEvent (via Veneer)
<LI><a href="#[21b]">&gt;&gt;</a>&nbsp;&nbsp;&nbsp;gapWriteAdvEnableStatus (via Veneer)
<LI><a href="#[21c]">&gt;&gt;</a>&nbsp;&nbsp;&nbsp;gapWriteAdvDataStatus (via Veneer)
<LI><a href="#[230]">&gt;&gt;</a>&nbsp;&nbsp;&nbsp;gapSendMakeDiscEvent (via Veneer)
<LI><a href="#[221]">&gt;&gt;</a>&nbsp;&nbsp;&nbsp;sendEstLinkEvent (via Veneer)
<LI><a href="#[231]">&gt;&gt;</a>&nbsp;&nbsp;&nbsp;gapSendPairingReqEvent (via Veneer)
<LI><a href="#[21e]">&gt;&gt;</a>&nbsp;&nbsp;&nbsp;gapSendLinkUpdateEvent (via Veneer)
<LI><a href="#[22f]">&gt;&gt;</a>&nbsp;&nbsp;&nbsp;gapSendBondCompleteEvent (via Veneer)
<LI><a href="#[219]">&gt;&gt;</a>&nbsp;&nbsp;&nbsp;gapPasskeyNeededCB (via Veneer)
<LI><a href="#[223]">&gt;&gt;</a>&nbsp;&nbsp;&nbsp;sendTerminateEvent (via Veneer)
<LI><a href="#[218]">&gt;&gt;</a>&nbsp;&nbsp;&nbsp;sendAuthEvent (via Veneer)
<LI><a href="#[1f8]">&gt;&gt;</a>&nbsp;&nbsp;&nbsp;gapUpdateConnSignCounter (via Veneer)
<LI><a href="#[227]">&gt;&gt;</a>&nbsp;&nbsp;&nbsp;gapProcessRandomAddrComplete (via Veneer)
<LI><a href="#[22c]">&gt;&gt;</a>&nbsp;&nbsp;&nbsp;gapSendDeviceInitDoneEvent (via Veneer)
</UL>

<P><STRONG><a name="[184]"></a>osal_msg_deallocate</STRONG> (Thumb, 0 bytes, Stack size 0 bytes, bb_rom_sym_m0.txt(ABSOLUTE))
<BR><BR>[Called By]<UL><LI><a href="#[39]">&gt;&gt;</a>&nbsp;&nbsp;&nbsp;GATTServApp_ProcessEvent (via Veneer)
<LI><a href="#[3a]">&gt;&gt;</a>&nbsp;&nbsp;&nbsp;appWristProcEvt (via Veneer)
<LI><a href="#[35]">&gt;&gt;</a>&nbsp;&nbsp;&nbsp;SM_ProcessEvent (via Veneer)
<LI><a href="#[34]">&gt;&gt;</a>&nbsp;&nbsp;&nbsp;L2CAP_ProcessEvent (via Veneer)
<LI><a href="#[37]">&gt;&gt;</a>&nbsp;&nbsp;&nbsp;GATT_ProcessEvent (via Veneer)
<LI><a href="#[36]">&gt;&gt;</a>&nbsp;&nbsp;&nbsp;GAP_ProcessEvent (via Veneer)
<LI><a href="#[38]">&gt;&gt;</a>&nbsp;&nbsp;&nbsp;GAPRole_ProcessEvent (via Veneer)
</UL>

<P><STRONG><a name="[182]"></a>osal_msg_receive</STRONG> (Thumb, 0 bytes, Stack size 0 bytes, bb_rom_sym_m0.txt(ABSOLUTE))
<BR><BR>[Called By]<UL><LI><a href="#[39]">&gt;&gt;</a>&nbsp;&nbsp;&nbsp;GATTServApp_ProcessEvent (via Veneer)
<LI><a href="#[3a]">&gt;&gt;</a>&nbsp;&nbsp;&nbsp;appWristProcEvt (via Veneer)
<LI><a href="#[35]">&gt;&gt;</a>&nbsp;&nbsp;&nbsp;SM_ProcessEvent (via Veneer)
<LI><a href="#[34]">&gt;&gt;</a>&nbsp;&nbsp;&nbsp;L2CAP_ProcessEvent (via Veneer)
<LI><a href="#[37]">&gt;&gt;</a>&nbsp;&nbsp;&nbsp;GATT_ProcessEvent (via Veneer)
<LI><a href="#[36]">&gt;&gt;</a>&nbsp;&nbsp;&nbsp;GAP_ProcessEvent (via Veneer)
<LI><a href="#[38]">&gt;&gt;</a>&nbsp;&nbsp;&nbsp;GAPRole_ProcessEvent (via Veneer)
</UL>

<P><STRONG><a name="[1a6]"></a>osal_msg_send</STRONG> (Thumb, 0 bytes, Stack size 0 bytes, bb_rom_sym_m0.txt(ABSOLUTE))
<BR><BR>[Called By]<UL><LI><a href="#[1bd]">&gt;&gt;</a>&nbsp;&nbsp;&nbsp;GATTServApp_SendCCCUpdatedEvent (via Veneer)
<LI><a href="#[35]">&gt;&gt;</a>&nbsp;&nbsp;&nbsp;SM_ProcessEvent (via Veneer)
<LI><a href="#[36]">&gt;&gt;</a>&nbsp;&nbsp;&nbsp;GAP_ProcessEvent (via Veneer)
<LI><a href="#[2a9]">&gt;&gt;</a>&nbsp;&nbsp;&nbsp;smProcessRandComplete (via Veneer)
<LI><a href="#[268]">&gt;&gt;</a>&nbsp;&nbsp;&nbsp;l2capNotifySignal (via Veneer)
<LI><a href="#[269]">&gt;&gt;</a>&nbsp;&nbsp;&nbsp;l2capNotifyData (via Veneer)
<LI><a href="#[1ea]">&gt;&gt;</a>&nbsp;&nbsp;&nbsp;l2capEncapSendData (via Veneer)
<LI><a href="#[235]">&gt;&gt;</a>&nbsp;&nbsp;&nbsp;gattNotifyEvent (via Veneer)
<LI><a href="#[21b]">&gt;&gt;</a>&nbsp;&nbsp;&nbsp;gapWriteAdvEnableStatus (via Veneer)
<LI><a href="#[21c]">&gt;&gt;</a>&nbsp;&nbsp;&nbsp;gapWriteAdvDataStatus (via Veneer)
<LI><a href="#[230]">&gt;&gt;</a>&nbsp;&nbsp;&nbsp;gapSendMakeDiscEvent (via Veneer)
<LI><a href="#[221]">&gt;&gt;</a>&nbsp;&nbsp;&nbsp;sendEstLinkEvent (via Veneer)
<LI><a href="#[231]">&gt;&gt;</a>&nbsp;&nbsp;&nbsp;gapSendPairingReqEvent (via Veneer)
<LI><a href="#[21e]">&gt;&gt;</a>&nbsp;&nbsp;&nbsp;gapSendLinkUpdateEvent (via Veneer)
<LI><a href="#[22f]">&gt;&gt;</a>&nbsp;&nbsp;&nbsp;gapSendBondCompleteEvent (via Veneer)
<LI><a href="#[219]">&gt;&gt;</a>&nbsp;&nbsp;&nbsp;gapPasskeyNeededCB (via Veneer)
<LI><a href="#[223]">&gt;&gt;</a>&nbsp;&nbsp;&nbsp;sendTerminateEvent (via Veneer)
<LI><a href="#[218]">&gt;&gt;</a>&nbsp;&nbsp;&nbsp;sendAuthEvent (via Veneer)
<LI><a href="#[1f8]">&gt;&gt;</a>&nbsp;&nbsp;&nbsp;gapUpdateConnSignCounter (via Veneer)
<LI><a href="#[227]">&gt;&gt;</a>&nbsp;&nbsp;&nbsp;gapProcessRandomAddrComplete (via Veneer)
<LI><a href="#[22c]">&gt;&gt;</a>&nbsp;&nbsp;&nbsp;gapSendDeviceInitDoneEvent (via Veneer)
</UL>

<P><STRONG><a name="[f3]"></a>osal_pwrmgr_device</STRONG> (Thumb, 0 bytes, Stack size 0 bytes, bb_rom_sym_m0.txt(ABSOLUTE))
<BR><BR>[Called By]<UL><LI><a href="#[f1]">&gt;&gt;</a>&nbsp;&nbsp;&nbsp;app_main (via Veneer)
</UL>

<P><STRONG><a name="[ae]"></a>osal_pwrmgr_powerconserve0</STRONG> (Thumb, 0 bytes, Stack size 0 bytes, bb_rom_sym_m0.txt(ABSOLUTE))
<BR><BR>[Called By]<UL><LI><a href="#[29]">&gt;&gt;</a>&nbsp;&nbsp;&nbsp;osal_idle_task (via Veneer)
</UL>

<P><STRONG><a name="[292]"></a>osal_rand</STRONG> (Thumb, 0 bytes, Stack size 0 bytes, bb_rom_sym_m0.txt(ABSOLUTE))
<BR><BR>[Called By]<UL><LI><a href="#[5]">&gt;&gt;</a>&nbsp;&nbsp;&nbsp;smResponderSendNextKeyInfo (via Veneer)
<LI><a href="#[1ac]">&gt;&gt;</a>&nbsp;&nbsp;&nbsp;smGenerateRandBuf (via Veneer)
</UL>

<P><STRONG><a name="[1f1]"></a>osal_revmemcpy</STRONG> (Thumb, 0 bytes, Stack size 0 bytes, bb_rom_sym_m0.txt(ABSOLUTE))
<BR><BR>[Called By]<UL><LI><a href="#[2ab]">&gt;&gt;</a>&nbsp;&nbsp;&nbsp;sm_s1 (via Veneer)
<LI><a href="#[167]">&gt;&gt;</a>&nbsp;&nbsp;&nbsp;SM_VerifyAuthenSig (via Veneer)
<LI><a href="#[1ef]">&gt;&gt;</a>&nbsp;&nbsp;&nbsp;SM_GenerateAuthenSig (via Veneer)
<LI><a href="#[2b3]">&gt;&gt;</a>&nbsp;&nbsp;&nbsp;sm_c1new (via Veneer)
<LI><a href="#[1ee]">&gt;&gt;</a>&nbsp;&nbsp;&nbsp;sm_ah (via Veneer)
</UL>

<P><STRONG><a name="[de]"></a>osal_set_event</STRONG> (Thumb, 0 bytes, Stack size 0 bytes, bb_rom_sym_m0.txt(ABSOLUTE))
<BR><BR>[Called By]<UL><LI><a href="#[22e]">&gt;&gt;</a>&nbsp;&nbsp;&nbsp;gapRole_ProcessGAPMsg (via Veneer)
<LI><a href="#[0]">&gt;&gt;</a>&nbsp;&nbsp;&nbsp;WristGapStateCB (via Veneer)
<LI><a href="#[141]">&gt;&gt;</a>&nbsp;&nbsp;&nbsp;appWristInit (via Veneer)
<LI><a href="#[18a]">&gt;&gt;</a>&nbsp;&nbsp;&nbsp;GAPRole_SetParameter (via Veneer)
<LI><a href="#[1f4]">&gt;&gt;</a>&nbsp;&nbsp;&nbsp;gapIncSignCounter (via Veneer)
<LI><a href="#[2e]">&gt;&gt;</a>&nbsp;&nbsp;&nbsp;LL_SetAdvControl1 (via Veneer)
</UL>

<P><STRONG><a name="[1a0]"></a>osal_start_reload_timer</STRONG> (Thumb, 0 bytes, Stack size 0 bytes, bb_rom_sym_m0.txt(ABSOLUTE))
<BR><BR>[Called By]<UL><LI><a href="#[185]">&gt;&gt;</a>&nbsp;&nbsp;&nbsp;GAP_MakeDiscoverable (via Veneer)
<LI><a href="#[21b]">&gt;&gt;</a>&nbsp;&nbsp;&nbsp;gapWriteAdvEnableStatus (via Veneer)
<LI><a href="#[227]">&gt;&gt;</a>&nbsp;&nbsp;&nbsp;gapProcessRandomAddrComplete (via Veneer)
</UL>

<P><STRONG><a name="[f4]"></a>osal_start_system</STRONG> (Thumb, 0 bytes, Stack size 0 bytes, bb_rom_sym_m0.txt(ABSOLUTE))
<BR><BR>[Called By]<UL><LI><a href="#[f1]">&gt;&gt;</a>&nbsp;&nbsp;&nbsp;app_main (via Veneer)
<LI><a href="#[4a]">&gt;&gt;</a>&nbsp;&nbsp;&nbsp;wakeupProcess1 (via Veneer)
</UL>

<P><STRONG><a name="[df]"></a>osal_start_timerEx</STRONG> (Thumb, 0 bytes, Stack size 0 bytes, bb_rom_sym_m0.txt(ABSOLUTE))
<BR><BR>[Called By]<UL><LI><a href="#[187]">&gt;&gt;</a>&nbsp;&nbsp;&nbsp;gapRole_startConnUpdate (via Veneer)
<LI><a href="#[183]">&gt;&gt;</a>&nbsp;&nbsp;&nbsp;gapRole_ProcessOSALMsg (via Veneer)
<LI><a href="#[22e]">&gt;&gt;</a>&nbsp;&nbsp;&nbsp;gapRole_ProcessGAPMsg (via Veneer)
<LI><a href="#[18a]">&gt;&gt;</a>&nbsp;&nbsp;&nbsp;GAPRole_SetParameter (via Veneer)
<LI><a href="#[38]">&gt;&gt;</a>&nbsp;&nbsp;&nbsp;GAPRole_ProcessEvent (via Veneer)
<LI><a href="#[207]">&gt;&gt;</a>&nbsp;&nbsp;&nbsp;dt_timer_start (via Veneer)
<LI><a href="#[9b]">&gt;&gt;</a>&nbsp;&nbsp;&nbsp;hal_KSCAN_IRQHandler (via Veneer)
<LI><a href="#[21b]">&gt;&gt;</a>&nbsp;&nbsp;&nbsp;gapWriteAdvEnableStatus (via Veneer)
<LI><a href="#[2]">&gt;&gt;</a>&nbsp;&nbsp;&nbsp;gapProcessAdvertisingEvt (via Veneer)
<LI><a href="#[2e]">&gt;&gt;</a>&nbsp;&nbsp;&nbsp;LL_SetAdvControl1 (via Veneer)
</UL>

<P><STRONG><a name="[dd]"></a>osal_stop_timerEx</STRONG> (Thumb, 0 bytes, Stack size 0 bytes, bb_rom_sym_m0.txt(ABSOLUTE))
<BR><BR>[Called By]<UL><LI><a href="#[183]">&gt;&gt;</a>&nbsp;&nbsp;&nbsp;gapRole_ProcessOSALMsg (via Veneer)
<LI><a href="#[22e]">&gt;&gt;</a>&nbsp;&nbsp;&nbsp;gapRole_ProcessGAPMsg (via Veneer)
<LI><a href="#[36]">&gt;&gt;</a>&nbsp;&nbsp;&nbsp;GAP_ProcessEvent (via Veneer)
<LI><a href="#[18b]">&gt;&gt;</a>&nbsp;&nbsp;&nbsp;GAP_EndDiscoverable (via Veneer)
<LI><a href="#[18a]">&gt;&gt;</a>&nbsp;&nbsp;&nbsp;GAPRole_SetParameter (via Veneer)
<LI><a href="#[188]">&gt;&gt;</a>&nbsp;&nbsp;&nbsp;GAPRole_SendUpdateParam (via Veneer)
<LI><a href="#[9b]">&gt;&gt;</a>&nbsp;&nbsp;&nbsp;hal_KSCAN_IRQHandler (via Veneer)
<LI><a href="#[2]">&gt;&gt;</a>&nbsp;&nbsp;&nbsp;gapProcessAdvertisingEvt (via Veneer)
<LI><a href="#[2e]">&gt;&gt;</a>&nbsp;&nbsp;&nbsp;LL_SetAdvControl1 (via Veneer)
</UL>

<P><STRONG><a name="[1c4]"></a>osal_strlen</STRONG> (Thumb, 0 bytes, Stack size 0 bytes, bb_rom_sym_m0.txt(ABSOLUTE))
<BR><BR>[Called By]<UL><LI><a href="#[7d]">&gt;&gt;</a>&nbsp;&nbsp;&nbsp;ggs_WriteAttrCB (via Veneer)
<LI><a href="#[7c]">&gt;&gt;</a>&nbsp;&nbsp;&nbsp;ggs_ReadAttrCB (via Veneer)
<LI><a href="#[1bf]">&gt;&gt;</a>&nbsp;&nbsp;&nbsp;GATTServApp_ReadAttr (via Veneer)
</UL>

[...]
<LI><a href="#[26e]">&gt;&gt;</a>&nbsp;&nbsp;&nbsp;l2capParseCmdReject
<LI><a href="#[268]">&gt;&gt;</a>&nbsp;&nbsp;&nbsp;l2capNotifySignal
<LI><a href="#[271]">&gt;&gt;</a>&nbsp;&nbsp;&nbsp;l2capFreeChannel
<LI><a href="#[26d]">&gt;&gt;</a>&nbsp;&nbsp;&nbsp;l2capFindLocalId
</UL>
<BR>[Called By]<UL><LI><a href="#[272]">&gt;&gt;</a>&nbsp;&nbsp;&nbsp;l2capProcessSignal
</UL>

<P><STRONG><a name="[1e4]"></a>l2capProcessRxData</STRONG> (Thumb, 142 bytes, Stack size 32 bytes, l2cap_task.o(i.l2capProcessRxData))
<BR><BR>[Stack]<UL><LI>Max Depth = 256<LI>Call Chain = l2capProcessRxData &rArr; l2capProcessSignal &rArr; L2CAP_CmdReject &rArr; l2capSendCmd &rArr; l2capEncapSendData &rArr; l2capPktToSegmentBuff &rArr; L2CAP_Fragment_bm_alloc
</UL>
<BR>[Calls]<UL><LI><a href="#[1e6]">&gt;&gt;</a>&nbsp;&nbsp;&nbsp;osal_bm_free (via Veneer)
<LI><a href="#[26a]">&gt;&gt;</a>&nbsp;&nbsp;&nbsp;l2capParsePacket
<LI><a href="#[269]">&gt;&gt;</a>&nbsp;&nbsp;&nbsp;l2capNotifyData
<LI><a href="#[272]">&gt;&gt;</a>&nbsp;&nbsp;&nbsp;l2capProcessSignal
<LI><a href="#[1ca]">&gt;&gt;</a>&nbsp;&nbsp;&nbsp;L2CAP_HostNumCompletedPkts
</UL>
<BR>[Called By]<UL><LI><a href="#[34]">&gt;&gt;</a>&nbsp;&nbsp;&nbsp;L2CAP_ProcessEvent
</UL>

<P><STRONG><a name="[272]"></a>l2capProcessSignal</STRONG> (Thumb, 164 bytes, Stack size 40 bytes, l2cap_task.o(i.l2capProcessSignal))
<BR><BR>[Stack]<UL><LI>Max Depth = 224<LI>Call Chain = l2capProcessSignal &rArr; L2CAP_CmdReject &rArr; l2capSendCmd &rArr; l2capEncapSendData &rArr; l2capPktToSegmentBuff &rArr; L2CAP_Fragment_bm_alloc
</UL>
<BR>[Calls]<UL><LI><a href="#[273]">&gt;&gt;</a>&nbsp;&nbsp;&nbsp;l2capParseSignalHdr
<LI><a href="#[268]">&gt;&gt;</a>&nbsp;&nbsp;&nbsp;l2capNotifySignal
<LI><a href="#[275]">&gt;&gt;</a>&nbsp;&nbsp;&nbsp;l2capHandleRxError
<LI><a href="#[274]">&gt;&gt;</a>&nbsp;&nbsp;&nbsp;L2CAP_ParseParamUpdateReq
<LI><a href="#[26c]">&gt;&gt;</a>&nbsp;&nbsp;&nbsp;l2capProcessRsp
<LI><a href="#[1db]">&gt;&gt;</a>&nbsp;&nbsp;&nbsp;L2CAP_CmdReject
</UL>
<BR>[Called By]<UL><LI><a href="#[1e4]">&gt;&gt;</a>&nbsp;&nbsp;&nbsp;l2capProcessRxData
</UL>

<P><STRONG><a name="[27a]"></a>reportStatusChange</STRONG> (Thumb, 34 bytes, Stack size 24 bytes, linkdb.o(i.reportStatusChange))
<BR><BR>[Stack]<UL><LI>Max Depth = 24<LI>Call Chain = reportStatusChange
</UL>
<BR>[Called By]<UL><LI><a href="#[225]">&gt;&gt;</a>&nbsp;&nbsp;&nbsp;linkDB_Remove
<LI><a href="#[222]">&gt;&gt;</a>&nbsp;&nbsp;&nbsp;linkDB_Add
</UL>

<P><STRONG><a name="[6]"></a>smResponderProcessLTKReq</STRONG> (Thumb, 224 bytes, Stack size 64 bytes, sm_rsppairing.o(i.smResponderProcessLTKReq))
<BR><BR>[Stack]<UL><LI>Max Depth = 192<LI>Call Chain = smResponderProcessLTKReq &rArr; smEndPairing &rArr; gapPairingCompleteCB &rArr; sendAuthEvent &rArr; gapFreeAuthLink
</UL>
<BR>[Calls]<UL><LI><a href="#[138]">&gt;&gt;</a>&nbsp;&nbsp;&nbsp;osal_memset (via Veneer)
<LI><a href="#[fc]">&gt;&gt;</a>&nbsp;&nbsp;&nbsp;osal_memcmp (via Veneer)
<LI><a href="#[12d]">&gt;&gt;</a>&nbsp;&nbsp;&nbsp;osal_memcpy (via Veneer)
<LI><a href="#[192]">&gt;&gt;</a>&nbsp;&nbsp;&nbsp;linkDB_Find
<LI><a href="#[2ab]">&gt;&gt;</a>&nbsp;&nbsp;&nbsp;sm_s1
<LI><a href="#[28c]">&gt;&gt;</a>&nbsp;&nbsp;&nbsp;smEndPairing
<LI><a href="#[2ac]">&gt;&gt;</a>&nbsp;&nbsp;&nbsp;smDetermineKeySize
<LI><a href="#[bd]">&gt;&gt;</a>&nbsp;&nbsp;&nbsp;HCI_LE_LtkReqReplyCmd (via Veneer)
<LI><a href="#[ba]">&gt;&gt;</a>&nbsp;&nbsp;&nbsp;HCI_LE_LtkReqNegReplyCmd (via Veneer)
</UL>
<BR>[Address Reference Count : 1]<UL><LI> sm_rsppairing.o(.data)
</UL>
<P><STRONG><a name="[5]"></a>smResponderSendNextKeyInfo</STRONG> (Thumb, 428 bytes, Stack size 32 bytes, sm_rsppairing.o(i.smResponderSendNextKeyInfo))
<BR><BR>[Stack]<UL><LI>Max Depth = 216<LI>Call Chain = smResponderSendNextKeyInfo &rArr; smPairingSendMasterID &rArr; smSendSMMsg &rArr; L2CAP_SendData &rArr; l2capEncapSendData &rArr; l2capPktToSegmentBuff &rArr; L2CAP_Fragment_bm_alloc
</UL>
<BR>[Calls]<UL><LI><a href="#[138]">&gt;&gt;</a>&nbsp;&nbsp;&nbsp;osal_memset (via Veneer)
<LI><a href="#[137]">&gt;&gt;</a>&nbsp;&nbsp;&nbsp;osal_mem_alloc (via Veneer)
<LI><a href="#[192]">&gt;&gt;</a>&nbsp;&nbsp;&nbsp;linkDB_Find
<LI><a href="#[292]">&gt;&gt;</a>&nbsp;&nbsp;&nbsp;osal_rand (via Veneer)
<LI><a href="#[241]">&gt;&gt;</a>&nbsp;&nbsp;&nbsp;osal_CbTimerStart (via Veneer)
<LI><a href="#[db]">&gt;&gt;</a>&nbsp;&nbsp;&nbsp;__ARM_common_switch8 (via Veneer)
<LI><a href="#[299]">&gt;&gt;</a>&nbsp;&nbsp;&nbsp;smPairingSendSingingInfo
<LI><a href="#[298]">&gt;&gt;</a>&nbsp;&nbsp;&nbsp;smPairingSendMasterID
<LI><a href="#[297]">&gt;&gt;</a>&nbsp;&nbsp;&nbsp;smPairingSendIdentityInfo
<LI><a href="#[296]">&gt;&gt;</a>&nbsp;&nbsp;&nbsp;smPairingSendIdentityAddrInfo
<LI><a href="#[295]">&gt;&gt;</a>&nbsp;&nbsp;&nbsp;smPairingSendEncInfo
<LI><a href="#[2ac]">&gt;&gt;</a>&nbsp;&nbsp;&nbsp;smDetermineKeySize
<LI><a href="#[1ac]">&gt;&gt;</a>&nbsp;&nbsp;&nbsp;smGenerateRandBuf
<LI><a href="#[1f2]">&gt;&gt;</a>&nbsp;&nbsp;&nbsp;gapGetSRK
<LI><a href="#[1a8]">&gt;&gt;</a>&nbsp;&nbsp;&nbsp;gapGetIRK
<LI><a href="#[2ad]">&gt;&gt;</a>&nbsp;&nbsp;&nbsp;gapGetDevAddressMode
<LI><a href="#[2ae]">&gt;&gt;</a>&nbsp;&nbsp;&nbsp;gapGetDevAddress
</UL>
<BR>[Address Reference Count : 1]<UL><LI> sm_rsppairing.o(.data)
</UL>
<P><STRONG><a name="[2b7]"></a>smpResponderProcessEncryptionInformation</STRONG> (Thumb, 76 bytes, Stack size 24 bytes, sm_rsppairing.o(i.smpResponderProcessEncryptionInformation))
<BR><BR>[Stack]<UL><LI>Max Depth = 24<LI>Call Chain = smpResponderProcessEncryptionInformation
</UL>
<BR>[Calls]<UL><LI><a href="#[137]">&gt;&gt;</a>&nbsp;&nbsp;&nbsp;osal_mem_alloc (via Veneer)
<LI><a href="#[12d]">&gt;&gt;</a>&nbsp;&nbsp;&nbsp;osal_memcpy (via Veneer)
<LI><a href="#[2ac]">&gt;&gt;</a>&nbsp;&nbsp;&nbsp;smDetermineKeySize
</UL>
<BR>[Called By]<UL><LI><a href="#[4]">&gt;&gt;</a>&nbsp;&nbsp;&nbsp;smpResponderProcessIncoming
</UL>

<P><STRONG><a name="[2b8]"></a>smpResponderProcessIdentityAddrInfo</STRONG> (Thumb, 68 bytes, Stack size 16 bytes, sm_rsppairing.o(i.smpResponderProcessIdentityAddrInfo))
<BR><BR>[Stack]<UL><LI>Max Depth = 144<LI>Call Chain = smpResponderProcessIdentityAddrInfo &rArr; smEndPairing &rArr; gapPairingCompleteCB &rArr; sendAuthEvent &rArr; gapFreeAuthLink
</UL>
<BR>[Calls]<UL><LI><a href="#[12d]">&gt;&gt;</a>&nbsp;&nbsp;&nbsp;osal_memcpy (via Veneer)
<LI><a href="#[28c]">&gt;&gt;</a>&nbsp;&nbsp;&nbsp;smEndPairing
</UL>
<BR>[Called By]<UL><LI><a href="#[4]">&gt;&gt;</a>&nbsp;&nbsp;&nbsp;smpResponderProcessIncoming
</UL>

<P><STRONG><a name="[2b9]"></a>smpResponderProcessIdentityInfo</STRONG> (Thumb, 62 bytes, Stack size 16 bytes, sm_rsppairing.o(i.smpResponderProcessIdentityInfo))
<BR><BR>[Stack]<UL><LI>Max Depth = 16<LI>Call Chain = smpResponderProcessIdentityInfo
</UL>
<BR>[Calls]<UL><LI><a href="#[137]">&gt;&gt;</a>&nbsp;&nbsp;&nbsp;osal_mem_alloc (via Veneer)
<LI><a href="#[12d]">&gt;&gt;</a>&nbsp;&nbsp;&nbsp;osal_memcpy (via Veneer)
</UL>
<BR>[Called By]<UL><LI><a href="#[4]">&gt;&gt;</a>&nbsp;&nbsp;&nbsp;smpResponderProcessIncoming
</UL>

<P><STRONG><a name="[4]"></a>smpResponderProcessIncoming</STRONG> (Thumb, 176 bytes, Stack size 32 bytes, sm_rsppairing.o(i.smpResponderProcessIncoming))
<BR><BR>[Stack]<UL><LI>Max Depth = 288<LI>Call Chain = smpResponderProcessIncoming &rArr; smpResponderProcessPairingRandom &rArr; sm_c1 &rArr; sm_c1new &rArr; sm_xor
</UL>
<BR>[Calls]<UL><LI><a href="#[db]">&gt;&gt;</a>&nbsp;&nbsp;&nbsp;__ARM_common_switch8 (via Veneer)
<LI><a href="#[28c]">&gt;&gt;</a>&nbsp;&nbsp;&nbsp;smEndPairing
<LI><a href="#[2b6]">&gt;&gt;</a>&nbsp;&nbsp;&nbsp;smAuthReqToUint8
<LI><a href="#[2ba]">&gt;&gt;</a>&nbsp;&nbsp;&nbsp;smpResponderProcessPairingReq
<LI><a href="#[2be]">&gt;&gt;</a>&nbsp;&nbsp;&nbsp;smpResponderProcessSigningInfo
<LI><a href="#[2bc]">&gt;&gt;</a>&nbsp;&nbsp;&nbsp;smpResponderProcessPairingRandom
<LI><a href="#[2bb]">&gt;&gt;</a>&nbsp;&nbsp;&nbsp;smpResponderProcessPairingConfirm
<LI><a href="#[2bd]">&gt;&gt;</a>&nbsp;&nbsp;&nbsp;smpResponderProcessMasterID
<LI><a href="#[2b9]">&gt;&gt;</a>&nbsp;&nbsp;&nbsp;smpResponderProcessIdentityInfo
<LI><a href="#[2b8]">&gt;&gt;</a>&nbsp;&nbsp;&nbsp;smpResponderProcessIdentityAddrInfo
<LI><a href="#[2b7]">&gt;&gt;</a>&nbsp;&nbsp;&nbsp;smpResponderProcessEncryptionInformation
<LI><a href="#[231]">&gt;&gt;</a>&nbsp;&nbsp;&nbsp;gapSendPairingReqEvent
</UL>
<BR>[Address Reference Count : 1]<UL><LI> sm_rsppairing.o(.data)
</UL>
<P><STRONG><a name="[2bd]"></a>smpResponderProcessMasterID</STRONG> (Thumb, 96 bytes, Stack size 16 bytes, sm_rsppairing.o(i.smpResponderProcessMasterID))
<BR><BR>[Stack]<UL><LI>Max Depth = 144<LI>Call Chain = smpResponderProcessMasterID &rArr; smEndPairing &rArr; gapPairingCompleteCB &rArr; sendAuthEvent &rArr; gapFreeAuthLink
</UL>
<BR>[Calls]<UL><LI><a href="#[12d]">&gt;&gt;</a>&nbsp;&nbsp;&nbsp;osal_memcpy (via Veneer)
<LI><a href="#[28c]">&gt;&gt;</a>&nbsp;&nbsp;&nbsp;smEndPairing
</UL>
<BR>[Called By]<UL><LI><a href="#[4]">&gt;&gt;</a>&nbsp;&nbsp;&nbsp;smpResponderProcessIncoming
</UL>

<P><STRONG><a name="[2bb]"></a>smpResponderProcessPairingConfirm</STRONG> (Thumb, 70 bytes, Stack size 24 bytes, sm_rsppairing.o(i.smpResponderProcessPairingConfirm))
<BR><BR>[Stack]<UL><LI>Max Depth = 240<LI>Call Chain = smpResponderProcessPairingConfirm &rArr; sm_c1 &rArr; sm_c1new &rArr; sm_xor
</UL>
<BR>[Calls]<UL><LI><a href="#[12d]">&gt;&gt;</a>&nbsp;&nbsp;&nbsp;osal_memcpy (via Veneer)
<LI><a href="#[2b2]">&gt;&gt;</a>&nbsp;&nbsp;&nbsp;sm_c1
<LI><a href="#[28f]">&gt;&gt;</a>&nbsp;&nbsp;&nbsp;smGenerateConfirm
</UL>
<BR>[Called By]<UL><LI><a href="#[4]">&gt;&gt;</a>&nbsp;&nbsp;&nbsp;smpResponderProcessIncoming
</UL>

<P><STRONG><a name="[2bc]"></a>smpResponderProcessPairingRandom</STRONG> (Thumb, 84 bytes, Stack size 40 bytes, sm_rsppairing.o(i.smpResponderProcessPairingRandom))
<BR><BR>[Stack]<UL><LI>Max Depth = 256<LI>Call Chain = smpResponderProcessPairingRandom &rArr; sm_c1 &rArr; sm_c1new &rArr; sm_xor
</UL>
<BR>[Calls]<UL><LI><a href="#[fc]">&gt;&gt;</a>&nbsp;&nbsp;&nbsp;osal_memcmp (via Veneer)
<LI><a href="#[12d]">&gt;&gt;</a>&nbsp;&nbsp;&nbsp;osal_memcpy (via Veneer)
<LI><a href="#[2b2]">&gt;&gt;</a>&nbsp;&nbsp;&nbsp;sm_c1
<LI><a href="#[293]">&gt;&gt;</a>&nbsp;&nbsp;&nbsp;smGenerateRandMsg
</UL>
<BR>[Called By]<UL><LI><a href="#[4]">&gt;&gt;</a>&nbsp;&nbsp;&nbsp;smpResponderProcessIncoming
</UL>

<P><STRONG><a name="[2be]"></a>smpResponderProcessSigningInfo</STRONG> (Thumb, 78 bytes, Stack size 24 bytes, sm_rsppairing.o(i.smpResponderProcessSigningInfo))
<BR><BR>[Stack]<UL><LI>Max Depth = 152<LI>Call Chain = smpResponderProcessSigningInfo &rArr; smEndPairing &rArr; gapPairingCompleteCB &rArr; sendAuthEvent &rArr; gapFreeAuthLink
</UL>
<BR>[Calls]<UL><LI><a href="#[137]">&gt;&gt;</a>&nbsp;&nbsp;&nbsp;osal_mem_alloc (via Veneer)
<LI><a href="#[12d]">&gt;&gt;</a>&nbsp;&nbsp;&nbsp;osal_memcpy (via Veneer)
<LI><a href="#[28c]">&gt;&gt;</a>&nbsp;&nbsp;&nbsp;smEndPairing
</UL>
<BR>[Called By]<UL><LI><a href="#[4]">&gt;&gt;</a>&nbsp;&nbsp;&nbsp;smpResponderProcessIncoming
</UL>

<P><STRONG><a name="[1f6]"></a>smProcessOSALMsg</STRONG> (Thumb, 134 bytes, Stack size 16 bytes, sm_task.o(i.smProcessOSALMsg))
<BR><BR>[Stack]<UL><LI>Max Depth = 224<LI>Call Chain = smProcessOSALMsg &rArr; smProcessDataMsg &rArr; smSendFailAndEnd &rArr; smSendSMMsg &rArr; L2CAP_SendData &rArr; l2capEncapSendData &rArr; l2capPktToSegmentBuff &rArr; L2CAP_Fragment_bm_alloc
</UL>
<BR>[Calls]<UL><LI><a href="#[1e6]">&gt;&gt;</a>&nbsp;&nbsp;&nbsp;osal_bm_free (via Veneer)
<LI><a href="#[2a9]">&gt;&gt;</a>&nbsp;&nbsp;&nbsp;smProcessRandComplete
<LI><a href="#[2a8]">&gt;&gt;</a>&nbsp;&nbsp;&nbsp;smProcessEncryptChange
<LI><a href="#[29a]">&gt;&gt;</a>&nbsp;&nbsp;&nbsp;smProcessDataMsg
</UL>
<BR>[Called By]<UL><LI><a href="#[35]">&gt;&gt;</a>&nbsp;&nbsp;&nbsp;SM_ProcessEvent
</UL>

<P><STRONG><a name="[157]"></a>TRNG_Output</STRONG> (Thumb, 72 bytes, Stack size 32 bytes, patch.o(_section_xip_code_), UNUSED)
<BR><BR>[Calls]<UL><LI><a href="#[e5]">&gt;&gt;</a>&nbsp;&nbsp;&nbsp;WaitRTCCount (via Veneer)
</UL>
<BR>[Called By]<UL><LI><a href="#[158]">&gt;&gt;</a>&nbsp;&nbsp;&nbsp;TRNG_INIT
</UL>

<P><STRONG><a name="[150]"></a>NVIC_EnableIRQ</STRONG> (Thumb, 14 bytes, Stack size 0 bytes, patch.o(i.NVIC_EnableIRQ))
<BR><BR>[Called By]<UL><LI><a href="#[49]">&gt;&gt;</a>&nbsp;&nbsp;&nbsp;wakeup_init1
</UL>

<P><STRONG><a name="[f5]"></a>check_16MXtal_by_rcTracking</STRONG> (Thumb, 310 bytes, Stack size 24 bytes, patch.o(i.check_16MXtal_by_rcTracking))
<BR><BR>[Stack]<UL><LI>Max Depth = 24<LI>Call Chain = check_16MXtal_by_rcTracking
</UL>
<BR>[Calls]<UL><LI><a href="#[f7]">&gt;&gt;</a>&nbsp;&nbsp;&nbsp;set_sleep_flag (via Veneer)
<LI><a href="#[af]">&gt;&gt;</a>&nbsp;&nbsp;&nbsp;hal_pwrmgr_enter_sleep_rtc_reset
<LI><a href="#[e5]">&gt;&gt;</a>&nbsp;&nbsp;&nbsp;WaitRTCCount (via Veneer)
<LI><a href="#[f6]">&gt;&gt;</a>&nbsp;&nbsp;&nbsp;rtc_get_counter (via Veneer)
</UL>
<BR>[Called By]<UL><LI><a href="#[49]">&gt;&gt;</a>&nbsp;&nbsp;&nbsp;wakeup_init1
</UL>

<P><STRONG><a name="[f8]"></a>check_96MXtal_by_rcTracking</STRONG> (Thumb, 246 bytes, Stack size 24 bytes, patch.o(i.check_96MXtal_by_rcTracking))
<BR><BR>[Stack]<UL><LI>Max Depth = 24<LI>Call Chain = check_96MXtal_by_rcTracking
</UL>
<BR>[Calls]<UL><LI><a href="#[e5]">&gt;&gt;</a>&nbsp;&nbsp;&nbsp;WaitRTCCount (via Veneer)
</UL>
<BR>[Called By]<UL><LI><a href="#[49]">&gt;&gt;</a>&nbsp;&nbsp;&nbsp;wakeup_init1
</UL>

<P><STRONG><a name="[11e]"></a>read_LL_remainder_time1</STRONG> (Thumb, 34 bytes, Stack size 8 bytes, patch.o(i.read_LL_remainder_time1))
<BR><BR>[Stack]<UL><LI>Max Depth = 8<LI>Call Chain = read_LL_remainder_time1
</UL>
<BR>[Calls]<UL><LI><a href="#[c5]">&gt;&gt;</a>&nbsp;&nbsp;&nbsp;read_current_fine_time (via Veneer)
</UL>
<BR>[Called By]<UL><LI><a href="#[2d]">&gt;&gt;</a>&nbsp;&nbsp;&nbsp;llSecAdvAllow1
<LI><a href="#[2c]">&gt;&gt;</a>&nbsp;&nbsp;&nbsp;llCalcMaxScanTime1
</UL>

<P><STRONG><a name="[6b]"></a>l2capHandleTimerCB</STRONG> (Thumb, 40 bytes, Stack size 24 bytes, l2cap_util.o(i.l2capHandleTimerCB))
<BR><BR>[Stack]<UL><LI>Max Depth = 64<LI>Call Chain = l2capHandleTimerCB &rArr; l2capNotifySignal
</UL>
<BR>[Calls]<UL><LI><a href="#[268]">&gt;&gt;</a>&nbsp;&nbsp;&nbsp;l2capNotifySignal
</UL>
<BR>[Address Reference Count : 1]<UL><LI> l2cap_util.o(i.l2capSendReq)
</UL>
<P><STRONG><a name="[243]"></a>generate_subkey</STRONG> (Thumb, 148 bytes, Stack size 32 bytes, sm_mgr.o(i.generate_subkey))
<BR><BR>[Stack]<UL><LI>Max Depth = 44<LI>Call Chain = generate_subkey &rArr; xor_128
</UL>
<BR>[Calls]<UL><LI><a href="#[138]">&gt;&gt;</a>&nbsp;&nbsp;&nbsp;osal_memset (via Veneer)
<LI><a href="#[193]">&gt;&gt;</a>&nbsp;&nbsp;&nbsp;osal_mem_free (via Veneer)
<LI><a href="#[137]">&gt;&gt;</a>&nbsp;&nbsp;&nbsp;osal_mem_alloc (via Veneer)
<LI><a href="#[246]">&gt;&gt;</a>&nbsp;&nbsp;&nbsp;xor_128
<LI><a href="#[244]">&gt;&gt;</a>&nbsp;&nbsp;&nbsp;smEncryptLocal
<LI><a href="#[245]">&gt;&gt;</a>&nbsp;&nbsp;&nbsp;leftshift_onebit
</UL>
<BR>[Called By]<UL><LI><a href="#[1f3]">&gt;&gt;</a>&nbsp;&nbsp;&nbsp;sm_CMAC
</UL>

<P><STRONG><a name="[245]"></a>leftshift_onebit</STRONG> (Thumb, 28 bytes, Stack size 8 bytes, sm_mgr.o(i.leftshift_onebit))
<BR><BR>[Stack]<UL><LI>Max Depth = 8<LI>Call Chain = leftshift_onebit
</UL>
<BR>[Called By]<UL><LI><a href="#[243]">&gt;&gt;</a>&nbsp;&nbsp;&nbsp;generate_subkey
</UL>

<P><STRONG><a name="[28a]"></a>smEncrypt</STRONG> (Thumb, 16 bytes, Stack size 8 bytes, sm_mgr.o(i.smEncrypt))
<BR><BR>[Stack]<UL><LI>Max Depth = 8<LI>Call Chain = smEncrypt
</UL>
<BR>[Calls]<UL><LI><a href="#[28b]">&gt;&gt;</a>&nbsp;&nbsp;&nbsp;LL_Encrypt (via Veneer)
</UL>
<BR>[Called By]<UL><LI><a href="#[2ab]">&gt;&gt;</a>&nbsp;&nbsp;&nbsp;sm_s1
<LI><a href="#[2b3]">&gt;&gt;</a>&nbsp;&nbsp;&nbsp;sm_c1new
<LI><a href="#[1ee]">&gt;&gt;</a>&nbsp;&nbsp;&nbsp;sm_ah
</UL>

<P><STRONG><a name="[244]"></a>smEncryptLocal</STRONG> (Thumb, 8 bytes, Stack size 8 bytes, sm_mgr.o(i.smEncryptLocal))
<BR><BR>[Stack]<UL><LI>Max Depth = 8<LI>Call Chain = smEncryptLocal
</UL>
<BR>[Calls]<UL><LI><a href="#[28b]">&gt;&gt;</a>&nbsp;&nbsp;&nbsp;LL_Encrypt (via Veneer)
</UL>
<BR>[Called By]<UL><LI><a href="#[1f3]">&gt;&gt;</a>&nbsp;&nbsp;&nbsp;sm_CMAC
<LI><a href="#[243]">&gt;&gt;</a>&nbsp;&nbsp;&nbsp;generate_subkey
</UL>

<P><STRONG><a name="[1f3]"></a>sm_CMAC</STRONG> (Thumb, 340 bytes, Stack size 64 bytes, sm_mgr.o(i.sm_CMAC))
<BR><BR>[Stack]<UL><LI>Max Depth = 108<LI>Call Chain = sm_CMAC &rArr; generate_subkey &rArr; xor_128
</UL>
<BR>[Calls]<UL><LI><a href="#[138]">&gt;&gt;</a>&nbsp;&nbsp;&nbsp;osal_memset (via Veneer)
<LI><a href="#[193]">&gt;&gt;</a>&nbsp;&nbsp;&nbsp;osal_mem_free (via Veneer)
<LI><a href="#[137]">&gt;&gt;</a>&nbsp;&nbsp;&nbsp;osal_mem_alloc (via Veneer)
<LI><a href="#[12d]">&gt;&gt;</a>&nbsp;&nbsp;&nbsp;osal_memcpy (via Veneer)
<LI><a href="#[246]">&gt;&gt;</a>&nbsp;&nbsp;&nbsp;xor_128
<LI><a href="#[244]">&gt;&gt;</a>&nbsp;&nbsp;&nbsp;smEncryptLocal
<LI><a href="#[243]">&gt;&gt;</a>&nbsp;&nbsp;&nbsp;generate_subkey
</UL>
<BR>[Called By]<UL><LI><a href="#[167]">&gt;&gt;</a>&nbsp;&nbsp;&nbsp;SM_VerifyAuthenSig
<LI><a href="#[1ef]">&gt;&gt;</a>&nbsp;&nbsp;&nbsp;SM_GenerateAuthenSig
</UL>

<P><STRONG><a name="[2b4]"></a>sm_xor</STRONG> (Thumb, 26 bytes, Stack size 8 bytes, sm_mgr.o(i.sm_xor))
<BR><BR>[Stack]<UL><LI>Max Depth = 8<LI>Call Chain = sm_xor
</UL>
<BR>[Called By]<UL><LI><a href="#[2b3]">&gt;&gt;</a>&nbsp;&nbsp;&nbsp;sm_c1new
</UL>

<P><STRONG><a name="[246]"></a>xor_128</STRONG> (Thumb, 22 bytes, Stack size 12 bytes, sm_mgr.o(i.xor_128))
<BR><BR>[Stack]<UL><LI>Max Depth = 12<LI>Call Chain = xor_128
</UL>
<BR>[Called By]<UL><LI><a href="#[1f3]">&gt;&gt;</a>&nbsp;&nbsp;&nbsp;sm_CMAC
<LI><a href="#[243]">&gt;&gt;</a>&nbsp;&nbsp;&nbsp;generate_subkey
</UL>

<P><STRONG><a name="[28d]"></a>smFreePairingParams</STRONG> (Thumb, 88 bytes, Stack size 16 bytes, sm_pairing.o(i.smFreePairingParams))
<BR><BR>[Stack]<UL><LI>Max Depth = 32<LI>Call Chain = smFreePairingParams &rArr; smStopRspTimer
</UL>
<BR>[Calls]<UL><LI><a href="#[193]">&gt;&gt;</a>&nbsp;&nbsp;&nbsp;osal_mem_free (via Veneer)
<LI><a href="#[28e]">&gt;&gt;</a>&nbsp;&nbsp;&nbsp;smStopRspTimer
</UL>
<BR>[Called By]<UL><LI><a href="#[64]">&gt;&gt;</a>&nbsp;&nbsp;&nbsp;smLinkCheck
<LI><a href="#[28c]">&gt;&gt;</a>&nbsp;&nbsp;&nbsp;smEndPairing
</UL>

<P><STRONG><a name="[291]"></a>smSetPairingReqRsp</STRONG> (Thumb, 58 bytes, Stack size 16 bytes, sm_pairing.o(i.smSetPairingReqRsp))
<BR><BR>[Stack]<UL><LI>Max Depth = 24<LI>Call Chain = smSetPairingReqRsp &rArr; smUint8ToAuthReq
</UL>
<BR>[Calls]<UL><LI><a href="#[138]">&gt;&gt;</a>&nbsp;&nbsp;&nbsp;osal_memset (via Veneer)
<LI><a href="#[1ae]">&gt;&gt;</a>&nbsp;&nbsp;&nbsp;smUint8ToAuthReq
</UL>
<BR>[Called By]<UL><LI><a href="#[2b2]">&gt;&gt;</a>&nbsp;&nbsp;&nbsp;sm_c1
<LI><a href="#[290]">&gt;&gt;</a>&nbsp;&nbsp;&nbsp;smGeneratePairingReqRsp
</UL>

<P><STRONG><a name="[2a5]"></a>smpProcessIncoming</STRONG> (Thumb, 72 bytes, Stack size 16 bytes, sm_pairing.o(i.smpProcessIncoming))
<BR><BR>[Stack]<UL><LI>Max Depth = 16<LI>Call Chain = smpProcessIncoming
</UL>
<BR>[Calls]<UL><LI><a href="#[192]">&gt;&gt;</a>&nbsp;&nbsp;&nbsp;linkDB_Find
</UL>
<BR>[Called By]<UL><LI><a href="#[29a]">&gt;&gt;</a>&nbsp;&nbsp;&nbsp;smProcessDataMsg
</UL>

<P><STRONG><a name="[e7]"></a>_printf_core</STRONG> (Thumb, 456 bytes, Stack size 88 bytes, printf3.o(i._printf_core), UNUSED)
<BR><BR>[Calls]<UL><LI><a href="#[a9]">&gt;&gt;</a>&nbsp;&nbsp;&nbsp;__aeabi_uidivmod (via Veneer)
</UL>
<BR>[Called By]<UL><LI><a href="#[e6]">&gt;&gt;</a>&nbsp;&nbsp;&nbsp;__0sprintf$3
</UL>

<P><STRONG><a name="[28]"></a>_sputc</STRONG> (Thumb, 10 bytes, Stack size 0 bytes, printf3.o(i._sputc))
<BR><BR>[Called By]<UL><LI><a href="#[e6]">&gt;&gt;</a>&nbsp;&nbsp;&nbsp;__0sprintf$3
</UL>
<BR>[Address Reference Count : 1]<UL><LI> printf3.o(i.__0sprintf$3)
</UL><P>
<H3>
Undefined Global Symbols
</H3><HR></body></html>
